Archive member included to satisfy reference by file (symbol)

f:/intelfpga_lite/18.1/nios2eds/bin/gnu/h-x86_64-mingw32/bin/../lib/gcc/nios2-elf/5.3.0\libgcc.a(lib2-divmod.o)
                              obj/default/test.o (__divsi3)
../VGA_software_bsp/\libhal_bsp.a(alt_load.o)
                              ../VGA_software_bsp//obj/HAL/src/crt0.o (alt_load)
../VGA_software_bsp/\libhal_bsp.a(alt_main.o)
                              ../VGA_software_bsp//obj/HAL/src/crt0.o (alt_main)
../VGA_software_bsp/\libhal_bsp.a(alt_sys_init.o)
                              ../VGA_software_bsp/\libhal_bsp.a(alt_main.o) (alt_irq_init)
../VGA_software_bsp/\libhal_bsp.a(alt_close.o)
                              ../VGA_software_bsp/\libhal_bsp.a(alt_main.o) (close)
../VGA_software_bsp/\libhal_bsp.a(alt_dcache_flush_all.o)
                              ../VGA_software_bsp/\libhal_bsp.a(alt_load.o) (alt_dcache_flush_all)
../VGA_software_bsp/\libhal_bsp.a(alt_dev.o)
                              ../VGA_software_bsp/\libhal_bsp.a(alt_close.o) (alt_fd_list)
../VGA_software_bsp/\libhal_bsp.a(alt_do_ctors.o)
                              ../VGA_software_bsp/\libhal_bsp.a(alt_main.o) (_do_ctors)
../VGA_software_bsp/\libhal_bsp.a(alt_do_dtors.o)
                              ../VGA_software_bsp/\libhal_bsp.a(alt_main.o) (_do_dtors)
../VGA_software_bsp/\libhal_bsp.a(alt_errno.o)
                              ../VGA_software_bsp/\libhal_bsp.a(alt_close.o) (alt_errno)
../VGA_software_bsp/\libhal_bsp.a(alt_icache_flush_all.o)
                              ../VGA_software_bsp/\libhal_bsp.a(alt_load.o) (alt_icache_flush_all)
../VGA_software_bsp/\libhal_bsp.a(alt_release_fd.o)
                              ../VGA_software_bsp/\libhal_bsp.a(alt_close.o) (alt_release_fd)
../VGA_software_bsp/\libhal_bsp.a(altera_nios2_gen2_irq.o)
                              ../VGA_software_bsp/\libhal_bsp.a(alt_sys_init.o) (altera_nios2_gen2_irq_init)
../VGA_software_bsp/\libhal_bsp.a(alt_icache_flush.o)
                              ../VGA_software_bsp/\libhal_bsp.a(alt_icache_flush_all.o) (alt_icache_flush)
f:/intelfpga_lite/18.1/nios2eds/bin/gnu/h-x86_64-mingw32/bin/../lib/gcc/nios2-elf/5.3.0/../../../../../H-x86_64-mingw32/nios2-elf/lib\libc.a(lib_a-atexit.o)
                              ../VGA_software_bsp/\libhal_bsp.a(alt_main.o) (atexit)
f:/intelfpga_lite/18.1/nios2eds/bin/gnu/h-x86_64-mingw32/bin/../lib/gcc/nios2-elf/5.3.0/../../../../../H-x86_64-mingw32/nios2-elf/lib\libc.a(lib_a-exit.o)
                              ../VGA_software_bsp/\libhal_bsp.a(alt_main.o) (exit)
f:/intelfpga_lite/18.1/nios2eds/bin/gnu/h-x86_64-mingw32/bin/../lib/gcc/nios2-elf/5.3.0/../../../../../H-x86_64-mingw32/nios2-elf/lib\libc.a(lib_a-impure.o)
                              f:/intelfpga_lite/18.1/nios2eds/bin/gnu/h-x86_64-mingw32/bin/../lib/gcc/nios2-elf/5.3.0/../../../../../H-x86_64-mingw32/nios2-elf/lib\libc.a(lib_a-exit.o) (_global_impure_ptr)
f:/intelfpga_lite/18.1/nios2eds/bin/gnu/h-x86_64-mingw32/bin/../lib/gcc/nios2-elf/5.3.0/../../../../../H-x86_64-mingw32/nios2-elf/lib\libc.a(lib_a-int_errno.o)
                              ../VGA_software_bsp/\libhal_bsp.a(alt_close.o) (errno)
f:/intelfpga_lite/18.1/nios2eds/bin/gnu/h-x86_64-mingw32/bin/../lib/gcc/nios2-elf/5.3.0/../../../../../H-x86_64-mingw32/nios2-elf/lib\libc.a(lib_a-__atexit.o)
                              f:/intelfpga_lite/18.1/nios2eds/bin/gnu/h-x86_64-mingw32/bin/../lib/gcc/nios2-elf/5.3.0/../../../../../H-x86_64-mingw32/nios2-elf/lib\libc.a(lib_a-atexit.o) (__register_exitproc)
f:/intelfpga_lite/18.1/nios2eds/bin/gnu/h-x86_64-mingw32/bin/../lib/gcc/nios2-elf/5.3.0/../../../../../H-x86_64-mingw32/nios2-elf/lib\libc.a(lib_a-__call_atexit.o)
                              f:/intelfpga_lite/18.1/nios2eds/bin/gnu/h-x86_64-mingw32/bin/../lib/gcc/nios2-elf/5.3.0/../../../../../H-x86_64-mingw32/nios2-elf/lib\libc.a(lib_a-exit.o) (__call_exitprocs)
../VGA_software_bsp/\libhal_bsp.a(alt_exit.o)
                              f:/intelfpga_lite/18.1/nios2eds/bin/gnu/h-x86_64-mingw32/bin/../lib/gcc/nios2-elf/5.3.0/../../../../../H-x86_64-mingw32/nios2-elf/lib\libc.a(lib_a-exit.o) (_exit)

Allocating common symbols
Common symbol       size              file

errno               0x4               f:/intelfpga_lite/18.1/nios2eds/bin/gnu/h-x86_64-mingw32/bin/../lib/gcc/nios2-elf/5.3.0/../../../../../H-x86_64-mingw32/nios2-elf/lib\libc.a(lib_a-int_errno.o)

Memory Configuration

Name             Origin             Length             Attributes
reset            0x0000000000008000 0x0000000000000020
vga_mem          0x0000000000008020 0x0000000000003fe0
*default*        0x0000000000000000 0xffffffffffffffff

Linker script and memory map

LOAD ../VGA_software_bsp//obj/HAL/src/crt0.o
LOAD obj/default/test.o
LOAD f:/intelfpga_lite/18.1/nios2eds/bin/gnu/h-x86_64-mingw32/bin/../lib/gcc/nios2-elf/5.3.0/../../../../../H-x86_64-mingw32/nios2-elf/lib\libstdc++.a
LOAD f:/intelfpga_lite/18.1/nios2eds/bin/gnu/h-x86_64-mingw32/bin/../lib/gcc/nios2-elf/5.3.0/../../../../../H-x86_64-mingw32/nios2-elf/lib\libm.a
LOAD f:/intelfpga_lite/18.1/nios2eds/bin/gnu/h-x86_64-mingw32/bin/../lib/gcc/nios2-elf/5.3.0\libgcc.a
START GROUP
LOAD f:/intelfpga_lite/18.1/nios2eds/bin/gnu/h-x86_64-mingw32/bin/../lib/gcc/nios2-elf/5.3.0/../../../../../H-x86_64-mingw32/nios2-elf/lib\libc.a
LOAD f:/intelfpga_lite/18.1/nios2eds/bin/gnu/h-x86_64-mingw32/bin/../lib/gcc/nios2-elf/5.3.0\libgcc.a
LOAD ../VGA_software_bsp/\libhal_bsp.a
LOAD f:/intelfpga_lite/18.1/nios2eds/bin/gnu/h-x86_64-mingw32/bin/../lib/gcc/nios2-elf/5.3.0/../../../../../H-x86_64-mingw32/nios2-elf/lib\libm.a
END GROUP
LOAD f:/intelfpga_lite/18.1/nios2eds/bin/gnu/h-x86_64-mingw32/bin/../lib/gcc/nios2-elf/5.3.0\libgcc.a
                0x0000000000008000                __alt_mem_vga_mem = 0x8000

.entry          0x0000000000008000       0x20
 *(.entry)
 .entry         0x0000000000008000       0x20 ../VGA_software_bsp//obj/HAL/src/crt0.o
                0x0000000000008000                __reset

.exceptions     0x0000000000008020        0x0
                0x0000000000008020                PROVIDE (__ram_exceptions_start, ABSOLUTE (.))
                0x0000000000008020                . = ALIGN (0x20)
 *(.irq)
 *(.exceptions.entry.label)
 *(.exceptions.entry.user)
 *(.exceptions.entry.ecc_fatal)
 *(.exceptions.entry)
 *(.exceptions.irqtest.user)
 *(.exceptions.irqtest)
 *(.exceptions.irqhandler.user)
 *(.exceptions.irqhandler)
 *(.exceptions.irqreturn.user)
 *(.exceptions.irqreturn)
 *(.exceptions.notirq.label)
 *(.exceptions.notirq.user)
 *(.exceptions.notirq)
 *(.exceptions.soft.user)
 *(.exceptions.soft)
 *(.exceptions.unknown.user)
 *(.exceptions.unknown)
 *(.exceptions.exit.label)
 *(.exceptions.exit.user)
 *(.exceptions.exit)
 *(.exceptions)
                0x0000000000008020                PROVIDE (__ram_exceptions_end, ABSOLUTE (.))
                0x0000000000008020                PROVIDE (__flash_exceptions_start, LOADADDR (.exceptions))

.text           0x0000000000008020      0xbf8
                [!provide]                        PROVIDE (stext, ABSOLUTE (.))
 *(.interp)
 *(.hash)
 *(.dynsym)
 *(.dynstr)
 *(.gnu.version)
 *(.gnu.version_d)
 *(.gnu.version_r)
 *(.rel.init)
 *(.rela.init)
 *(.rel.text .rel.text.* .rel.gnu.linkonce.t.*)
 *(.rela.text .rela.text.* .rela.gnu.linkonce.t.*)
 *(.rel.fini)
 *(.rela.fini)
 *(.rel.rodata .rel.rodata.* .rel.gnu.linkonce.r.*)
 *(.rela.rodata .rela.rodata.* .rela.gnu.linkonce.r.*)
 *(.rel.data .rel.data.* .rel.gnu.linkonce.d.*)
 *(.rela.data .rela.data.* .rela.gnu.linkonce.d.*)
 *(.rel.tdata .rel.tdata.* .rel.gnu.linkonce.td.*)
 *(.rela.tdata .rela.tdata.* .rela.gnu.linkonce.td.*)
 *(.rel.tbss .rel.tbss.* .rel.gnu.linkonce.tb.*)
 *(.rela.tbss .rela.tbss.* .rela.gnu.linkonce.tb.*)
 *(.rel.ctors)
 *(.rela.ctors)
 *(.rel.dtors)
 *(.rela.dtors)
 *(.rel.got)
 *(.rela.got)
 *(.rel.sdata .rel.sdata.* .rel.gnu.linkonce.s.*)
 *(.rela.sdata .rela.sdata.* .rela.gnu.linkonce.s.*)
 *(.rel.sbss .rel.sbss.* .rel.gnu.linkonce.sb.*)
 *(.rela.sbss .rela.sbss.* .rela.gnu.linkonce.sb.*)
 *(.rel.sdata2 .rel.sdata2.* .rel.gnu.linkonce.s2.*)
 *(.rela.sdata2 .rela.sdata2.* .rela.gnu.linkonce.s2.*)
 *(.rel.sbss2 .rel.sbss2.* .rel.gnu.linkonce.sb2.*)
 *(.rela.sbss2 .rela.sbss2.* .rela.gnu.linkonce.sb2.*)
 *(.rel.bss .rel.bss.* .rel.gnu.linkonce.b.*)
 *(.rela.bss .rela.bss.* .rela.gnu.linkonce.b.*)
 *(.rel.plt)
 *(.rela.plt)
 *(.rel.dyn)
 *(.init)
 *(.plt)
 *(.text .stub .text.* .gnu.linkonce.t.*)
 .text          0x0000000000008020       0x4c ../VGA_software_bsp//obj/HAL/src/crt0.o
                0x0000000000008020                _start
 .text          0x000000000000806c      0x1b0 obj/default/test.o
                0x000000000000806c                delay
                0x00000000000080b0                draw_pixel
                0x0000000000008144                draw_flowing_stripes
                0x00000000000081ec                main
 .text          0x000000000000821c      0x1b4 f:/intelfpga_lite/18.1/nios2eds/bin/gnu/h-x86_64-mingw32/bin/../lib/gcc/nios2-elf/5.3.0\libgcc.a(lib2-divmod.o)
                0x000000000000821c                __divsi3
                0x00000000000082a0                __modsi3
                0x0000000000008314                __udivsi3
                0x0000000000008378                __umodsi3
 .text          0x00000000000083d0       0xec ../VGA_software_bsp/\libhal_bsp.a(alt_load.o)
                0x0000000000008438                alt_load
 .text          0x00000000000084bc       0x60 ../VGA_software_bsp/\libhal_bsp.a(alt_main.o)
                0x00000000000084bc                alt_main
 .text          0x000000000000851c       0x58 ../VGA_software_bsp/\libhal_bsp.a(alt_sys_init.o)
                0x000000000000851c                alt_irq_init
                0x0000000000008554                alt_sys_init
 .text          0x0000000000008574      0x10c ../VGA_software_bsp/\libhal_bsp.a(alt_close.o)
                0x00000000000085b0                close
 .text          0x0000000000008680       0x48 ../VGA_software_bsp/\libhal_bsp.a(alt_dcache_flush_all.o)
                0x0000000000008680                alt_dcache_flush_all
 .text          0x00000000000086c8       0x2c ../VGA_software_bsp/\libhal_bsp.a(alt_dev.o)
 .text          0x00000000000086f4       0x60 ../VGA_software_bsp/\libhal_bsp.a(alt_do_ctors.o)
                0x00000000000086f4                _do_ctors
 .text          0x0000000000008754       0x60 ../VGA_software_bsp/\libhal_bsp.a(alt_do_dtors.o)
                0x0000000000008754                _do_dtors
 .text          0x00000000000087b4        0x0 ../VGA_software_bsp/\libhal_bsp.a(alt_errno.o)
 .text          0x00000000000087b4       0x34 ../VGA_software_bsp/\libhal_bsp.a(alt_icache_flush_all.o)
                0x00000000000087b4                alt_icache_flush_all
 .text          0x00000000000087e8       0x64 ../VGA_software_bsp/\libhal_bsp.a(alt_release_fd.o)
                0x00000000000087e8                alt_release_fd
 .text          0x000000000000884c       0x24 ../VGA_software_bsp/\libhal_bsp.a(altera_nios2_gen2_irq.o)
                0x000000000000884c                altera_nios2_gen2_irq_init
 .text          0x0000000000008870       0x90 ../VGA_software_bsp/\libhal_bsp.a(alt_icache_flush.o)
                0x0000000000008870                alt_icache_flush
 .text          0x0000000000008900        0x0 f:/intelfpga_lite/18.1/nios2eds/bin/gnu/h-x86_64-mingw32/bin/../lib/gcc/nios2-elf/5.3.0/../../../../../H-x86_64-mingw32/nios2-elf/lib\libc.a(lib_a-atexit.o)
 .text.atexit   0x0000000000008900       0x14 f:/intelfpga_lite/18.1/nios2eds/bin/gnu/h-x86_64-mingw32/bin/../lib/gcc/nios2-elf/5.3.0/../../../../../H-x86_64-mingw32/nios2-elf/lib\libc.a(lib_a-atexit.o)
                0x0000000000008900                atexit
 .text          0x0000000000008914        0x0 f:/intelfpga_lite/18.1/nios2eds/bin/gnu/h-x86_64-mingw32/bin/../lib/gcc/nios2-elf/5.3.0/../../../../../H-x86_64-mingw32/nios2-elf/lib\libc.a(lib_a-exit.o)
 .text.exit     0x0000000000008914       0x38 f:/intelfpga_lite/18.1/nios2eds/bin/gnu/h-x86_64-mingw32/bin/../lib/gcc/nios2-elf/5.3.0/../../../../../H-x86_64-mingw32/nios2-elf/lib\libc.a(lib_a-exit.o)
                0x0000000000008914                exit
 .text          0x000000000000894c        0x0 f:/intelfpga_lite/18.1/nios2eds/bin/gnu/h-x86_64-mingw32/bin/../lib/gcc/nios2-elf/5.3.0/../../../../../H-x86_64-mingw32/nios2-elf/lib\libc.a(lib_a-impure.o)
 .text          0x000000000000894c        0x0 f:/intelfpga_lite/18.1/nios2eds/bin/gnu/h-x86_64-mingw32/bin/../lib/gcc/nios2-elf/5.3.0/../../../../../H-x86_64-mingw32/nios2-elf/lib\libc.a(lib_a-int_errno.o)
 .text          0x000000000000894c        0x0 f:/intelfpga_lite/18.1/nios2eds/bin/gnu/h-x86_64-mingw32/bin/../lib/gcc/nios2-elf/5.3.0/../../../../../H-x86_64-mingw32/nios2-elf/lib\libc.a(lib_a-__atexit.o)
 .text.__register_exitproc
                0x000000000000894c      0x118 f:/intelfpga_lite/18.1/nios2eds/bin/gnu/h-x86_64-mingw32/bin/../lib/gcc/nios2-elf/5.3.0/../../../../../H-x86_64-mingw32/nios2-elf/lib\libc.a(lib_a-__atexit.o)
                0x000000000000894c                __register_exitproc
 .text          0x0000000000008a64        0x0 f:/intelfpga_lite/18.1/nios2eds/bin/gnu/h-x86_64-mingw32/bin/../lib/gcc/nios2-elf/5.3.0/../../../../../H-x86_64-mingw32/nios2-elf/lib\libc.a(lib_a-__call_atexit.o)
 .text.__call_exitprocs
                0x0000000000008a64      0x180 f:/intelfpga_lite/18.1/nios2eds/bin/gnu/h-x86_64-mingw32/bin/../lib/gcc/nios2-elf/5.3.0/../../../../../H-x86_64-mingw32/nios2-elf/lib\libc.a(lib_a-__call_atexit.o)
                0x0000000000008a64                __call_exitprocs
 .text          0x0000000000008be4       0x34 ../VGA_software_bsp/\libhal_bsp.a(alt_exit.o)
                0x0000000000008be4                _exit
 *(.gnu.warning.*)
 *(.fini)
                [!provide]                        PROVIDE (__etext, ABSOLUTE (.))
                [!provide]                        PROVIDE (_etext, ABSOLUTE (.))
                [!provide]                        PROVIDE (etext, ABSOLUTE (.))
 *(.eh_frame_hdr)
                0x0000000000008c18                . = ALIGN (0x4)
                [!provide]                        PROVIDE (__preinit_array_start, ABSOLUTE (.))
 *(.preinit_array)
                [!provide]                        PROVIDE (__preinit_array_end, ABSOLUTE (.))
                [!provide]                        PROVIDE (__init_array_start, ABSOLUTE (.))
 *(.init_array)
                [!provide]                        PROVIDE (__init_array_end, ABSOLUTE (.))
                [!provide]                        PROVIDE (__fini_array_start, ABSOLUTE (.))
 *(.fini_array)
                [!provide]                        PROVIDE (__fini_array_end, ABSOLUTE (.))
 *(.eh_frame)
 *(.gcc_except_table .gcc_except_table.*)
 *(.dynamic)
                0x0000000000008c18                PROVIDE (__CTOR_LIST__, ABSOLUTE (.))
 *(.ctors)
 *(SORT(.ctors.*))
                0x0000000000008c18                PROVIDE (__CTOR_END__, ABSOLUTE (.))
                0x0000000000008c18                PROVIDE (__DTOR_LIST__, ABSOLUTE (.))
 *(.dtors)
 *(SORT(.dtors.*))
                0x0000000000008c18                PROVIDE (__DTOR_END__, ABSOLUTE (.))
 *(.jcr)
                0x0000000000008c18                . = ALIGN (0x4)

.rodata         0x0000000000008c18       0x10
                0x0000000000008c18                PROVIDE (__ram_rodata_start, ABSOLUTE (.))
                0x0000000000008c18                . = ALIGN (0x4)
 *(.rodata .rodata.* .gnu.linkonce.r.*)
 .rodata        0x0000000000008c18        0xa ../VGA_software_bsp/\libhal_bsp.a(alt_dev.o)
 *fill*         0x0000000000008c22        0x2 
 .rodata.str1.4
                0x0000000000008c24        0x4 f:/intelfpga_lite/18.1/nios2eds/bin/gnu/h-x86_64-mingw32/bin/../lib/gcc/nios2-elf/5.3.0/../../../../../H-x86_64-mingw32/nios2-elf/lib\libc.a(lib_a-impure.o)
                                          0x2 (size before relaxing)
 *(.rodata1)
                0x0000000000008c28                . = ALIGN (0x4)
                0x0000000000008c28                PROVIDE (__ram_rodata_end, ABSOLUTE (.))
                0x0000000000008c18                PROVIDE (__flash_rodata_start, LOADADDR (.rodata))

.rwdata         0x0000000000008c28      0x5ec load address 0x0000000000009214
                0x0000000000008c28                PROVIDE (__ram_rwdata_start, ABSOLUTE (.))
                0x0000000000008c28                . = ALIGN (0x4)
 *(.got.plt)
 *(.got)
 *(.data1)
 *(.data .data.* .gnu.linkonce.d.*)
 .data          0x0000000000008c28        0x0 ../VGA_software_bsp//obj/HAL/src/crt0.o
 .data          0x0000000000008c28        0x0 obj/default/test.o
 .data          0x0000000000008c28        0x0 f:/intelfpga_lite/18.1/nios2eds/bin/gnu/h-x86_64-mingw32/bin/../lib/gcc/nios2-elf/5.3.0\libgcc.a(lib2-divmod.o)
 .data          0x0000000000008c28        0x0 ../VGA_software_bsp/\libhal_bsp.a(alt_load.o)
 .data          0x0000000000008c28        0x0 ../VGA_software_bsp/\libhal_bsp.a(alt_main.o)
 .data          0x0000000000008c28        0x0 ../VGA_software_bsp/\libhal_bsp.a(alt_sys_init.o)
 .data          0x0000000000008c28        0x0 ../VGA_software_bsp/\libhal_bsp.a(alt_close.o)
 .data          0x0000000000008c28        0x0 ../VGA_software_bsp/\libhal_bsp.a(alt_dcache_flush_all.o)
 .data          0x0000000000008c28      0x1a8 ../VGA_software_bsp/\libhal_bsp.a(alt_dev.o)
                0x0000000000008c28                alt_dev_null
                0x0000000000008c50                alt_fd_list
 .data          0x0000000000008dd0        0x0 ../VGA_software_bsp/\libhal_bsp.a(alt_do_ctors.o)
 .data          0x0000000000008dd0        0x0 ../VGA_software_bsp/\libhal_bsp.a(alt_do_dtors.o)
 .data          0x0000000000008dd0        0x0 ../VGA_software_bsp/\libhal_bsp.a(alt_errno.o)
 .data          0x0000000000008dd0        0x0 ../VGA_software_bsp/\libhal_bsp.a(alt_icache_flush_all.o)
 .data          0x0000000000008dd0        0x0 ../VGA_software_bsp/\libhal_bsp.a(alt_release_fd.o)
 .data          0x0000000000008dd0        0x0 ../VGA_software_bsp/\libhal_bsp.a(altera_nios2_gen2_irq.o)
 .data          0x0000000000008dd0        0x0 ../VGA_software_bsp/\libhal_bsp.a(alt_icache_flush.o)
 .data          0x0000000000008dd0        0x0 f:/intelfpga_lite/18.1/nios2eds/bin/gnu/h-x86_64-mingw32/bin/../lib/gcc/nios2-elf/5.3.0/../../../../../H-x86_64-mingw32/nios2-elf/lib\libc.a(lib_a-atexit.o)
 .data          0x0000000000008dd0        0x0 f:/intelfpga_lite/18.1/nios2eds/bin/gnu/h-x86_64-mingw32/bin/../lib/gcc/nios2-elf/5.3.0/../../../../../H-x86_64-mingw32/nios2-elf/lib\libc.a(lib_a-exit.o)
 .data          0x0000000000008dd0        0x0 f:/intelfpga_lite/18.1/nios2eds/bin/gnu/h-x86_64-mingw32/bin/../lib/gcc/nios2-elf/5.3.0/../../../../../H-x86_64-mingw32/nios2-elf/lib\libc.a(lib_a-impure.o)
 .data.impure_data
                0x0000000000008dd0      0x424 f:/intelfpga_lite/18.1/nios2eds/bin/gnu/h-x86_64-mingw32/bin/../lib/gcc/nios2-elf/5.3.0/../../../../../H-x86_64-mingw32/nios2-elf/lib\libc.a(lib_a-impure.o)
 .data          0x00000000000091f4        0x0 f:/intelfpga_lite/18.1/nios2eds/bin/gnu/h-x86_64-mingw32/bin/../lib/gcc/nios2-elf/5.3.0/../../../../../H-x86_64-mingw32/nios2-elf/lib\libc.a(lib_a-int_errno.o)
 .data          0x00000000000091f4        0x0 f:/intelfpga_lite/18.1/nios2eds/bin/gnu/h-x86_64-mingw32/bin/../lib/gcc/nios2-elf/5.3.0/../../../../../H-x86_64-mingw32/nios2-elf/lib\libc.a(lib_a-__atexit.o)
 .data          0x00000000000091f4        0x0 f:/intelfpga_lite/18.1/nios2eds/bin/gnu/h-x86_64-mingw32/bin/../lib/gcc/nios2-elf/5.3.0/../../../../../H-x86_64-mingw32/nios2-elf/lib\libc.a(lib_a-__call_atexit.o)
 .data          0x00000000000091f4        0x0 ../VGA_software_bsp/\libhal_bsp.a(alt_exit.o)
                0x00000000000111f4                _gp = ABSOLUTE ((. + 0x8000))
                [!provide]                        PROVIDE (gp, _gp)
 *(.rwdata .rwdata.*)
 *(.sdata .sdata.* .gnu.linkonce.s.*)
 .sdata         0x00000000000091f4       0x14 ../VGA_software_bsp/\libhal_bsp.a(alt_dev.o)
                0x00000000000091f4                alt_fs_list
                0x00000000000091fc                alt_dev_list
                0x0000000000009204                alt_max_fd
 .sdata         0x0000000000009208        0x4 ../VGA_software_bsp/\libhal_bsp.a(alt_errno.o)
                0x0000000000009208                alt_errno
 .sdata._global_impure_ptr
                0x000000000000920c        0x4 f:/intelfpga_lite/18.1/nios2eds/bin/gnu/h-x86_64-mingw32/bin/../lib/gcc/nios2-elf/5.3.0/../../../../../H-x86_64-mingw32/nios2-elf/lib\libc.a(lib_a-impure.o)
                0x000000000000920c                _global_impure_ptr
 .sdata._impure_ptr
                0x0000000000009210        0x4 f:/intelfpga_lite/18.1/nios2eds/bin/gnu/h-x86_64-mingw32/bin/../lib/gcc/nios2-elf/5.3.0/../../../../../H-x86_64-mingw32/nios2-elf/lib\libc.a(lib_a-impure.o)
                0x0000000000009210                _impure_ptr
 *(.sdata2 .sdata2.* .gnu.linkonce.s2.*)
                0x0000000000009214                . = ALIGN (0x4)
                0x0000000000009214                _edata = ABSOLUTE (.)
                [!provide]                        PROVIDE (edata, ABSOLUTE (.))
                0x0000000000009214                PROVIDE (__ram_rwdata_end, ABSOLUTE (.))
                0x0000000000009214                PROVIDE (__flash_rwdata_start, LOADADDR (.rwdata))

.bss            0x0000000000009800       0x10
                0x0000000000009800                __bss_start = ABSOLUTE (.)
                [!provide]                        PROVIDE (__sbss_start, ABSOLUTE (.))
                [!provide]                        PROVIDE (___sbss_start, ABSOLUTE (.))
 *(.dynsbss)
 *(.sbss .sbss.* .gnu.linkonce.sb.*)
 .sbss          0x0000000000009800        0xc ../VGA_software_bsp/\libhal_bsp.a(alt_main.o)
                0x0000000000009800                alt_argc
                0x0000000000009804                alt_argv
                0x0000000000009808                alt_envp
 .sbss          0x000000000000980c        0x4 f:/intelfpga_lite/18.1/nios2eds/bin/gnu/h-x86_64-mingw32/bin/../lib/gcc/nios2-elf/5.3.0/../../../../../H-x86_64-mingw32/nios2-elf/lib\libc.a(lib_a-int_errno.o)
                0x000000000000980c                errno
 *(.sbss2 .sbss2.* .gnu.linkonce.sb2.*)
 *(.scommon)
                [!provide]                        PROVIDE (__sbss_end, ABSOLUTE (.))
                [!provide]                        PROVIDE (___sbss_end, ABSOLUTE (.))
 *(.dynbss)
 *(.bss .bss.* .gnu.linkonce.b.*)
 .bss           0x0000000000009810        0x0 ../VGA_software_bsp//obj/HAL/src/crt0.o
 .bss           0x0000000000009810        0x0 obj/default/test.o
 .bss           0x0000000000009810        0x0 f:/intelfpga_lite/18.1/nios2eds/bin/gnu/h-x86_64-mingw32/bin/../lib/gcc/nios2-elf/5.3.0\libgcc.a(lib2-divmod.o)
 .bss           0x0000000000009810        0x0 ../VGA_software_bsp/\libhal_bsp.a(alt_load.o)
 .bss           0x0000000000009810        0x0 ../VGA_software_bsp/\libhal_bsp.a(alt_main.o)
 .bss           0x0000000000009810        0x0 ../VGA_software_bsp/\libhal_bsp.a(alt_sys_init.o)
 .bss           0x0000000000009810        0x0 ../VGA_software_bsp/\libhal_bsp.a(alt_close.o)
 .bss           0x0000000000009810        0x0 ../VGA_software_bsp/\libhal_bsp.a(alt_dcache_flush_all.o)
 .bss           0x0000000000009810        0x0 ../VGA_software_bsp/\libhal_bsp.a(alt_dev.o)
 .bss           0x0000000000009810        0x0 ../VGA_software_bsp/\libhal_bsp.a(alt_do_ctors.o)
 .bss           0x0000000000009810        0x0 ../VGA_software_bsp/\libhal_bsp.a(alt_do_dtors.o)
 .bss           0x0000000000009810        0x0 ../VGA_software_bsp/\libhal_bsp.a(alt_errno.o)
 .bss           0x0000000000009810        0x0 ../VGA_software_bsp/\libhal_bsp.a(alt_icache_flush_all.o)
 .bss           0x0000000000009810        0x0 ../VGA_software_bsp/\libhal_bsp.a(alt_release_fd.o)
 .bss           0x0000000000009810        0x0 ../VGA_software_bsp/\libhal_bsp.a(altera_nios2_gen2_irq.o)
 .bss           0x0000000000009810        0x0 ../VGA_software_bsp/\libhal_bsp.a(alt_icache_flush.o)
 .bss           0x0000000000009810        0x0 f:/intelfpga_lite/18.1/nios2eds/bin/gnu/h-x86_64-mingw32/bin/../lib/gcc/nios2-elf/5.3.0/../../../../../H-x86_64-mingw32/nios2-elf/lib\libc.a(lib_a-atexit.o)
 .bss           0x0000000000009810        0x0 f:/intelfpga_lite/18.1/nios2eds/bin/gnu/h-x86_64-mingw32/bin/../lib/gcc/nios2-elf/5.3.0/../../../../../H-x86_64-mingw32/nios2-elf/lib\libc.a(lib_a-exit.o)
 .bss           0x0000000000009810        0x0 f:/intelfpga_lite/18.1/nios2eds/bin/gnu/h-x86_64-mingw32/bin/../lib/gcc/nios2-elf/5.3.0/../../../../../H-x86_64-mingw32/nios2-elf/lib\libc.a(lib_a-impure.o)
 .bss           0x0000000000009810        0x0 f:/intelfpga_lite/18.1/nios2eds/bin/gnu/h-x86_64-mingw32/bin/../lib/gcc/nios2-elf/5.3.0/../../../../../H-x86_64-mingw32/nios2-elf/lib\libc.a(lib_a-int_errno.o)
 .bss           0x0000000000009810        0x0 f:/intelfpga_lite/18.1/nios2eds/bin/gnu/h-x86_64-mingw32/bin/../lib/gcc/nios2-elf/5.3.0/../../../../../H-x86_64-mingw32/nios2-elf/lib\libc.a(lib_a-__atexit.o)
 .bss           0x0000000000009810        0x0 f:/intelfpga_lite/18.1/nios2eds/bin/gnu/h-x86_64-mingw32/bin/../lib/gcc/nios2-elf/5.3.0/../../../../../H-x86_64-mingw32/nios2-elf/lib\libc.a(lib_a-__call_atexit.o)
 .bss           0x0000000000009810        0x0 ../VGA_software_bsp/\libhal_bsp.a(alt_exit.o)
 *(COMMON)
                0x0000000000009810                . = ALIGN (0x4)
                0x0000000000009810                __bss_end = ABSOLUTE (.)

.vga_mem        0x0000000000009810        0x0
                [!provide]                        PROVIDE (_alt_partition_vga_mem_start, ABSOLUTE (.))
 *(.vga_mem .vga_mem. vga_mem.*)
                0x0000000000009810                . = ALIGN (0x4)
                [!provide]                        PROVIDE (_alt_partition_vga_mem_end, ABSOLUTE (.))
                0x0000000000009810                _end = ABSOLUTE (.)
                0x0000000000009810                end = ABSOLUTE (.)
                0x0000000000009810                __alt_stack_base = ABSOLUTE (.)
                [!provide]                        PROVIDE (_alt_partition_vga_mem_load_addr, LOADADDR (.vga_mem))

.stab
 *(.stab)

.stabstr
 *(.stabstr)

.stab.excl
 *(.stab.excl)

.stab.exclstr
 *(.stab.exclstr)

.stab.index
 *(.stab.index)

.stab.indexstr
 *(.stab.indexstr)

.comment        0x0000000000000000       0x23
 *(.comment)
 .comment       0x0000000000000000       0x23 obj/default/test.o
                                         0x24 (size before relaxing)
 .comment       0x0000000000000023       0x24 f:/intelfpga_lite/18.1/nios2eds/bin/gnu/h-x86_64-mingw32/bin/../lib/gcc/nios2-elf/5.3.0\libgcc.a(lib2-divmod.o)
 .comment       0x0000000000000023       0x24 ../VGA_software_bsp/\libhal_bsp.a(alt_load.o)
 .comment       0x0000000000000023       0x24 ../VGA_software_bsp/\libhal_bsp.a(alt_main.o)
 .comment       0x0000000000000023       0x24 ../VGA_software_bsp/\libhal_bsp.a(alt_sys_init.o)
 .comment       0x0000000000000023       0x24 ../VGA_software_bsp/\libhal_bsp.a(alt_close.o)
 .comment       0x0000000000000023       0x24 ../VGA_software_bsp/\libhal_bsp.a(alt_dcache_flush_all.o)
 .comment       0x0000000000000023       0x24 ../VGA_software_bsp/\libhal_bsp.a(alt_dev.o)
 .comment       0x0000000000000023       0x24 ../VGA_software_bsp/\libhal_bsp.a(alt_do_ctors.o)
 .comment       0x0000000000000023       0x24 ../VGA_software_bsp/\libhal_bsp.a(alt_do_dtors.o)
 .comment       0x0000000000000023       0x24 ../VGA_software_bsp/\libhal_bsp.a(alt_errno.o)
 .comment       0x0000000000000023       0x24 ../VGA_software_bsp/\libhal_bsp.a(alt_icache_flush_all.o)
 .comment       0x0000000000000023       0x24 ../VGA_software_bsp/\libhal_bsp.a(alt_release_fd.o)
 .comment       0x0000000000000023       0x24 ../VGA_software_bsp/\libhal_bsp.a(altera_nios2_gen2_irq.o)
 .comment       0x0000000000000023       0x24 ../VGA_software_bsp/\libhal_bsp.a(alt_icache_flush.o)
 .comment       0x0000000000000023       0x24 f:/intelfpga_lite/18.1/nios2eds/bin/gnu/h-x86_64-mingw32/bin/../lib/gcc/nios2-elf/5.3.0/../../../../../H-x86_64-mingw32/nios2-elf/lib\libc.a(lib_a-atexit.o)
 .comment       0x0000000000000023       0x24 f:/intelfpga_lite/18.1/nios2eds/bin/gnu/h-x86_64-mingw32/bin/../lib/gcc/nios2-elf/5.3.0/../../../../../H-x86_64-mingw32/nios2-elf/lib\libc.a(lib_a-exit.o)
 .comment       0x0000000000000023       0x24 f:/intelfpga_lite/18.1/nios2eds/bin/gnu/h-x86_64-mingw32/bin/../lib/gcc/nios2-elf/5.3.0/../../../../../H-x86_64-mingw32/nios2-elf/lib\libc.a(lib_a-impure.o)
 .comment       0x0000000000000023       0x24 f:/intelfpga_lite/18.1/nios2eds/bin/gnu/h-x86_64-mingw32/bin/../lib/gcc/nios2-elf/5.3.0/../../../../../H-x86_64-mingw32/nios2-elf/lib\libc.a(lib_a-int_errno.o)
 .comment       0x0000000000000023       0x24 f:/intelfpga_lite/18.1/nios2eds/bin/gnu/h-x86_64-mingw32/bin/../lib/gcc/nios2-elf/5.3.0/../../../../../H-x86_64-mingw32/nios2-elf/lib\libc.a(lib_a-__atexit.o)
 .comment       0x0000000000000023       0x24 f:/intelfpga_lite/18.1/nios2eds/bin/gnu/h-x86_64-mingw32/bin/../lib/gcc/nios2-elf/5.3.0/../../../../../H-x86_64-mingw32/nios2-elf/lib\libc.a(lib_a-__call_atexit.o)
 .comment       0x0000000000000023       0x24 ../VGA_software_bsp/\libhal_bsp.a(alt_exit.o)

.debug
 *(.debug)

.line
 *(.line)

.debug_srcinfo
 *(.debug_srcinfo)

.debug_sfnames
 *(.debug_sfnames)

.debug_aranges  0x0000000000000000      0x2d0
 *(.debug_aranges)
 .debug_aranges
                0x0000000000000000       0x28 ../VGA_software_bsp//obj/HAL/src/crt0.o
 .debug_aranges
                0x0000000000000028       0x20 obj/default/test.o
 .debug_aranges
                0x0000000000000048       0x20 f:/intelfpga_lite/18.1/nios2eds/bin/gnu/h-x86_64-mingw32/bin/../lib/gcc/nios2-elf/5.3.0\libgcc.a(lib2-divmod.o)
 .debug_aranges
                0x0000000000000068       0x20 ../VGA_software_bsp/\libhal_bsp.a(alt_load.o)
 .debug_aranges
                0x0000000000000088       0x20 ../VGA_software_bsp/\libhal_bsp.a(alt_main.o)
 .debug_aranges
                0x00000000000000a8       0x20 ../VGA_software_bsp/\libhal_bsp.a(alt_sys_init.o)
 .debug_aranges
                0x00000000000000c8       0x20 ../VGA_software_bsp/\libhal_bsp.a(alt_close.o)
 .debug_aranges
                0x00000000000000e8       0x20 ../VGA_software_bsp/\libhal_bsp.a(alt_dcache_flush_all.o)
 .debug_aranges
                0x0000000000000108       0x20 ../VGA_software_bsp/\libhal_bsp.a(alt_dev.o)
 .debug_aranges
                0x0000000000000128       0x20 ../VGA_software_bsp/\libhal_bsp.a(alt_do_ctors.o)
 .debug_aranges
                0x0000000000000148       0x20 ../VGA_software_bsp/\libhal_bsp.a(alt_do_dtors.o)
 .debug_aranges
                0x0000000000000168       0x18 ../VGA_software_bsp/\libhal_bsp.a(alt_errno.o)
 .debug_aranges
                0x0000000000000180       0x20 ../VGA_software_bsp/\libhal_bsp.a(alt_icache_flush_all.o)
 .debug_aranges
                0x00000000000001a0       0x20 ../VGA_software_bsp/\libhal_bsp.a(alt_release_fd.o)
 .debug_aranges
                0x00000000000001c0       0x20 ../VGA_software_bsp/\libhal_bsp.a(altera_nios2_gen2_irq.o)
 .debug_aranges
                0x00000000000001e0       0x20 ../VGA_software_bsp/\libhal_bsp.a(alt_icache_flush.o)
 .debug_aranges
                0x0000000000000200       0x20 f:/intelfpga_lite/18.1/nios2eds/bin/gnu/h-x86_64-mingw32/bin/../lib/gcc/nios2-elf/5.3.0/../../../../../H-x86_64-mingw32/nios2-elf/lib\libc.a(lib_a-atexit.o)
 .debug_aranges
                0x0000000000000220       0x20 f:/intelfpga_lite/18.1/nios2eds/bin/gnu/h-x86_64-mingw32/bin/../lib/gcc/nios2-elf/5.3.0/../../../../../H-x86_64-mingw32/nios2-elf/lib\libc.a(lib_a-exit.o)
 .debug_aranges
                0x0000000000000240       0x18 f:/intelfpga_lite/18.1/nios2eds/bin/gnu/h-x86_64-mingw32/bin/../lib/gcc/nios2-elf/5.3.0/../../../../../H-x86_64-mingw32/nios2-elf/lib\libc.a(lib_a-impure.o)
 .debug_aranges
                0x0000000000000258       0x18 f:/intelfpga_lite/18.1/nios2eds/bin/gnu/h-x86_64-mingw32/bin/../lib/gcc/nios2-elf/5.3.0/../../../../../H-x86_64-mingw32/nios2-elf/lib\libc.a(lib_a-int_errno.o)
 .debug_aranges
                0x0000000000000270       0x20 f:/intelfpga_lite/18.1/nios2eds/bin/gnu/h-x86_64-mingw32/bin/../lib/gcc/nios2-elf/5.3.0/../../../../../H-x86_64-mingw32/nios2-elf/lib\libc.a(lib_a-__atexit.o)
 .debug_aranges
                0x0000000000000290       0x20 f:/intelfpga_lite/18.1/nios2eds/bin/gnu/h-x86_64-mingw32/bin/../lib/gcc/nios2-elf/5.3.0/../../../../../H-x86_64-mingw32/nios2-elf/lib\libc.a(lib_a-__call_atexit.o)
 .debug_aranges
                0x00000000000002b0       0x20 ../VGA_software_bsp/\libhal_bsp.a(alt_exit.o)

.debug_pubnames
 *(.debug_pubnames)

.debug_info     0x0000000000000000     0x3e1c
 *(.debug_info .gnu.linkonce.wi.*)
 .debug_info    0x0000000000000000       0xa5 ../VGA_software_bsp//obj/HAL/src/crt0.o
 .debug_info    0x00000000000000a5      0x17b obj/default/test.o
 .debug_info    0x0000000000000220      0x2c6 f:/intelfpga_lite/18.1/nios2eds/bin/gnu/h-x86_64-mingw32/bin/../lib/gcc/nios2-elf/5.3.0\libgcc.a(lib2-divmod.o)
 .debug_info    0x00000000000004e6      0x145 ../VGA_software_bsp/\libhal_bsp.a(alt_load.o)
 .debug_info    0x000000000000062b      0x157 ../VGA_software_bsp/\libhal_bsp.a(alt_main.o)
 .debug_info    0x0000000000000782       0xfa ../VGA_software_bsp/\libhal_bsp.a(alt_sys_init.o)
 .debug_info    0x000000000000087c      0x321 ../VGA_software_bsp/\libhal_bsp.a(alt_close.o)
 .debug_info    0x0000000000000b9d       0xa5 ../VGA_software_bsp/\libhal_bsp.a(alt_dcache_flush_all.o)
 .debug_info    0x0000000000000c42      0x49c ../VGA_software_bsp/\libhal_bsp.a(alt_dev.o)
 .debug_info    0x00000000000010de       0x83 ../VGA_software_bsp/\libhal_bsp.a(alt_do_ctors.o)
 .debug_info    0x0000000000001161       0x83 ../VGA_software_bsp/\libhal_bsp.a(alt_do_dtors.o)
 .debug_info    0x00000000000011e4       0xa6 ../VGA_software_bsp/\libhal_bsp.a(alt_errno.o)
 .debug_info    0x000000000000128a       0x92 ../VGA_software_bsp/\libhal_bsp.a(alt_icache_flush_all.o)
 .debug_info    0x000000000000131c      0x2b0 ../VGA_software_bsp/\libhal_bsp.a(alt_release_fd.o)
 .debug_info    0x00000000000015cc       0xb8 ../VGA_software_bsp/\libhal_bsp.a(altera_nios2_gen2_irq.o)
 .debug_info    0x0000000000001684       0xdc ../VGA_software_bsp/\libhal_bsp.a(alt_icache_flush.o)
 .debug_info    0x0000000000001760       0xfe f:/intelfpga_lite/18.1/nios2eds/bin/gnu/h-x86_64-mingw32/bin/../lib/gcc/nios2-elf/5.3.0/../../../../../H-x86_64-mingw32/nios2-elf/lib\libc.a(lib_a-atexit.o)
 .debug_info    0x000000000000185e      0x8e4 f:/intelfpga_lite/18.1/nios2eds/bin/gnu/h-x86_64-mingw32/bin/../lib/gcc/nios2-elf/5.3.0/../../../../../H-x86_64-mingw32/nios2-elf/lib\libc.a(lib_a-exit.o)
 .debug_info    0x0000000000002142      0x8a1 f:/intelfpga_lite/18.1/nios2eds/bin/gnu/h-x86_64-mingw32/bin/../lib/gcc/nios2-elf/5.3.0/../../../../../H-x86_64-mingw32/nios2-elf/lib\libc.a(lib_a-impure.o)
 .debug_info    0x00000000000029e3       0x8a f:/intelfpga_lite/18.1/nios2eds/bin/gnu/h-x86_64-mingw32/bin/../lib/gcc/nios2-elf/5.3.0/../../../../../H-x86_64-mingw32/nios2-elf/lib\libc.a(lib_a-int_errno.o)
 .debug_info    0x0000000000002a6d      0x934 f:/intelfpga_lite/18.1/nios2eds/bin/gnu/h-x86_64-mingw32/bin/../lib/gcc/nios2-elf/5.3.0/../../../../../H-x86_64-mingw32/nios2-elf/lib\libc.a(lib_a-__atexit.o)
 .debug_info    0x00000000000033a1      0x965 f:/intelfpga_lite/18.1/nios2eds/bin/gnu/h-x86_64-mingw32/bin/../lib/gcc/nios2-elf/5.3.0/../../../../../H-x86_64-mingw32/nios2-elf/lib\libc.a(lib_a-__call_atexit.o)
 .debug_info    0x0000000000003d06      0x116 ../VGA_software_bsp/\libhal_bsp.a(alt_exit.o)

.debug_abbrev   0x0000000000000000     0x132d
 *(.debug_abbrev)
 .debug_abbrev  0x0000000000000000       0x12 ../VGA_software_bsp//obj/HAL/src/crt0.o
 .debug_abbrev  0x0000000000000012       0xcf obj/default/test.o
 .debug_abbrev  0x00000000000000e1      0x10e f:/intelfpga_lite/18.1/nios2eds/bin/gnu/h-x86_64-mingw32/bin/../lib/gcc/nios2-elf/5.3.0\libgcc.a(lib2-divmod.o)
 .debug_abbrev  0x00000000000001ef       0x9f ../VGA_software_bsp/\libhal_bsp.a(alt_load.o)
 .debug_abbrev  0x000000000000028e       0xc1 ../VGA_software_bsp/\libhal_bsp.a(alt_main.o)
 .debug_abbrev  0x000000000000034f       0xbc ../VGA_software_bsp/\libhal_bsp.a(alt_sys_init.o)
 .debug_abbrev  0x000000000000040b      0x11f ../VGA_software_bsp/\libhal_bsp.a(alt_close.o)
 .debug_abbrev  0x000000000000052a       0x5a ../VGA_software_bsp/\libhal_bsp.a(alt_dcache_flush_all.o)
 .debug_abbrev  0x0000000000000584       0xd9 ../VGA_software_bsp/\libhal_bsp.a(alt_dev.o)
 .debug_abbrev  0x000000000000065d       0x79 ../VGA_software_bsp/\libhal_bsp.a(alt_do_ctors.o)
 .debug_abbrev  0x00000000000006d6       0x79 ../VGA_software_bsp/\libhal_bsp.a(alt_do_dtors.o)
 .debug_abbrev  0x000000000000074f       0x5a ../VGA_software_bsp/\libhal_bsp.a(alt_errno.o)
 .debug_abbrev  0x00000000000007a9       0x42 ../VGA_software_bsp/\libhal_bsp.a(alt_icache_flush_all.o)
 .debug_abbrev  0x00000000000007eb       0xde ../VGA_software_bsp/\libhal_bsp.a(alt_release_fd.o)
 .debug_abbrev  0x00000000000008c9       0x67 ../VGA_software_bsp/\libhal_bsp.a(altera_nios2_gen2_irq.o)
 .debug_abbrev  0x0000000000000930       0x8c ../VGA_software_bsp/\libhal_bsp.a(alt_icache_flush.o)
 .debug_abbrev  0x00000000000009bc       0xaa f:/intelfpga_lite/18.1/nios2eds/bin/gnu/h-x86_64-mingw32/bin/../lib/gcc/nios2-elf/5.3.0/../../../../../H-x86_64-mingw32/nios2-elf/lib\libc.a(lib_a-atexit.o)
 .debug_abbrev  0x0000000000000a66      0x1e5 f:/intelfpga_lite/18.1/nios2eds/bin/gnu/h-x86_64-mingw32/bin/../lib/gcc/nios2-elf/5.3.0/../../../../../H-x86_64-mingw32/nios2-elf/lib\libc.a(lib_a-exit.o)
 .debug_abbrev  0x0000000000000c4b      0x18f f:/intelfpga_lite/18.1/nios2eds/bin/gnu/h-x86_64-mingw32/bin/../lib/gcc/nios2-elf/5.3.0/../../../../../H-x86_64-mingw32/nios2-elf/lib\libc.a(lib_a-impure.o)
 .debug_abbrev  0x0000000000000dda       0x37 f:/intelfpga_lite/18.1/nios2eds/bin/gnu/h-x86_64-mingw32/bin/../lib/gcc/nios2-elf/5.3.0/../../../../../H-x86_64-mingw32/nios2-elf/lib\libc.a(lib_a-int_errno.o)
 .debug_abbrev  0x0000000000000e11      0x21e f:/intelfpga_lite/18.1/nios2eds/bin/gnu/h-x86_64-mingw32/bin/../lib/gcc/nios2-elf/5.3.0/../../../../../H-x86_64-mingw32/nios2-elf/lib\libc.a(lib_a-__atexit.o)
 .debug_abbrev  0x000000000000102f      0x22e f:/intelfpga_lite/18.1/nios2eds/bin/gnu/h-x86_64-mingw32/bin/../lib/gcc/nios2-elf/5.3.0/../../../../../H-x86_64-mingw32/nios2-elf/lib\libc.a(lib_a-__call_atexit.o)
 .debug_abbrev  0x000000000000125d       0xd0 ../VGA_software_bsp/\libhal_bsp.a(alt_exit.o)

.debug_line     0x0000000000000000     0x138d
 *(.debug_line)
 .debug_line    0x0000000000000000       0x72 ../VGA_software_bsp//obj/HAL/src/crt0.o
 .debug_line    0x0000000000000072       0xb4 obj/default/test.o
 .debug_line    0x0000000000000126      0x102 f:/intelfpga_lite/18.1/nios2eds/bin/gnu/h-x86_64-mingw32/bin/../lib/gcc/nios2-elf/5.3.0\libgcc.a(lib2-divmod.o)
 .debug_line    0x0000000000000228       0x8e ../VGA_software_bsp/\libhal_bsp.a(alt_load.o)
 .debug_line    0x00000000000002b6       0xcd ../VGA_software_bsp/\libhal_bsp.a(alt_main.o)
 .debug_line    0x0000000000000383       0xa7 ../VGA_software_bsp/\libhal_bsp.a(alt_sys_init.o)
 .debug_line    0x000000000000042a      0x165 ../VGA_software_bsp/\libhal_bsp.a(alt_close.o)
 .debug_line    0x000000000000058f       0x61 ../VGA_software_bsp/\libhal_bsp.a(alt_dcache_flush_all.o)
 .debug_line    0x00000000000005f0       0xf8 ../VGA_software_bsp/\libhal_bsp.a(alt_dev.o)
 .debug_line    0x00000000000006e8       0x59 ../VGA_software_bsp/\libhal_bsp.a(alt_do_ctors.o)
 .debug_line    0x0000000000000741       0x59 ../VGA_software_bsp/\libhal_bsp.a(alt_do_dtors.o)
 .debug_line    0x000000000000079a       0x51 ../VGA_software_bsp/\libhal_bsp.a(alt_errno.o)
 .debug_line    0x00000000000007eb       0x50 ../VGA_software_bsp/\libhal_bsp.a(alt_icache_flush_all.o)
 .debug_line    0x000000000000083b       0xae ../VGA_software_bsp/\libhal_bsp.a(alt_release_fd.o)
 .debug_line    0x00000000000008e9       0x8d ../VGA_software_bsp/\libhal_bsp.a(altera_nios2_gen2_irq.o)
 .debug_line    0x0000000000000976       0x81 ../VGA_software_bsp/\libhal_bsp.a(alt_icache_flush.o)
 .debug_line    0x00000000000009f7       0xe4 f:/intelfpga_lite/18.1/nios2eds/bin/gnu/h-x86_64-mingw32/bin/../lib/gcc/nios2-elf/5.3.0/../../../../../H-x86_64-mingw32/nios2-elf/lib\libc.a(lib_a-atexit.o)
 .debug_line    0x0000000000000adb      0x1f9 f:/intelfpga_lite/18.1/nios2eds/bin/gnu/h-x86_64-mingw32/bin/../lib/gcc/nios2-elf/5.3.0/../../../../../H-x86_64-mingw32/nios2-elf/lib\libc.a(lib_a-exit.o)
 .debug_line    0x0000000000000cd4      0x15d f:/intelfpga_lite/18.1/nios2eds/bin/gnu/h-x86_64-mingw32/bin/../lib/gcc/nios2-elf/5.3.0/../../../../../H-x86_64-mingw32/nios2-elf/lib\libc.a(lib_a-impure.o)
 .debug_line    0x0000000000000e31       0x5c f:/intelfpga_lite/18.1/nios2eds/bin/gnu/h-x86_64-mingw32/bin/../lib/gcc/nios2-elf/5.3.0/../../../../../H-x86_64-mingw32/nios2-elf/lib\libc.a(lib_a-int_errno.o)
 .debug_line    0x0000000000000e8d      0x21c f:/intelfpga_lite/18.1/nios2eds/bin/gnu/h-x86_64-mingw32/bin/../lib/gcc/nios2-elf/5.3.0/../../../../../H-x86_64-mingw32/nios2-elf/lib\libc.a(lib_a-__atexit.o)
 .debug_line    0x00000000000010a9      0x237 f:/intelfpga_lite/18.1/nios2eds/bin/gnu/h-x86_64-mingw32/bin/../lib/gcc/nios2-elf/5.3.0/../../../../../H-x86_64-mingw32/nios2-elf/lib\libc.a(lib_a-__call_atexit.o)
 .debug_line    0x00000000000012e0       0xad ../VGA_software_bsp/\libhal_bsp.a(alt_exit.o)

.debug_frame    0x0000000000000000      0x4e0
 *(.debug_frame)
 .debug_frame   0x0000000000000000       0xa0 obj/default/test.o
 .debug_frame   0x00000000000000a0       0x50 f:/intelfpga_lite/18.1/nios2eds/bin/gnu/h-x86_64-mingw32/bin/../lib/gcc/nios2-elf/5.3.0\libgcc.a(lib2-divmod.o)
 .debug_frame   0x00000000000000f0       0x5c ../VGA_software_bsp/\libhal_bsp.a(alt_load.o)
 .debug_frame   0x000000000000014c       0x2c ../VGA_software_bsp/\libhal_bsp.a(alt_main.o)
 .debug_frame   0x0000000000000178       0x5c ../VGA_software_bsp/\libhal_bsp.a(alt_sys_init.o)
 .debug_frame   0x00000000000001d4       0x60 ../VGA_software_bsp/\libhal_bsp.a(alt_close.o)
 .debug_frame   0x0000000000000234       0x34 ../VGA_software_bsp/\libhal_bsp.a(alt_dcache_flush_all.o)
 .debug_frame   0x0000000000000268       0x34 ../VGA_software_bsp/\libhal_bsp.a(alt_dev.o)
 .debug_frame   0x000000000000029c       0x38 ../VGA_software_bsp/\libhal_bsp.a(alt_do_ctors.o)
 .debug_frame   0x00000000000002d4       0x38 ../VGA_software_bsp/\libhal_bsp.a(alt_do_dtors.o)
 .debug_frame   0x000000000000030c       0x38 ../VGA_software_bsp/\libhal_bsp.a(alt_icache_flush_all.o)
 .debug_frame   0x0000000000000344       0x34 ../VGA_software_bsp/\libhal_bsp.a(alt_release_fd.o)
 .debug_frame   0x0000000000000378       0x34 ../VGA_software_bsp/\libhal_bsp.a(altera_nios2_gen2_irq.o)
 .debug_frame   0x00000000000003ac       0x34 ../VGA_software_bsp/\libhal_bsp.a(alt_icache_flush.o)
 .debug_frame   0x00000000000003e0       0x20 f:/intelfpga_lite/18.1/nios2eds/bin/gnu/h-x86_64-mingw32/bin/../lib/gcc/nios2-elf/5.3.0/../../../../../H-x86_64-mingw32/nios2-elf/lib\libc.a(lib_a-atexit.o)
 .debug_frame   0x0000000000000400       0x28 f:/intelfpga_lite/18.1/nios2eds/bin/gnu/h-x86_64-mingw32/bin/../lib/gcc/nios2-elf/5.3.0/../../../../../H-x86_64-mingw32/nios2-elf/lib\libc.a(lib_a-exit.o)
 .debug_frame   0x0000000000000428       0x38 f:/intelfpga_lite/18.1/nios2eds/bin/gnu/h-x86_64-mingw32/bin/../lib/gcc/nios2-elf/5.3.0/../../../../../H-x86_64-mingw32/nios2-elf/lib\libc.a(lib_a-__atexit.o)
 .debug_frame   0x0000000000000460       0x54 f:/intelfpga_lite/18.1/nios2eds/bin/gnu/h-x86_64-mingw32/bin/../lib/gcc/nios2-elf/5.3.0/../../../../../H-x86_64-mingw32/nios2-elf/lib\libc.a(lib_a-__call_atexit.o)
 .debug_frame   0x00000000000004b4       0x2c ../VGA_software_bsp/\libhal_bsp.a(alt_exit.o)

.debug_str      0x0000000000000000      0xf60
 *(.debug_str)
 .debug_str     0x0000000000000000      0x15c obj/default/test.o
                                        0x18f (size before relaxing)
 .debug_str     0x000000000000015c      0x16d f:/intelfpga_lite/18.1/nios2eds/bin/gnu/h-x86_64-mingw32/bin/../lib/gcc/nios2-elf/5.3.0\libgcc.a(lib2-divmod.o)
                                        0x1b8 (size before relaxing)
 .debug_str     0x00000000000002c9      0x177 ../VGA_software_bsp/\libhal_bsp.a(alt_load.o)
                                        0x246 (size before relaxing)
 .debug_str     0x0000000000000440       0x91 ../VGA_software_bsp/\libhal_bsp.a(alt_main.o)
                                        0x1fa (size before relaxing)
 .debug_str     0x00000000000004d1       0x47 ../VGA_software_bsp/\libhal_bsp.a(alt_sys_init.o)
                                        0x1ca (size before relaxing)
 .debug_str     0x0000000000000518       0x90 ../VGA_software_bsp/\libhal_bsp.a(alt_close.o)
                                        0x23f (size before relaxing)
 .debug_str     0x00000000000005a8       0x34 ../VGA_software_bsp/\libhal_bsp.a(alt_dcache_flush_all.o)
                                        0x189 (size before relaxing)
 .debug_str     0x00000000000005dc      0x120 ../VGA_software_bsp/\libhal_bsp.a(alt_dev.o)
                                        0x339 (size before relaxing)
 .debug_str     0x00000000000006fc       0x48 ../VGA_software_bsp/\libhal_bsp.a(alt_do_ctors.o)
                                        0x104 (size before relaxing)
 .debug_str     0x0000000000000744       0x4c ../VGA_software_bsp/\libhal_bsp.a(alt_do_dtors.o)
                                        0x103 (size before relaxing)
 .debug_str     0x0000000000000790       0x14 ../VGA_software_bsp/\libhal_bsp.a(alt_errno.o)
                                        0x179 (size before relaxing)
 .debug_str     0x00000000000007a4       0x34 ../VGA_software_bsp/\libhal_bsp.a(alt_icache_flush_all.o)
                                        0x189 (size before relaxing)
 .debug_str     0x00000000000007d8       0x28 ../VGA_software_bsp/\libhal_bsp.a(alt_release_fd.o)
                                        0x207 (size before relaxing)
 .debug_str     0x0000000000000800       0x3b ../VGA_software_bsp/\libhal_bsp.a(altera_nios2_gen2_irq.o)
                                        0x1b9 (size before relaxing)
 .debug_str     0x000000000000083b       0x2c ../VGA_software_bsp/\libhal_bsp.a(alt_icache_flush.o)
                                        0x18f (size before relaxing)
 .debug_str     0x0000000000000867      0x162 f:/intelfpga_lite/18.1/nios2eds/bin/gnu/h-x86_64-mingw32/bin/../lib/gcc/nios2-elf/5.3.0/../../../../../H-x86_64-mingw32/nios2-elf/lib\libc.a(lib_a-atexit.o)
                                        0x207 (size before relaxing)
 .debug_str     0x00000000000009c9      0x3cb f:/intelfpga_lite/18.1/nios2eds/bin/gnu/h-x86_64-mingw32/bin/../lib/gcc/nios2-elf/5.3.0/../../../../../H-x86_64-mingw32/nios2-elf/lib\libc.a(lib_a-exit.o)
                                        0x5a4 (size before relaxing)
 .debug_str     0x0000000000000d94       0xc8 f:/intelfpga_lite/18.1/nios2eds/bin/gnu/h-x86_64-mingw32/bin/../lib/gcc/nios2-elf/5.3.0/../../../../../H-x86_64-mingw32/nios2-elf/lib\libc.a(lib_a-impure.o)
                                        0x59b (size before relaxing)
 .debug_str     0x0000000000000e5c       0x3c f:/intelfpga_lite/18.1/nios2eds/bin/gnu/h-x86_64-mingw32/bin/../lib/gcc/nios2-elf/5.3.0/../../../../../H-x86_64-mingw32/nios2-elf/lib\libc.a(lib_a-int_errno.o)
                                        0x1c3 (size before relaxing)
 .debug_str     0x0000000000000e98       0x3c f:/intelfpga_lite/18.1/nios2eds/bin/gnu/h-x86_64-mingw32/bin/../lib/gcc/nios2-elf/5.3.0/../../../../../H-x86_64-mingw32/nios2-elf/lib\libc.a(lib_a-__atexit.o)
                                        0x5dc (size before relaxing)
 .debug_str     0x0000000000000ed4       0x62 f:/intelfpga_lite/18.1/nios2eds/bin/gnu/h-x86_64-mingw32/bin/../lib/gcc/nios2-elf/5.3.0/../../../../../H-x86_64-mingw32/nios2-elf/lib\libc.a(lib_a-__call_atexit.o)
                                        0x5c8 (size before relaxing)
 .debug_str     0x0000000000000f36       0x2a ../VGA_software_bsp/\libhal_bsp.a(alt_exit.o)
                                        0x1ae (size before relaxing)

.debug_loc      0x0000000000000000      0x86b
 *(.debug_loc)
 .debug_loc     0x0000000000000000      0x4ce f:/intelfpga_lite/18.1/nios2eds/bin/gnu/h-x86_64-mingw32/bin/../lib/gcc/nios2-elf/5.3.0\libgcc.a(lib2-divmod.o)
 .debug_loc     0x00000000000004ce       0x2c f:/intelfpga_lite/18.1/nios2eds/bin/gnu/h-x86_64-mingw32/bin/../lib/gcc/nios2-elf/5.3.0/../../../../../H-x86_64-mingw32/nios2-elf/lib\libc.a(lib_a-atexit.o)
 .debug_loc     0x00000000000004fa       0x1e f:/intelfpga_lite/18.1/nios2eds/bin/gnu/h-x86_64-mingw32/bin/../lib/gcc/nios2-elf/5.3.0/../../../../../H-x86_64-mingw32/nios2-elf/lib\libc.a(lib_a-exit.o)
 .debug_loc     0x0000000000000518      0x185 f:/intelfpga_lite/18.1/nios2eds/bin/gnu/h-x86_64-mingw32/bin/../lib/gcc/nios2-elf/5.3.0/../../../../../H-x86_64-mingw32/nios2-elf/lib\libc.a(lib_a-__atexit.o)
 .debug_loc     0x000000000000069d      0x1ce f:/intelfpga_lite/18.1/nios2eds/bin/gnu/h-x86_64-mingw32/bin/../lib/gcc/nios2-elf/5.3.0/../../../../../H-x86_64-mingw32/nios2-elf/lib\libc.a(lib_a-__call_atexit.o)

.debug_macinfo
 *(.debug_macinfo)

.debug_weaknames
 *(.debug_weaknames)

.debug_funcnames
 *(.debug_funcnames)

.debug_typenames
 *(.debug_typenames)

.debug_varnames
 *(.debug_varnames)

.debug_alt_sim_info
                0x0000000000000000       0x30
 *(.debug_alt_sim_info)
 .debug_alt_sim_info
                0x0000000000000000       0x30 ../VGA_software_bsp//obj/HAL/src/crt0.o
                0x000000000000c000                __alt_data_end = 0xc000
                0x000000000000c000                PROVIDE (__alt_stack_pointer, __alt_data_end)
                [!provide]                        PROVIDE (__alt_stack_limit, __alt_stack_base)
                [!provide]                        PROVIDE (__alt_heap_start, end)
                [!provide]                        PROVIDE (__alt_heap_limit, 0xc000)
OUTPUT(VGA_software.elf elf32-littlenios2)

.debug_ranges   0x0000000000000000       0xe0
 .debug_ranges  0x0000000000000000       0x20 ../VGA_software_bsp//obj/HAL/src/crt0.o
 .debug_ranges  0x0000000000000020       0x60 f:/intelfpga_lite/18.1/nios2eds/bin/gnu/h-x86_64-mingw32/bin/../lib/gcc/nios2-elf/5.3.0\libgcc.a(lib2-divmod.o)
 .debug_ranges  0x0000000000000080       0x10 f:/intelfpga_lite/18.1/nios2eds/bin/gnu/h-x86_64-mingw32/bin/../lib/gcc/nios2-elf/5.3.0/../../../../../H-x86_64-mingw32/nios2-elf/lib\libc.a(lib_a-atexit.o)
 .debug_ranges  0x0000000000000090       0x10 f:/intelfpga_lite/18.1/nios2eds/bin/gnu/h-x86_64-mingw32/bin/../lib/gcc/nios2-elf/5.3.0/../../../../../H-x86_64-mingw32/nios2-elf/lib\libc.a(lib_a-exit.o)
 .debug_ranges  0x00000000000000a0       0x10 f:/intelfpga_lite/18.1/nios2eds/bin/gnu/h-x86_64-mingw32/bin/../lib/gcc/nios2-elf/5.3.0/../../../../../H-x86_64-mingw32/nios2-elf/lib\libc.a(lib_a-__atexit.o)
 .debug_ranges  0x00000000000000b0       0x30 f:/intelfpga_lite/18.1/nios2eds/bin/gnu/h-x86_64-mingw32/bin/../lib/gcc/nios2-elf/5.3.0/../../../../../H-x86_64-mingw32/nios2-elf/lib\libc.a(lib_a-__call_atexit.o)
