Archive member included to satisfy reference by file (symbol)

f:/intelfpga_lite/18.1/nios2eds/bin/gnu/h-x86_64-mingw32/bin/../lib/gcc/nios2-elf/5.3.0/../../../../../H-x86_64-mingw32/nios2-elf/lib\libc.a(lib_a-fflush.o)
                              obj/default/hello_ucosii.o (fflush)
f:/intelfpga_lite/18.1/nios2eds/bin/gnu/h-x86_64-mingw32/bin/../lib/gcc/nios2-elf/5.3.0/../../../../../H-x86_64-mingw32/nios2-elf/lib\libc.a(lib_a-findfp.o)
                              f:/intelfpga_lite/18.1/nios2eds/bin/gnu/h-x86_64-mingw32/bin/../lib/gcc/nios2-elf/5.3.0/../../../../../H-x86_64-mingw32/nios2-elf/lib\libc.a(lib_a-fflush.o) (__sinit)
f:/intelfpga_lite/18.1/nios2eds/bin/gnu/h-x86_64-mingw32/bin/../lib/gcc/nios2-elf/5.3.0/../../../../../H-x86_64-mingw32/nios2-elf/lib\libc.a(lib_a-freer.o)
                              f:/intelfpga_lite/18.1/nios2eds/bin/gnu/h-x86_64-mingw32/bin/../lib/gcc/nios2-elf/5.3.0/../../../../../H-x86_64-mingw32/nios2-elf/lib\libc.a(lib_a-fflush.o) (_free_r)
f:/intelfpga_lite/18.1/nios2eds/bin/gnu/h-x86_64-mingw32/bin/../lib/gcc/nios2-elf/5.3.0/../../../../../H-x86_64-mingw32/nios2-elf/lib\libc.a(lib_a-fwalk.o)
                              f:/intelfpga_lite/18.1/nios2eds/bin/gnu/h-x86_64-mingw32/bin/../lib/gcc/nios2-elf/5.3.0/../../../../../H-x86_64-mingw32/nios2-elf/lib\libc.a(lib_a-findfp.o) (_fwalk)
f:/intelfpga_lite/18.1/nios2eds/bin/gnu/h-x86_64-mingw32/bin/../lib/gcc/nios2-elf/5.3.0/../../../../../H-x86_64-mingw32/nios2-elf/lib\libc.a(lib_a-impure.o)
                              f:/intelfpga_lite/18.1/nios2eds/bin/gnu/h-x86_64-mingw32/bin/../lib/gcc/nios2-elf/5.3.0/../../../../../H-x86_64-mingw32/nios2-elf/lib\libc.a(lib_a-fflush.o) (_global_impure_ptr)
f:/intelfpga_lite/18.1/nios2eds/bin/gnu/h-x86_64-mingw32/bin/../lib/gcc/nios2-elf/5.3.0/../../../../../H-x86_64-mingw32/nios2-elf/lib\libc.a(lib_a-mallocr.o)
                              f:/intelfpga_lite/18.1/nios2eds/bin/gnu/h-x86_64-mingw32/bin/../lib/gcc/nios2-elf/5.3.0/../../../../../H-x86_64-mingw32/nios2-elf/lib\libc.a(lib_a-findfp.o) (_malloc_r)
f:/intelfpga_lite/18.1/nios2eds/bin/gnu/h-x86_64-mingw32/bin/../lib/gcc/nios2-elf/5.3.0/../../../../../H-x86_64-mingw32/nios2-elf/lib\libc.a(lib_a-memset.o)
                              f:/intelfpga_lite/18.1/nios2eds/bin/gnu/h-x86_64-mingw32/bin/../lib/gcc/nios2-elf/5.3.0/../../../../../H-x86_64-mingw32/nios2-elf/lib\libc.a(lib_a-findfp.o) (memset)
f:/intelfpga_lite/18.1/nios2eds/bin/gnu/h-x86_64-mingw32/bin/../lib/gcc/nios2-elf/5.3.0/../../../../../H-x86_64-mingw32/nios2-elf/lib\libc.a(lib_a-printf.o)
                              obj/default/hello_ucosii.o (printf)
f:/intelfpga_lite/18.1/nios2eds/bin/gnu/h-x86_64-mingw32/bin/../lib/gcc/nios2-elf/5.3.0/../../../../../H-x86_64-mingw32/nios2-elf/lib\libc.a(lib_a-puts.o)
                              obj/default/hello_ucosii.o (puts)
f:/intelfpga_lite/18.1/nios2eds/bin/gnu/h-x86_64-mingw32/bin/../lib/gcc/nios2-elf/5.3.0/../../../../../H-x86_64-mingw32/nios2-elf/lib\libc.a(lib_a-sbrkr.o)
                              f:/intelfpga_lite/18.1/nios2eds/bin/gnu/h-x86_64-mingw32/bin/../lib/gcc/nios2-elf/5.3.0/../../../../../H-x86_64-mingw32/nios2-elf/lib\libc.a(lib_a-freer.o) (_sbrk_r)
f:/intelfpga_lite/18.1/nios2eds/bin/gnu/h-x86_64-mingw32/bin/../lib/gcc/nios2-elf/5.3.0/../../../../../H-x86_64-mingw32/nios2-elf/lib\libc.a(lib_a-stdio.o)
                              f:/intelfpga_lite/18.1/nios2eds/bin/gnu/h-x86_64-mingw32/bin/../lib/gcc/nios2-elf/5.3.0/../../../../../H-x86_64-mingw32/nios2-elf/lib\libc.a(lib_a-findfp.o) (__sread)
f:/intelfpga_lite/18.1/nios2eds/bin/gnu/h-x86_64-mingw32/bin/../lib/gcc/nios2-elf/5.3.0/../../../../../H-x86_64-mingw32/nios2-elf/lib\libc.a(lib_a-strlen.o)
                              f:/intelfpga_lite/18.1/nios2eds/bin/gnu/h-x86_64-mingw32/bin/../lib/gcc/nios2-elf/5.3.0/../../../../../H-x86_64-mingw32/nios2-elf/lib\libc.a(lib_a-puts.o) (strlen)
f:/intelfpga_lite/18.1/nios2eds/bin/gnu/h-x86_64-mingw32/bin/../lib/gcc/nios2-elf/5.3.0/../../../../../H-x86_64-mingw32/nios2-elf/lib\libc.a(lib_a-vfprintf.o)
                              f:/intelfpga_lite/18.1/nios2eds/bin/gnu/h-x86_64-mingw32/bin/../lib/gcc/nios2-elf/5.3.0/../../../../../H-x86_64-mingw32/nios2-elf/lib\libc.a(lib_a-printf.o) (___vfprintf_internal_r)
f:/intelfpga_lite/18.1/nios2eds/bin/gnu/h-x86_64-mingw32/bin/../lib/gcc/nios2-elf/5.3.0/../../../../../H-x86_64-mingw32/nios2-elf/lib\libc.a(lib_a-writer.o)
                              f:/intelfpga_lite/18.1/nios2eds/bin/gnu/h-x86_64-mingw32/bin/../lib/gcc/nios2-elf/5.3.0/../../../../../H-x86_64-mingw32/nios2-elf/lib\libc.a(lib_a-stdio.o) (_write_r)
f:/intelfpga_lite/18.1/nios2eds/bin/gnu/h-x86_64-mingw32/bin/../lib/gcc/nios2-elf/5.3.0/../../../../../H-x86_64-mingw32/nios2-elf/lib\libc.a(lib_a-wsetup.o)
[...]
Memory Configuration

Name             Origin             Length             Attributes
new_sdram_controller_0 0x0000000004000000 0x0000000004000000
reset            0x0000000008002000 0x0000000000000020
control_mem      0x0000000008002020 0x0000000000001fe0
*default*        0x0000000000000000 0xffffffffffffffff

Linker script and memory map

LOAD ../quiz2_bsp//obj/HAL/src/crt0.o
LOAD obj/default/hello_ucosii.o
LOAD f:/intelfpga_lite/18.1/nios2eds/bin/gnu/h-x86_64-mingw32/bin/../lib/gcc/nios2-elf/5.3.0/../../../../../H-x86_64-mingw32/nios2-elf/lib\libstdc++.a
LOAD f:/intelfpga_lite/18.1/nios2eds/bin/gnu/h-x86_64-mingw32/bin/../lib/gcc/nios2-elf/5.3.0/../../../../../H-x86_64-mingw32/nios2-elf/lib\libm.a
LOAD f:/intelfpga_lite/18.1/nios2eds/bin/gnu/h-x86_64-mingw32/bin/../lib/gcc/nios2-elf/5.3.0\libgcc.a
START GROUP
LOAD f:/intelfpga_lite/18.1/nios2eds/bin/gnu/h-x86_64-mingw32/bin/../lib/gcc/nios2-elf/5.3.0/../../../../../H-x86_64-mingw32/nios2-elf/lib\libc.a
LOAD f:/intelfpga_lite/18.1/nios2eds/bin/gnu/h-x86_64-mingw32/bin/../lib/gcc/nios2-elf/5.3.0\libgcc.a
LOAD ../quiz2_bsp/\libucosii_bsp.a
LOAD f:/intelfpga_lite/18.1/nios2eds/bin/gnu/h-x86_64-mingw32/bin/../lib/gcc/nios2-elf/5.3.0/../../../../../H-x86_64-mingw32/nios2-elf/lib\libm.a
END GROUP
LOAD f:/intelfpga_lite/18.1/nios2eds/bin/gnu/h-x86_64-mingw32/bin/../lib/gcc/nios2-elf/5.3.0\libgcc.a
                0x0000000004000000                __alt_mem_new_sdram_controller_0 = 0x4000000
                0x0000000008002000                __alt_mem_control_mem = 0x8002000

.entry          0x0000000008002000       0x20
 *(.entry)
 .entry         0x0000000008002000       0x20 ../quiz2_bsp//obj/HAL/src/crt0.o
                0x0000000008002000                __reset

.exceptions     0x0000000008002020      0x224 load address 0x0000000004000000
                0x0000000008002020                PROVIDE (__ram_exceptions_start, ABSOLUTE (.))
                0x0000000008002020                . = ALIGN (0x20)
 *(.irq)
 *(.exceptions.entry.label)
 .exceptions.entry.label
                0x0000000008002020        0x0 ../quiz2_bsp/\libucosii_bsp.a(alt_irq_entry.o)
                0x0000000008002020                alt_irq_entry
 .exceptions.entry.label
                0x0000000008002020        0x0 ../quiz2_bsp/\libucosii_bsp.a(alt_exception_entry.o)
                0x0000000008002020                alt_exception
 *(.exceptions.entry.user)
 *(.exceptions.entry.ecc_fatal)
 *(.exceptions.entry)
 .exceptions.entry
                0x0000000008002020       0x54 ../quiz2_bsp/\libucosii_bsp.a(alt_exception_entry.o)
 *(.exceptions.irqtest.user)
 *(.exceptions.irqtest)
 .exceptions.irqtest
                0x0000000008002074       0x10 ../quiz2_bsp/\libucosii_bsp.a(alt_irq_entry.o)
 *(.exceptions.irqhandler.user)
 *(.exceptions.irqhandler)
 .exceptions.irqhandler
                0x0000000008002084        0x4 ../quiz2_bsp/\libucosii_bsp.a(alt_irq_entry.o)
 *(.exceptions.irqreturn.user)
 *(.exceptions.irqreturn)
 .exceptions.irqreturn
                0x0000000008002088        0x4 ../quiz2_bsp/\libucosii_bsp.a(alt_irq_entry.o)
 *(.exceptions.notirq.label)
 .exceptions.notirq.label
                0x000000000800208c        0x0 ../quiz2_bsp/\libucosii_bsp.a(alt_irq_entry.o)
 *(.exceptions.notirq.user)
 *(.exceptions.notirq)
 .exceptions.notirq
                0x000000000800208c        0x8 ../quiz2_bsp/\libucosii_bsp.a(alt_exception_entry.o)
 *(.exceptions.soft.user)
 *(.exceptions.soft)
 *(.exceptions.unknown.user)
 *(.exceptions.unknown)
 .exceptions.unknown
                0x0000000008002094       0x14 ../quiz2_bsp/\libucosii_bsp.a(alt_exception_entry.o)
 *(.exceptions.exit.label)
 .exceptions.exit.label
                0x00000000080020a8        0x0 ../quiz2_bsp/\libucosii_bsp.a(alt_irq_entry.o)
 .exceptions.exit.label
                0x00000000080020a8        0x0 ../quiz2_bsp/\libucosii_bsp.a(alt_exception_entry.o)
 *(.exceptions.exit.user)
 *(.exceptions.exit)
 .exceptions.exit
                0x00000000080020a8       0x54 ../quiz2_bsp/\libucosii_bsp.a(alt_exception_entry.o)
 *(.exceptions)
 .exceptions    0x00000000080020fc       0xd4 ../quiz2_bsp/\libucosii_bsp.a(alt_irq_handler.o)
                0x00000000080020fc                alt_irq_handler
 .exceptions    0x00000000080021d0       0x74 ../quiz2_bsp/\libucosii_bsp.a(alt_instruction_exception_entry.o)
                0x00000000080021d0                alt_instruction_exception_entry
                0x0000000008002244                PROVIDE (__ram_exceptions_end, ABSOLUTE (.))
                0x0000000004000000                PROVIDE (__flash_exceptions_start, LOADADDR (.exceptions))

.text           0x0000000004000224    0x17e0c
                [!provide]                        PROVIDE (stext, ABSOLUTE (.))
 *(.interp)
 *(.hash)
 *(.dynsym)
 *(.dynstr)
 *(.gnu.version)
 *(.gnu.version_d)
 *(.gnu.version_r)
 *(.rel.init)
 *(.rela.init)
 *(.rel.text .rel.text.* .rel.gnu.linkonce.t.*)
 *(.rela.text .rela.text.* .rela.gnu.linkonce.t.*)
 *(.rel.fini)
 *(.rela.fini)
 *(.rel.rodata .rel.rodata.* .rel.gnu.linkonce.r.*)
 *(.rela.rodata .rela.rodata.* .rela.gnu.linkonce.r.*)
 *(.rel.data .rel.data.* .rel.gnu.linkonce.d.*)
 *(.rela.data .rela.data.* .rela.gnu.linkonce.d.*)
 *(.rel.tdata .rel.tdata.* .rel.gnu.linkonce.td.*)
 *(.rela.tdata .rela.tdata.* .rela.gnu.linkonce.td.*)
 *(.rel.tbss .rel.tbss.* .rel.gnu.linkonce.tb.*)
 *(.rela.tbss .rela.tbss.* .rela.gnu.linkonce.tb.*)
 *(.rel.ctors)
 *(.rela.ctors)
 *(.rel.dtors)
 *(.rela.dtors)
 *(.rel.got)
 *(.rela.got)
 *(.rel.sdata .rel.sdata.* .rel.gnu.linkonce.s.*)
 *(.rela.sdata .rela.sdata.* .rela.gnu.linkonce.s.*)
 *(.rel.sbss .rel.sbss.* .rel.gnu.linkonce.sb.*)
 *(.rela.sbss .rela.sbss.* .rela.gnu.linkonce.sb.*)
 *(.rel.sdata2 .rel.sdata2.* .rel.gnu.linkonce.s2.*)
 *(.rela.sdata2 .rela.sdata2.* .rela.gnu.linkonce.s2.*)
 *(.rel.sbss2 .rel.sbss2.* .rel.gnu.linkonce.sb2.*)
 *(.rela.sbss2 .rela.sbss2.* .rela.gnu.linkonce.sb2.*)
 *(.rel.bss .rel.bss.* .rel.gnu.linkonce.b.*)
 *(.rela.bss .rela.bss.* .rela.gnu.linkonce.b.*)
 *(.rel.plt)
 *(.rela.plt)
 *(.rel.dyn)
 *(.init)
 *(.plt)
 *(.text .stub .text.* .gnu.linkonce.t.*)
 .text          0x0000000004000224       0x4c ../quiz2_bsp//obj/HAL/src/crt0.o
                0x0000000004000224                _start
 .text          0x0000000004000270      0x798 obj/default/hello_ucosii.o
                0x0000000004000270                Task1
                0x0000000004000340                Task2
                0x0000000004000410                Task3
                0x000000000400057c                Task4
                0x00000000040006e8                Task5
                0x00000000040007b8                StartTask
                0x0000000004000994                main
 .text          0x0000000004000a08        0x0 f:/intelfpga_lite/18.1/nios2eds/bin/gnu/h-x86_64-mingw32/bin/../lib/gcc/nios2-elf/5.3.0/../../../../../H-x86_64-mingw32/nios2-elf/lib\libc.a(lib_a-fflush.o)
 .text.__sflush_r
                0x0000000004000a08      0x21c f:/intelfpga_lite/18.1/nios2eds/bin/gnu/h-x86_64-mingw32/bin/../lib/gcc/nios2-elf/5.3.0/../../../../../H-x86_64-mingw32/nios2-elf/lib\libc.a(lib_a-fflush.o)
                0x0000000004000a08                __sflush_r
 .text._fflush_r
                0x0000000004000c24       0x5c f:/intelfpga_lite/18.1/nios2eds/bin/gnu/h-x86_64-mingw32/bin/../lib/gcc/nios2-elf/5.3.0/../../../../../H-x86_64-mingw32/nios2-elf/lib\libc.a(lib_a-fflush.o)
                0x0000000004000c24                _fflush_r
 .text.fflush   0x0000000004000c80       0x30 f:/intelfpga_lite/18.1/nios2eds/bin/gnu/h-x86_64-mingw32/bin/../lib/gcc/nios2-elf/5.3.0/../../../../../H-x86_64-mingw32/nios2-elf/lib\libc.a(lib_a-fflush.o)
                0x0000000004000c80                fflush
 .text          0x0000000004000cb0        0x0 f:/intelfpga_lite/18.1/nios2eds/bin/gnu/h-x86_64-mingw32/bin/../lib/gcc/nios2-elf/5.3.0/../../../../../H-x86_64-mingw32/nios2-elf/lib\libc.a(lib_a-findfp.o)
 .text.__fp_unlock
                0x0000000004000cb0        0x8 f:/intelfpga_lite/18.1/nios2eds/bin/gnu/h-x86_64-mingw32/bin/../lib/gcc/nios2-elf/5.3.0/../../../../../H-x86_64-mingw32/nios2-elf/lib\libc.a(lib_a-findfp.o)
 .text._cleanup_r
                0x0000000004000cb8        0xc f:/intelfpga_lite/18.1/nios2eds/bin/gnu/h-x86_64-mingw32/bin/../lib/gcc/nios2-elf/5.3.0/../../../../../H-x86_64-mingw32/nios2-elf/lib\libc.a(lib_a-findfp.o)
                0x0000000004000cb8                _cleanup_r
 .text.__sinit.part.1
                0x0000000004000cc4      0x19c f:/intelfpga_lite/18.1/nios2eds/bin/gnu/h-x86_64-mingw32/bin/../lib/gcc/nios2-elf/5.3.0/../../../../../H-x86_64-mingw32/nios2-elf/lib\libc.a(lib_a-findfp.o)
 .text.__fp_lock
                0x0000000004000e60        0x8 f:/intelfpga_lite/18.1/nios2eds/bin/gnu/h-x86_64-mingw32/bin/../lib/gcc/nios2-elf/5.3.0/../../../../../H-x86_64-mingw32/nios2-elf/lib\libc.a(lib_a-findfp.o)
 .text.__sfmoreglue
                0x0000000004000e68       0x68 f:/intelfpga_lite/18.1/nios2eds/bin/gnu/h-x86_64-mingw32/bin/../lib/gcc/nios2-elf/5.3.0/../../../../../H-x86_64-mingw32/nios2-elf/lib\libc.a(lib_a-findfp.o)
                0x0000000004000e68                __sfmoreglue
 .text.__sfp    0x0000000004000ed0      0x118 f:/intelfpga_lite/18.1/nios2eds/bin/gnu/h-x86_64-mingw32/bin/../lib/gcc/nios2-elf/5.3.0/../../../../../H-x86_64-mingw32/nios2-elf/lib\libc.a(lib_a-findfp.o)
                0x0000000004000ed0                __sfp
 .text._cleanup
                0x0000000004000fe8       0x18 f:/intelfpga_lite/18.1/nios2eds/bin/gnu/h-x86_64-mingw32/bin/../lib/gcc/nios2-elf/5.3.0/../../../../../H-x86_64-mingw32/nios2-elf/lib\libc.a(lib_a-findfp.o)
                0x0000000004000fe8                _cleanup
 .text.__sinit  0x0000000004001000       0x10 f:/intelfpga_lite/18.1/nios2eds/bin/gnu/h-x86_64-mingw32/bin/../lib/gcc/nios2-elf/5.3.0/../../../../../H-x86_64-mingw32/nios2-elf/lib\libc.a(lib_a-findfp.o)
                0x0000000004001000                __sinit
 .text.__sfp_lock_acquire
                0x0000000004001010        0x4 f:/intelfpga_lite/18.1/nios2eds/bin/gnu/h-x86_64-mingw32/bin/../lib/gcc/nios2-elf/5.3.0/../../../../../H-x86_64-mingw32/nios2-elf/lib\libc.a(lib_a-findfp.o)
                0x0000000004001010                __sfp_lock_acquire
 .text.__sfp_lock_release
                0x0000000004001014        0x4 f:/intelfpga_lite/18.1/nios2eds/bin/gnu/h-x86_64-mingw32/bin/../lib/gcc/nios2-elf/5.3.0/../../../../../H-x86_64-mingw32/nios2-elf/lib\libc.a(lib_a-findfp.o)
                0x0000000004001014                __sfp_lock_release
 .text.__sinit_lock_acquire
                0x0000000004001018        0x4 f:/intelfpga_lite/18.1/nios2eds/bin/gnu/h-x86_64-mingw32/bin/../lib/gcc/nios2-elf/5.3.0/../../../../../H-x86_64-mingw32/nios2-elf/lib\libc.a(lib_a-findfp.o)
                0x0000000004001018                __sinit_lock_acquire
 .text.__sinit_lock_release
                0x000000000400101c        0x4 f:/intelfpga_lite/18.1/nios2eds/bin/gnu/h-x86_64-mingw32/bin/../lib/gcc/nios2-elf/5.3.0/../../../../../H-x86_64-mingw32/nios2-elf/lib\libc.a(lib_a-findfp.o)
                0x000000000400101c                __sinit_lock_release
 .text.__fp_lock_all
                0x0000000004001020       0x18 f:/intelfpga_lite/18.1/nios2eds/bin/gnu/h-x86_64-mingw32/bin/../lib/gcc/nios2-elf/5.3.0/../../../../../H-x86_64-mingw32/nios2-elf/lib\libc.a(lib_a-findfp.o)
                0x0000000004001020                __fp_lock_all
 .text.__fp_unlock_all
                0x0000000004001038       0x18 f:/intelfpga_lite/18.1/nios2eds/bin/gnu/h-x86_64-mingw32/bin/../lib/gcc/nios2-elf/5.3.0/../../../../../H-x86_64-mingw32/nios2-elf/lib\libc.a(lib_a-findfp.o)
                0x0000000004001038                __fp_unlock_all
 .text          0x0000000004001050        0x0 f:/intelfpga_lite/18.1/nios2eds/bin/gnu/h-x86_64-mingw32/bin/../lib/gcc/nios2-elf/5.3.0/../../../../../H-x86_64-mingw32/nios2-elf/lib\libc.a(lib_a-freer.o)
 .text._malloc_trim_r
                0x0000000004001050      0x124 f:/intelfpga_lite/18.1/nios2eds/bin/gnu/h-x86_64-mingw32/bin/../lib/gcc/nios2-elf/5.3.0/../../../../../H-x86_64-mingw32/nios2-elf/lib\libc.a(lib_a-freer.o)
                0x0000000004001050                _malloc_trim_r
 .text._free_r  0x0000000004001174      0x310 f:/intelfpga_lite/18.1/nios2eds/bin/gnu/h-x86_64-mingw32/bin/../lib/gcc/nios2-elf/5.3.0/../../../../../H-x86_64-mingw32/nios2-elf/lib\libc.a(lib_a-freer.o)
                0x0000000004001174                _free_r
 .text          0x0000000004001484        0x0 f:/intelfpga_lite/18.1/nios2eds/bin/gnu/h-x86_64-mingw32/bin/../lib/gcc/nios2-elf/5.3.0/../../../../../H-x86_64-mingw32/nios2-elf/lib\libc.a(lib_a-fwalk.o)
 .text._fwalk   0x0000000004001484       0xc4 f:/intelfpga_lite/18.1/nios2eds/bin/gnu/h-x86_64-mingw32/bin/../lib/gcc/nios2-elf/5.3.0/../../../../../H-x86_64-mingw32/nios2-elf/lib\libc.a(lib_a-fwalk.o)
                0x0000000004001484                _fwalk
 .text._fwalk_reent
                0x0000000004001548       0xc4 f:/intelfpga_lite/18.1/nios2eds/bin/gnu/h-x86_64-mingw32/bin/../lib/gcc/nios2-elf/5.3.0/../../../../../H-x86_64-mingw32/nios2-elf/lib\libc.a(lib_a-fwalk.o)
                0x0000000004001548                _fwalk_reent
 .text          0x000000000400160c        0x0 f:/intelfpga_lite/18.1/nios2eds/bin/gnu/h-x86_64-mingw32/bin/../lib/gcc/nios2-elf/5.3.0/../../../../../H-x86_64-mingw32/nios2-elf/lib\libc.a(lib_a-impure.o)
 .text          0x000000000400160c        0x0 f:/intelfpga_lite/18.1/nios2eds/bin/gnu/h-x86_64-mingw32/bin/../lib/gcc/nios2-elf/5.3.0/../../../../../H-x86_64-mingw32/nios2-elf/lib\libc.a(lib_a-mallocr.o)
 .text._malloc_r
                0x000000000400160c      0x80c f:/intelfpga_lite/18.1/nios2eds/bin/gnu/h-x86_64-mingw32/bin/../lib/gcc/nios2-elf/5.3.0/../../../../../H-x86_64-mingw32/nios2-elf/lib\libc.a(lib_a-mallocr.o)
                0x000000000400160c                _malloc_r
 .text          0x0000000004001e18        0x0 f:/intelfpga_lite/18.1/nios2eds/bin/gnu/h-x86_64-mingw32/bin/../lib/gcc/nios2-elf/5.3.0/../../../../../H-x86_64-mingw32/nios2-elf/lib\libc.a(lib_a-memset.o)
 .text.memset   0x0000000004001e18      0x128 f:/intelfpga_lite/18.1/nios2eds/bin/gnu/h-x86_64-mingw32/bin/../lib/gcc/nios2-elf/5.3.0/../../../../../H-x86_64-mingw32/nios2-elf/lib\libc.a(lib_a-memset.o)
                0x0000000004001e18                memset
 .text          0x0000000004001f40        0x0 f:/intelfpga_lite/18.1/nios2eds/bin/gnu/h-x86_64-mingw32/bin/../lib/gcc/nios2-elf/5.3.0/../../../../../H-x86_64-mingw32/nios2-elf/lib\libc.a(lib_a-printf.o)
 .text._printf_r
                0x0000000004001f40       0x30 f:/intelfpga_lite/18.1/nios2eds/bin/gnu/h-x86_64-mingw32/bin/../lib/gcc/nios2-elf/5.3.0/../../../../../H-x86_64-mingw32/nios2-elf/lib\libc.a(lib_a-printf.o)
                0x0000000004001f40                _printf_r
 .text.printf   0x0000000004001f70       0x3c f:/intelfpga_lite/18.1/nios2eds/bin/gnu/h-x86_64-mingw32/bin/../lib/gcc/nios2-elf/5.3.0/../../../../../H-x86_64-mingw32/nios2-elf/lib\libc.a(lib_a-printf.o)
                0x0000000004001f70                printf
 .text          0x0000000004001fac        0x0 f:/intelfpga_lite/18.1/nios2eds/bin/gnu/h-x86_64-mingw32/bin/../lib/gcc/nios2-elf/5.3.0/../../../../../H-x86_64-mingw32/nios2-elf/lib\libc.a(lib_a-puts.o)
 .text._puts_r  0x0000000004001fac       0xc0 f:/intelfpga_lite/18.1/nios2eds/bin/gnu/h-x86_64-mingw32/bin/../lib/gcc/nios2-elf/5.3.0/../../../../../H-x86_64-mingw32/nios2-elf/lib\libc.a(lib_a-puts.o)
                0x0000000004001fac                _puts_r
 .text.puts     0x000000000400206c       0x14 f:/intelfpga_lite/18.1/nios2eds/bin/gnu/h-x86_64-mingw32/bin/../lib/gcc/nios2-elf/5.3.0/../../../../../H-x86_64-mingw32/nios2-elf/lib\libc.a(lib_a-puts.o)
                0x000000000400206c                puts
 .text          0x0000000004002080        0x0 f:/intelfpga_lite/18.1/nios2eds/bin/gnu/h-x86_64-mingw32/bin/../lib/gcc/nios2-elf/5.3.0/../../../../../H-x86_64-mingw32/nios2-elf/lib\libc.a(lib_a-sbrkr.o)
 .text._sbrk_r  0x0000000004002080       0x54 f:/intelfpga_lite/18.1/nios2eds/bin/gnu/h-x86_64-mingw32/bin/../lib/gcc/nios2-elf/5.3.0/../../../../../H-x86_64-mingw32/nios2-elf/lib\libc.a(lib_a-sbrkr.o)
                0x0000000004002080                _sbrk_r
 .text          0x00000000040020d4        0x0 f:/intelfpga_lite/18.1/nios2eds/bin/gnu/h-x86_64-mingw32/bin/../lib/gcc/nios2-elf/5.3.0/../../../../../H-x86_64-mingw32/nios2-elf/lib\libc.a(lib_a-stdio.o)
 .text.__sread  0x00000000040020d4       0x54 f:/intelfpga_lite/18.1/nios2eds/bin/gnu/h-x86_64-mingw32/bin/../lib/gcc/nios2-elf/5.3.0/../../../../../H-x86_64-mingw32/nios2-elf/lib\libc.a(lib_a-stdio.o)
                0x00000000040020d4                __sread
 .text.__seofread
                0x0000000004002128        0x8 f:/intelfpga_lite/18.1/nios2eds/bin/gnu/h-x86_64-mingw32/bin/../lib/gcc/nios2-elf/5.3.0/../../../../../H-x86_64-mingw32/nios2-elf/lib\libc.a(lib_a-stdio.o)
                0x0000000004002128                __seofread
 .text.__swrite
                0x0000000004002130       0x7c f:/intelfpga_lite/18.1/nios2eds/bin/gnu/h-x86_64-mingw32/bin/../lib/gcc/nios2-elf/5.3.0/../../../../../H-x86_64-mingw32/nios2-elf/lib\libc.a(lib_a-stdio.o)
                0x0000000004002130                __swrite
 .text.__sseek  0x00000000040021ac       0x5c f:/intelfpga_lite/18.1/nios2eds/bin/gnu/h-x86_64-mingw32/bin/../lib/gcc/nios2-elf/5.3.0/../../../../../H-x86_64-mingw32/nios2-elf/lib\libc.a(lib_a-stdio.o)
                0x00000000040021ac                __sseek
 .text.__sclose
                0x0000000004002208        0x8 f:/intelfpga_lite/18.1/nios2eds/bin/gnu/h-x86_64-mingw32/bin/../lib/gcc/nios2-elf/5.3.0/../../../../../H-x86_64-mingw32/nios2-elf/lib\libc.a(lib_a-stdio.o)
                0x0000000004002208                __sclose
 .text          0x0000000004002210        0x0 f:/intelfpga_lite/18.1/nios2eds/bin/gnu/h-x86_64-mingw32/bin/../lib/gcc/nios2-elf/5.3.0/../../../../../H-x86_64-mingw32/nios2-elf/lib\libc.a(lib_a-strlen.o)
 .text.strlen   0x0000000004002210       0x98 f:/intelfpga_lite/18.1/nios2eds/bin/gnu/h-x86_64-mingw32/bin/../lib/gcc/nios2-elf/5.3.0/../../../../../H-x86_64-mingw32/nios2-elf/lib\libc.a(lib_a-strlen.o)
                0x0000000004002210                strlen
 .text          0x00000000040022a8        0x0 f:/intelfpga_lite/18.1/nios2eds/bin/gnu/h-x86_64-mingw32/bin/../lib/gcc/nios2-elf/5.3.0/../../../../../H-x86_64-mingw32/nios2-elf/lib\libc.a(lib_a-vfprintf.o)
 .text.___vfprintf_internal_r
                0x00000000040022a8     0x21f8 f:/intelfpga_lite/18.1/nios2eds/bin/gnu/h-x86_64-mingw32/bin/../lib/gcc/nios2-elf/5.3.0/../../../../../H-x86_64-mingw32/nios2-elf/lib\libc.a(lib_a-vfprintf.o)
                0x00000000040022a8                ___vfprintf_internal_r
 .text.__vfprintf_internal
                0x00000000040044a0       0x1c f:/intelfpga_lite/18.1/nios2eds/bin/gnu/h-x86_64-mingw32/bin/../lib/gcc/nios2-elf/5.3.0/../../../../../H-x86_64-mingw32/nios2-elf/lib\libc.a(lib_a-vfprintf.o)
                0x00000000040044a0                __vfprintf_internal
 .text.__sbprintf
                0x00000000040044bc       0xbc f:/intelfpga_lite/18.1/nios2eds/bin/gnu/h-x86_64-mingw32/bin/../lib/gcc/nios2-elf/5.3.0/../../../../../H-x86_64-mingw32/nios2-elf/lib\libc.a(lib_a-vfprintf.o)
 .text          0x0000000004004578        0x0 f:/intelfpga_lite/18.1/nios2eds/bin/gnu/h-x86_64-mingw32/bin/../lib/gcc/nios2-elf/5.3.0/../../../../../H-x86_64-mingw32/nios2-elf/lib\libc.a(lib_a-writer.o)
 .text._write_r
                0x0000000004004578       0x60 f:/intelfpga_lite/18.1/nios2eds/bin/gnu/h-x86_64-mingw32/bin/../lib/gcc/nios2-elf/5.3.0/../../../../../H-x86_64-mingw32/nios2-elf/lib\libc.a(lib_a-writer.o)
                0x0000000004004578                _write_r
 .text          0x00000000040045d8        0x0 f:/intelfpga_lite/18.1/nios2eds/bin/gnu/h-x86_64-mingw32/bin/../lib/gcc/nios2-elf/5.3.0/../../../../../H-x86_64-mingw32/nios2-elf/lib\libc.a(lib_a-wsetup.o)
 .text.__swsetup_r
                0x00000000040045d8      0x154 f:/intelfpga_lite/18.1/nios2eds/bin/gnu/h-x86_64-mingw32/bin/../lib/gcc/nios2-elf/5.3.0/../../../../../H-x86_64-mingw32/nios2-elf/lib\libc.a(lib_a-wsetup.o)
                0x00000000040045d8                __swsetup_r
 .text          0x000000000400472c        0x0 f:/intelfpga_lite/18.1/nios2eds/bin/gnu/h-x86_64-mingw32/bin/../lib/gcc/nios2-elf/5.3.0/../../../../../H-x86_64-mingw32/nios2-elf/lib\libc.a(closer.o)
 .text._close_r
                0x000000000400472c       0x54 f:/intelfpga_lite/18.1/nios2eds/bin/gnu/h-x86_64-mingw32/bin/../lib/gcc/nios2-elf/5.3.0/../../../../../H-x86_64-mingw32/nios2-elf/lib\libc.a(closer.o)
                0x000000000400472c                _close_r
 .text          0x0000000004004780        0x0 f:/intelfpga_lite/18.1/nios2eds/bin/gnu/h-x86_64-mingw32/bin/../lib/gcc/nios2-elf/5.3.0/../../../../../H-x86_64-mingw32/nios2-elf/lib\libc.a(lib_a-dtoa.o)
 .text.quorem   0x0000000004004780      0x200 f:/intelfpga_lite/18.1/nios2eds/bin/gnu/h-x86_64-mingw32/bin/../lib/gcc/nios2-elf/5.3.0/../../../../../H-x86_64-mingw32/nios2-elf/lib\libc.a(lib_a-dtoa.o)
 .text._dtoa_r  0x0000000004004980     0x1688 f:/intelfpga_lite/18.1/nios2eds/bin/gnu/h-x86_64-mingw32/bin/../lib/gcc/nios2-elf/5.3.0/../../../../../H-x86_64-mingw32/nios2-elf/lib\libc.a(lib_a-dtoa.o)
                0x0000000004004980                _dtoa_r
 .text          0x0000000004006008        0x0 f:/intelfpga_lite/18.1/nios2eds/bin/gnu/h-x86_64-mingw32/bin/../lib/gcc/nios2-elf/5.3.0/../../../../../H-x86_64-mingw32/nios2-elf/lib\libc.a(lib_a-fclose.o)
 .text._fclose_r
                0x0000000004006008       0xf0 f:/intelfpga_lite/18.1/nios2eds/bin/gnu/h-x86_64-mingw32/bin/../lib/gcc/nios2-elf/5.3.0/../../../../../H-x86_64-mingw32/nios2-elf/lib\libc.a(lib_a-fclose.o)
                0x0000000004006008                _fclose_r
 .text.fclose   0x00000000040060f8       0x14 f:/intelfpga_lite/18.1/nios2eds/bin/gnu/h-x86_64-mingw32/bin/../lib/gcc/nios2-elf/5.3.0/../../../../../H-x86_64-mingw32/nios2-elf/lib\libc.a(lib_a-fclose.o)
                0x00000000040060f8                fclose
 .text          0x000000000400610c        0x0 f:/intelfpga_lite/18.1/nios2eds/bin/gnu/h-x86_64-mingw32/bin/../lib/gcc/nios2-elf/5.3.0/../../../../../H-x86_64-mingw32/nios2-elf/lib\libc.a(lib_a-fvwrite.o)
 .text.__sfvwrite_r
                0x000000000400610c      0x4bc f:/intelfpga_lite/18.1/nios2eds/bin/gnu/h-x86_64-mingw32/bin/../lib/gcc/nios2-elf/5.3.0/../../../../../H-x86_64-mingw32/nios2-elf/lib\libc.a(lib_a-fvwrite.o)
                0x000000000400610c                __sfvwrite_r
 .text          0x00000000040065c8        0x0 f:/intelfpga_lite/18.1/nios2eds/bin/gnu/h-x86_64-mingw32/bin/../lib/gcc/nios2-elf/5.3.0/../../../../../H-x86_64-mingw32/nios2-elf/lib\libc.a(lib_a-int_errno.o)
 .text          0x00000000040065c8        0x0 f:/intelfpga_lite/18.1/nios2eds/bin/gnu/h-x86_64-mingw32/bin/../lib/gcc/nios2-elf/5.3.0/../../../../../H-x86_64-mingw32/nios2-elf/lib\libc.a(lib_a-locale.o)
 .text._setlocale_r
                0x00000000040065c8       0x7c f:/intelfpga_lite/18.1/nios2eds/bin/gnu/h-x86_64-mingw32/bin/../lib/gcc/nios2-elf/5.3.0/../../../../../H-x86_64-mingw32/nios2-elf/lib\libc.a(lib_a-locale.o)
                0x00000000040065c8                _setlocale_r
 .text.__locale_charset
                0x0000000004006644        0xc f:/intelfpga_lite/18.1/nios2eds/bin/gnu/h-x86_64-mingw32/bin/../lib/gcc/nios2-elf/5.3.0/../../../../../H-x86_64-mingw32/nios2-elf/lib\libc.a(lib_a-locale.o)
                0x0000000004006644                __locale_charset
 .text.__locale_mb_cur_max
                0x0000000004006650       0x10 f:/intelfpga_lite/18.1/nios2eds/bin/gnu/h-x86_64-mingw32/bin/../lib/gcc/nios2-elf/5.3.0/../../../../../H-x86_64-mingw32/nios2-elf/lib\libc.a(lib_a-locale.o)
                0x0000000004006650                __locale_mb_cur_max
 .text.__locale_msgcharset
                0x0000000004006660        0xc f:/intelfpga_lite/18.1/nios2eds/bin/gnu/h-x86_64-mingw32/bin/../lib/gcc/nios2-elf/5.3.0/../../../../../H-x86_64-mingw32/nios2-elf/lib\libc.a(lib_a-locale.o)
                0x0000000004006660                __locale_msgcharset
 .text.__locale_cjk_lang
                0x000000000400666c        0x8 f:/intelfpga_lite/18.1/nios2eds/bin/gnu/h-x86_64-mingw32/bin/../lib/gcc/nios2-elf/5.3.0/../../../../../H-x86_64-mingw32/nios2-elf/lib\libc.a(lib_a-locale.o)
                0x000000000400666c                __locale_cjk_lang
 .text._localeconv_r
                0x0000000004006674        0xc f:/intelfpga_lite/18.1/nios2eds/bin/gnu/h-x86_64-mingw32/bin/../lib/gcc/nios2-elf/5.3.0/../../../../../H-x86_64-mingw32/nios2-elf/lib\libc.a(lib_a-locale.o)
                0x0000000004006674                _localeconv_r
 .text.setlocale
                0x0000000004006680       0x18 f:/intelfpga_lite/18.1/nios2eds/bin/gnu/h-x86_64-mingw32/bin/../lib/gcc/nios2-elf/5.3.0/../../../../../H-x86_64-mingw32/nios2-elf/lib\libc.a(lib_a-locale.o)
                0x0000000004006680                setlocale
 .text.localeconv
                0x0000000004006698        0xc f:/intelfpga_lite/18.1/nios2eds/bin/gnu/h-x86_64-mingw32/bin/../lib/gcc/nios2-elf/5.3.0/../../../../../H-x86_64-mingw32/nios2-elf/lib\libc.a(lib_a-locale.o)
                0x0000000004006698                localeconv
 .text          0x00000000040066a4        0x0 f:/intelfpga_lite/18.1/nios2eds/bin/gnu/h-x86_64-mingw32/bin/../lib/gcc/nios2-elf/5.3.0/../../../../../H-x86_64-mingw32/nios2-elf/lib\libc.a(lib_a-lseekr.o)
 .text._lseek_r
                0x00000000040066a4       0x60 f:/intelfpga_lite/18.1/nios2eds/bin/gnu/h-x86_64-mingw32/bin/../lib/gcc/nios2-elf/5.3.0/../../../../../H-x86_64-mingw32/nios2-elf/lib\libc.a(lib_a-lseekr.o)
                0x00000000040066a4                _lseek_r
 .text          0x0000000004006704        0x0 f:/intelfpga_lite/18.1/nios2eds/bin/gnu/h-x86_64-mingw32/bin/../lib/gcc/nios2-elf/5.3.0/../../../../../H-x86_64-mingw32/nios2-elf/lib\libc.a(lib_a-makebuf.o)
 .text.__smakebuf_r
                0x0000000004006704      0x1bc f:/intelfpga_lite/18.1/nios2eds/bin/gnu/h-x86_64-mingw32/bin/../lib/gcc/nios2-elf/5.3.0/../../../../../H-x86_64-mingw32/nios2-elf/lib\libc.a(lib_a-makebuf.o)
                0x0000000004006704                __smakebuf_r
 .text          0x00000000040068c0        0x0 f:/intelfpga_lite/18.1/nios2eds/bin/gnu/h-x86_64-mingw32/bin/../lib/gcc/nios2-elf/5.3.0/../../../../../H-x86_64-mingw32/nios2-elf/lib\libc.a(lib_a-memchr.o)
 .text.memchr   0x00000000040068c0       0xe4 f:/intelfpga_lite/18.1/nios2eds/bin/gnu/h-x86_64-mingw32/bin/../lib/gcc/nios2-elf/5.3.0/../../../../../H-x86_64-mingw32/nios2-elf/lib\libc.a(lib_a-memchr.o)
                0x00000000040068c0                memchr
 .text          0x00000000040069a4        0x0 f:/intelfpga_lite/18.1/nios2eds/bin/gnu/h-x86_64-mingw32/bin/../lib/gcc/nios2-elf/5.3.0/../../../../../H-x86_64-mingw32/nios2-elf/lib\libc.a(lib_a-memcpy.o)
 .text.memcpy   0x00000000040069a4      0x148 f:/intelfpga_lite/18.1/nios2eds/bin/gnu/h-x86_64-mingw32/bin/../lib/gcc/nios2-elf/5.3.0/../../../../../H-x86_64-mingw32/nios2-elf/lib\libc.a(lib_a-memcpy.o)
                0x00000000040069a4                memcpy
 .text          0x0000000004006aec        0x0 f:/intelfpga_lite/18.1/nios2eds/bin/gnu/h-x86_64-mingw32/bin/../lib/gcc/nios2-elf/5.3.0/../../../../../H-x86_64-mingw32/nios2-elf/lib\libc.a(lib_a-memmove.o)
 .text.memmove  0x0000000004006aec      0x15c f:/intelfpga_lite/18.1/nios2eds/bin/gnu/h-x86_64-mingw32/bin/../lib/gcc/nios2-elf/5.3.0/../../../../../H-x86_64-mingw32/nios2-elf/lib\libc.a(lib_a-memmove.o)
                0x0000000004006aec                memmove
 .text          0x0000000004006c48        0x0 f:/intelfpga_lite/18.1/nios2eds/bin/gnu/h-x86_64-mingw32/bin/../lib/gcc/nios2-elf/5.3.0/../../../../../H-x86_64-mingw32/nios2-elf/lib\libc.a(lib_a-mprec.o)
 .text._Balloc  0x0000000004006c48       0xa8 f:/intelfpga_lite/18.1/nios2eds/bin/gnu/h-x86_64-mingw32/bin/../lib/gcc/nios2-elf/5.3.0/../../../../../H-x86_64-mingw32/nios2-elf/lib\libc.a(lib_a-mprec.o)
                0x0000000004006c48                _Balloc
 .text._Bfree   0x0000000004006cf0       0x28 f:/intelfpga_lite/18.1/nios2eds/bin/gnu/h-x86_64-mingw32/bin/../lib/gcc/nios2-elf/5.3.0/../../../../../H-x86_64-mingw32/nios2-elf/lib\libc.a(lib_a-mprec.o)
                0x0000000004006cf0                _Bfree
 .text.__multadd
                0x0000000004006d18      0x120 f:/intelfpga_lite/18.1/nios2eds/bin/gnu/h-x86_64-mingw32/bin/../lib/gcc/nios2-elf/5.3.0/../../../../../H-x86_64-mingw32/nios2-elf/lib\libc.a(lib_a-mprec.o)
                0x0000000004006d18                __multadd
 .text.__s2b    0x0000000004006e38      0x104 f:/intelfpga_lite/18.1/nios2eds/bin/gnu/h-x86_64-mingw32/bin/../lib/gcc/nios2-elf/5.3.0/../../../../../H-x86_64-mingw32/nios2-elf/lib\libc.a(lib_a-mprec.o)
                0x0000000004006e38                __s2b
 .text.__hi0bits
                0x0000000004006f3c       0x68 f:/intelfpga_lite/18.1/nios2eds/bin/gnu/h-x86_64-mingw32/bin/../lib/gcc/nios2-elf/5.3.0/../../../../../H-x86_64-mingw32/nios2-elf/lib\libc.a(lib_a-mprec.o)
                0x0000000004006f3c                __hi0bits
 .text.__lo0bits
                0x0000000004006fa4       0xb0 f:/intelfpga_lite/18.1/nios2eds/bin/gnu/h-x86_64-mingw32/bin/../lib/gcc/nios2-elf/5.3.0/../../../../../H-x86_64-mingw32/nios2-elf/lib\libc.a(lib_a-mprec.o)
                0x0000000004006fa4                __lo0bits
 .text.__i2b    0x0000000004007054       0x3c f:/intelfpga_lite/18.1/nios2eds/bin/gnu/h-x86_64-mingw32/bin/../lib/gcc/nios2-elf/5.3.0/../../../../../H-x86_64-mingw32/nios2-elf/lib\libc.a(lib_a-mprec.o)
                0x0000000004007054                __i2b
 .text.__multiply
                0x0000000004007090      0x1f8 f:/intelfpga_lite/18.1/nios2eds/bin/gnu/h-x86_64-mingw32/bin/../lib/gcc/nios2-elf/5.3.0/../../../../../H-x86_64-mingw32/nios2-elf/lib\libc.a(lib_a-mprec.o)
                0x0000000004007090                __multiply
 .text.__pow5mult
                0x0000000004007288      0x140 f:/intelfpga_lite/18.1/nios2eds/bin/gnu/h-x86_64-mingw32/bin/../lib/gcc/nios2-elf/5.3.0/../../../../../H-x86_64-mingw32/nios2-elf/lib\libc.a(lib_a-mprec.o)
                0x0000000004007288                __pow5mult
 .text.__lshift
                0x00000000040073c8      0x148 f:/intelfpga_lite/18.1/nios2eds/bin/gnu/h-x86_64-mingw32/bin/../lib/gcc/nios2-elf/5.3.0/../../../../../H-x86_64-mingw32/nios2-elf/lib\libc.a(lib_a-mprec.o)
                0x00000000040073c8                __lshift
 .text.__mcmp   0x0000000004007510       0x60 f:/intelfpga_lite/18.1/nios2eds/bin/gnu/h-x86_64-mingw32/bin/../lib/gcc/nios2-elf/5.3.0/../../../../../H-x86_64-mingw32/nios2-elf/lib\libc.a(lib_a-mprec.o)
                0x0000000004007510                __mcmp
 .text.__mdiff  0x0000000004007570      0x1fc f:/intelfpga_lite/18.1/nios2eds/bin/gnu/h-x86_64-mingw32/bin/../lib/gcc/nios2-elf/5.3.0/../../../../../H-x86_64-mingw32/nios2-elf/lib\libc.a(lib_a-mprec.o)
                0x0000000004007570                __mdiff
 .text.__ulp    0x000000000400776c       0x64 f:/intelfpga_lite/18.1/nios2eds/bin/gnu/h-x86_64-mingw32/bin/../lib/gcc/nios2-elf/5.3.0/../../../../../H-x86_64-mingw32/nios2-elf/lib\libc.a(lib_a-mprec.o)
                0x000000000400776c                __ulp
 .text.__b2d    0x00000000040077d0      0x10c f:/intelfpga_lite/18.1/nios2eds/bin/gnu/h-x86_64-mingw32/bin/../lib/gcc/nios2-elf/5.3.0/../../../../../H-x86_64-mingw32/nios2-elf/lib\libc.a(lib_a-mprec.o)
                0x00000000040077d0                __b2d
 .text.__d2b    0x00000000040078dc      0x14c f:/intelfpga_lite/18.1/nios2eds/bin/gnu/h-x86_64-mingw32/bin/../lib/gcc/nios2-elf/5.3.0/../../../../../H-x86_64-mingw32/nios2-elf/lib\libc.a(lib_a-mprec.o)
                0x00000000040078dc                __d2b
 .text.__ratio  0x0000000004007a28       0xa4 f:/intelfpga_lite/18.1/nios2eds/bin/gnu/h-x86_64-mingw32/bin/../lib/gcc/nios2-elf/5.3.0/../../../../../H-x86_64-mingw32/nios2-elf/lib\libc.a(lib_a-mprec.o)
                0x0000000004007a28                __ratio
 .text._mprec_log10
                0x0000000004007acc       0x74 f:/intelfpga_lite/18.1/nios2eds/bin/gnu/h-x86_64-mingw32/bin/../lib/gcc/nios2-elf/5.3.0/../../../../../H-x86_64-mingw32/nios2-elf/lib\libc.a(lib_a-mprec.o)
                0x0000000004007acc                _mprec_log10
 .text.__copybits
                0x0000000004007b40       0x78 f:/intelfpga_lite/18.1/nios2eds/bin/gnu/h-x86_64-mingw32/bin/../lib/gcc/nios2-elf/5.3.0/../../../../../H-x86_64-mingw32/nios2-elf/lib\libc.a(lib_a-mprec.o)
                0x0000000004007b40                __copybits
 .text.__any_on
                0x0000000004007bb8       0x8c f:/intelfpga_lite/18.1/nios2eds/bin/gnu/h-x86_64-mingw32/bin/../lib/gcc/nios2-elf/5.3.0/../../../../../H-x86_64-mingw32/nios2-elf/lib\libc.a(lib_a-mprec.o)
                0x0000000004007bb8                __any_on
 .text          0x0000000004007c44        0x0 f:/intelfpga_lite/18.1/nios2eds/bin/gnu/h-x86_64-mingw32/bin/../lib/gcc/nios2-elf/5.3.0/../../../../../H-x86_64-mingw32/nios2-elf/lib\libc.a(lib_a-readr.o)
 .text._read_r  0x0000000004007c44       0x60 f:/intelfpga_lite/18.1/nios2eds/bin/gnu/h-x86_64-mingw32/bin/../lib/gcc/nios2-elf/5.3.0/../../../../../H-x86_64-mingw32/nios2-elf/lib\libc.a(lib_a-readr.o)
                0x0000000004007c44                _read_r
 .text          0x0000000004007ca4        0x0 f:/intelfpga_lite/18.1/nios2eds/bin/gnu/h-x86_64-mingw32/bin/../lib/gcc/nios2-elf/5.3.0/../../../../../H-x86_64-mingw32/nios2-elf/lib\libc.a(lib_a-reallocr.o)
 .text._realloc_r
                0x0000000004007ca4      0x564 f:/intelfpga_lite/18.1/nios2eds/bin/gnu/h-x86_64-mingw32/bin/../lib/gcc/nios2-elf/5.3.0/../../../../../H-x86_64-mingw32/nios2-elf/lib\libc.a(lib_a-reallocr.o)
                0x0000000004007ca4                _realloc_r
 .text          0x0000000004008208        0x0 f:/intelfpga_lite/18.1/nios2eds/bin/gnu/h-x86_64-mingw32/bin/../lib/gcc/nios2-elf/5.3.0/../../../../../H-x86_64-mingw32/nios2-elf/lib\libc.a(lib_a-s_fpclassify.o)
 .text.__fpclassifyd
                0x0000000004008208       0x74 f:/intelfpga_lite/18.1/nios2eds/bin/gnu/h-x86_64-mingw32/bin/../lib/gcc/nios2-elf/5.3.0/../../../../../H-x86_64-mingw32/nios2-elf/lib\libc.a(lib_a-s_fpclassify.o)
                0x0000000004008208                __fpclassifyd
 .text          0x000000000400827c        0x0 f:/intelfpga_lite/18.1/nios2eds/bin/gnu/h-x86_64-mingw32/bin/../lib/gcc/nios2-elf/5.3.0/../../../../../H-x86_64-mingw32/nios2-elf/lib\libc.a(lib_a-strcmp.o)
 .text.strcmp   0x000000000400827c       0xdc f:/intelfpga_lite/18.1/nios2eds/bin/gnu/h-x86_64-mingw32/bin/../lib/gcc/nios2-elf/5.3.0/../../../../../H-x86_64-mingw32/nios2-elf/lib\libc.a(lib_a-strcmp.o)
                0x000000000400827c                strcmp
 .text          0x0000000004008358        0x0 f:/intelfpga_lite/18.1/nios2eds/bin/gnu/h-x86_64-mingw32/bin/../lib/gcc/nios2-elf/5.3.0/../../../../../H-x86_64-mingw32/nios2-elf/lib\libc.a(lib_a-vfiprintf.o)
 .text.__sprint_r.part.0
                0x0000000004008358       0xfc f:/intelfpga_lite/18.1/nios2eds/bin/gnu/h-x86_64-mingw32/bin/../lib/gcc/nios2-elf/5.3.0/../../../../../H-x86_64-mingw32/nios2-elf/lib\libc.a(lib_a-vfiprintf.o)
 .text.__sprint_r
                0x0000000004008454       0x18 f:/intelfpga_lite/18.1/nios2eds/bin/gnu/h-x86_64-mingw32/bin/../lib/gcc/nios2-elf/5.3.0/../../../../../H-x86_64-mingw32/nios2-elf/lib\libc.a(lib_a-vfiprintf.o)
                0x0000000004008454                __sprint_r
 .text.___vfiprintf_internal_r
                0x000000000400846c     0x145c f:/intelfpga_lite/18.1/nios2eds/bin/gnu/h-x86_64-mingw32/bin/../lib/gcc/nios2-elf/5.3.0/../../../../../H-x86_64-mingw32/nios2-elf/lib\libc.a(lib_a-vfiprintf.o)
                0x000000000400846c                ___vfiprintf_internal_r
 .text.__vfiprintf_internal
                0x00000000040098c8       0x1c f:/intelfpga_lite/18.1/nios2eds/bin/gnu/h-x86_64-mingw32/bin/../lib/gcc/nios2-elf/5.3.0/../../../../../H-x86_64-mingw32/nios2-elf/lib\libc.a(lib_a-vfiprintf.o)
                0x00000000040098c8                __vfiprintf_internal
 .text.__sbprintf
                0x00000000040098e4       0xbc f:/intelfpga_lite/18.1/nios2eds/bin/gnu/h-x86_64-mingw32/bin/../lib/gcc/nios2-elf/5.3.0/../../../../../H-x86_64-mingw32/nios2-elf/lib\libc.a(lib_a-vfiprintf.o)
 .text          0x00000000040099a0        0x0 f:/intelfpga_lite/18.1/nios2eds/bin/gnu/h-x86_64-mingw32/bin/../lib/gcc/nios2-elf/5.3.0/../../../../../H-x86_64-mingw32/nios2-elf/lib\libc.a(lib_a-callocr.o)
 .text._calloc_r
                0x00000000040099a0       0xc4 f:/intelfpga_lite/18.1/nios2eds/bin/gnu/h-x86_64-mingw32/bin/../lib/gcc/nios2-elf/5.3.0/../../../../../H-x86_64-mingw32/nios2-elf/lib\libc.a(lib_a-callocr.o)
                0x00000000040099a0                _calloc_r
 .text          0x0000000004009a64        0x0 f:/intelfpga_lite/18.1/nios2eds/bin/gnu/h-x86_64-mingw32/bin/../lib/gcc/nios2-elf/5.3.0/../../../../../H-x86_64-mingw32/nios2-elf/lib\libc.a(lib_a-fputwc.o)
 .text.__fputwc
                0x0000000004009a64      0x164 f:/intelfpga_lite/18.1/nios2eds/bin/gnu/h-x86_64-mingw32/bin/../lib/gcc/nios2-elf/5.3.0/../../../../../H-x86_64-mingw32/nios2-elf/lib\libc.a(lib_a-fputwc.o)
                0x0000000004009a64                __fputwc
 .text._fputwc_r
                0x0000000004009bc8       0x24 f:/intelfpga_lite/18.1/nios2eds/bin/gnu/h-x86_64-mingw32/bin/../lib/gcc/nios2-elf/5.3.0/../../../../../H-x86_64-mingw32/nios2-elf/lib\libc.a(lib_a-fputwc.o)
                0x0000000004009bc8                _fputwc_r
 .text.fputwc   0x0000000004009bec       0x80 f:/intelfpga_lite/18.1/nios2eds/bin/gnu/h-x86_64-mingw32/bin/../lib/gcc/nios2-elf/5.3.0/../../../../../H-x86_64-mingw32/nios2-elf/lib\libc.a(lib_a-fputwc.o)
                0x0000000004009bec                fputwc
 .text          0x0000000004009c6c        0x0 f:/intelfpga_lite/18.1/nios2eds/bin/gnu/h-x86_64-mingw32/bin/../lib/gcc/nios2-elf/5.3.0/../../../../../H-x86_64-mingw32/nios2-elf/lib\libc.a(lib_a-fstatr.o)
 .text._fstat_r
                0x0000000004009c6c       0x5c f:/intelfpga_lite/18.1/nios2eds/bin/gnu/h-x86_64-mingw32/bin/../lib/gcc/nios2-elf/5.3.0/../../../../../H-x86_64-mingw32/nios2-elf/lib\libc.a(lib_a-fstatr.o)
                0x0000000004009c6c                _fstat_r
 .text          0x0000000004009cc8        0x0 f:/intelfpga_lite/18.1/nios2eds/bin/gnu/h-x86_64-mingw32/bin/../lib/gcc/nios2-elf/5.3.0/../../../../../H-x86_64-mingw32/nios2-elf/lib\libc.a(lib_a-isattyr.o)
 .text._isatty_r
                0x0000000004009cc8       0x54 f:/intelfpga_lite/18.1/nios2eds/bin/gnu/h-x86_64-mingw32/bin/../lib/gcc/nios2-elf/5.3.0/../../../../../H-x86_64-mingw32/nios2-elf/lib\libc.a(lib_a-isattyr.o)
                0x0000000004009cc8                _isatty_r
 .text          0x0000000004009d1c        0x0 f:/intelfpga_lite/18.1/nios2eds/bin/gnu/h-x86_64-mingw32/bin/../lib/gcc/nios2-elf/5.3.0/../../../../../H-x86_64-mingw32/nios2-elf/lib\libc.a(lib_a-wbuf.o)
 .text.__swbuf_r
                0x0000000004009d1c      0x140 f:/intelfpga_lite/18.1/nios2eds/bin/gnu/h-x86_64-mingw32/bin/../lib/gcc/nios2-elf/5.3.0/../../../../../H-x86_64-mingw32/nios2-elf/lib\libc.a(lib_a-wbuf.o)
                0x0000000004009d1c                __swbuf_r
 .text.__swbuf  0x0000000004009e5c       0x18 f:/intelfpga_lite/18.1/nios2eds/bin/gnu/h-x86_64-mingw32/bin/../lib/gcc/nios2-elf/5.3.0/../../../../../H-x86_64-mingw32/nios2-elf/lib\libc.a(lib_a-wbuf.o)
                0x0000000004009e5c                __swbuf
 .text          0x0000000004009e74        0x0 f:/intelfpga_lite/18.1/nios2eds/bin/gnu/h-x86_64-mingw32/bin/../lib/gcc/nios2-elf/5.3.0/../../../../../H-x86_64-mingw32/nios2-elf/lib\libc.a(lib_a-wcrtomb.o)
 .text._wcrtomb_r
                0x0000000004009e74       0x9c f:/intelfpga_lite/18.1/nios2eds/bin/gnu/h-x86_64-mingw32/bin/../lib/gcc/nios2-elf/5.3.0/../../../../../H-x86_64-mingw32/nios2-elf/lib\libc.a(lib_a-wcrtomb.o)
                0x0000000004009e74                _wcrtomb_r
 .text.wcrtomb  0x0000000004009f10       0xc0 f:/intelfpga_lite/18.1/nios2eds/bin/gnu/h-x86_64-mingw32/bin/../lib/gcc/nios2-elf/5.3.0/../../../../../H-x86_64-mingw32/nios2-elf/lib\libc.a(lib_a-wcrtomb.o)
                0x0000000004009f10                wcrtomb
 .text          0x0000000004009fd0        0x0 f:/intelfpga_lite/18.1/nios2eds/bin/gnu/h-x86_64-mingw32/bin/../lib/gcc/nios2-elf/5.3.0/../../../../../H-x86_64-mingw32/nios2-elf/lib\libc.a(lib_a-wctomb_r.o)
 .text.__ascii_wctomb
                0x0000000004009fd0       0x30 f:/intelfpga_lite/18.1/nios2eds/bin/gnu/h-x86_64-mingw32/bin/../lib/gcc/nios2-elf/5.3.0/../../../../../H-x86_64-mingw32/nios2-elf/lib\libc.a(lib_a-wctomb_r.o)
                0x0000000004009fd0                __ascii_wctomb
 .text._wctomb_r
                0x000000000400a000       0x5c f:/intelfpga_lite/18.1/nios2eds/bin/gnu/h-x86_64-mingw32/bin/../lib/gcc/nios2-elf/5.3.0/../../../../../H-x86_64-mingw32/nios2-elf/lib\libc.a(lib_a-wctomb_r.o)
                0x000000000400a000                _wctomb_r
 .text          0x000000000400a05c      0x578 f:/intelfpga_lite/18.1/nios2eds/bin/gnu/h-x86_64-mingw32/bin/../lib/gcc/nios2-elf/5.3.0\libgcc.a(_udivdi3.o)
                0x000000000400a05c                __udivdi3
 .text          0x000000000400a5d4      0x538 f:/intelfpga_lite/18.1/nios2eds/bin/gnu/h-x86_64-mingw32/bin/../lib/gcc/nios2-elf/5.3.0\libgcc.a(_umoddi3.o)
                0x000000000400a5d4                __umoddi3
 .text          0x000000000400ab0c      0x1b4 f:/intelfpga_lite/18.1/nios2eds/bin/gnu/h-x86_64-mingw32/bin/../lib/gcc/nios2-elf/5.3.0\libgcc.a(lib2-divmod.o)
                0x000000000400ab0c                __divsi3
                0x000000000400ab90                __modsi3
                0x000000000400ac04                __udivsi3
                0x000000000400ac68                __umodsi3
 .text          0x000000000400acc0      0x8ac f:/intelfpga_lite/18.1/nios2eds/bin/gnu/h-x86_64-mingw32/bin/../lib/gcc/nios2-elf/5.3.0\libgcc.a(adddf3.o)
                0x000000000400acc0                __adddf3
 .text          0x000000000400b56c      0x8e8 f:/intelfpga_lite/18.1/nios2eds/bin/gnu/h-x86_64-mingw32/bin/../lib/gcc/nios2-elf/5.3.0\libgcc.a(divdf3.o)
                0x000000000400b56c                __divdf3
 .text          0x000000000400be54       0x88 f:/intelfpga_lite/18.1/nios2eds/bin/gnu/h-x86_64-mingw32/bin/../lib/gcc/nios2-elf/5.3.0\libgcc.a(eqdf2.o)
                0x000000000400be54                __nedf2
                0x000000000400be54                __eqdf2
 .text          0x000000000400bedc       0xdc f:/intelfpga_lite/18.1/nios2eds/bin/gnu/h-x86_64-mingw32/bin/../lib/gcc/nios2-elf/5.3.0\libgcc.a(gedf2.o)
                0x000000000400bedc                __gedf2
                0x000000000400bedc                __gtdf2
 .text          0x000000000400bfb8       0xf4 f:/intelfpga_lite/18.1/nios2eds/bin/gnu/h-x86_64-mingw32/bin/../lib/gcc/nios2-elf/5.3.0\libgcc.a(ledf2.o)
                0x000000000400bfb8                __ledf2
                0x000000000400bfb8                __ltdf2
 .text          0x000000000400c0ac      0x718 f:/intelfpga_lite/18.1/nios2eds/bin/gnu/h-x86_64-mingw32/bin/../lib/gcc/nios2-elf/5.3.0\libgcc.a(muldf3.o)
                0x000000000400c0ac                __muldf3
 .text          0x000000000400c7c4      0x8fc f:/intelfpga_lite/18.1/nios2eds/bin/gnu/h-x86_64-mingw32/bin/../lib/gcc/nios2-elf/5.3.0\libgcc.a(subdf3.o)
                0x000000000400c7c4                __subdf3
 .text          0x000000000400d0c0       0x80 f:/intelfpga_lite/18.1/nios2eds/bin/gnu/h-x86_64-mingw32/bin/../lib/gcc/nios2-elf/5.3.0\libgcc.a(fixdfsi.o)
                0x000000000400d0c0                __fixdfsi
 .text          0x000000000400d140       0xdc f:/intelfpga_lite/18.1/nios2eds/bin/gnu/h-x86_64-mingw32/bin/../lib/gcc/nios2-elf/5.3.0\libgcc.a(floatsidf.o)
                0x000000000400d140                __floatsidf
 .text          0x000000000400d21c       0xa8 f:/intelfpga_lite/18.1/nios2eds/bin/gnu/h-x86_64-mingw32/bin/../lib/gcc/nios2-elf/5.3.0\libgcc.a(floatunsidf.o)
                0x000000000400d21c                __floatunsidf
 .text          0x000000000400d2c4        0x0 f:/intelfpga_lite/18.1/nios2eds/bin/gnu/h-x86_64-mingw32/bin/../lib/gcc/nios2-elf/5.3.0\libgcc.a(_clz.o)
 .text          0x000000000400d2c4       0x64 f:/intelfpga_lite/18.1/nios2eds/bin/gnu/h-x86_64-mingw32/bin/../lib/gcc/nios2-elf/5.3.0\libgcc.a(_clzsi2.o)
                0x000000000400d2c4                __clzsi2
 .text          0x000000000400d328      0x10c ../quiz2_bsp/\libucosii_bsp.a(alt_close.o)
                0x000000000400d364                close
 .text          0x000000000400d434       0x2c ../quiz2_bsp/\libucosii_bsp.a(alt_dev.o)
 .text          0x000000000400d460        0x0 ../quiz2_bsp/\libucosii_bsp.a(alt_errno.o)
 .text          0x000000000400d460       0xec ../quiz2_bsp/\libucosii_bsp.a(alt_fstat.o)
                0x000000000400d49c                fstat
 .text          0x000000000400d54c       0xe0 ../quiz2_bsp/\libucosii_bsp.a(alt_isatty.o)
                0x000000000400d588                isatty
 .text          0x000000000400d62c       0xec ../quiz2_bsp/\libucosii_bsp.a(alt_load.o)
                0x000000000400d694                alt_load
 .text          0x000000000400d718      0x110 ../quiz2_bsp/\libucosii_bsp.a(alt_lseek.o)
                0x000000000400d754                lseek
 .text          0x000000000400d828       0xbc ../quiz2_bsp/\libucosii_bsp.a(alt_main.o)
                0x000000000400d828                alt_main
 .text          0x000000000400d8e4      0x138 ../quiz2_bsp/\libucosii_bsp.a(alt_read.o)
                0x000000000400d920                read
 .text          0x000000000400da1c       0x64 ../quiz2_bsp/\libucosii_bsp.a(alt_release_fd.o)
                0x000000000400da1c                alt_release_fd
 .text          0x000000000400da80       0xb0 ../quiz2_bsp/\libucosii_bsp.a(alt_sbrk.o)
                0x000000000400da80                sbrk
 .text          0x000000000400db30      0x134 ../quiz2_bsp/\libucosii_bsp.a(alt_write.o)
                0x000000000400db6c                write
 .text          0x000000000400dc64      0x124 ../quiz2_bsp/\libucosii_bsp.a(alt_env_lock.o)
                0x000000000400dc64                __env_lock
                0x000000000400dd28                __env_unlock
 .text          0x000000000400dd88      0x1ec ../quiz2_bsp/\libucosii_bsp.a(alt_malloc_lock.o)
                0x000000000400dd88                __malloc_lock
                0x000000000400dea8                __malloc_unlock
 .text          0x000000000400df74     0x2014 ../quiz2_bsp/\libucosii_bsp.a(os_core.o)
                0x000000000400df74                OSEventNameGet
                0x000000000400e094                OSEventNameSet
                0x000000000400e1d4                OSEventPendMulti
                0x000000000400e7e4                OSInit
                0x000000000400e83c                OSIntEnter
                0x000000000400e888                OSIntExit
                0x000000000400e980                OSSchedLock
                0x000000000400ea0c                OSSchedUnlock
                0x000000000400eae8                OSStart
                0x000000000400eb58                OSStatInit
                0x000000000400ec08                OSTimeTick
                0x000000000400ee28                OSVersion
                0x000000000400ee48                OS_Dummy
                0x000000000400ee68                OS_EventTaskRdy
                0x000000000400f000                OS_EventTaskWait
                0x000000000400f110                OS_EventTaskWaitMulti
                0x000000000400f260                OS_EventTaskRemove
                0x000000000400f318                OS_EventTaskRemoveMulti
                0x000000000400f418                OS_EventWaitListInit
                0x000000000400f7f8                OS_MemClr
                0x000000000400f84c                OS_MemCopy
                0x000000000400f8b4                OS_Sched
                0x000000000400f9f8                OS_StrCopy
                0x000000000400fa6c                OS_StrLen
                0x000000000400fac0                OS_TaskIdle
                0x000000000400fb1c                OS_TaskStat
                0x000000000400fbe8                OS_TaskStatStkChk
                0x000000000400fcb4                OS_TCBInit
 .text          0x000000000400ff88      0x190 ../quiz2_bsp/\libucosii_bsp.a(os_dbg.o)
                0x000000000400ff88                OSDebugInit
 .text          0x0000000004010118     0x1714 ../quiz2_bsp/\libucosii_bsp.a(os_flag.o)
                0x0000000004010118                OSFlagAccept
                0x0000000004010420                OSFlagCreate
                0x0000000004010528                OSFlagDel
                0x0000000004010770                OSFlagNameGet
                0x0000000004010898                OSFlagNameSet
                0x00000000040109e4                OSFlagPend
                0x0000000004010f9c                OSFlagPendGetFlagsRdy
                0x0000000004010ffc                OSFlagPost
                0x0000000004011390                OSFlagQuery
                0x00000000040115b4                OS_FlagInit
                0x0000000004011788                OS_FlagUnlink
 .text          0x000000000401182c      0x754 ../quiz2_bsp/\libucosii_bsp.a(os_mem.o)
                0x000000000401182c                OSMemCreate
                0x0000000004011a00                OSMemGet
                0x0000000004011af0                OSMemNameGet
                0x0000000004011be0                OSMemNameSet
                0x0000000004011cf4                OSMemPut
                0x0000000004011dcc                OSMemQuery
                0x0000000004011eb4                OS_MemInit
 .text          0x0000000004011f80     0x1104 ../quiz2_bsp/\libucosii_bsp.a(os_q.o)
                0x0000000004011f80                OSQAccept
                0x00000000040120c0                OSQCreate
                0x000000000401226c                OSQDel
                0x00000000040124ec                OSQFlush
                0x00000000040125a4                OSQPend
                0x0000000004012830                OSQPendAbort
                0x000000000401299c                OSQPost
                0x0000000004012b04                OSQPostFront
                0x0000000004012c74                OSQPostOpt
                0x0000000004012e80                OSQQuery
                0x0000000004012fdc                OS_QInit
 .text          0x0000000004013084      0xa60 ../quiz2_bsp/\libucosii_bsp.a(os_sem.o)
                0x0000000004013084                OSSemAccept
                0x0000000004013134                OSSemCreate
                0x000000000401320c                OSSemDel
                0x000000000401344c                OSSemPend
                0x0000000004013658                OSSemPendAbort
                0x00000000040137c4                OSSemPost
                0x00000000040138d4                OSSemQuery
                0x00000000040139e4                OSSemSet
 .text          0x0000000004013ae4     0x176c ../quiz2_bsp/\libucosii_bsp.a(os_task.o)
                0x0000000004013ae4                OSTaskChangePrio
                0x0000000004013fd4                OSTaskCreate
                0x0000000004014180                OSTaskCreateExt
                0x0000000004014364                OSTaskDel
                0x00000000040146a8                OSTaskDelReq
                0x00000000040147f8                OSTaskNameGet
                0x0000000004014990                OSTaskNameSet
                0x0000000004014b44                OSTaskResume
                0x0000000004014d18                OSTaskStkChk
                0x0000000004014ed8                OSTaskSuspend
                0x00000000040150bc                OSTaskQuery
                0x00000000040151e0                OS_TaskStkClr
 .text          0x0000000004015250      0x4e8 ../quiz2_bsp/\libucosii_bsp.a(os_time.o)
                0x0000000004015250                OSTimeDly
                0x0000000004015354                OSTimeDlyHMSM
                0x00000000040154a8                OSTimeDlyResume
                0x000000000401567c                OSTimeGet
                0x00000000040156d8                OSTimeSet
 .text          0x0000000004015738      0x1bc ../quiz2_bsp/\libucosii_bsp.a(alt_sys_init.o)
                0x0000000004015850                alt_irq_init
                0x0000000004015888                alt_sys_init
 .text          0x00000000040158f4      0x164 ../quiz2_bsp/\libucosii_bsp.a(altera_avalon_jtag_uart_fd.o)
                0x00000000040158f4                altera_avalon_jtag_uart_read_fd
                0x0000000004015954                altera_avalon_jtag_uart_write_fd
                0x00000000040159b4                altera_avalon_jtag_uart_close_fd
                0x0000000004015a04                altera_avalon_jtag_uart_ioctl_fd
 .text          0x0000000004015a58      0x558 ../quiz2_bsp/\libucosii_bsp.a(altera_avalon_jtag_uart_init.o)
                0x0000000004015a58                altera_avalon_jtag_uart_init
                0x0000000004015f48                altera_avalon_jtag_uart_close
 .text          0x0000000004015fb0       0xf0 ../quiz2_bsp/\libucosii_bsp.a(altera_avalon_jtag_uart_ioctl.o)
                0x0000000004015fb0                altera_avalon_jtag_uart_ioctl
 .text          0x00000000040160a0      0x2bc ../quiz2_bsp/\libucosii_bsp.a(altera_avalon_jtag_uart_read.o)
                0x00000000040160a0                altera_avalon_jtag_uart_read
 .text          0x000000000401635c      0x2c4 ../quiz2_bsp/\libucosii_bsp.a(altera_avalon_jtag_uart_write.o)
                0x000000000401635c                altera_avalon_jtag_uart_write
 .text          0x0000000004016620      0x34c ../quiz2_bsp/\libucosii_bsp.a(altera_avalon_mutex.o)
                0x00000000040166d8                altera_avalon_mutex_open
                0x000000000401672c                altera_avalon_mutex_close
                0x0000000004016750                altera_avalon_mutex_lock
                0x00000000040167bc                altera_avalon_mutex_trylock
                0x000000000401683c                altera_avalon_mutex_unlock
                0x00000000040168a8                altera_avalon_mutex_is_mine
                0x000000000401691c                altera_avalon_mutex_first_lock
 .text          0x000000000401696c       0xf4 ../quiz2_bsp/\libucosii_bsp.a(altera_avalon_timer_sc.o)
                0x00000000040169e4                alt_avalon_timer_sc_init
 .text          0x0000000004016a60      0x12c ../quiz2_bsp/\libucosii_bsp.a(alt_alarm_start.o)
                0x0000000004016a60                alt_alarm_start
 .text          0x0000000004016b8c       0x48 ../quiz2_bsp/\libucosii_bsp.a(alt_dcache_flush_all.o)
                0x0000000004016b8c                alt_dcache_flush_all
 .text          0x0000000004016bd4       0xe0 ../quiz2_bsp/\libucosii_bsp.a(alt_dev_llist_insert.o)
                0x0000000004016c10                alt_dev_llist_insert
 .text          0x0000000004016cb4       0x60 ../quiz2_bsp/\libucosii_bsp.a(alt_do_ctors.o)
                0x0000000004016cb4                _do_ctors
 .text          0x0000000004016d14       0x60 ../quiz2_bsp/\libucosii_bsp.a(alt_do_dtors.o)
                0x0000000004016d14                _do_dtors
 .text          0x0000000004016d74       0x90 ../quiz2_bsp/\libucosii_bsp.a(alt_find_dev.o)
                0x0000000004016d74                alt_find_dev
 .text          0x0000000004016e04       0x34 ../quiz2_bsp/\libucosii_bsp.a(alt_icache_flush_all.o)
                0x0000000004016e04                alt_icache_flush_all
 .text          0x0000000004016e38      0x1b0 ../quiz2_bsp/\libucosii_bsp.a(alt_iic.o)
                0x0000000004016e38                alt_ic_isr_register
                0x0000000004016e88                alt_ic_irq_enable
                0x0000000004016f10                alt_ic_irq_disable
                0x0000000004016f9c                alt_ic_irq_enabled
 .text          0x0000000004016fe8       0xf0 ../quiz2_bsp/\libucosii_bsp.a(alt_iic_isr_register.o)
                0x0000000004016fe8                alt_iic_isr_register
 .text          0x00000000040170d8      0x140 ../quiz2_bsp/\libucosii_bsp.a(alt_io_redirect.o)
                0x000000000401719c                alt_io_redirect
 .text          0x0000000004017218        0x0 ../quiz2_bsp/\libucosii_bsp.a(alt_irq_entry.o)
 .text          0x0000000004017218        0x0 ../quiz2_bsp/\libucosii_bsp.a(alt_irq_handler.o)
 .text          0x0000000004017218        0x0 ../quiz2_bsp/\libucosii_bsp.a(alt_irq_vars.o)
 .text          0x0000000004017218      0x254 ../quiz2_bsp/\libucosii_bsp.a(alt_open.o)
                0x0000000004017318                open
 .text          0x000000000401746c      0x1a4 ../quiz2_bsp/\libucosii_bsp.a(alt_tick.o)
                0x000000000401746c                alt_alarm_stop
                0x0000000004017508                alt_tick
 .text          0x0000000004017610       0x24 ../quiz2_bsp/\libucosii_bsp.a(altera_nios2_gen2_irq.o)
                0x0000000004017610                altera_nios2_gen2_irq_init
 .text          0x0000000004017634       0xd0 ../quiz2_bsp/\libucosii_bsp.a(os_cpu_a.o)
                0x0000000004017634                OSCtxSw
                0x0000000004017634                OSIntCtxSw
                0x00000000040176c0                OSStartHighRdy
                0x00000000040176e0                OSStartTsk
 .text          0x0000000004017704      0x288 ../quiz2_bsp/\libucosii_bsp.a(os_cpu_c.o)
                0x0000000004017704                OSTaskStkInit
                0x0000000004017860                OSTaskCreateHook
                0x0000000004017884                OSTaskDelHook
                0x00000000040178a8                OSTaskSwHook
                0x00000000040178c8                OSTaskStatHook
                0x00000000040178e8                OSTimeTickHook
                0x0000000004017908                OSInitHookBegin
                0x0000000004017928                OSInitHookEnd
                0x0000000004017948                OSTaskIdleHook
                0x0000000004017968                OSTCBInitHook
 .text          0x000000000401798c        0x0 ../quiz2_bsp/\libucosii_bsp.a(alt_exception_entry.o)
 .text          0x000000000401798c      0x108 ../quiz2_bsp/\libucosii_bsp.a(alt_find_file.o)
                0x000000000401798c                alt_find_file
 .text          0x0000000004017a94       0xdc ../quiz2_bsp/\libucosii_bsp.a(alt_get_fd.o)
                0x0000000004017a94                alt_get_fd
 .text          0x0000000004017b70       0x90 ../quiz2_bsp/\libucosii_bsp.a(alt_icache_flush.o)
                0x0000000004017b70                alt_icache_flush
 .text          0x0000000004017c00       0x9c ../quiz2_bsp/\libucosii_bsp.a(alt_instruction_exception_entry.o)
                0x0000000004017c00                alt_exception_cause_generated_bad_addr
 .text          0x0000000004017c9c        0x0 f:/intelfpga_lite/18.1/nios2eds/bin/gnu/h-x86_64-mingw32/bin/../lib/gcc/nios2-elf/5.3.0/../../../../../H-x86_64-mingw32/nios2-elf/lib\libc.a(lib_a-atexit.o)
 .text.atexit   0x0000000004017c9c       0x14 f:/intelfpga_lite/18.1/nios2eds/bin/gnu/h-x86_64-mingw32/bin/../lib/gcc/nios2-elf/5.3.0/../../../../../H-x86_64-mingw32/nios2-elf/lib\libc.a(lib_a-atexit.o)
                0x0000000004017c9c                atexit
 .text          0x0000000004017cb0        0x0 f:/intelfpga_lite/18.1/nios2eds/bin/gnu/h-x86_64-mingw32/bin/../lib/gcc/nios2-elf/5.3.0/../../../../../H-x86_64-mingw32/nios2-elf/lib\libc.a(lib_a-exit.o)
 .text.exit     0x0000000004017cb0       0x38 f:/intelfpga_lite/18.1/nios2eds/bin/gnu/h-x86_64-mingw32/bin/../lib/gcc/nios2-elf/5.3.0/../../../../../H-x86_64-mingw32/nios2-elf/lib\libc.a(lib_a-exit.o)
                0x0000000004017cb0                exit
 .text          0x0000000004017ce8        0x0 f:/intelfpga_lite/18.1/nios2eds/bin/gnu/h-x86_64-mingw32/bin/../lib/gcc/nios2-elf/5.3.0/../../../../../H-x86_64-mingw32/nios2-elf/lib\libc.a(lib_a-memcmp.o)
 .text.memcmp   0x0000000004017ce8       0x7c f:/intelfpga_lite/18.1/nios2eds/bin/gnu/h-x86_64-mingw32/bin/../lib/gcc/nios2-elf/5.3.0/../../../../../H-x86_64-mingw32/nios2-elf/lib\libc.a(lib_a-memcmp.o)
                0x0000000004017ce8                memcmp
 .text          0x0000000004017d64        0x0 f:/intelfpga_lite/18.1/nios2eds/bin/gnu/h-x86_64-mingw32/bin/../lib/gcc/nios2-elf/5.3.0/../../../../../H-x86_64-mingw32/nios2-elf/lib\libc.a(lib_a-__atexit.o)
 .text.__register_exitproc
                0x0000000004017d64      0x118 f:/intelfpga_lite/18.1/nios2eds/bin/gnu/h-x86_64-mingw32/bin/../lib/gcc/nios2-elf/5.3.0/../../../../../H-x86_64-mingw32/nios2-elf/lib\libc.a(lib_a-__atexit.o)
                0x0000000004017d64                __register_exitproc
 .text          0x0000000004017e7c        0x0 f:/intelfpga_lite/18.1/nios2eds/bin/gnu/h-x86_64-mingw32/bin/../lib/gcc/nios2-elf/5.3.0/../../../../../H-x86_64-mingw32/nios2-elf/lib\libc.a(lib_a-__call_atexit.o)
 .text.__call_exitprocs
                0x0000000004017e7c      0x180 f:/intelfpga_lite/18.1/nios2eds/bin/gnu/h-x86_64-mingw32/bin/../lib/gcc/nios2-elf/5.3.0/../../../../../H-x86_64-mingw32/nios2-elf/lib\libc.a(lib_a-__call_atexit.o)
                0x0000000004017e7c                __call_exitprocs
 .text          0x0000000004017ffc       0x34 ../quiz2_bsp/\libucosii_bsp.a(alt_exit.o)
                0x0000000004017ffc                _exit
 *(.gnu.warning.*)
 *(.fini)
                [!provide]                        PROVIDE (__etext, ABSOLUTE (.))
                [!provide]                        PROVIDE (_etext, ABSOLUTE (.))
                [!provide]                        PROVIDE (etext, ABSOLUTE (.))
 *(.eh_frame_hdr)
                0x0000000004018030                . = ALIGN (0x4)
                [!provide]                        PROVIDE (__preinit_array_start, ABSOLUTE (.))
 *(.preinit_array)
                [!provide]                        PROVIDE (__preinit_array_end, ABSOLUTE (.))
                [!provide]                        PROVIDE (__init_array_start, ABSOLUTE (.))
 *(.init_array)
                [!provide]                        PROVIDE (__init_array_end, ABSOLUTE (.))
                [!provide]                        PROVIDE (__fini_array_start, ABSOLUTE (.))
 *(.fini_array)
                [!provide]                        PROVIDE (__fini_array_end, ABSOLUTE (.))
 *(.eh_frame)
 *(.gcc_except_table .gcc_except_table.*)
 *(.dynamic)
                0x0000000004018030                PROVIDE (__CTOR_LIST__, ABSOLUTE (.))
 *(.ctors)
 *(SORT(.ctors.*))
                0x0000000004018030                PROVIDE (__CTOR_END__, ABSOLUTE (.))
                0x0000000004018030                PROVIDE (__DTOR_LIST__, ABSOLUTE (.))
 *(.dtors)
 *(SORT(.dtors.*))
                0x0000000004018030                PROVIDE (__DTOR_END__, ABSOLUTE (.))
 *(.jcr)
                0x0000000004018030                . = ALIGN (0x4)

.rodata         0x0000000004018030      0x854
                0x0000000004018030                PROVIDE (__ram_rodata_start, ABSOLUTE (.))
                0x0000000004018030                . = ALIGN (0x4)
 *(.rodata .rodata.* .gnu.linkonce.r.*)
 .rodata        0x0000000004018030      0x41d obj/default/hello_ucosii.o
 *fill*         0x000000000401844d        0x3 
 .rodata.str1.4
                0x0000000004018450        0x2 f:/intelfpga_lite/18.1/nios2eds/bin/gnu/h-x86_64-mingw32/bin/../lib/gcc/nios2-elf/5.3.0/../../../../../H-x86_64-mingw32/nios2-elf/lib\libc.a(lib_a-impure.o)
 *fill*         0x0000000004018452        0x2 
 .rodata.str1.4
                0x0000000004018454        0x2 f:/intelfpga_lite/18.1/nios2eds/bin/gnu/h-x86_64-mingw32/bin/../lib/gcc/nios2-elf/5.3.0/../../../../../H-x86_64-mingw32/nios2-elf/lib\libc.a(lib_a-puts.o)
 *fill*         0x0000000004018456        0x2 
 .rodata.str1.4
                0x0000000004018458       0x42 f:/intelfpga_lite/18.1/nios2eds/bin/gnu/h-x86_64-mingw32/bin/../lib/gcc/nios2-elf/5.3.0/../../../../../H-x86_64-mingw32/nios2-elf/lib\libc.a(lib_a-vfprintf.o)
 .rodata.zeroes.4404
                0x000000000401849a       0x10 f:/intelfpga_lite/18.1/nios2eds/bin/gnu/h-x86_64-mingw32/bin/../lib/gcc/nios2-elf/5.3.0/../../../../../H-x86_64-mingw32/nios2-elf/lib\libc.a(lib_a-vfprintf.o)
 .rodata.blanks.4403
                0x00000000040184aa       0x10 f:/intelfpga_lite/18.1/nios2eds/bin/gnu/h-x86_64-mingw32/bin/../lib/gcc/nios2-elf/5.3.0/../../../../../H-x86_64-mingw32/nios2-elf/lib\libc.a(lib_a-vfprintf.o)
 *fill*         0x00000000040184ba        0x2 
 .rodata.str1.4
                0x00000000040184bc       0x10 f:/intelfpga_lite/18.1/nios2eds/bin/gnu/h-x86_64-mingw32/bin/../lib/gcc/nios2-elf/5.3.0/../../../../../H-x86_64-mingw32/nios2-elf/lib\libc.a(lib_a-dtoa.o)
                                         0x12 (size before relaxing)
 .rodata.str1.4
                0x00000000040184cc        0xc f:/intelfpga_lite/18.1/nios2eds/bin/gnu/h-x86_64-mingw32/bin/../lib/gcc/nios2-elf/5.3.0/../../../../../H-x86_64-mingw32/nios2-elf/lib\libc.a(lib_a-locale.o)
                                         0x12 (size before relaxing)
 .rodata.p05.2768
                0x00000000040184d8        0xc f:/intelfpga_lite/18.1/nios2eds/bin/gnu/h-x86_64-mingw32/bin/../lib/gcc/nios2-elf/5.3.0/../../../../../H-x86_64-mingw32/nios2-elf/lib\libc.a(lib_a-mprec.o)
 .rodata.__mprec_tinytens
                0x00000000040184e4       0x28 f:/intelfpga_lite/18.1/nios2eds/bin/gnu/h-x86_64-mingw32/bin/../lib/gcc/nios2-elf/5.3.0/../../../../../H-x86_64-mingw32/nios2-elf/lib\libc.a(lib_a-mprec.o)
                0x00000000040184e4                __mprec_tinytens
 .rodata.__mprec_bigtens
                0x000000000401850c       0x28 f:/intelfpga_lite/18.1/nios2eds/bin/gnu/h-x86_64-mingw32/bin/../lib/gcc/nios2-elf/5.3.0/../../../../../H-x86_64-mingw32/nios2-elf/lib\libc.a(lib_a-mprec.o)
                0x000000000401850c                __mprec_bigtens
 .rodata.__mprec_tens
                0x0000000004018534       0xc8 f:/intelfpga_lite/18.1/nios2eds/bin/gnu/h-x86_64-mingw32/bin/../lib/gcc/nios2-elf/5.3.0/../../../../../H-x86_64-mingw32/nios2-elf/lib\libc.a(lib_a-mprec.o)
                0x0000000004018534                __mprec_tens
 .rodata.str1.4
                0x00000000040185fc       0x2f f:/intelfpga_lite/18.1/nios2eds/bin/gnu/h-x86_64-mingw32/bin/../lib/gcc/nios2-elf/5.3.0/../../../../../H-x86_64-mingw32/nios2-elf/lib\libc.a(lib_a-vfiprintf.o)
 .rodata.zeroes.4349
                0x00000000040185fc       0x10 f:/intelfpga_lite/18.1/nios2eds/bin/gnu/h-x86_64-mingw32/bin/../lib/gcc/nios2-elf/5.3.0/../../../../../H-x86_64-mingw32/nios2-elf/lib\libc.a(lib_a-vfiprintf.o)
 .rodata.blanks.4348
                0x000000000401860c       0x10 f:/intelfpga_lite/18.1/nios2eds/bin/gnu/h-x86_64-mingw32/bin/../lib/gcc/nios2-elf/5.3.0/../../../../../H-x86_64-mingw32/nios2-elf/lib\libc.a(lib_a-vfiprintf.o)
 .rodata        0x000000000401861c      0x100 f:/intelfpga_lite/18.1/nios2eds/bin/gnu/h-x86_64-mingw32/bin/../lib/gcc/nios2-elf/5.3.0\libgcc.a(_clz.o)
                0x000000000401861c                __clz_tab
 .rodata        0x000000000401871c        0xa ../quiz2_bsp/\libucosii_bsp.a(alt_dev.o)
 *fill*         0x0000000004018726        0x2 
 .rodata        0x0000000004018728       0x12 ../quiz2_bsp/\libucosii_bsp.a(alt_main.o)
 *fill*         0x000000000401873a        0x2 
 .rodata        0x000000000401873c      0x11e ../quiz2_bsp/\libucosii_bsp.a(os_core.o)
                0x000000000401873c                OSUnMapTbl
 *fill*         0x000000000401885a        0x2 
 .rodata        0x000000000401885c       0x21 ../quiz2_bsp/\libucosii_bsp.a(alt_sys_init.o)
 *fill*         0x000000000401887d        0x3 
 .rodata        0x0000000004018880        0x2 ../quiz2_bsp/\libucosii_bsp.a(os_cpu_c.o)
 *(.rodata1)
                0x0000000004018884                . = ALIGN (0x4)
 *fill*         0x0000000004018882        0x2 
                0x0000000004018884                PROVIDE (__ram_rodata_end, ABSOLUTE (.))
                0x0000000004018030                PROVIDE (__flash_rodata_start, LOADADDR (.rodata))

.rwdata         0x0000000004018884     0x1b90 load address 0x000000000401a414
                0x0000000004018884                PROVIDE (__ram_rwdata_start, ABSOLUTE (.))
                0x0000000004018884                . = ALIGN (0x4)
 *(.got.plt)
 *(.got)
 *(.data1)
 *(.data .data.* .gnu.linkonce.d.*)
 .data          0x0000000004018884        0x0 ../quiz2_bsp//obj/HAL/src/crt0.o
 .data          0x0000000004018884        0x0 obj/default/hello_ucosii.o
 .data          0x0000000004018884        0x0 f:/intelfpga_lite/18.1/nios2eds/bin/gnu/h-x86_64-mingw32/bin/../lib/gcc/nios2-elf/5.3.0/../../../../../H-x86_64-mingw32/nios2-elf/lib\libc.a(lib_a-fflush.o)
 .data          0x0000000004018884        0x0 f:/intelfpga_lite/18.1/nios2eds/bin/gnu/h-x86_64-mingw32/bin/../lib/gcc/nios2-elf/5.3.0/../../../../../H-x86_64-mingw32/nios2-elf/lib\libc.a(lib_a-findfp.o)
 .data          0x0000000004018884        0x0 f:/intelfpga_lite/18.1/nios2eds/bin/gnu/h-x86_64-mingw32/bin/../lib/gcc/nios2-elf/5.3.0/../../../../../H-x86_64-mingw32/nios2-elf/lib\libc.a(lib_a-freer.o)
 .data          0x0000000004018884        0x0 f:/intelfpga_lite/18.1/nios2eds/bin/gnu/h-x86_64-mingw32/bin/../lib/gcc/nios2-elf/5.3.0/../../../../../H-x86_64-mingw32/nios2-elf/lib\libc.a(lib_a-fwalk.o)
 .data          0x0000000004018884        0x0 f:/intelfpga_lite/18.1/nios2eds/bin/gnu/h-x86_64-mingw32/bin/../lib/gcc/nios2-elf/5.3.0/../../../../../H-x86_64-mingw32/nios2-elf/lib\libc.a(lib_a-impure.o)
 .data.impure_data
                0x0000000004018884      0x424 f:/intelfpga_lite/18.1/nios2eds/bin/gnu/h-x86_64-mingw32/bin/../lib/gcc/nios2-elf/5.3.0/../../../../../H-x86_64-mingw32/nios2-elf/lib\libc.a(lib_a-impure.o)
 .data          0x0000000004018ca8        0x0 f:/intelfpga_lite/18.1/nios2eds/bin/gnu/h-x86_64-mingw32/bin/../lib/gcc/nios2-elf/5.3.0/../../../../../H-x86_64-mingw32/nios2-elf/lib\libc.a(lib_a-mallocr.o)
 .data.__malloc_av_
                0x0000000004018ca8      0x408 f:/intelfpga_lite/18.1/nios2eds/bin/gnu/h-x86_64-mingw32/bin/../lib/gcc/nios2-elf/5.3.0/../../../../../H-x86_64-mingw32/nios2-elf/lib\libc.a(lib_a-mallocr.o)
                0x0000000004018ca8                __malloc_av_
 .data          0x00000000040190b0        0x0 f:/intelfpga_lite/18.1/nios2eds/bin/gnu/h-x86_64-mingw32/bin/../lib/gcc/nios2-elf/5.3.0/../../../../../H-x86_64-mingw32/nios2-elf/lib\libc.a(lib_a-memset.o)
 .data          0x00000000040190b0        0x0 f:/intelfpga_lite/18.1/nios2eds/bin/gnu/h-x86_64-mingw32/bin/../lib/gcc/nios2-elf/5.3.0/../../../../../H-x86_64-mingw32/nios2-elf/lib\libc.a(lib_a-printf.o)
 .data          0x00000000040190b0        0x0 f:/intelfpga_lite/18.1/nios2eds/bin/gnu/h-x86_64-mingw32/bin/../lib/gcc/nios2-elf/5.3.0/../../../../../H-x86_64-mingw32/nios2-elf/lib\libc.a(lib_a-puts.o)
 .data          0x00000000040190b0        0x0 f:/intelfpga_lite/18.1/nios2eds/bin/gnu/h-x86_64-mingw32/bin/../lib/gcc/nios2-elf/5.3.0/../../../../../H-x86_64-mingw32/nios2-elf/lib\libc.a(lib_a-sbrkr.o)
 .data          0x00000000040190b0        0x0 f:/intelfpga_lite/18.1/nios2eds/bin/gnu/h-x86_64-mingw32/bin/../lib/gcc/nios2-elf/5.3.0/../../../../../H-x86_64-mingw32/nios2-elf/lib\libc.a(lib_a-stdio.o)
 .data          0x00000000040190b0        0x0 f:/intelfpga_lite/18.1/nios2eds/bin/gnu/h-x86_64-mingw32/bin/../lib/gcc/nios2-elf/5.3.0/../../../../../H-x86_64-mingw32/nios2-elf/lib\libc.a(lib_a-strlen.o)
 .data          0x00000000040190b0        0x0 f:/intelfpga_lite/18.1/nios2eds/bin/gnu/h-x86_64-mingw32/bin/../lib/gcc/nios2-elf/5.3.0/../../../../../H-x86_64-mingw32/nios2-elf/lib\libc.a(lib_a-vfprintf.o)
 .data          0x00000000040190b0        0x0 f:/intelfpga_lite/18.1/nios2eds/bin/gnu/h-x86_64-mingw32/bin/../lib/gcc/nios2-elf/5.3.0/../../../../../H-x86_64-mingw32/nios2-elf/lib\libc.a(lib_a-writer.o)
 .data          0x00000000040190b0        0x0 f:/intelfpga_lite/18.1/nios2eds/bin/gnu/h-x86_64-mingw32/bin/../lib/gcc/nios2-elf/5.3.0/../../../../../H-x86_64-mingw32/nios2-elf/lib\libc.a(lib_a-wsetup.o)
 .data          0x00000000040190b0        0x0 f:/intelfpga_lite/18.1/nios2eds/bin/gnu/h-x86_64-mingw32/bin/../lib/gcc/nios2-elf/5.3.0/../../../../../H-x86_64-mingw32/nios2-elf/lib\libc.a(closer.o)
 .data          0x00000000040190b0        0x0 f:/intelfpga_lite/18.1/nios2eds/bin/gnu/h-x86_64-mingw32/bin/../lib/gcc/nios2-elf/5.3.0/../../../../../H-x86_64-mingw32/nios2-elf/lib\libc.a(lib_a-dtoa.o)
 .data          0x00000000040190b0        0x0 f:/intelfpga_lite/18.1/nios2eds/bin/gnu/h-x86_64-mingw32/bin/../lib/gcc/nios2-elf/5.3.0/../../../../../H-x86_64-mingw32/nios2-elf/lib\libc.a(lib_a-fclose.o)
 .data          0x00000000040190b0        0x0 f:/intelfpga_lite/18.1/nios2eds/bin/gnu/h-x86_64-mingw32/bin/../lib/gcc/nios2-elf/5.3.0/../../../../../H-x86_64-mingw32/nios2-elf/lib\libc.a(lib_a-fvwrite.o)
 .data          0x00000000040190b0        0x0 f:/intelfpga_lite/18.1/nios2eds/bin/gnu/h-x86_64-mingw32/bin/../lib/gcc/nios2-elf/5.3.0/../../../../../H-x86_64-mingw32/nios2-elf/lib\libc.a(lib_a-int_errno.o)
 .data          0x00000000040190b0        0x0 f:/intelfpga_lite/18.1/nios2eds/bin/gnu/h-x86_64-mingw32/bin/../lib/gcc/nios2-elf/5.3.0/../../../../../H-x86_64-mingw32/nios2-elf/lib\libc.a(lib_a-locale.o)
 .data.lc_message_charset
                0x00000000040190b0       0x20 f:/intelfpga_lite/18.1/nios2eds/bin/gnu/h-x86_64-mingw32/bin/../lib/gcc/nios2-elf/5.3.0/../../../../../H-x86_64-mingw32/nios2-elf/lib\libc.a(lib_a-locale.o)
 .data.lc_ctype_charset
                0x00000000040190d0       0x20 f:/intelfpga_lite/18.1/nios2eds/bin/gnu/h-x86_64-mingw32/bin/../lib/gcc/nios2-elf/5.3.0/../../../../../H-x86_64-mingw32/nios2-elf/lib\libc.a(lib_a-locale.o)
 .data.lconv    0x00000000040190f0       0x38 f:/intelfpga_lite/18.1/nios2eds/bin/gnu/h-x86_64-mingw32/bin/../lib/gcc/nios2-elf/5.3.0/../../../../../H-x86_64-mingw32/nios2-elf/lib\libc.a(lib_a-locale.o)
 .data          0x0000000004019128        0x0 f:/intelfpga_lite/18.1/nios2eds/bin/gnu/h-x86_64-mingw32/bin/../lib/gcc/nios2-elf/5.3.0/../../../../../H-x86_64-mingw32/nios2-elf/lib\libc.a(lib_a-lseekr.o)
 .data          0x0000000004019128        0x0 f:/intelfpga_lite/18.1/nios2eds/bin/gnu/h-x86_64-mingw32/bin/../lib/gcc/nios2-elf/5.3.0/../../../../../H-x86_64-mingw32/nios2-elf/lib\libc.a(lib_a-makebuf.o)
 .data          0x0000000004019128        0x0 f:/intelfpga_lite/18.1/nios2eds/bin/gnu/h-x86_64-mingw32/bin/../lib/gcc/nios2-elf/5.3.0/../../../../../H-x86_64-mingw32/nios2-elf/lib\libc.a(lib_a-memchr.o)
 .data          0x0000000004019128        0x0 f:/intelfpga_lite/18.1/nios2eds/bin/gnu/h-x86_64-mingw32/bin/../lib/gcc/nios2-elf/5.3.0/../../../../../H-x86_64-mingw32/nios2-elf/lib\libc.a(lib_a-memcpy.o)
 .data          0x0000000004019128        0x0 f:/intelfpga_lite/18.1/nios2eds/bin/gnu/h-x86_64-mingw32/bin/../lib/gcc/nios2-elf/5.3.0/../../../../../H-x86_64-mingw32/nios2-elf/lib\libc.a(lib_a-memmove.o)
 .data          0x0000000004019128        0x0 f:/intelfpga_lite/18.1/nios2eds/bin/gnu/h-x86_64-mingw32/bin/../lib/gcc/nios2-elf/5.3.0/../../../../../H-x86_64-mingw32/nios2-elf/lib\libc.a(lib_a-mprec.o)
 .data          0x0000000004019128        0x0 f:/intelfpga_lite/18.1/nios2eds/bin/gnu/h-x86_64-mingw32/bin/../lib/gcc/nios2-elf/5.3.0/../../../../../H-x86_64-mingw32/nios2-elf/lib\libc.a(lib_a-readr.o)
 .data          0x0000000004019128        0x0 f:/intelfpga_lite/18.1/nios2eds/bin/gnu/h-x86_64-mingw32/bin/../lib/gcc/nios2-elf/5.3.0/../../../../../H-x86_64-mingw32/nios2-elf/lib\libc.a(lib_a-reallocr.o)
 .data          0x0000000004019128        0x0 f:/intelfpga_lite/18.1/nios2eds/bin/gnu/h-x86_64-mingw32/bin/../lib/gcc/nios2-elf/5.3.0/../../../../../H-x86_64-mingw32/nios2-elf/lib\libc.a(lib_a-s_fpclassify.o)
 .data          0x0000000004019128        0x0 f:/intelfpga_lite/18.1/nios2eds/bin/gnu/h-x86_64-mingw32/bin/../lib/gcc/nios2-elf/5.3.0/../../../../../H-x86_64-mingw32/nios2-elf/lib\libc.a(lib_a-strcmp.o)
 .data          0x0000000004019128        0x0 f:/intelfpga_lite/18.1/nios2eds/bin/gnu/h-x86_64-mingw32/bin/../lib/gcc/nios2-elf/5.3.0/../../../../../H-x86_64-mingw32/nios2-elf/lib\libc.a(lib_a-vfiprintf.o)
 .data          0x0000000004019128        0x0 f:/intelfpga_lite/18.1/nios2eds/bin/gnu/h-x86_64-mingw32/bin/../lib/gcc/nios2-elf/5.3.0/../../../../../H-x86_64-mingw32/nios2-elf/lib\libc.a(lib_a-callocr.o)
 .data          0x0000000004019128        0x0 f:/intelfpga_lite/18.1/nios2eds/bin/gnu/h-x86_64-mingw32/bin/../lib/gcc/nios2-elf/5.3.0/../../../../../H-x86_64-mingw32/nios2-elf/lib\libc.a(lib_a-fputwc.o)
 .data          0x0000000004019128        0x0 f:/intelfpga_lite/18.1/nios2eds/bin/gnu/h-x86_64-mingw32/bin/../lib/gcc/nios2-elf/5.3.0/../../../../../H-x86_64-mingw32/nios2-elf/lib\libc.a(lib_a-fstatr.o)
 .data          0x0000000004019128        0x0 f:/intelfpga_lite/18.1/nios2eds/bin/gnu/h-x86_64-mingw32/bin/../lib/gcc/nios2-elf/5.3.0/../../../../../H-x86_64-mingw32/nios2-elf/lib\libc.a(lib_a-isattyr.o)
 .data          0x0000000004019128        0x0 f:/intelfpga_lite/18.1/nios2eds/bin/gnu/h-x86_64-mingw32/bin/../lib/gcc/nios2-elf/5.3.0/../../../../../H-x86_64-mingw32/nios2-elf/lib\libc.a(lib_a-wbuf.o)
 .data          0x0000000004019128        0x0 f:/intelfpga_lite/18.1/nios2eds/bin/gnu/h-x86_64-mingw32/bin/../lib/gcc/nios2-elf/5.3.0/../../../../../H-x86_64-mingw32/nios2-elf/lib\libc.a(lib_a-wcrtomb.o)
 .data          0x0000000004019128        0x0 f:/intelfpga_lite/18.1/nios2eds/bin/gnu/h-x86_64-mingw32/bin/../lib/gcc/nios2-elf/5.3.0/../../../../../H-x86_64-mingw32/nios2-elf/lib\libc.a(lib_a-wctomb_r.o)
 .data          0x0000000004019128        0x0 f:/intelfpga_lite/18.1/nios2eds/bin/gnu/h-x86_64-mingw32/bin/../lib/gcc/nios2-elf/5.3.0\libgcc.a(_udivdi3.o)
 .data          0x0000000004019128        0x0 f:/intelfpga_lite/18.1/nios2eds/bin/gnu/h-x86_64-mingw32/bin/../lib/gcc/nios2-elf/5.3.0\libgcc.a(_umoddi3.o)
 .data          0x0000000004019128        0x0 f:/intelfpga_lite/18.1/nios2eds/bin/gnu/h-x86_64-mingw32/bin/../lib/gcc/nios2-elf/5.3.0\libgcc.a(lib2-divmod.o)
 .data          0x0000000004019128        0x0 f:/intelfpga_lite/18.1/nios2eds/bin/gnu/h-x86_64-mingw32/bin/../lib/gcc/nios2-elf/5.3.0\libgcc.a(adddf3.o)
 .data          0x0000000004019128        0x0 f:/intelfpga_lite/18.1/nios2eds/bin/gnu/h-x86_64-mingw32/bin/../lib/gcc/nios2-elf/5.3.0\libgcc.a(divdf3.o)
 .data          0x0000000004019128        0x0 f:/intelfpga_lite/18.1/nios2eds/bin/gnu/h-x86_64-mingw32/bin/../lib/gcc/nios2-elf/5.3.0\libgcc.a(eqdf2.o)
 .data          0x0000000004019128        0x0 f:/intelfpga_lite/18.1/nios2eds/bin/gnu/h-x86_64-mingw32/bin/../lib/gcc/nios2-elf/5.3.0\libgcc.a(gedf2.o)
 .data          0x0000000004019128        0x0 f:/intelfpga_lite/18.1/nios2eds/bin/gnu/h-x86_64-mingw32/bin/../lib/gcc/nios2-elf/5.3.0\libgcc.a(ledf2.o)
 .data          0x0000000004019128        0x0 f:/intelfpga_lite/18.1/nios2eds/bin/gnu/h-x86_64-mingw32/bin/../lib/gcc/nios2-elf/5.3.0\libgcc.a(muldf3.o)
 .data          0x0000000004019128        0x0 f:/intelfpga_lite/18.1/nios2eds/bin/gnu/h-x86_64-mingw32/bin/../lib/gcc/nios2-elf/5.3.0\libgcc.a(subdf3.o)
 .data          0x0000000004019128        0x0 f:/intelfpga_lite/18.1/nios2eds/bin/gnu/h-x86_64-mingw32/bin/../lib/gcc/nios2-elf/5.3.0\libgcc.a(fixdfsi.o)
 .data          0x0000000004019128        0x0 f:/intelfpga_lite/18.1/nios2eds/bin/gnu/h-x86_64-mingw32/bin/../lib/gcc/nios2-elf/5.3.0\libgcc.a(floatsidf.o)
 .data          0x0000000004019128        0x0 f:/intelfpga_lite/18.1/nios2eds/bin/gnu/h-x86_64-mingw32/bin/../lib/gcc/nios2-elf/5.3.0\libgcc.a(floatunsidf.o)
 .data          0x0000000004019128        0x0 f:/intelfpga_lite/18.1/nios2eds/bin/gnu/h-x86_64-mingw32/bin/../lib/gcc/nios2-elf/5.3.0\libgcc.a(_clz.o)
 .data          0x0000000004019128        0x0 f:/intelfpga_lite/18.1/nios2eds/bin/gnu/h-x86_64-mingw32/bin/../lib/gcc/nios2-elf/5.3.0\libgcc.a(_clzsi2.o)
 .data          0x0000000004019128        0x0 ../quiz2_bsp/\libucosii_bsp.a(alt_close.o)
 .data          0x0000000004019128      0x1a8 ../quiz2_bsp/\libucosii_bsp.a(alt_dev.o)
                0x0000000004019128                alt_dev_null
                0x0000000004019150                alt_fd_list
 .data          0x00000000040192d0        0x0 ../quiz2_bsp/\libucosii_bsp.a(alt_errno.o)
 .data          0x00000000040192d0        0x0 ../quiz2_bsp/\libucosii_bsp.a(alt_fstat.o)
 .data          0x00000000040192d0        0x0 ../quiz2_bsp/\libucosii_bsp.a(alt_isatty.o)
 .data          0x00000000040192d0        0x0 ../quiz2_bsp/\libucosii_bsp.a(alt_load.o)
 .data          0x00000000040192d0        0x0 ../quiz2_bsp/\libucosii_bsp.a(alt_lseek.o)
 .data          0x00000000040192d0        0x0 ../quiz2_bsp/\libucosii_bsp.a(alt_main.o)
 .data          0x00000000040192d0        0x0 ../quiz2_bsp/\libucosii_bsp.a(alt_read.o)
 .data          0x00000000040192d0        0x0 ../quiz2_bsp/\libucosii_bsp.a(alt_release_fd.o)
 .data          0x00000000040192d0        0x0 ../quiz2_bsp/\libucosii_bsp.a(alt_sbrk.o)
 .data          0x00000000040192d0        0x0 ../quiz2_bsp/\libucosii_bsp.a(alt_write.o)
 .data          0x00000000040192d0        0x0 ../quiz2_bsp/\libucosii_bsp.a(alt_env_lock.o)
 .data          0x00000000040192d0        0x0 ../quiz2_bsp/\libucosii_bsp.a(alt_malloc_lock.o)
 .data          0x00000000040192d0        0x0 ../quiz2_bsp/\libucosii_bsp.a(os_core.o)
 .data          0x00000000040192d0        0x0 ../quiz2_bsp/\libucosii_bsp.a(os_dbg.o)
 .data          0x00000000040192d0        0x0 ../quiz2_bsp/\libucosii_bsp.a(os_flag.o)
 .data          0x00000000040192d0        0x0 ../quiz2_bsp/\libucosii_bsp.a(os_mem.o)
 .data          0x00000000040192d0        0x0 ../quiz2_bsp/\libucosii_bsp.a(os_q.o)
 .data          0x00000000040192d0        0x0 ../quiz2_bsp/\libucosii_bsp.a(os_sem.o)
 .data          0x00000000040192d0        0x0 ../quiz2_bsp/\libucosii_bsp.a(os_task.o)
 .data          0x00000000040192d0        0x0 ../quiz2_bsp/\libucosii_bsp.a(os_time.o)
 .data          0x00000000040192d0     0x1080 ../quiz2_bsp/\libucosii_bsp.a(alt_sys_init.o)
 .data          0x000000000401a350        0x0 ../quiz2_bsp/\libucosii_bsp.a(altera_avalon_jtag_uart_fd.o)
 .data          0x000000000401a350        0x0 ../quiz2_bsp/\libucosii_bsp.a(altera_avalon_jtag_uart_init.o)
 .data          0x000000000401a350        0x0 ../quiz2_bsp/\libucosii_bsp.a(altera_avalon_jtag_uart_ioctl.o)
 .data          0x000000000401a350        0x0 ../quiz2_bsp/\libucosii_bsp.a(altera_avalon_jtag_uart_read.o)
 .data          0x000000000401a350        0x0 ../quiz2_bsp/\libucosii_bsp.a(altera_avalon_jtag_uart_write.o)
 .data          0x000000000401a350        0x0 ../quiz2_bsp/\libucosii_bsp.a(altera_avalon_mutex.o)
 .data          0x000000000401a350        0x0 ../quiz2_bsp/\libucosii_bsp.a(altera_avalon_timer_sc.o)
 .data          0x000000000401a350        0x0 ../quiz2_bsp/\libucosii_bsp.a(alt_alarm_start.o)
 .data          0x000000000401a350        0x0 ../quiz2_bsp/\libucosii_bsp.a(alt_dcache_flush_all.o)
 .data          0x000000000401a350        0x0 ../quiz2_bsp/\libucosii_bsp.a(alt_dev_llist_insert.o)
 .data          0x000000000401a350        0x0 ../quiz2_bsp/\libucosii_bsp.a(alt_do_ctors.o)
 .data          0x000000000401a350        0x0 ../quiz2_bsp/\libucosii_bsp.a(alt_do_dtors.o)
 .data          0x000000000401a350        0x0 ../quiz2_bsp/\libucosii_bsp.a(alt_find_dev.o)
 .data          0x000000000401a350        0x0 ../quiz2_bsp/\libucosii_bsp.a(alt_icache_flush_all.o)
 .data          0x000000000401a350        0x0 ../quiz2_bsp/\libucosii_bsp.a(alt_iic.o)
 .data          0x000000000401a350        0x0 ../quiz2_bsp/\libucosii_bsp.a(alt_iic_isr_register.o)
 .data          0x000000000401a350        0x0 ../quiz2_bsp/\libucosii_bsp.a(alt_io_redirect.o)
 .data          0x000000000401a350        0x0 ../quiz2_bsp/\libucosii_bsp.a(alt_irq_entry.o)
 .data          0x000000000401a350        0x0 ../quiz2_bsp/\libucosii_bsp.a(alt_irq_handler.o)
 .data          0x000000000401a350        0x0 ../quiz2_bsp/\libucosii_bsp.a(alt_irq_vars.o)
 .data          0x000000000401a350        0x0 ../quiz2_bsp/\libucosii_bsp.a(alt_open.o)
 .data          0x000000000401a350        0x0 ../quiz2_bsp/\libucosii_bsp.a(alt_tick.o)
 .data          0x000000000401a350        0x0 ../quiz2_bsp/\libucosii_bsp.a(altera_nios2_gen2_irq.o)
 .data          0x000000000401a350        0x0 ../quiz2_bsp/\libucosii_bsp.a(os_cpu_a.o)
 .data          0x000000000401a350        0x0 ../quiz2_bsp/\libucosii_bsp.a(os_cpu_c.o)
 .data          0x000000000401a350        0x0 ../quiz2_bsp/\libucosii_bsp.a(alt_exception_entry.o)
 .data          0x000000000401a350        0x0 ../quiz2_bsp/\libucosii_bsp.a(alt_find_file.o)
 .data          0x000000000401a350        0x0 ../quiz2_bsp/\libucosii_bsp.a(alt_get_fd.o)
 .data          0x000000000401a350        0x0 ../quiz2_bsp/\libucosii_bsp.a(alt_icache_flush.o)
 .data          0x000000000401a350        0x0 ../quiz2_bsp/\libucosii_bsp.a(alt_instruction_exception_entry.o)
 .data          0x000000000401a350        0x0 f:/intelfpga_lite/18.1/nios2eds/bin/gnu/h-x86_64-mingw32/bin/../lib/gcc/nios2-elf/5.3.0/../../../../../H-x86_64-mingw32/nios2-elf/lib\libc.a(lib_a-atexit.o)
 .data          0x000000000401a350        0x0 f:/intelfpga_lite/18.1/nios2eds/bin/gnu/h-x86_64-mingw32/bin/../lib/gcc/nios2-elf/5.3.0/../../../../../H-x86_64-mingw32/nios2-elf/lib\libc.a(lib_a-exit.o)
 .data          0x000000000401a350        0x0 f:/intelfpga_lite/18.1/nios2eds/bin/gnu/h-x86_64-mingw32/bin/../lib/gcc/nios2-elf/5.3.0/../../../../../H-x86_64-mingw32/nios2-elf/lib\libc.a(lib_a-memcmp.o)
 .data          0x000000000401a350        0x0 f:/intelfpga_lite/18.1/nios2eds/bin/gnu/h-x86_64-mingw32/bin/../lib/gcc/nios2-elf/5.3.0/../../../../../H-x86_64-mingw32/nios2-elf/lib\libc.a(lib_a-__atexit.o)
 .data          0x000000000401a350        0x0 f:/intelfpga_lite/18.1/nios2eds/bin/gnu/h-x86_64-mingw32/bin/../lib/gcc/nios2-elf/5.3.0/../../../../../H-x86_64-mingw32/nios2-elf/lib\libc.a(lib_a-__call_atexit.o)
 .data          0x000000000401a350        0x0 ../quiz2_bsp/\libucosii_bsp.a(alt_exit.o)
                0x0000000004022350                _gp = ABSOLUTE ((. + 0x8000))
                [!provide]                        PROVIDE (gp, _gp)
 *(.rwdata .rwdata.*)
 *(.sdata .sdata.* .gnu.linkonce.s.*)
 .sdata._global_impure_ptr
                0x000000000401a350        0x4 f:/intelfpga_lite/18.1/nios2eds/bin/gnu/h-x86_64-mingw32/bin/../lib/gcc/nios2-elf/5.3.0/../../../../../H-x86_64-mingw32/nios2-elf/lib\libc.a(lib_a-impure.o)
                0x000000000401a350                _global_impure_ptr
 .sdata._impure_ptr
                0x000000000401a354        0x4 f:/intelfpga_lite/18.1/nios2eds/bin/gnu/h-x86_64-mingw32/bin/../lib/gcc/nios2-elf/5.3.0/../../../../../H-x86_64-mingw32/nios2-elf/lib\libc.a(lib_a-impure.o)
                0x000000000401a354                _impure_ptr
 .sdata.__malloc_sbrk_base
                0x000000000401a358        0x4 f:/intelfpga_lite/18.1/nios2eds/bin/gnu/h-x86_64-mingw32/bin/../lib/gcc/nios2-elf/5.3.0/../../../../../H-x86_64-mingw32/nios2-elf/lib\libc.a(lib_a-mallocr.o)
                0x000000000401a358                __malloc_sbrk_base
 .sdata.__malloc_trim_threshold
                0x000000000401a35c        0x4 f:/intelfpga_lite/18.1/nios2eds/bin/gnu/h-x86_64-mingw32/bin/../lib/gcc/nios2-elf/5.3.0/../../../../../H-x86_64-mingw32/nios2-elf/lib\libc.a(lib_a-mallocr.o)
                0x000000000401a35c                __malloc_trim_threshold
 .sdata.__mb_cur_max
                0x000000000401a360        0x4 f:/intelfpga_lite/18.1/nios2eds/bin/gnu/h-x86_64-mingw32/bin/../lib/gcc/nios2-elf/5.3.0/../../../../../H-x86_64-mingw32/nios2-elf/lib\libc.a(lib_a-locale.o)
                0x000000000401a360                __mb_cur_max
 .sdata.__wctomb
                0x000000000401a364        0x4 f:/intelfpga_lite/18.1/nios2eds/bin/gnu/h-x86_64-mingw32/bin/../lib/gcc/nios2-elf/5.3.0/../../../../../H-x86_64-mingw32/nios2-elf/lib\libc.a(lib_a-wctomb_r.o)
                0x000000000401a364                __wctomb
 .sdata         0x000000000401a368       0x14 ../quiz2_bsp/\libucosii_bsp.a(alt_dev.o)
                0x000000000401a368                alt_fs_list
                0x000000000401a370                alt_dev_list
                0x000000000401a378                alt_max_fd
 .sdata         0x000000000401a37c        0x4 ../quiz2_bsp/\libucosii_bsp.a(alt_errno.o)
                0x000000000401a37c                alt_errno
 .sdata         0x000000000401a380        0x4 ../quiz2_bsp/\libucosii_bsp.a(alt_sbrk.o)
 .sdata         0x000000000401a384        0x4 ../quiz2_bsp/\libucosii_bsp.a(alt_env_lock.o)
 .sdata         0x000000000401a388        0x4 ../quiz2_bsp/\libucosii_bsp.a(alt_malloc_lock.o)
 .sdata         0x000000000401a38c       0x72 ../quiz2_bsp/\libucosii_bsp.a(os_dbg.o)
                0x000000000401a38c                OSDebugEn
                0x000000000401a390                OSEndiannessTest
                0x000000000401a394                OSEventEn
                0x000000000401a396                OSEventMax
                0x000000000401a398                OSEventNameSize
                0x000000000401a39a                OSEventSize
                0x000000000401a39c                OSEventTblSize
                0x000000000401a39e                OSEventMultiEn
                0x000000000401a3a0                OSFlagEn
                0x000000000401a3a2                OSFlagGrpSize
                0x000000000401a3a4                OSFlagNodeSize
                0x000000000401a3a6                OSFlagWidth
                0x000000000401a3a8                OSFlagMax
                0x000000000401a3aa                OSFlagNameSize
                0x000000000401a3ac                OSLowestPrio
                0x000000000401a3ae                OSMboxEn
                0x000000000401a3b0                OSMemEn
                0x000000000401a3b2                OSMemMax
                0x000000000401a3b4                OSMemNameSize
                0x000000000401a3b6                OSMemSize
                0x000000000401a3b8                OSMemTblSize
                0x000000000401a3ba                OSMutexEn
                0x000000000401a3bc                OSPtrSize
                0x000000000401a3be                OSQEn
                0x000000000401a3c0                OSQMax
                0x000000000401a3c2                OSQSize
                0x000000000401a3c4                OSRdyTblSize
                0x000000000401a3c6                OSSemEn
                0x000000000401a3c8                OSStkWidth
                0x000000000401a3ca                OSTaskCreateEn
                0x000000000401a3cc                OSTaskCreateExtEn
                0x000000000401a3ce                OSTaskDelEn
                0x000000000401a3d0                OSTaskIdleStkSize
                0x000000000401a3d2                OSTaskProfileEn
                0x000000000401a3d4                OSTaskMax
                0x000000000401a3d6                OSTaskNameSize
                0x000000000401a3d8                OSTaskStatEn
                0x000000000401a3da                OSTaskStatStkSize
                0x000000000401a3dc                OSTaskStatStkChkEn
                0x000000000401a3de                OSTaskSwHookEn
                0x000000000401a3e0                OSTCBPrioTblMax
                0x000000000401a3e2                OSTCBSize
                0x000000000401a3e4                OSTicksPerSec
                0x000000000401a3e6                OSTimeTickHookEn
                0x000000000401a3e8                OSVersionNbr
                0x000000000401a3ea                OSTmrEn
                0x000000000401a3ec                OSTmrCfgMax
                0x000000000401a3ee                OSTmrCfgNameSize
                0x000000000401a3f0                OSTmrCfgWheelSize
                0x000000000401a3f2                OSTmrCfgTicksPerSec
                0x000000000401a3f4                OSTmrSize
                0x000000000401a3f6                OSTmrTblSize
                0x000000000401a3f8                OSTmrWheelSize
                0x000000000401a3fa                OSTmrWheelTblSize
                0x000000000401a3fc                OSDataSize
 *fill*         0x000000000401a3fe        0x2 
 .sdata         0x000000000401a400        0x8 ../quiz2_bsp/\libucosii_bsp.a(altera_avalon_mutex.o)
                0x000000000401a400                alt_mutex_list
 .sdata         0x000000000401a408        0x4 ../quiz2_bsp/\libucosii_bsp.a(alt_irq_vars.o)
                0x000000000401a408                alt_priority_mask
 .sdata         0x000000000401a40c        0x8 ../quiz2_bsp/\libucosii_bsp.a(alt_tick.o)
                0x000000000401a40c                alt_alarm_list
 *(.sdata2 .sdata2.* .gnu.linkonce.s2.*)
                0x000000000401a414                . = ALIGN (0x4)
                0x000000000401a414                _edata = ABSOLUTE (.)
                [!provide]                        PROVIDE (edata, ABSOLUTE (.))
                0x000000000401a414                PROVIDE (__ram_rwdata_end, ABSOLUTE (.))
                0x000000000401a414                PROVIDE (__flash_rwdata_start, LOADADDR (.rwdata))

.bss            0x000000000401bfa4     0x63f8
                0x000000000401bfa4                __bss_start = ABSOLUTE (.)
                [!provide]                        PROVIDE (__sbss_start, ABSOLUTE (.))
                [!provide]                        PROVIDE (___sbss_start, ABSOLUTE (.))
 *(.dynsbss)
 *(.sbss .sbss.* .gnu.linkonce.sb.*)
 .sbss          0x000000000401bfa4        0x4 obj/default/hello_ucosii.o
                0x000000000401bfa4                Globalvalue
 .sbss          0x000000000401bfa8        0xc obj/default/hello_ucosii.o
                0x000000000401bfa8                SemA
                0x000000000401bfac                GlobalSemaphore
                0x000000000401bfb0                SemB
 .sbss.__malloc_max_total_mem