Archive member included to satisfy reference by file (symbol)

../control_bsp/\libhal_bsp.a(alt_load.o)
                              ../control_bsp//obj/HAL/src/crt0.o (alt_load)
../control_bsp/\libhal_bsp.a(alt_main.o)
                              ../control_bsp//obj/HAL/src/crt0.o (alt_main)
../control_bsp/\libhal_bsp.a(alt_usleep.o)
                              obj/default/main.o (usleep)
../control_bsp/\libhal_bsp.a(alt_sys_init.o)
                              ../control_bsp/\libhal_bsp.a(alt_main.o) (alt_irq_init)
../control_bsp/\libhal_bsp.a(altera_avalon_jtag_uart_fd.o)
                              ../control_bsp/\libhal_bsp.a(alt_sys_init.o) (altera_avalon_jtag_uart_read_fd)
../control_bsp/\libhal_bsp.a(altera_avalon_jtag_uart_init.o)
                              ../control_bsp/\libhal_bsp.a(alt_sys_init.o) (altera_avalon_jtag_uart_init)
../control_bsp/\libhal_bsp.a(altera_avalon_jtag_uart_ioctl.o)
                              ../control_bsp/\libhal_bsp.a(altera_avalon_jtag_uart_fd.o) (altera_avalon_jtag_uart_ioctl)
../control_bsp/\libhal_bsp.a(altera_avalon_jtag_uart_read.o)
                              ../control_bsp/\libhal_bsp.a(altera_avalon_jtag_uart_fd.o) (altera_avalon_jtag_uart_read)
../control_bsp/\libhal_bsp.a(altera_avalon_jtag_uart_write.o)
                              ../control_bsp/\libhal_bsp.a(altera_avalon_jtag_uart_fd.o) (altera_avalon_jtag_uart_write)
../control_bsp/\libhal_bsp.a(alt_alarm_start.o)
                              ../control_bsp/\libhal_bsp.a(altera_avalon_jtag_uart_init.o) (alt_alarm_start)
../control_bsp/\libhal_bsp.a(alt_busy_sleep.o)
                              ../control_bsp/\libhal_bsp.a(alt_usleep.o) (alt_busy_sleep)
../control_bsp/\libhal_bsp.a(alt_close.o)
                              ../control_bsp/\libhal_bsp.a(alt_main.o) (close)
../control_bsp/\libhal_bsp.a(alt_dcache_flush_all.o)
                              ../control_bsp/\libhal_bsp.a(alt_load.o) (alt_dcache_flush_all)
../control_bsp/\libhal_bsp.a(alt_dev.o)
                              ../control_bsp/\libhal_bsp.a(alt_sys_init.o) (alt_dev_list)
../control_bsp/\libhal_bsp.a(alt_dev_llist_insert.o)
                              ../control_bsp/\libhal_bsp.a(alt_sys_init.o) (alt_dev_llist_insert)
../control_bsp/\libhal_bsp.a(alt_do_ctors.o)
                              ../control_bsp/\libhal_bsp.a(alt_main.o) (_do_ctors)
../control_bsp/\libhal_bsp.a(alt_do_dtors.o)
                              ../control_bsp/\libhal_bsp.a(alt_main.o) (_do_dtors)
../control_bsp/\libhal_bsp.a(alt_errno.o)
                              ../control_bsp/\libhal_bsp.a(alt_close.o) (alt_errno)
../control_bsp/\libhal_bsp.a(alt_icache_flush_all.o)
                              ../control_bsp/\libhal_bsp.a(alt_load.o) (alt_icache_flush_all)
../control_bsp/\libhal_bsp.a(alt_io_redirect.o)
                              ../control_bsp/\libhal_bsp.a(alt_main.o) (alt_io_redirect)
../control_bsp/\libhal_bsp.a(alt_irq_register.o)
                              ../control_bsp/\libhal_bsp.a(altera_avalon_jtag_uart_init.o) (alt_irq_register)
../control_bsp/\libhal_bsp.a(alt_irq_vars.o)
                              ../control_bsp/\libhal_bsp.a(alt_irq_register.o) (alt_irq_active)
../control_bsp/\libhal_bsp.a(alt_open.o)
                              ../control_bsp/\libhal_bsp.a(alt_io_redirect.o) (open)
../control_bsp/\libhal_bsp.a(alt_release_fd.o)
                              ../control_bsp/\libhal_bsp.a(alt_close.o) (alt_release_fd)
../control_bsp/\libhal_bsp.a(alt_tick.o)
                              ../control_bsp/\libhal_bsp.a(altera_avalon_jtag_uart_init.o) (_alt_tick_rate)
../control_bsp/\libhal_bsp.a(altera_nios2_gen2_irq.o)
                              ../control_bsp/\libhal_bsp.a(alt_sys_init.o) (altera_nios2_gen2_irq_init)
../control_bsp/\libhal_bsp.a(alt_find_dev.o)
                              ../control_bsp/\libhal_bsp.a(alt_open.o) (alt_find_dev)
../control_bsp/\libhal_bsp.a(alt_find_file.o)
                              ../control_bsp/\libhal_bsp.a(alt_open.o) (alt_find_file)
../control_bsp/\libhal_bsp.a(alt_get_fd.o)
                              ../control_bsp/\libhal_bsp.a(alt_open.o) (alt_get_fd)
../control_bsp/\libhal_bsp.a(alt_icache_flush.o)
                              ../control_bsp/\libhal_bsp.a(alt_icache_flush_all.o) (alt_icache_flush)
../control_bsp/\libhal_bsp.a(alt_irq_entry.o)
                              ../control_bsp/\libhal_bsp.a(alt_irq_register.o) (alt_irq_entry)
../control_bsp/\libhal_bsp.a(alt_irq_handler.o)
                              ../control_bsp/\libhal_bsp.a(alt_irq_register.o) (alt_irq)
../control_bsp/\libhal_bsp.a(alt_exception_entry.o)
                              ../control_bsp/\libhal_bsp.a(alt_irq_entry.o) (alt_exception)
../control_bsp/\libhal_bsp.a(alt_instruction_exception_entry.o)
                              ../control_bsp/\libhal_bsp.a(alt_exception_entry.o) (alt_instruction_exception_entry)
c:/intelfpga_lite/18.1/nios2eds/bin/gnu/h-x86_64-mingw32/bin/../lib/gcc/nios2-elf/5.3.0/../../../../../H-x86_64-mingw32/nios2-elf/lib\libc.a(lib_a-atexit.o)
                              ../control_bsp/\libhal_bsp.a(alt_main.o) (atexit)
c:/intelfpga_lite/18.1/nios2eds/bin/gnu/h-x86_64-mingw32/bin/../lib/gcc/nios2-elf/5.3.0/../../../../../H-x86_64-mingw32/nios2-elf/lib\libc.a(lib_a-exit.o)
                              ../control_bsp/\libhal_bsp.a(alt_main.o) (exit)
c:/intelfpga_lite/18.1/nios2eds/bin/gnu/h-x86_64-mingw32/bin/../lib/gcc/nios2-elf/5.3.0/../../../../../H-x86_64-mingw32/nios2-elf/lib\libc.a(lib_a-impure.o)
                              c:/intelfpga_lite/18.1/nios2eds/bin/gnu/h-x86_64-mingw32/bin/../lib/gcc/nios2-elf/5.3.0/../../../../../H-x86_64-mingw32/nios2-elf/lib\libc.a(lib_a-exit.o) (_global_impure_ptr)
c:/intelfpga_lite/18.1/nios2eds/bin/gnu/h-x86_64-mingw32/bin/../lib/gcc/nios2-elf/5.3.0/../../../../../H-x86_64-mingw32/nios2-elf/lib\libc.a(lib_a-int_errno.o)
                              ../control_bsp/\libhal_bsp.a(alt_close.o) (errno)
c:/intelfpga_lite/18.1/nios2eds/bin/gnu/h-x86_64-mingw32/bin/../lib/gcc/nios2-elf/5.3.0/../../../../../H-x86_64-mingw32/nios2-elf/lib\libc.a(lib_a-memcmp.o)
                              ../control_bsp/\libhal_bsp.a(alt_find_dev.o) (memcmp)
c:/intelfpga_lite/18.1/nios2eds/bin/gnu/h-x86_64-mingw32/bin/../lib/gcc/nios2-elf/5.3.0/../../../../../H-x86_64-mingw32/nios2-elf/lib\libc.a(lib_a-memcpy.o)
                              ../control_bsp/\libhal_bsp.a(altera_avalon_jtag_uart_read.o) (memcpy)
c:/intelfpga_lite/18.1/nios2eds/bin/gnu/h-x86_64-mingw32/bin/../lib/gcc/nios2-elf/5.3.0/../../../../../H-x86_64-mingw32/nios2-elf/lib\libc.a(lib_a-strlen.o)
                              ../control_bsp/\libhal_bsp.a(alt_find_dev.o) (strlen)
c:/intelfpga_lite/18.1/nios2eds/bin/gnu/h-x86_64-mingw32/bin/../lib/gcc/nios2-elf/5.3.0/../../../../../H-x86_64-mingw32/nios2-elf/lib\libc.a(lib_a-__atexit.o)
                              c:/intelfpga_lite/18.1/nios2eds/bin/gnu/h-x86_64-mingw32/bin/../lib/gcc/nios2-elf/5.3.0/../../../../../H-x86_64-mingw32/nios2-elf/lib\libc.a(lib_a-atexit.o) (__register_exitproc)
c:/intelfpga_lite/18.1/nios2eds/bin/gnu/h-x86_64-mingw32/bin/../lib/gcc/nios2-elf/5.3.0/../../../../../H-x86_64-mingw32/nios2-elf/lib\libc.a(lib_a-__call_atexit.o)
                              c:/intelfpga_lite/18.1/nios2eds/bin/gnu/h-x86_64-mingw32/bin/../lib/gcc/nios2-elf/5.3.0/../../../../../H-x86_64-mingw32/nios2-elf/lib\libc.a(lib_a-exit.o) (__call_exitprocs)
c:/intelfpga_lite/18.1/nios2eds/bin/gnu/h-x86_64-mingw32/bin/../lib/gcc/nios2-elf/5.3.0\libgcc.a(lib2-divmod.o)
                              ../control_bsp/\libhal_bsp.a(alt_busy_sleep.o) (__udivsi3)
../control_bsp/\libhal_bsp.a(alt_exit.o)
                              c:/intelfpga_lite/18.1/nios2eds/bin/gnu/h-x86_64-mingw32/bin/../lib/gcc/nios2-elf/5.3.0/../../../../../H-x86_64-mingw32/nios2-elf/lib\libc.a(lib_a-exit.o) (_exit)

Allocating common symbols
Common symbol       size              file

alt_irq             0x100             ../control_bsp/\libhal_bsp.a(alt_irq_handler.o)
errno               0x4               c:/intelfpga_lite/18.1/nios2eds/bin/gnu/h-x86_64-mingw32/bin/../lib/gcc/nios2-elf/5.3.0/../../../../../H-x86_64-mingw32/nios2-elf/lib\libc.a(lib_a-int_errno.o)

Memory Configuration

Name             Origin             Length             Attributes
new_sdram_controller_0 0x0000000002000000 0x0000000002000000
reset            0x0000000004008000 0x0000000000000020
control_mem      0x0000000004008020 0x0000000000007fe0
*default*        0x0000000000000000 0xffffffffffffffff

Linker script and memory map

LOAD ../control_bsp//obj/HAL/src/crt0.o
LOAD obj/default/main.o
LOAD c:/intelfpga_lite/18.1/nios2eds/bin/gnu/h-x86_64-mingw32/bin/../lib/gcc/nios2-elf/5.3.0/../../../../../H-x86_64-mingw32/nios2-elf/lib\libstdc++.a
LOAD c:/intelfpga_lite/18.1/nios2eds/bin/gnu/h-x86_64-mingw32/bin/../lib/gcc/nios2-elf/5.3.0/../../../../../H-x86_64-mingw32/nios2-elf/lib\libm.a
LOAD c:/intelfpga_lite/18.1/nios2eds/bin/gnu/h-x86_64-mingw32/bin/../lib/gcc/nios2-elf/5.3.0\libgcc.a
START GROUP
LOAD c:/intelfpga_lite/18.1/nios2eds/bin/gnu/h-x86_64-mingw32/bin/../lib/gcc/nios2-elf/5.3.0/../../../../../H-x86_64-mingw32/nios2-elf/lib\libc.a
LOAD c:/intelfpga_lite/18.1/nios2eds/bin/gnu/h-x86_64-mingw32/bin/../lib/gcc/nios2-elf/5.3.0\libgcc.a
LOAD ../control_bsp/\libhal_bsp.a
LOAD c:/intelfpga_lite/18.1/nios2eds/bin/gnu/h-x86_64-mingw32/bin/../lib/gcc/nios2-elf/5.3.0/../../../../../H-x86_64-mingw32/nios2-elf/lib\libm.a
END GROUP
LOAD c:/intelfpga_lite/18.1/nios2eds/bin/gnu/h-x86_64-mingw32/bin/../lib/gcc/nios2-elf/5.3.0\libgcc.a
                0x0000000000000000                __alt_mem_new_sdram_controller_0 = 0x0
                0x0000000004008000                __alt_mem_control_mem = 0x4008000

.entry          0x0000000004008000       0x20
 *(.entry)
 .entry         0x0000000004008000       0x20 ../control_bsp//obj/HAL/src/crt0.o
                0x0000000004008000                __reset

.exceptions     0x0000000004008020      0x228 load address 0x0000000002000000
                0x0000000004008020                PROVIDE (__ram_exceptions_start, ABSOLUTE (.))
                0x0000000004008020                . = ALIGN (0x20)
 *(.irq)
 *(.exceptions.entry.label)
 .exceptions.entry.label
                0x0000000004008020        0x0 ../control_bsp/\libhal_bsp.a(alt_irq_entry.o)
                0x0000000004008020                alt_irq_entry
 .exceptions.entry.label
                0x0000000004008020        0x0 ../control_bsp/\libhal_bsp.a(alt_exception_entry.o)
                0x0000000004008020                alt_exception
 *(.exceptions.entry.user)
 *(.exceptions.entry.ecc_fatal)
 *(.exceptions.entry)
 .exceptions.entry
                0x0000000004008020       0x54 ../control_bsp/\libhal_bsp.a(alt_exception_entry.o)
 *(.exceptions.irqtest.user)
 *(.exceptions.irqtest)
 .exceptions.irqtest
                0x0000000004008074       0x10 ../control_bsp/\libhal_bsp.a(alt_irq_entry.o)
 *(.exceptions.irqhandler.user)
 *(.exceptions.irqhandler)
 .exceptions.irqhandler
                0x0000000004008084        0x4 ../control_bsp/\libhal_bsp.a(alt_irq_entry.o)
 *(.exceptions.irqreturn.user)
 *(.exceptions.irqreturn)
 .exceptions.irqreturn
                0x0000000004008088        0x4 ../control_bsp/\libhal_bsp.a(alt_irq_entry.o)
 *(.exceptions.notirq.label)
 .exceptions.notirq.label
                0x000000000400808c        0x0 ../control_bsp/\libhal_bsp.a(alt_irq_entry.o)
 *(.exceptions.notirq.user)
 *(.exceptions.notirq)
 .exceptions.notirq
                0x000000000400808c        0x8 ../control_bsp/\libhal_bsp.a(alt_exception_entry.o)
 *(.exceptions.soft.user)
 *(.exceptions.soft)
 *(.exceptions.unknown.user)
 *(.exceptions.unknown)
 .exceptions.unknown
                0x0000000004008094       0x14 ../control_bsp/\libhal_bsp.a(alt_exception_entry.o)
 *(.exceptions.exit.label)
 .exceptions.exit.label
                0x00000000040080a8        0x0 ../control_bsp/\libhal_bsp.a(alt_irq_entry.o)
 .exceptions.exit.label
                0x00000000040080a8        0x0 ../control_bsp/\libhal_bsp.a(alt_exception_entry.o)
 *(.exceptions.exit.user)
 *(.exceptions.exit)
 .exceptions.exit
                0x00000000040080a8       0x54 ../control_bsp/\libhal_bsp.a(alt_exception_entry.o)
 *(.exceptions)
 .exceptions    0x00000000040080fc       0xd8 ../control_bsp/\libhal_bsp.a(alt_irq_handler.o)
                0x00000000040080fc                alt_irq_handler
 .exceptions    0x00000000040081d4       0x74 ../control_bsp/\libhal_bsp.a(alt_instruction_exception_entry.o)
                0x00000000040081d4                alt_instruction_exception_entry
                0x0000000004008248                PROVIDE (__ram_exceptions_end, ABSOLUTE (.))
                0x0000000002000000                PROVIDE (__flash_exceptions_start, LOADADDR (.exceptions))

.text           0x0000000002000228     0x24fc
                [!provide]                        PROVIDE (stext, ABSOLUTE (.))
 *(.interp)
 *(.hash)
 *(.dynsym)
 *(.dynstr)
 *(.gnu.version)
 *(.gnu.version_d)
 *(.gnu.version_r)
 *(.rel.init)
 *(.rela.init)
 *(.rel.text .rel.text.* .rel.gnu.linkonce.t.*)
 *(.rela.text .rela.text.* .rela.gnu.linkonce.t.*)
 *(.rel.fini)
 *(.rela.fini)
 *(.rel.rodata .rel.rodata.* .rel.gnu.linkonce.r.*)
 *(.rela.rodata .rela.rodata.* .rela.gnu.linkonce.r.*)
 *(.rel.data .rel.data.* .rel.gnu.linkonce.d.*)
 *(.rela.data .rela.data.* .rela.gnu.linkonce.d.*)
 *(.rel.tdata .rel.tdata.* .rel.gnu.linkonce.td.*)
 *(.rela.tdata .rela.tdata.* .rela.gnu.linkonce.td.*)
 *(.rel.tbss .rel.tbss.* .rel.gnu.linkonce.tb.*)
 *(.rela.tbss .rela.tbss.* .rela.gnu.linkonce.tb.*)
 *(.rel.ctors)
 *(.rela.ctors)
 *(.rel.dtors)
 *(.rela.dtors)
 *(.rel.got)
 *(.rela.got)
 *(.rel.sdata .rel.sdata.* .rel.gnu.linkonce.s.*)
 *(.rela.sdata .rela.sdata.* .rela.gnu.linkonce.s.*)
 *(.rel.sbss .rel.sbss.* .rel.gnu.linkonce.sb.*)
 *(.rela.sbss .rela.sbss.* .rela.gnu.linkonce.sb.*)
 *(.rel.sdata2 .rel.sdata2.* .rel.gnu.linkonce.s2.*)
 *(.rela.sdata2 .rela.sdata2.* .rela.gnu.linkonce.s2.*)
 *(.rel.sbss2 .rel.sbss2.* .rel.gnu.linkonce.sb2.*)
 *(.rela.sbss2 .rela.sbss2.* .rela.gnu.linkonce.sb2.*)
 *(.rel.bss .rel.bss.* .rel.gnu.linkonce.b.*)
 *(.rela.bss .rela.bss.* .rela.gnu.linkonce.b.*)
 *(.rel.plt)
 *(.rela.plt)
 *(.rel.dyn)
 *(.init)
 *(.plt)
 *(.text .stub .text.* .gnu.linkonce.t.*)
 .text          0x0000000002000228       0x4c ../control_bsp//obj/HAL/src/crt0.o
                0x0000000002000228                _start
 .text          0x0000000002000274       0x4c obj/default/main.o
                0x0000000002000274                main
 .text          0x00000000020002c0       0xec ../control_bsp/\libhal_bsp.a(alt_load.o)
                0x0000000002000328                alt_load
 .text          0x00000000020003ac       0x7c ../control_bsp/\libhal_bsp.a(alt_main.o)
                0x00000000020003ac                alt_main
 .text          0x0000000002000428       0x30 ../control_bsp/\libhal_bsp.a(alt_usleep.o)
                0x0000000002000428                usleep
 .text          0x0000000002000458       0xc4 ../control_bsp/\libhal_bsp.a(alt_sys_init.o)
                0x000000000200048c                alt_irq_init
                0x00000000020004c4                alt_sys_init
 .text          0x000000000200051c      0x164 ../control_bsp/\libhal_bsp.a(altera_avalon_jtag_uart_fd.o)
                0x000000000200051c                altera_avalon_jtag_uart_read_fd
                0x000000000200057c                altera_avalon_jtag_uart_write_fd
                0x00000000020005dc                altera_avalon_jtag_uart_close_fd
                0x000000000200062c                altera_avalon_jtag_uart_ioctl_fd
 .text          0x0000000002000680      0x3cc ../control_bsp/\libhal_bsp.a(altera_avalon_jtag_uart_init.o)
                0x0000000002000680                altera_avalon_jtag_uart_init
                0x00000000020009e4                altera_avalon_jtag_uart_close
 .text          0x0000000002000a4c       0xf0 ../control_bsp/\libhal_bsp.a(altera_avalon_jtag_uart_ioctl.o)
                0x0000000002000a4c                altera_avalon_jtag_uart_ioctl
 .text          0x0000000002000b3c      0x21c ../control_bsp/\libhal_bsp.a(altera_avalon_jtag_uart_read.o)
                0x0000000002000b3c                altera_avalon_jtag_uart_read
 .text          0x0000000002000d58      0x224 ../control_bsp/\libhal_bsp.a(altera_avalon_jtag_uart_write.o)
                0x0000000002000d58                altera_avalon_jtag_uart_write
 .text          0x0000000002000f7c      0x12c ../control_bsp/\libhal_bsp.a(alt_alarm_start.o)
                0x0000000002000f7c                alt_alarm_start
 .text          0x00000000020010a8      0x158 ../control_bsp/\libhal_bsp.a(alt_busy_sleep.o)
                0x00000000020010a8                alt_busy_sleep
 .text          0x0000000002001200      0x10c ../control_bsp/\libhal_bsp.a(alt_close.o)
                0x000000000200123c                close
 .text          0x000000000200130c       0x48 ../control_bsp/\libhal_bsp.a(alt_dcache_flush_all.o)
                0x000000000200130c                alt_dcache_flush_all
 .text          0x0000000002001354       0x2c ../control_bsp/\libhal_bsp.a(alt_dev.o)
 .text          0x0000000002001380       0xe0 ../control_bsp/\libhal_bsp.a(alt_dev_llist_insert.o)
                0x00000000020013bc                alt_dev_llist_insert
 .text          0x0000000002001460       0x60 ../control_bsp/\libhal_bsp.a(alt_do_ctors.o)
                0x0000000002001460                _do_ctors
 .text          0x00000000020014c0       0x60 ../control_bsp/\libhal_bsp.a(alt_do_dtors.o)
                0x00000000020014c0                _do_dtors
 .text          0x0000000002001520        0x0 ../control_bsp/\libhal_bsp.a(alt_errno.o)
 .text          0x0000000002001520       0x34 ../control_bsp/\libhal_bsp.a(alt_icache_flush_all.o)
                0x0000000002001520                alt_icache_flush_all
 .text          0x0000000002001554      0x140 ../control_bsp/\libhal_bsp.a(alt_io_redirect.o)
                0x0000000002001618                alt_io_redirect
 .text          0x0000000002001694      0x180 ../control_bsp/\libhal_bsp.a(alt_irq_register.o)
                0x0000000002001694                alt_irq_register
 .text          0x0000000002001814        0x0 ../control_bsp/\libhal_bsp.a(alt_irq_vars.o)
 .text          0x0000000002001814      0x254 ../control_bsp/\libhal_bsp.a(alt_open.o)
                0x0000000002001914                open
 .text          0x0000000002001a68       0x64 ../control_bsp/\libhal_bsp.a(alt_release_fd.o)
                0x0000000002001a68                alt_release_fd
 .text          0x0000000002001acc      0x1a4 ../control_bsp/\libhal_bsp.a(alt_tick.o)
                0x0000000002001acc                alt_alarm_stop
                0x0000000002001b68                alt_tick
 .text          0x0000000002001c70       0x24 ../control_bsp/\libhal_bsp.a(altera_nios2_gen2_irq.o)
                0x0000000002001c70                altera_nios2_gen2_irq_init
 .text          0x0000000002001c94       0x90 ../control_bsp/\libhal_bsp.a(alt_find_dev.o)
                0x0000000002001c94                alt_find_dev
 .text          0x0000000002001d24      0x108 ../control_bsp/\libhal_bsp.a(alt_find_file.o)
                0x0000000002001d24                alt_find_file
 .text          0x0000000002001e2c       0xa4 ../control_bsp/\libhal_bsp.a(alt_get_fd.o)
                0x0000000002001e2c                alt_get_fd
 .text          0x0000000002001ed0       0x90 ../control_bsp/\libhal_bsp.a(alt_icache_flush.o)
                0x0000000002001ed0                alt_icache_flush
 .text          0x0000000002001f60        0x0 ../control_bsp/\libhal_bsp.a(alt_irq_entry.o)
 .text          0x0000000002001f60        0x0 ../control_bsp/\libhal_bsp.a(alt_irq_handler.o)
 .text          0x0000000002001f60        0x0 ../control_bsp/\libhal_bsp.a(alt_exception_entry.o)
 .text          0x0000000002001f60       0x9c ../control_bsp/\libhal_bsp.a(alt_instruction_exception_entry.o)
                0x0000000002001f60                alt_exception_cause_generated_bad_addr
 .text          0x0000000002001ffc        0x0 c:/intelfpga_lite/18.1/nios2eds/bin/gnu/h-x86_64-mingw32/bin/../lib/gcc/nios2-elf/5.3.0/../../../../../H-x86_64-mingw32/nios2-elf/lib\libc.a(lib_a-atexit.o)
 .text.atexit   0x0000000002001ffc       0x14 c:/intelfpga_lite/18.1/nios2eds/bin/gnu/h-x86_64-mingw32/bin/../lib/gcc/nios2-elf/5.3.0/../../../../../H-x86_64-mingw32/nios2-elf/lib\libc.a(lib_a-atexit.o)
                0x0000000002001ffc                atexit
 .text          0x0000000002002010        0x0 c:/intelfpga_lite/18.1/nios2eds/bin/gnu/h-x86_64-mingw32/bin/../lib/gcc/nios2-elf/5.3.0/../../../../../H-x86_64-mingw32/nios2-elf/lib\libc.a(lib_a-exit.o)
 .text.exit     0x0000000002002010       0x38 c:/intelfpga_lite/18.1/nios2eds/bin/gnu/h-x86_64-mingw32/bin/../lib/gcc/nios2-elf/5.3.0/../../../../../H-x86_64-mingw32/nios2-elf/lib\libc.a(lib_a-exit.o)
                0x0000000002002010                exit
 .text          0x0000000002002048        0x0 c:/intelfpga_lite/18.1/nios2eds/bin/gnu/h-x86_64-mingw32/bin/../lib/gcc/nios2-elf/5.3.0/../../../../../H-x86_64-mingw32/nios2-elf/lib\libc.a(lib_a-impure.o)
 .text          0x0000000002002048        0x0 c:/intelfpga_lite/18.1/nios2eds/bin/gnu/h-x86_64-mingw32/bin/../lib/gcc/nios2-elf/5.3.0/../../../../../H-x86_64-mingw32/nios2-elf/lib\libc.a(lib_a-int_errno.o)
 .text          0x0000000002002048        0x0 c:/intelfpga_lite/18.1/nios2eds/bin/gnu/h-x86_64-mingw32/bin/../lib/gcc/nios2-elf/5.3.0/../../../../../H-x86_64-mingw32/nios2-elf/lib\libc.a(lib_a-memcmp.o)
 .text.memcmp   0x0000000002002048       0x7c c:/intelfpga_lite/18.1/nios2eds/bin/gnu/h-x86_64-mingw32/bin/../lib/gcc/nios2-elf/5.3.0/../../../../../H-x86_64-mingw32/nios2-elf/lib\libc.a(lib_a-memcmp.o)
                0x0000000002002048                memcmp
 .text          0x00000000020020c4        0x0 c:/intelfpga_lite/18.1/nios2eds/bin/gnu/h-x86_64-mingw32/bin/../lib/gcc/nios2-elf/5.3.0/../../../../../H-x86_64-mingw32/nios2-elf/lib\libc.a(lib_a-memcpy.o)
 .text.memcpy   0x00000000020020c4      0x148 c:/intelfpga_lite/18.1/nios2eds/bin/gnu/h-x86_64-mingw32/bin/../lib/gcc/nios2-elf/5.3.0/../../../../../H-x86_64-mingw32/nios2-elf/lib\libc.a(lib_a-memcpy.o)
                0x00000000020020c4                memcpy
 .text          0x000000000200220c        0x0 c:/intelfpga_lite/18.1/nios2eds/bin/gnu/h-x86_64-mingw32/bin/../lib/gcc/nios2-elf/5.3.0/../../../../../H-x86_64-mingw32/nios2-elf/lib\libc.a(lib_a-strlen.o)
 .text.strlen   0x000000000200220c       0x98 c:/intelfpga_lite/18.1/nios2eds/bin/gnu/h-x86_64-mingw32/bin/../lib/gcc/nios2-elf/5.3.0/../../../../../H-x86_64-mingw32/nios2-elf/lib\libc.a(lib_a-strlen.o)
                0x000000000200220c                strlen
 .text          0x00000000020022a4        0x0 c:/intelfpga_lite/18.1/nios2eds/bin/gnu/h-x86_64-mingw32/bin/../lib/gcc/nios2-elf/5.3.0/../../../../../H-x86_64-mingw32/nios2-elf/lib\libc.a(lib_a-__atexit.o)
 .text.__register_exitproc
                0x00000000020022a4      0x118 c:/intelfpga_lite/18.1/nios2eds/bin/gnu/h-x86_64-mingw32/bin/../lib/gcc/nios2-elf/5.3.0/../../../../../H-x86_64-mingw32/nios2-elf/lib\libc.a(lib_a-__atexit.o)
                0x00000000020022a4                __register_exitproc
 .text          0x00000000020023bc        0x0 c:/intelfpga_lite/18.1/nios2eds/bin/gnu/h-x86_64-mingw32/bin/../lib/gcc/nios2-elf/5.3.0/../../../../../H-x86_64-mingw32/nios2-elf/lib\libc.a(lib_a-__call_atexit.o)
 .text.__call_exitprocs
                0x00000000020023bc      0x180 c:/intelfpga_lite/18.1/nios2eds/bin/gnu/h-x86_64-mingw32/bin/../lib/gcc/nios2-elf/5.3.0/../../../../../H-x86_64-mingw32/nios2-elf/lib\libc.a(lib_a-__call_atexit.o)
                0x00000000020023bc                __call_exitprocs
 .text          0x000000000200253c      0x1b4 c:/intelfpga_lite/18.1/nios2eds/bin/gnu/h-x86_64-mingw32/bin/../lib/gcc/nios2-elf/5.3.0\libgcc.a(lib2-divmod.o)
                0x000000000200253c                __divsi3
                0x00000000020025c0                __modsi3
                0x0000000002002634                __udivsi3
                0x0000000002002698                __umodsi3
 .text          0x00000000020026f0       0x34 ../control_bsp/\libhal_bsp.a(alt_exit.o)
                0x00000000020026f0                _exit
 *(.gnu.warning.*)
 *(.fini)
                [!provide]                        PROVIDE (__etext, ABSOLUTE (.))
                [!provide]                        PROVIDE (_etext, ABSOLUTE (.))
                [!provide]                        PROVIDE (etext, ABSOLUTE (.))
 *(.eh_frame_hdr)
                0x0000000002002724                . = ALIGN (0x4)
                [!provide]                        PROVIDE (__preinit_array_start, ABSOLUTE (.))
 *(.preinit_array)
                [!provide]                        PROVIDE (__preinit_array_end, ABSOLUTE (.))
                [!provide]                        PROVIDE (__init_array_start, ABSOLUTE (.))
 *(.init_array)
                [!provide]                        PROVIDE (__init_array_end, ABSOLUTE (.))
                [!provide]                        PROVIDE (__fini_array_start, ABSOLUTE (.))
 *(.fini_array)
                [!provide]                        PROVIDE (__fini_array_end, ABSOLUTE (.))
 *(.eh_frame)
 *(.gcc_except_table .gcc_except_table.*)
 *(.dynamic)
                0x0000000002002724                PROVIDE (__CTOR_LIST__, ABSOLUTE (.))
 *(.ctors)
 *(SORT(.ctors.*))
                0x0000000002002724                PROVIDE (__CTOR_END__, ABSOLUTE (.))
                0x0000000002002724                PROVIDE (__DTOR_LIST__, ABSOLUTE (.))
 *(.dtors)
 *(SORT(.dtors.*))
                0x0000000002002724                PROVIDE (__DTOR_END__, ABSOLUTE (.))
 *(.jcr)
                0x0000000002002724                . = ALIGN (0x4)

.rodata         0x0000000002002724       0x54
                0x0000000002002724                PROVIDE (__ram_rodata_start, ABSOLUTE (.))
                0x0000000002002724                . = ALIGN (0x4)
 *(.rodata .rodata.* .gnu.linkonce.r.*)
 .rodata        0x0000000002002724       0x11 ../control_bsp/\libhal_bsp.a(alt_main.o)
 *fill*         0x0000000002002735        0x3 
 .rodata        0x0000000002002738       0x2d ../control_bsp/\libhal_bsp.a(alt_sys_init.o)
 *fill*         0x0000000002002765        0x3 
 .rodata        0x0000000002002768        0xa ../control_bsp/\libhal_bsp.a(alt_dev.o)
 *fill*         0x0000000002002772        0x2 
 .rodata.str1.4
                0x0000000002002774        0x4 c:/intelfpga_lite/18.1/nios2eds/bin/gnu/h-x86_64-mingw32/bin/../lib/gcc/nios2-elf/5.3.0/../../../../../H-x86_64-mingw32/nios2-elf/lib\libc.a(lib_a-impure.o)
                                          0x2 (size before relaxing)
 *(.rodata1)
                0x0000000002002778                . = ALIGN (0x4)
                0x0000000002002778                PROVIDE (__ram_rodata_end, ABSOLUTE (.))
                0x0000000002002724                PROVIDE (__flash_rodata_start, LOADADDR (.rodata))

.rwdata         0x0000000002002778     0x1684 load address 0x0000000002003dfc
                0x0000000002002778                PROVIDE (__ram_rwdata_start, ABSOLUTE (.))
                0x0000000002002778                . = ALIGN (0x4)
 *(.got.plt)
 *(.got)
 *(.data1)
 *(.data .data.* .gnu.linkonce.d.*)
 .data          0x0000000002002778        0x0 ../control_bsp//obj/HAL/src/crt0.o
 .data          0x0000000002002778        0x0 obj/default/main.o
 .data          0x0000000002002778        0x0 ../control_bsp/\libhal_bsp.a(alt_load.o)
 .data          0x0000000002002778        0x0 ../control_bsp/\libhal_bsp.a(alt_main.o)
 .data          0x0000000002002778        0x0 ../control_bsp/\libhal_bsp.a(alt_usleep.o)
 .data          0x0000000002002778     0x108c ../control_bsp/\libhal_bsp.a(alt_sys_init.o)
 .data          0x0000000002003804        0x0 ../control_bsp/\libhal_bsp.a(altera_avalon_jtag_uart_fd.o)
 .data          0x0000000002003804        0x0 ../control_bsp/\libhal_bsp.a(altera_avalon_jtag_uart_init.o)
 .data          0x0000000002003804        0x0 ../control_bsp/\libhal_bsp.a(altera_avalon_jtag_uart_ioctl.o)
 .data          0x0000000002003804        0x0 ../control_bsp/\libhal_bsp.a(altera_avalon_jtag_uart_read.o)
 .data          0x0000000002003804        0x0 ../control_bsp/\libhal_bsp.a(altera_avalon_jtag_uart_write.o)
 .data          0x0000000002003804        0x0 ../control_bsp/\libhal_bsp.a(alt_alarm_start.o)
 .data          0x0000000002003804        0x0 ../control_bsp/\libhal_bsp.a(alt_busy_sleep.o)
 .data          0x0000000002003804        0x0 ../control_bsp/\libhal_bsp.a(alt_close.o)
 .data          0x0000000002003804        0x0 ../control_bsp/\libhal_bsp.a(alt_dcache_flush_all.o)
 .data          0x0000000002003804      0x1a8 ../control_bsp/\libhal_bsp.a(alt_dev.o)
                0x0000000002003804                alt_dev_null
                0x000000000200382c                alt_fd_list
 .data          0x00000000020039ac        0x0 ../control_bsp/\libhal_bsp.a(alt_dev_llist_insert.o)
 .data          0x00000000020039ac        0x0 ../control_bsp/\libhal_bsp.a(alt_do_ctors.o)
 .data          0x00000000020039ac        0x0 ../control_bsp/\libhal_bsp.a(alt_do_dtors.o)
 .data          0x00000000020039ac        0x0 ../control_bsp/\libhal_bsp.a(alt_errno.o)
 .data          0x00000000020039ac        0x0 ../control_bsp/\libhal_bsp.a(alt_icache_flush_all.o)
 .data          0x00000000020039ac        0x0 ../control_bsp/\libhal_bsp.a(alt_io_redirect.o)
 .data          0x00000000020039ac        0x0 ../control_bsp/\libhal_bsp.a(alt_irq_register.o)
 .data          0x00000000020039ac        0x0 ../control_bsp/\libhal_bsp.a(alt_irq_vars.o)
 .data          0x00000000020039ac        0x0 ../control_bsp/\libhal_bsp.a(alt_open.o)
 .data          0x00000000020039ac        0x0 ../control_bsp/\libhal_bsp.a(alt_release_fd.o)
 .data          0x00000000020039ac        0x0 ../control_bsp/\libhal_bsp.a(alt_tick.o)
 .data          0x00000000020039ac        0x0 ../control_bsp/\libhal_bsp.a(altera_nios2_gen2_irq.o)
 .data          0x00000000020039ac        0x0 ../control_bsp/\libhal_bsp.a(alt_find_dev.o)
 .data          0x00000000020039ac        0x0 ../control_bsp/\libhal_bsp.a(alt_find_file.o)
 .data          0x00000000020039ac        0x0 ../control_bsp/\libhal_bsp.a(alt_get_fd.o)
 .data          0x00000000020039ac        0x0 ../control_bsp/\libhal_bsp.a(alt_icache_flush.o)
 .data          0x00000000020039ac        0x0 ../control_bsp/\libhal_bsp.a(alt_irq_entry.o)
 .data          0x00000000020039ac        0x0 ../control_bsp/\libhal_bsp.a(alt_irq_handler.o)
 .data          0x00000000020039ac        0x0 ../control_bsp/\libhal_bsp.a(alt_exception_entry.o)
 .data          0x00000000020039ac        0x0 ../control_bsp/\libhal_bsp.a(alt_instruction_exception_entry.o)
 .data          0x00000000020039ac        0x0 c:/intelfpga_lite/18.1/nios2eds/bin/gnu/h-x86_64-mingw32/bin/../lib/gcc/nios2-elf/5.3.0/../../../../../H-x86_64-mingw32/nios2-elf/lib\libc.a(lib_a-atexit.o)
 .data          0x00000000020039ac        0x0 c:/intelfpga_lite/18.1/nios2eds/bin/gnu/h-x86_64-mingw32/bin/../lib/gcc/nios2-elf/5.3.0/../../../../../H-x86_64-mingw32/nios2-elf/lib\libc.a(lib_a-exit.o)
 .data          0x00000000020039ac        0x0 c:/intelfpga_lite/18.1/nios2eds/bin/gnu/h-x86_64-mingw32/bin/../lib/gcc/nios2-elf/5.3.0/../../../../../H-x86_64-mingw32/nios2-elf/lib\libc.a(lib_a-impure.o)
 .data.impure_data
                0x00000000020039ac      0x424 c:/intelfpga_lite/18.1/nios2eds/bin/gnu/h-x86_64-mingw32/bin/../lib/gcc/nios2-elf/5.3.0/../../../../../H-x86_64-mingw32/nios2-elf/lib\libc.a(lib_a-impure.o)
 .data          0x0000000002003dd0        0x0 c:/intelfpga_lite/18.1/nios2eds/bin/gnu/h-x86_64-mingw32/bin/../lib/gcc/nios2-elf/5.3.0/../../../../../H-x86_64-mingw32/nios2-elf/lib\libc.a(lib_a-int_errno.o)
 .data          0x0000000002003dd0        0x0 c:/intelfpga_lite/18.1/nios2eds/bin/gnu/h-x86_64-mingw32/bin/../lib/gcc/nios2-elf/5.3.0/../../../../../H-x86_64-mingw32/nios2-elf/lib\libc.a(lib_a-memcmp.o)
 .data          0x0000000002003dd0        0x0 c:/intelfpga_lite/18.1/nios2eds/bin/gnu/h-x86_64-mingw32/bin/../lib/gcc/nios2-elf/5.3.0/../../../../../H-x86_64-mingw32/nios2-elf/lib\libc.a(lib_a-memcpy.o)
 .data          0x0000000002003dd0        0x0 c:/intelfpga_lite/18.1/nios2eds/bin/gnu/h-x86_64-mingw32/bin/../lib/gcc/nios2-elf/5.3.0/../../../../../H-x86_64-mingw32/nios2-elf/lib\libc.a(lib_a-strlen.o)
 .data          0x0000000002003dd0        0x0 c:/intelfpga_lite/18.1/nios2eds/bin/gnu/h-x86_64-mingw32/bin/../lib/gcc/nios2-elf/5.3.0/../../../../../H-x86_64-mingw32/nios2-elf/lib\libc.a(lib_a-__atexit.o)
 .data          0x0000000002003dd0        0x0 c:/intelfpga_lite/18.1/nios2eds/bin/gnu/h-x86_64-mingw32/bin/../lib/gcc/nios2-elf/5.3.0/../../../../../H-x86_64-mingw32/nios2-elf/lib\libc.a(lib_a-__call_atexit.o)
 .data          0x0000000002003dd0        0x0 c:/intelfpga_lite/18.1/nios2eds/bin/gnu/h-x86_64-mingw32/bin/../lib/gcc/nios2-elf/5.3.0\libgcc.a(lib2-divmod.o)
 .data          0x0000000002003dd0        0x0 ../control_bsp/\libhal_bsp.a(alt_exit.o)
                0x000000000200bdd0                _gp = ABSOLUTE ((. + 0x8000))
                [!provide]                        PROVIDE (gp, _gp)
 *(.rwdata .rwdata.*)
 *(.sdata .sdata.* .gnu.linkonce.s.*)
 .sdata         0x0000000002003dd0       0x14 ../control_bsp/\libhal_bsp.a(alt_dev.o)
                0x0000000002003dd0                alt_fs_list
                0x0000000002003dd8                alt_dev_list
                0x0000000002003de0                alt_max_fd
 .sdata         0x0000000002003de4        0x4 ../control_bsp/\libhal_bsp.a(alt_errno.o)
                0x0000000002003de4                alt_errno
 .sdata         0x0000000002003de8        0x4 ../control_bsp/\libhal_bsp.a(alt_irq_vars.o)
                0x0000000002003de8                alt_priority_mask
 .sdata         0x0000000002003dec        0x8 ../control_bsp/\libhal_bsp.a(alt_tick.o)
                0x0000000002003dec                alt_alarm_list
 .sdata._global_impure_ptr
                0x0000000002003df4        0x4 c:/intelfpga_lite/18.1/nios2eds/bin/gnu/h-x86_64-mingw32/bin/../lib/gcc/nios2-elf/5.3.0/../../../../../H-x86_64-mingw32/nios2-elf/lib\libc.a(lib_a-impure.o)
                0x0000000002003df4                _global_impure_ptr
 .sdata._impure_ptr
                0x0000000002003df8        0x4 c:/intelfpga_lite/18.1/nios2eds/bin/gnu/h-x86_64-mingw32/bin/../lib/gcc/nios2-elf/5.3.0/../../../../../H-x86_64-mingw32/nios2-elf/lib\libc.a(lib_a-impure.o)
                0x0000000002003df8                _impure_ptr
 *(.sdata2 .sdata2.* .gnu.linkonce.s2.*)
                0x0000000002003dfc                . = ALIGN (0x4)
                0x0000000002003dfc                _edata = ABSOLUTE (.)
                [!provide]                        PROVIDE (edata, ABSOLUTE (.))
                0x0000000002003dfc                PROVIDE (__ram_rwdata_end, ABSOLUTE (.))
                0x0000000002003dfc                PROVIDE (__flash_rwdata_start, LOADADDR (.rwdata))

.bss            0x0000000002005480      0x120
                0x0000000002005480                __bss_start = ABSOLUTE (.)
                [!provide]                        PROVIDE (__sbss_start, ABSOLUTE (.))
                [!provide]                        PROVIDE (___sbss_start, ABSOLUTE (.))
 *(.dynsbss)
 *(.sbss .sbss.* .gnu.linkonce.sb.*)
 .sbss          0x0000000002005480        0xc ../control_bsp/\libhal_bsp.a(alt_main.o)
                0x0000000002005480                alt_argc
                0x0000000002005484                alt_argv
                0x0000000002005488                alt_envp
 .sbss          0x000000000200548c        0x4 ../control_bsp/\libhal_bsp.a(alt_irq_vars.o)
                0x000000000200548c                alt_irq_active
 .sbss          0x0000000002005490        0x8 ../control_bsp/\libhal_bsp.a(alt_tick.o)
                0x0000000002005490                _alt_tick_rate
                0x0000000002005494                _alt_nticks
 .sbss          0x0000000002005498        0x4 ../control_bsp/\libhal_bsp.a(alt_instruction_exception_entry.o)
                0x0000000002005498                alt_instruction_exception_handler
 .sbss          0x000000000200549c        0x4 c:/intelfpga_lite/18.1/nios2eds/bin/gnu/h-x86_64-mingw32/bin/../lib/gcc/nios2-elf/5.3.0/../../../../../H-x86_64-mingw32/nios2-elf/lib\libc.a(lib_a-int_errno.o)
                0x000000000200549c                errno
 *(.sbss2 .sbss2.* .gnu.linkonce.sb2.*)
 *(.scommon)
                [!provide]                        PROVIDE (__sbss_end, ABSOLUTE (.))
                [!provide]                        PROVIDE (___sbss_end, ABSOLUTE (.))
 *(.dynbss)
 *(.bss .bss.* .gnu.linkonce.b.*)
 .bss           0x00000000020054a0        0x0 ../control_bsp//obj/HAL/src/crt0.o
 .bss           0x00000000020054a0        0x0 obj/default/main.o
 .bss           0x00000000020054a0        0x0 ../control_bsp/\libhal_bsp.a(alt_load.o)
 .bss           0x00000000020054a0        0x0 ../control_bsp/\libhal_bsp.a(alt_main.o)
 .bss           0x00000000020054a0        0x0 ../control_bsp/\libhal_bsp.a(alt_usleep.o)
 .bss           0x00000000020054a0        0x0 ../control_bsp/\libhal_bsp.a(alt_sys_init.o)
 .bss           0x00000000020054a0        0x0 ../control_bsp/\libhal_bsp.a(altera_avalon_jtag_uart_fd.o)
 .bss           0x00000000020054a0        0x0 ../control_bsp/\libhal_bsp.a(altera_avalon_jtag_uart_init.o)
 .bss           0x00000000020054a0        0x0 ../control_bsp/\libhal_bsp.a(altera_avalon_jtag_uart_ioctl.o)
 .bss           0x00000000020054a0        0x0 ../control_bsp/\libhal_bsp.a(altera_avalon_jtag_uart_read.o)
 .bss           0x00000000020054a0        0x0 ../control_bsp/\libhal_bsp.a(altera_avalon_jtag_uart_write.o)
 .bss           0x00000000020054a0        0x0 ../control_bsp/\libhal_bsp.a(alt_alarm_start.o)
 .bss           0x00000000020054a0        0x0 ../control_bsp/\libhal_bsp.a(alt_busy_sleep.o)
 .bss           0x00000000020054a0        0x0 ../control_bsp/\libhal_bsp.a(alt_close.o)
 .bss           0x00000000020054a0        0x0 ../control_bsp/\libhal_bsp.a(alt_dcache_flush_all.o)
 .bss           0x00000000020054a0        0x0 ../control_bsp/\libhal_bsp.a(alt_dev.o)
 .bss           0x00000000020054a0        0x0 ../control_bsp/\libhal_bsp.a(alt_dev_llist_insert.o)
 .bss           0x00000000020054a0        0x0 ../control_bsp/\libhal_bsp.a(alt_do_ctors.o)
 .bss           0x00000000020054a0        0x0 ../control_bsp/\libhal_bsp.a(alt_do_dtors.o)
 .bss           0x00000000020054a0        0x0 ../control_bsp/\libhal_bsp.a(alt_errno.o)
 .bss           0x00000000020054a0        0x0 ../control_bsp/\libhal_bsp.a(alt_icache_flush_all.o)
 .bss           0x00000000020054a0        0x0 ../control_bsp/\libhal_bsp.a(alt_io_redirect.o)
 .bss           0x00000000020054a0        0x0 ../control_bsp/\libhal_bsp.a(alt_irq_register.o)
 .bss           0x00000000020054a0        0x0 ../control_bsp/\libhal_bsp.a(alt_irq_vars.o)
 .bss           0x00000000020054a0        0x0 ../control_bsp/\libhal_bsp.a(alt_open.o)
 .bss           0x00000000020054a0        0x0 ../control_bsp/\libhal_bsp.a(alt_release_fd.o)
 .bss           0x00000000020054a0        0x0 ../control_bsp/\libhal_bsp.a(alt_tick.o)
 .bss           0x00000000020054a0        0x0 ../control_bsp/\libhal_bsp.a(altera_nios2_gen2_irq.o)
 .bss           0x00000000020054a0        0x0 ../control_bsp/\libhal_bsp.a(alt_find_dev.o)
 .bss           0x00000000020054a0        0x0 ../control_bsp/\libhal_bsp.a(alt_find_file.o)
 .bss           0x00000000020054a0        0x0 ../control_bsp/\libhal_bsp.a(alt_get_fd.o)
 .bss           0x00000000020054a0        0x0 ../control_bsp/\libhal_bsp.a(alt_icache_flush.o)
 .bss           0x00000000020054a0        0x0 ../control_bsp/\libhal_bsp.a(alt_irq_entry.o)
 .bss           0x00000000020054a0        0x0 ../control_bsp/\libhal_bsp.a(alt_irq_handler.o)
 .bss           0x00000000020054a0        0x0 ../control_bsp/\libhal_bsp.a(alt_exception_entry.o)
 .bss           0x00000000020054a0        0x0 ../control_bsp/\libhal_bsp.a(alt_instruction_exception_entry.o)
 .bss           0x00000000020054a0        0x0 c:/intelfpga_lite/18.1/nios2eds/bin/gnu/h-x86_64-mingw32/bin/../lib/gcc/nios2-elf/5.3.0/../../../../../H-x86_64-mingw32/nios2-elf/lib\libc.a(lib_a-atexit.o)
 .bss           0x00000000020054a0        0x0 c:/intelfpga_lite/18.1/nios2eds/bin/gnu/h-x86_64-mingw32/bin/../lib/gcc/nios2-elf/5.3.0/../../../../../H-x86_64-mingw32/nios2-elf/lib\libc.a(lib_a-exit.o)
 .bss           0x00000000020054a0        0x0 c:/intelfpga_lite/18.1/nios2eds/bin/gnu/h-x86_64-mingw32/bin/../lib/gcc/nios2-elf/5.3.0/../../../../../H-x86_64-mingw32/nios2-elf/lib\libc.a(lib_a-impure.o)
 .bss           0x00000000020054a0        0x0 c:/intelfpga_lite/18.1/nios2eds/bin/gnu/h-x86_64-mingw32/bin/../lib/gcc/nios2-elf/5.3.0/../../../../../H-x86_64-mingw32/nios2-elf/lib\libc.a(lib_a-int_errno.o)
 .bss           0x00000000020054a0        0x0 c:/intelfpga_lite/18.1/nios2eds/bin/gnu/h-x86_64-mingw32/bin/../lib/gcc/nios2-elf/5.3.0/../../../../../H-x86_64-mingw32/nios2-elf/lib\libc.a(lib_a-memcmp.o)
 .bss           0x00000000020054a0        0x0 c:/intelfpga_lite/18.1/nios2eds/bin/gnu/h-x86_64-mingw32/bin/../lib/gcc/nios2-elf/5.3.0/../../../../../H-x86_64-mingw32/nios2-elf/lib\libc.a(lib_a-memcpy.o)
 .bss           0x00000000020054a0        0x0 c:/intelfpga_lite/18.1/nios2eds/bin/gnu/h-x86_64-mingw32/bin/../lib/gcc/nios2-elf/5.3.0/../../../../../H-x86_64-mingw32/nios2-elf/lib\libc.a(lib_a-strlen.o)
 .bss           0x00000000020054a0        0x0 c:/intelfpga_lite/18.1/nios2eds/bin/gnu/h-x86_64-mingw32/bin/../lib/gcc/nios2-elf/5.3.0/../../../../../H-x86_64-mingw32/nios2-elf/lib\libc.a(lib_a-__atexit.o)
 .bss           0x00000000020054a0        0x0 c:/intelfpga_lite/18.1/nios2eds/bin/gnu/h-x86_64-mingw32/bin/../lib/gcc/nios2-elf/5.3.0/../../../../../H-x86_64-mingw32/nios2-elf/lib\libc.a(lib_a-__call_atexit.o)
 .bss           0x00000000020054a0        0x0 c:/intelfpga_lite/18.1/nios2eds/bin/gnu/h-x86_64-mingw32/bin/../lib/gcc/nios2-elf/5.3.0\libgcc.a(lib2-divmod.o)
 .bss           0x00000000020054a0        0x0 ../control_bsp/\libhal_bsp.a(alt_exit.o)
 *(COMMON)
 COMMON         0x00000000020054a0      0x100 ../control_bsp/\libhal_bsp.a(alt_irq_handler.o)
                0x00000000020054a0                alt_irq
                0x00000000020055a0                . = ALIGN (0x4)
                0x00000000020055a0                __bss_end = ABSOLUTE (.)

.new_sdram_controller_0
                0x00000000020055a0        0x0
                [!provide]                        PROVIDE (_alt_partition_new_sdram_controller_0_start, ABSOLUTE (.))
 *(.new_sdram_controller_0 .new_sdram_controller_0. new_sdram_controller_0.*)
                0x00000000020055a0                . = ALIGN (0x4)
                [!provide]                        PROVIDE (_alt_partition_new_sdram_controller_0_end, ABSOLUTE (.))
                0x00000000020055a0                _end = ABSOLUTE (.)
                0x00000000020055a0                end = ABSOLUTE (.)
                0x00000000020055a0                __alt_stack_base = ABSOLUTE (.)
                [!provide]                        PROVIDE (_alt_partition_new_sdram_controller_0_load_addr, LOADADDR (.new_sdram_controller_0))

.control_mem    0x0000000004008248        0x0 load address 0x00000000020055a0
                [!provide]                        PROVIDE (_alt_partition_control_mem_start, ABSOLUTE (.))
 *(.control_mem .control_mem. control_mem.*)
                0x0000000004008248                . = ALIGN (0x4)
                [!provide]                        PROVIDE (_alt_partition_control_mem_end, ABSOLUTE (.))
                [!provide]                        PROVIDE (_alt_partition_control_mem_load_addr, LOADADDR (.control_mem))

.stab
 *(.stab)

.stabstr
 *(.stabstr)

.stab.excl
 *(.stab.excl)

.stab.exclstr
 *(.stab.exclstr)

.stab.index
 *(.stab.index)

.stab.indexstr
 *(.stab.indexstr)

.comment        0x0000000000000000       0x23
 *(.comment)
 .comment       0x0000000000000000       0x23 obj/default/main.o
                                         0x24 (size before relaxing)
 .comment       0x0000000000000023       0x24 ../control_bsp/\libhal_bsp.a(alt_load.o)
 .comment       0x0000000000000023       0x24 ../control_bsp/\libhal_bsp.a(alt_main.o)
 .comment       0x0000000000000023       0x24 ../control_bsp/\libhal_bsp.a(alt_usleep.o)
 .comment       0x0000000000000023       0x24 ../control_bsp/\libhal_bsp.a(alt_sys_init.o)
 .comment       0x0000000000000023       0x24 ../control_bsp/\libhal_bsp.a(altera_avalon_jtag_uart_fd.o)
 .comment       0x0000000000000023       0x24 ../control_bsp/\libhal_bsp.a(altera_avalon_jtag_uart_init.o)
 .comment       0x0000000000000023       0x24 ../control_bsp/\libhal_bsp.a(altera_avalon_jtag_uart_ioctl.o)
 .comment       0x0000000000000023       0x24 ../control_bsp/\libhal_bsp.a(altera_avalon_jtag_uart_read.o)
 .comment       0x0000000000000023       0x24 ../control_bsp/\libhal_bsp.a(altera_avalon_jtag_uart_write.o)
 .comment       0x0000000000000023       0x24 ../control_bsp/\libhal_bsp.a(alt_alarm_start.o)
 .comment       0x0000000000000023       0x24 ../control_bsp/\libhal_bsp.a(alt_busy_sleep.o)
 .comment       0x0000000000000023       0x24 ../control_bsp/\libhal_bsp.a(alt_close.o)
 .comment       0x0000000000000023       0x24 ../control_bsp/\libhal_bsp.a(alt_dcache_flush_all.o)
 .comment       0x0000000000000023       0x24 ../control_bsp/\libhal_bsp.a(alt_dev.o)
 .comment       0x0000000000000023       0x24 ../control_bsp/\libhal_bsp.a(alt_dev_llist_insert.o)
 .comment       0x0000000000000023       0x24 ../control_bsp/\libhal_bsp.a(alt_do_ctors.o)
 .comment       0x0000000000000023       0x24 ../control_bsp/\libhal_bsp.a(alt_do_dtors.o)
 .comment       0x0000000000000023       0x24 ../control_bsp/\libhal_bsp.a(alt_errno.o)
 .comment       0x0000000000000023       0x24 ../control_bsp/\libhal_bsp.a(alt_icache_flush_all.o)
 .comment       0x0000000000000023       0x24 ../control_bsp/\libhal_bsp.a(alt_io_redirect.o)
 .comment       0x0000000000000023       0x24 ../control_bsp/\libhal_bsp.a(alt_irq_register.o)
 .comment       0x0000000000000023       0x24 ../control_bsp/\libhal_bsp.a(alt_irq_vars.o)
 .comment       0x0000000000000023       0x24 ../control_bsp/\libhal_bsp.a(alt_open.o)
 .comment       0x0000000000000023       0x24 ../control_bsp/\libhal_bsp.a(alt_release_fd.o)
 .comment       0x0000000000000023       0x24 ../control_bsp/\libhal_bsp.a(alt_tick.o)
 .comment       0x0000000000000023       0x24 ../control_bsp/\libhal_bsp.a(altera_nios2_gen2_irq.o)
 .comment       0x0000000000000023       0x24 ../control_bsp/\libhal_bsp.a(alt_find_dev.o)
 .comment       0x0000000000000023       0x24 ../control_bsp/\libhal_bsp.a(alt_find_file.o)
 .comment       0x0000000000000023       0x24 ../control_bsp/\libhal_bsp.a(alt_get_fd.o)
 .comment       0x0000000000000023       0x24 ../control_bsp/\libhal_bsp.a(alt_icache_flush.o)
 .comment       0x0000000000000023       0x24 ../control_bsp/\libhal_bsp.a(alt_irq_handler.o)
 .comment       0x0000000000000023       0x24 ../control_bsp/\libhal_bsp.a(alt_instruction_exception_entry.o)
 .comment       0x0000000000000023       0x24 c:/intelfpga_lite/18.1/nios2eds/bin/gnu/h-x86_64-mingw32/bin/../lib/gcc/nios2-elf/5.3.0/../../../../../H-x86_64-mingw32/nios2-elf/lib\libc.a(lib_a-atexit.o)
 .comment       0x0000000000000023       0x24 c:/intelfpga_lite/18.1/nios2eds/bin/gnu/h-x86_64-mingw32/bin/../lib/gcc/nios2-elf/5.3.0/../../../../../H-x86_64-mingw32/nios2-elf/lib\libc.a(lib_a-exit.o)
 .comment       0x0000000000000023       0x24 c:/intelfpga_lite/18.1/nios2eds/bin/gnu/h-x86_64-mingw32/bin/../lib/gcc/nios2-elf/5.3.0/../../../../../H-x86_64-mingw32/nios2-elf/lib\libc.a(lib_a-impure.o)
 .comment       0x0000000000000023       0x24 c:/intelfpga_lite/18.1/nios2eds/bin/gnu/h-x86_64-mingw32/bin/../lib/gcc/nios2-elf/5.3.0/../../../../../H-x86_64-mingw32/nios2-elf/lib\libc.a(lib_a-int_errno.o)
 .comment       0x0000000000000023       0x24 c:/intelfpga_lite/18.1/nios2eds/bin/gnu/h-x86_64-mingw32/bin/../lib/gcc/nios2-elf/5.3.0/../../../../../H-x86_64-mingw32/nios2-elf/lib\libc.a(lib_a-memcmp.o)
 .comment       0x0000000000000023       0x24 c:/intelfpga_lite/18.1/nios2eds/bin/gnu/h-x86_64-mingw32/bin/../lib/gcc/nios2-elf/5.3.0/../../../../../H-x86_64-mingw32/nios2-elf/lib\libc.a(lib_a-memcpy.o)
 .comment       0x0000000000000023       0x24 c:/intelfpga_lite/18.1/nios2eds/bin/gnu/h-x86_64-mingw32/bin/../lib/gcc/nios2-elf/5.3.0/../../../../../H-x86_64-mingw32/nios2-elf/lib\libc.a(lib_a-strlen.o)
 .comment       0x0000000000000023       0x24 c:/intelfpga_lite/18.1/nios2eds/bin/gnu/h-x86_64-mingw32/bin/../lib/gcc/nios2-elf/5.3.0/../../../../../H-x86_64-mingw32/nios2-elf/lib\libc.a(lib_a-__atexit.o)
 .comment       0x0000000000000023       0x24 c:/intelfpga_lite/18.1/nios2eds/bin/gnu/h-x86_64-mingw32/bin/../lib/gcc/nios2-elf/5.3.0/../../../../../H-x86_64-mingw32/nios2-elf/lib\libc.a(lib_a-__call_atexit.o)
 .comment       0x0000000000000023       0x24 c:/intelfpga_lite/18.1/nios2eds/bin/gnu/h-x86_64-mingw32/bin/../lib/gcc/nios2-elf/5.3.0\libgcc.a(lib2-divmod.o)
 .comment       0x0000000000000023       0x24 ../control_bsp/\libhal_bsp.a(alt_exit.o)

.debug
 *(.debug)

.line
 *(.line)

.debug_srcinfo
 *(.debug_srcinfo)

.debug_sfnames
 *(.debug_sfnames)

.debug_aranges  0x0000000000000000      0x5f8
 *(.debug_aranges)
 .debug_aranges
                0x0000000000000000       0x28 ../control_bsp//obj/HAL/src/crt0.o
 .debug_aranges
                0x0000000000000028       0x20 obj/default/main.o
 .debug_aranges
                0x0000000000000048       0x20 ../control_bsp/\libhal_bsp.a(alt_load.o)
 .debug_aranges
                0x0000000000000068       0x20 ../control_bsp/\libhal_bsp.a(alt_main.o)
 .debug_aranges
                0x0000000000000088       0x20 ../control_bsp/\libhal_bsp.a(alt_usleep.o)
 .debug_aranges
                0x00000000000000a8       0x20 ../control_bsp/\libhal_bsp.a(alt_sys_init.o)
 .debug_aranges
                0x00000000000000c8       0x20 ../control_bsp/\libhal_bsp.a(altera_avalon_jtag_uart_fd.o)
 .debug_aranges
                0x00000000000000e8       0x20 ../control_bsp/\libhal_bsp.a(altera_avalon_jtag_uart_init.o)
 .debug_aranges
                0x0000000000000108       0x20 ../control_bsp/\libhal_bsp.a(altera_avalon_jtag_uart_ioctl.o)
 .debug_aranges
                0x0000000000000128       0x20 ../control_bsp/\libhal_bsp.a(altera_avalon_jtag_uart_read.o)
 .debug_aranges
                0x0000000000000148       0x20 ../control_bsp/\libhal_bsp.a(altera_avalon_jtag_uart_write.o)
 .debug_aranges
                0x0000000000000168       0x20 ../control_bsp/\libhal_bsp.a(alt_alarm_start.o)
 .debug_aranges
                0x0000000000000188       0x20 ../control_bsp/\libhal_bsp.a(alt_busy_sleep.o)
 .debug_aranges
                0x00000000000001a8       0x20 ../control_bsp/\libhal_bsp.a(alt_close.o)
 .debug_aranges
                0x00000000000001c8       0x20 ../control_bsp/\libhal_bsp.a(alt_dcache_flush_all.o)
 .debug_aranges
                0x00000000000001e8       0x20 ../control_bsp/\libhal_bsp.a(alt_dev.o)
 .debug_aranges
                0x0000000000000208       0x20 ../control_bsp/\libhal_bsp.a(alt_dev_llist_insert.o)
 .debug_aranges
                0x0000000000000228       0x20 ../control_bsp/\libhal_bsp.a(alt_do_ctors.o)
 .debug_aranges
                0x0000000000000248       0x20 ../control_bsp/\libhal_bsp.a(alt_do_dtors.o)
 .debug_aranges
                0x0000000000000268       0x18 ../control_bsp/\libhal_bsp.a(alt_errno.o)
 .debug_aranges
                0x0000000000000280       0x20 ../control_bsp/\libhal_bsp.a(alt_icache_flush_all.o)
 .debug_aranges
                0x00000000000002a0       0x20 ../control_bsp/\libhal_bsp.a(alt_io_redirect.o)
 .debug_aranges
                0x00000000000002c0       0x20 ../control_bsp/\libhal_bsp.a(alt_irq_register.o)
 .debug_aranges
                0x00000000000002e0       0x18 ../control_bsp/\libhal_bsp.a(alt_irq_vars.o)
 .debug_aranges
                0x00000000000002f8       0x20 ../control_bsp/\libhal_bsp.a(alt_open.o)
 .debug_aranges
                0x0000000000000318       0x20 ../control_bsp/\libhal_bsp.a(alt_release_fd.o)
 .debug_aranges
                0x0000000000000338       0x20 ../control_bsp/\libhal_bsp.a(alt_tick.o)
 .debug_aranges
                0x0000000000000358       0x20 ../control_bsp/\libhal_bsp.a(altera_nios2_gen2_irq.o)
 .debug_aranges
                0x0000000000000378       0x20 ../control_bsp/\libhal_bsp.a(alt_find_dev.o)
 .debug_aranges
                0x0000000000000398       0x20 ../control_bsp/\libhal_bsp.a(alt_find_file.o)
 .debug_aranges
                0x00000000000003b8       0x20 ../control_bsp/\libhal_bsp.a(alt_get_fd.o)
 .debug_aranges
                0x00000000000003d8       0x20 ../control_bsp/\libhal_bsp.a(alt_icache_flush.o)
 .debug_aranges
                0x00000000000003f8       0x30 ../control_bsp/\libhal_bsp.a(alt_irq_entry.o)
 .debug_aranges
                0x0000000000000428       0x20 ../control_bsp/\libhal_bsp.a(alt_irq_handler.o)
 .debug_aranges
                0x0000000000000448       0x38 ../control_bsp/\libhal_bsp.a(alt_exception_entry.o)
 .debug_aranges
                0x0000000000000480       0x28 ../control_bsp/\libhal_bsp.a(alt_instruction_exception_entry.o)
 .debug_aranges
                0x00000000000004a8       0x20 c:/intelfpga_lite/18.1/nios2eds/bin/gnu/h-x86_64-mingw32/bin/../lib/gcc/nios2-elf/5.3.0/../../../../../H-x86_64-mingw32/nios2-elf/lib\libc.a(lib_a-atexit.o)
 .debug_aranges
                0x00000000000004c8       0x20 c:/intelfpga_lite/18.1/nios2eds/bin/gnu/h-x86_64-mingw32/bin/../lib/gcc/nios2-elf/5.3.0/../../../../../H-x86_64-mingw32/nios2-elf/lib\libc.a(lib_a-exit.o)
 .debug_aranges
                0x00000000000004e8       0x18 c:/intelfpga_lite/18.1/nios2eds/bin/gnu/h-x86_64-mingw32/bin/../lib/gcc/nios2-elf/5.3.0/../../../../../H-x86_64-mingw32/nios2-elf/lib\libc.a(lib_a-impure.o)
 .debug_aranges
                0x0000000000000500       0x18 c:/intelfpga_lite/18.1/nios2eds/bin/gnu/h-x86_64-mingw32/bin/../lib/gcc/nios2-elf/5.3.0/../../../../../H-x86_64-mingw32/nios2-elf/lib\libc.a(lib_a-int_errno.o)
 .debug_aranges
                0x0000000000000518       0x20 c:/intelfpga_lite/18.1/nios2eds/bin/gnu/h-x86_64-mingw32/bin/../lib/gcc/nios2-elf/5.3.0/../../../../../H-x86_64-mingw32/nios2-elf/lib\libc.a(lib_a-memcmp.o)
 .debug_aranges
                0x0000000000000538       0x20 c:/intelfpga_lite/18.1/nios2eds/bin/gnu/h-x86_64-mingw32/bin/../lib/gcc/nios2-elf/5.3.0/../../../../../H-x86_64-mingw32/nios2-elf/lib\libc.a(lib_a-memcpy.o)
 .debug_aranges
                0x0000000000000558       0x20 c:/intelfpga_lite/18.1/nios2eds/bin/gnu/h-x86_64-mingw32/bin/../lib/gcc/nios2-elf/5.3.0/../../../../../H-x86_64-mingw32/nios2-elf/lib\libc.a(lib_a-strlen.o)
 .debug_aranges
                0x0000000000000578       0x20 c:/intelfpga_lite/18.1/nios2eds/bin/gnu/h-x86_64-mingw32/bin/../lib/gcc/nios2-elf/5.3.0/../../../../../H-x86_64-mingw32/nios2-elf/lib\libc.a(lib_a-__atexit.o)
 .debug_aranges
                0x0000000000000598       0x20 c:/intelfpga_lite/18.1/nios2eds/bin/gnu/h-x86_64-mingw32/bin/../lib/gcc/nios2-elf/5.3.0/../../../../../H-x86_64-mingw32/nios2-elf/lib\libc.a(lib_a-__call_atexit.o)
 .debug_aranges
                0x00000000000005b8       0x20 c:/intelfpga_lite/18.1/nios2eds/bin/gnu/h-x86_64-mingw32/bin/../lib/gcc/nios2-elf/5.3.0\libgcc.a(lib2-divmod.o)
 .debug_aranges
                0x00000000000005d8       0x20 ../control_bsp/\libhal_bsp.a(alt_exit.o)

.debug_pubnames
 *(.debug_pubnames)

.debug_info     0x0000000000000000     0x791a
 *(.debug_info .gnu.linkonce.wi.*)
 .debug_info    0x0000000000000000       0x8c ../control_bsp//obj/HAL/src/crt0.o
 .debug_info    0x000000000000008c       0xa1 obj/default/main.o
 .debug_info    0x000000000000012d      0x145 ../control_bsp/\libhal_bsp.a(alt_load.o)
 .debug_info    0x0000000000000272      0x157 ../control_bsp/\libhal_bsp.a(alt_main.o)
 .debug_info    0x00000000000003c9       0xb0 ../control_bsp/\libhal_bsp.a(alt_usleep.o)
 .debug_info    0x0000000000000479      0x51a ../control_bsp/\libhal_bsp.a(alt_sys_init.o)
 .debug_info    0x0000000000000993      0x52e ../control_bsp/\libhal_bsp.a(altera_avalon_jtag_uart_fd.o)
 .debug_info    0x0000000000000ec1      0x3c3 ../control_bsp/\libhal_bsp.a(altera_avalon_jtag_uart_init.o)
 .debug_info    0x0000000000001284      0x280 ../control_bsp/\libhal_bsp.a(altera_avalon_jtag_uart_ioctl.o)
 .debug_info    0x0000000000001504      0x35b ../control_bsp/\libhal_bsp.a(altera_avalon_jtag_uart_read.o)
 .debug_info    0x000000000000185f      0x356 ../control_bsp/\libhal_bsp.a(altera_avalon_jtag_uart_write.o)
 .debug_info    0x0000000000001bb5      0x2e2 ../control_bsp/\libhal_bsp.a(alt_alarm_start.o)
 .debug_info    0x0000000000001e97       0xd7 ../control_bsp/\libhal_bsp.a(alt_busy_sleep.o)
 .debug_info    0x0000000000001f6e      0x321 ../control_bsp/\libhal_bsp.a(alt_close.o)
 .debug_info    0x000000000000228f       0xa5 ../control_bsp/\libhal_bsp.a(alt_dcache_flush_all.o)
 .debug_info    0x0000000000002334      0x49c ../control_bsp/\libhal_bsp.a(alt_dev.o)
 .debug_info    0x00000000000027d0      0x1a9 ../control_bsp/\libhal_bsp.a(alt_dev_llist_insert.o)
 .debug_info    0x0000000000002979       0x83 ../control_bsp/\libhal_bsp.a(alt_do_ctors.o)
 .debug_info    0x00000000000029fc       0x83 ../control_bsp/\libhal_bsp.a(alt_do_dtors.o)
 .debug_info    0x0000000000002a7f       0xa6 ../control_bsp/\libhal_bsp.a(alt_errno.o)
 .debug_info    0x0000000000002b25       0x92 ../control_bsp/\libhal_bsp.a(alt_icache_flush_all.o)
 .debug_info    0x0000000000002bb7      0x4a5 ../control_bsp/\libhal_bsp.a(alt_io_redirect.o)
 .debug_info    0x000000000000305c      0x329 ../control_bsp/\libhal_bsp.a(alt_irq_register.o)
 .debug_info    0x0000000000003385       0x88 ../control_bsp/\libhal_bsp.a(alt_irq_vars.o)
 .debug_info    0x000000000000340d      0x3bb ../control_bsp/\libhal_bsp.a(alt_open.o)
 .debug_info    0x00000000000037c8      0x2b0 ../control_bsp/\libhal_bsp.a(alt_release_fd.o)
 .debug_info    0x0000000000003a78      0x2af ../control_bsp/\libhal_bsp.a(alt_tick.o)
 .debug_info    0x0000000000003d27       0xb8 ../control_bsp/\libhal_bsp.a(altera_nios2_gen2_irq.o)
 .debug_info    0x0000000000003ddf      0x2e9 ../control_bsp/\libhal_bsp.a(alt_find_dev.o)
 .debug_info    0x00000000000040c8      0x2e6 ../control_bsp/\libhal_bsp.a(alt_find_file.o)
 .debug_info    0x00000000000043ae      0x310 ../control_bsp/\libhal_bsp.a(alt_get_fd.o)
 .debug_info    0x00000000000046be       0xdc ../control_bsp/\libhal_bsp.a(alt_icache_flush.o)
 .debug_info    0x000000000000479a       0x95 ../control_bsp/\libhal_bsp.a(alt_irq_entry.o)
 .debug_info    0x000000000000482f      0x1a7 ../control_bsp/\libhal_bsp.a(alt_irq_handler.o)
 .debug_info    0x00000000000049d6       0x9b ../control_bsp/\libhal_bsp.a(alt_exception_entry.o)
 .debug_info    0x0000000000004a71      0x1e7 ../control_bsp/\libhal_bsp.a(alt_instruction_exception_entry.o)
 .debug_info    0x0000000000004c58       0xfe c:/intelfpga_lite/18.1/nios2eds/bin/gnu/h-x86_64-mingw32/bin/../lib/gcc/nios2-elf/5.3.0/../../../../../H-x86_64-mingw32/nios2-elf/lib\libc.a(lib_a-atexit.o)
 .debug_info    0x0000000000004d56      0x8e4 c:/intelfpga_lite/18.1/nios2eds/bin/gnu/h-x86_64-mingw32/bin/../lib/gcc/nios2-elf/5.3.0/../../../../../H-x86_64-mingw32/nios2-elf/lib\libc.a(lib_a-exit.o)
 .debug_info    0x000000000000563a      0x8a1 c:/intelfpga_lite/18.1/nios2eds/bin/gnu/h-x86_64-mingw32/bin/../lib/gcc/nios2-elf/5.3.0/../../../../../H-x86_64-mingw32/nios2-elf/lib\libc.a(lib_a-impure.o)
 .debug_info    0x0000000000005edb       0x8a c:/intelfpga_lite/18.1/nios2eds/bin/gnu/h-x86_64-mingw32/bin/../lib/gcc/nios2-elf/5.3.0/../../../../../H-x86_64-mingw32/nios2-elf/lib\libc.a(lib_a-int_errno.o)
 .debug_info    0x0000000000005f65      0x11a c:/intelfpga_lite/18.1/nios2eds/bin/gnu/h-x86_64-mingw32/bin/../lib/gcc/nios2-elf/5.3.0/../../../../../H-x86_64-mingw32/nios2-elf/lib\libc.a(lib_a-memcmp.o)
 .debug_info    0x000000000000607f      0x144 c:/intelfpga_lite/18.1/nios2eds/bin/gnu/h-x86_64-mingw32/bin/../lib/gcc/nios2-elf/5.3.0/../../../../../H-x86_64-mingw32/nios2-elf/lib\libc.a(lib_a-memcpy.o)
 .debug_info    0x00000000000061c3       0xe2 c:/intelfpga_lite/18.1/nios2eds/bin/gnu/h-x86_64-mingw32/bin/../lib/gcc/nios2-elf/5.3.0/../../../../../H-x86_64-mingw32/nios2-elf/lib\libc.a(lib_a-strlen.o)
 .debug_info    0x00000000000062a5      0x934 c:/intelfpga_lite/18.1/nios2eds/bin/gnu/h-x86_64-mingw32/bin/../lib/gcc/nios2-elf/5.3.0/../../../../../H-x86_64-mingw32/nios2-elf/lib\libc.a(lib_a-__atexit.o)
 .debug_info    0x0000000000006bd9      0x965 c:/intelfpga_lite/18.1/nios2eds/bin/gnu/h-x86_64-mingw32/bin/../lib/gcc/nios2-elf/5.3.0/../../../../../H-x86_64-mingw32/nios2-elf/lib\libc.a(lib_a-__call_atexit.o)
 .debug_info    0x000000000000753e      0x2c6 c:/intelfpga_lite/18.1/nios2eds/bin/gnu/h-x86_64-mingw32/bin/../lib/gcc/nios2-elf/5.3.0\libgcc.a(lib2-divmod.o)
 .debug_info    0x0000000000007804      0x116 ../control_bsp/\libhal_bsp.a(alt_exit.o)

.debug_abbrev   0x0000000000000000     0x2a5a
 *(.debug_abbrev)
 .debug_abbrev  0x0000000000000000       0x12 ../control_bsp//obj/HAL/src/crt0.o
 .debug_abbrev  0x0000000000000012       0x4f obj/default/main.o
 .debug_abbrev  0x0000000000000061       0x9f ../control_bsp/\libhal_bsp.a(alt_load.o)
 .debug_abbrev  0x0000000000000100       0xc1 ../control_bsp/\libhal_bsp.a(alt_main.o)
 .debug_abbrev  0x00000000000001c1       0x60 ../control_bsp/\libhal_bsp.a(alt_usleep.o)
 .debug_abbrev  0x0000000000000221      0x187 ../control_bsp/\libhal_bsp.a(alt_sys_init.o)
 .debug_abbrev  0x00000000000003a8      0x127 ../control_bsp/\libhal_bsp.a(altera_avalon_jtag_uart_fd.o)
 .debug_abbrev  0x00000000000004cf      0x19e ../control_bsp/\libhal_bsp.a(altera_avalon_jtag_uart_init.o)
 .debug_abbrev  0x000000000000066d      0x111 ../control_bsp/\libhal_bsp.a(altera_avalon_jtag_uart_ioctl.o)
 .debug_abbrev  0x000000000000077e      0x1aa ../control_bsp/\libhal_bsp.a(altera_avalon_jtag_uart_read.o)
 .debug_abbrev  0x0000000000000928      0x1a8 ../control_bsp/\libhal_bsp.a(altera_avalon_jtag_uart_write.o)
 .debug_abbrev  0x0000000000000ad0      0x162 ../control_bsp/\libhal_bsp.a(alt_alarm_start.o)
 .debug_abbrev  0x0000000000000c32       0x7e ../control_bsp/\libhal_bsp.a(alt_busy_sleep.o)
 .debug_abbrev  0x0000000000000cb0      0x11f ../control_bsp/\libhal_bsp.a(alt_close.o)
 .debug_abbrev  0x0000000000000dcf       0x5a ../control_bsp/\libhal_bsp.a(alt_dcache_flush_all.o)
 .debug_abbrev  0x0000000000000e29       0xd9 ../control_bsp/\libhal_bsp.a(alt_dev.o)
 .debug_abbrev  0x0000000000000f02      0x114 ../control_bsp/\libhal_bsp.a(alt_dev_llist_insert.o)
 .debug_abbrev  0x0000000000001016       0x79 ../control_bsp/\libhal_bsp.a(alt_do_ctors.o)
 .debug_abbrev  0x000000000000108f       0x79 ../control_bsp/\libhal_bsp.a(alt_do_dtors.o)
 .debug_abbrev  0x0000000000001108       0x5a ../control_bsp/\libhal_bsp.a(alt_errno.o)
 .debug_abbrev  0x0000000000001162       0x42 ../control_bsp/\libhal_bsp.a(alt_icache_flush_all.o)
 .debug_abbrev  0x00000000000011a4      0x114 ../control_bsp/\libhal_bsp.a(alt_io_redirect.o)
 .debug_abbrev  0x00000000000012b8      0x186 ../control_bsp/\libhal_bsp.a(alt_irq_register.o)
 .debug_abbrev  0x000000000000143e       0x40 ../control_bsp/\libhal_bsp.a(alt_irq_vars.o)
 .debug_abbrev  0x000000000000147e      0x148 ../control_bsp/\libhal_bsp.a(alt_open.o)
 .debug_abbrev  0x00000000000015c6       0xde ../control_bsp/\libhal_bsp.a(alt_release_fd.o)
 .debug_abbrev  0x00000000000016a4      0x16b ../control_bsp/\libhal_bsp.a(alt_tick.o)
 .debug_abbrev  0x000000000000180f       0x67 ../control_bsp/\libhal_bsp.a(altera_nios2_gen2_irq.o)
 .debug_abbrev  0x0000000000001876       0xf0 ../control_bsp/\libhal_bsp.a(alt_find_dev.o)
 .debug_abbrev  0x0000000000001966       0xf0 ../control_bsp/\libhal_bsp.a(alt_find_file.o)
 .debug_abbrev  0x0000000000001a56      0x10d ../control_bsp/\libhal_bsp.a(alt_get_fd.o)
 .debug_abbrev  0x0000000000001b63       0x8c ../control_bsp/\libhal_bsp.a(alt_icache_flush.o)
 .debug_abbrev  0x0000000000001bef       0x12 ../control_bsp/\libhal_bsp.a(alt_irq_entry.o)
 .debug_abbrev  0x0000000000001c01      0x13a ../control_bsp/\libhal_bsp.a(alt_irq_handler.o)
 .debug_abbrev  0x0000000000001d3b       0x12 ../control_bsp/\libhal_bsp.a(alt_exception_entry.o)
 .debug_abbrev  0x0000000000001d4d       0xdc ../control_bsp/\libhal_bsp.a(alt_instruction_exception_entry.o)
 .debug_abbrev  0x0000000000001e29       0xaa c:/intelfpga_lite/18.1/nios2eds/bin/gnu/h-x86_64-mingw32/bin/../lib/gcc/nios2-elf/5.3.0/../../../../../H-x86_64-mingw32/nios2-elf/lib\libc.a(lib_a-atexit.o)
 .debug_abbrev  0x0000000000001ed3      0x1e5 c:/intelfpga_lite/18.1/nios2eds/bin/gnu/h-x86_64-mingw32/bin/../lib/gcc/nios2-elf/5.3.0/../../../../../H-x86_64-mingw32/nios2-elf/lib\libc.a(lib_a-exit.o)
 .debug_abbrev  0x00000000000020b8      0x18f c:/intelfpga_lite/18.1/nios2eds/bin/gnu/h-x86_64-mingw32/bin/../lib/gcc/nios2-elf/5.3.0/../../../../../H-x86_64-mingw32/nios2-elf/lib\libc.a(lib_a-impure.o)
 .debug_abbrev  0x0000000000002247       0x37 c:/intelfpga_lite/18.1/nios2eds/bin/gnu/h-x86_64-mingw32/bin/../lib/gcc/nios2-elf/5.3.0/../../../../../H-x86_64-mingw32/nios2-elf/lib\libc.a(lib_a-int_errno.o)
 .debug_abbrev  0x000000000000227e       0x7f c:/intelfpga_lite/18.1/nios2eds/bin/gnu/h-x86_64-mingw32/bin/../lib/gcc/nios2-elf/5.3.0/../../../../../H-x86_64-mingw32/nios2-elf/lib\libc.a(lib_a-memcmp.o)
 .debug_abbrev  0x00000000000022fd       0xa3 c:/intelfpga_lite/18.1/nios2eds/bin/gnu/h-x86_64-mingw32/bin/../lib/gcc/nios2-elf/5.3.0/../../../../../H-x86_64-mingw32/nios2-elf/lib\libc.a(lib_a-memcpy.o)
 .debug_abbrev  0x00000000000023a0       0x90 c:/intelfpga_lite/18.1/nios2eds/bin/gnu/h-x86_64-mingw32/bin/../lib/gcc/nios2-elf/5.3.0/../../../../../H-x86_64-mingw32/nios2-elf/lib\libc.a(lib_a-strlen.o)
 .debug_abbrev  0x0000000000002430      0x21e c:/intelfpga_lite/18.1/nios2eds/bin/gnu/h-x86_64-mingw32/bin/../lib/gcc/nios2-elf/5.3.0/../../../../../H-x86_64-mingw32/nios2-elf/lib\libc.a(lib_a-__atexit.o)
 .debug_abbrev  0x000000000000264e      0x22e c:/intelfpga_lite/18.1/nios2eds/bin/gnu/h-x86_64-mingw32/bin/../lib/gcc/nios2-elf/5.3.0/../../../../../H-x86_64-mingw32/nios2-elf/lib\libc.a(lib_a-__call_atexit.o)
 .debug_abbrev  0x000000000000287c      0x10e c:/intelfpga_lite/18.1/nios2eds/bin/gnu/h-x86_64-mingw32/bin/../lib/gcc/nios2-elf/5.3.0\libgcc.a(lib2-divmod.o)
 .debug_abbrev  0x000000000000298a       0xd0 ../control_bsp/\libhal_bsp.a(alt_exit.o)

.debug_line     0x0000000000000000     0x2cc9
 *(.debug_line)
 .debug_line    0x0000000000000000       0x72 ../control_bsp//obj/HAL/src/crt0.o
 .debug_line    0x0000000000000072       0x74 obj/default/main.o
 .debug_line    0x00000000000000e6       0x8e ../control_bsp/\libhal_bsp.a(alt_load.o)
 .debug_line    0x0000000000000174       0xd1 ../control_bsp/\libhal_bsp.a(alt_main.o)
 .debug_line    0x0000000000000245       0xad ../control_bsp/\libhal_bsp.a(alt_usleep.o)
 .debug_line    0x00000000000002f2      0x174 ../control_bsp/\libhal_bsp.a(alt_sys_init.o)
 .debug_line    0x0000000000000466      0x12f ../control_bsp/\libhal_bsp.a(altera_avalon_jtag_uart_fd.o)
 .debug_line    0x0000000000000595      0x19f ../control_bsp/\libhal_bsp.a(altera_avalon_jtag_uart_init.o)
 .debug_line    0x0000000000000734      0x131 ../control_bsp/\libhal_bsp.a(altera_avalon_jtag_uart_ioctl.o)
 .debug_line    0x0000000000000865      0x185 ../control_bsp/\libhal_bsp.a(altera_avalon_jtag_uart_read.o)
 .debug_line    0x00000000000009ea      0x184 ../control_bsp/\libhal_bsp.a(altera_avalon_jtag_uart_write.o)
 .debug_line    0x0000000000000b6e      0x10d ../control_bsp/\libhal_bsp.a(alt_alarm_start.o)
 .debug_line    0x0000000000000c7b       0xa0 ../control_bsp/\libhal_bsp.a(alt_busy_sleep.o)
 .debug_line    0x0000000000000d1b      0x165 ../control_bsp/\libhal_bsp.a(alt_close.o)
 .debug_line    0x0000000000000e80       0x61 ../control_bsp/\libhal_bsp.a(alt_dcache_flush_all.o)
 .debug_line    0x0000000000000ee1       0xf8 ../control_bsp/\libhal_bsp.a(alt_dev.o)
 .debug_line    0x0000000000000fd9       0xcf ../control_bsp/\libhal_bsp.a(alt_dev_llist_insert.o)
 .debug_line    0x00000000000010a8       0x59 ../control_bsp/\libhal_bsp.a(alt_do_ctors.o)
 .debug_line    0x0000000000001101       0x59 ../control_bsp/\libhal_bsp.a(alt_do_dtors.o)
 .debug_line    0x000000000000115a       0x51 ../control_bsp/\libhal_bsp.a(alt_errno.o)
 .debug_line    0x00000000000011ab       0x50 ../control_bsp/\libhal_bsp.a(alt_icache_flush_all.o)
 .debug_line    0x00000000000011fb      0x133 ../control_bsp/\libhal_bsp.a(alt_io_redirect.o)
 .debug_line    0x000000000000132e      0x155 ../control_bsp/\libhal_bsp.a(alt_irq_register.o)
 .debug_line    0x0000000000001483       0x50 ../control_bsp/\libhal_bsp.a(alt_irq_vars.o)
 .debug_line    0x00000000000014d3      0x128 ../control_bsp/\libhal_bsp.a(alt_open.o)
 .debug_line    0x00000000000015fb       0xae ../control_bsp/\libhal_bsp.a(alt_release_fd.o)
 .debug_line    0x00000000000016a9      0x113 ../control_bsp/\libhal_bsp.a(alt_tick.o)
 .debug_line    0x00000000000017bc       0x8d ../control_bsp/\libhal_bsp.a(altera_nios2_gen2_irq.o)
 .debug_line    0x0000000000001849       0xb5 ../control_bsp/\libhal_bsp.a(alt_find_dev.o)
 .debug_line    0x00000000000018fe       0xd1 ../control_bsp/\libhal_bsp.a(alt_find_file.o)
 .debug_line    0x00000000000019cf       0xd4 ../control_bsp/\libhal_bsp.a(alt_get_fd.o)
 .debug_line    0x0000000000001aa3       0x81 ../control_bsp/\libhal_bsp.a(alt_icache_flush.o)
 .debug_line    0x0000000000001b24       0x6b ../control_bsp/\libhal_bsp.a(alt_irq_entry.o)
 .debug_line    0x0000000000001b8f       0xcd ../control_bsp/\libhal_bsp.a(alt_irq_handler.o)
 .debug_line    0x0000000000001c5c       0xb3 ../control_bsp/\libhal_bsp.a(alt_exception_entry.o)
 .debug_line    0x0000000000001d0f       0xba ../control_bsp/\libhal_bsp.a(alt_instruction_exception_entry.o)
 .debug_line    0x0000000000001dc9       0xe4 c:/intelfpga_lite/18.1/nios2eds/bin/gnu/h-x86_64-mingw32/bin/../lib/gcc/nios2-elf/5.3.0/../../../../../H-x86_64-mingw32/nios2-elf/lib\libc.a(lib_a-atexit.o)
 .debug_line    0x0000000000001ead      0x1f9 c:/intelfpga_lite/18.1/nios2eds/bin/gnu/h-x86_64-mingw32/bin/../lib/gcc/nios2-elf/5.3.0/../../../../../H-x86_64-mingw32/nios2-elf/lib\libc.a(lib_a-exit.o)
 .debug_line    0x00000000000020a6      0x15d c:/intelfpga_lite/18.1/nios2eds/bin/gnu/h-x86_64-mingw32/bin/../lib/gcc/nios2-elf/5.3.0/../../../../../H-x86_64-mingw32/nios2-elf/lib\libc.a(lib_a-impure.o)
 .debug_line    0x0000000000002203       0x5c c:/intelfpga_lite/18.1/nios2eds/bin/gnu/h-x86_64-mingw32/bin/../lib/gcc/nios2-elf/5.3.0/../../../../../H-x86_64-mingw32/nios2-elf/lib\libc.a(lib_a-int_errno.o)
 .debug_line    0x000000000000225f      0x173 c:/intelfpga_lite/18.1/nios2eds/bin/gnu/h-x86_64-mingw32/bin/../lib/gcc/nios2-elf/5.3.0/../../../../../H-x86_64-mingw32/nios2-elf/lib\libc.a(lib_a-memcmp.o)
 .debug_line    0x00000000000023d2      0x189 c:/intelfpga_lite/18.1/nios2eds/bin/gnu/h-x86_64-mingw32/bin/../lib/gcc/nios2-elf/5.3.0/../../../../../H-x86_64-mingw32/nios2-elf/lib\libc.a(lib_a-memcpy.o)
 .debug_line    0x000000000000255b      0x16c c:/intelfpga_lite/18.1/nios2eds/bin/gnu/h-x86_64-mingw32/bin/../lib/gcc/nios2-elf/5.3.0/../../../../../H-x86_64-mingw32/nios2-elf/lib\libc.a(lib_a-strlen.o)
 .debug_line    0x00000000000026c7      0x21c c:/intelfpga_lite/18.1/nios2eds/bin/gnu/h-x86_64-mingw32/bin/../lib/gcc/nios2-elf/5.3.0/../../../../../H-x86_64-mingw32/nios2-elf/lib\libc.a(lib_a-__atexit.o)
 .debug_line    0x00000000000028e3      0x237 c:/intelfpga_lite/18.1/nios2eds/bin/gnu/h-x86_64-mingw32/bin/../lib/gcc/nios2-elf/5.3.0/../../../../../H-x86_64-mingw32/nios2-elf/lib\libc.a(lib_a-__call_atexit.o)
 .debug_line    0x0000000000002b1a      0x102 c:/intelfpga_lite/18.1/nios2eds/bin/gnu/h-x86_64-mingw32/bin/../lib/gcc/nios2-elf/5.3.0\libgcc.a(lib2-divmod.o)
 .debug_line    0x0000000000002c1c       0xad ../control_bsp/\libhal_bsp.a(alt_exit.o)

.debug_frame    0x0000000000000000      0xab8
 *(.debug_frame)
 .debug_frame   0x0000000000000000       0x2c obj/default/main.o
 .debug_frame   0x000000000000002c       0x5c ../control_bsp/\libhal_bsp.a(alt_load.o)
 .debug_frame   0x0000000000000088       0x2c ../control_bsp/\libhal_bsp.a(alt_main.o)
 .debug_frame   0x00000000000000b4       0x38 ../control_bsp/\libhal_bsp.a(alt_usleep.o)
 .debug_frame   0x00000000000000ec       0x88 ../control_bsp/\libhal_bsp.a(alt_sys_init.o)
 .debug_frame   0x0000000000000174       0xb0 ../control_bsp/\libhal_bsp.a(altera_avalon_jtag_uart_fd.o)
 .debug_frame   0x0000000000000224       0xa4 ../control_bsp/\libhal_bsp.a(altera_avalon_jtag_uart_init.o)
 .debug_frame   0x00000000000002c8       0x34 ../control_bsp/\libhal_bsp.a(altera_avalon_jtag_uart_ioctl.o)
 .debug_frame   0x00000000000002fc       0x38 ../control_bsp/\libhal_bsp.a(altera_avalon_jtag_uart_read.o)
 .debug_frame   0x0000000000000334       0x38 ../control_bsp/\libhal_bsp.a(altera_avalon_jtag_uart_write.o)
 .debug_frame   0x000000000000036c       0x34 ../control_bsp/\libhal_bsp.a(alt_alarm_start.o)
 .debug_frame   0x00000000000003a0       0x38 ../control_bsp/\libhal_bsp.a(alt_busy_sleep.o)
 .debug_frame   0x00000000000003d8       0x60 ../control_bsp/\libhal_bsp.a(alt_close.o)
 .debug_frame   0x0000000000000438       0x34 ../control_bsp/\libhal_bsp.a(alt_dcache_flush_all.o)
 .debug_frame   0x000000000000046c       0x34 ../control_bsp/\libhal_bsp.a(alt_dev.o)
 .debug_frame   0x00000000000004a0       0x60 ../control_bsp/\libhal_bsp.a(alt_dev_llist_insert.o)
 .debug_frame   0x0000000000000500       0x38 ../control_bsp/\libhal_bsp.a(alt_do_ctors.o)
 .debug_frame   0x0000000000000538       0x38 ../control_bsp/\libhal_bsp.a(alt_do_dtors.o)
 .debug_frame   0x0000000000000570       0x38 ../control_bsp/\libhal_bsp.a(alt_icache_flush_all.o)
 .debug_frame   0x00000000000005a8       0x60 ../control_bsp/\libhal_bsp.a(alt_io_redirect.o)
 .debug_frame   0x0000000000000608       0x34 ../control_bsp/\libhal_bsp.a(alt_irq_register.o)
 .debug_frame   0x000000000000063c       0x84 ../control_bsp/\libhal_bsp.a(alt_open.o)
 .debug_frame   0x00000000000006c0       0x34 ../control_bsp/\libhal_bsp.a(alt_release_fd.o)
 .debug_frame   0x00000000000006f4       0x5c ../control_bsp/\libhal_bsp.a(alt_tick.o)
 .debug_frame   0x0000000000000750       0x34 ../control_bsp/\libhal_bsp.a(altera_nios2_gen2_irq.o)
 .debug_frame   0x0000000000000784       0x38 ../control_bsp/\libhal_bsp.a(alt_find_dev.o)
 .debug_frame   0x00000000000007bc       0x38 ../control_bsp/\libhal_bsp.a(alt_find_file.o)
 .debug_frame   0x00000000000007f4       0x34 ../control_bsp/\libhal_bsp.a(alt_get_fd.o)
 .debug_frame   0x0000000000000828       0x34 ../control_bsp/\libhal_bsp.a(alt_icache_flush.o)
 .debug_frame   0x000000000000085c       0x38 ../control_bsp/\libhal_bsp.a(alt_irq_handler.o)
 .debug_frame   0x0000000000000894       0x5c ../control_bsp/\libhal_bsp.a(alt_instruction_exception_entry.o)
 .debug_frame   0x00000000000008f0       0x20 c:/intelfpga_lite/18.1/nios2eds/bin/gnu/h-x86_64-mingw32/bin/../lib/gcc/nios2-elf/5.3.0/../../../../../H-x86_64-mingw32/nios2-elf/lib\libc.a(lib_a-atexit.o)
 .debug_frame   0x0000000000000910       0x28 c:/intelfpga_lite/18.1/nios2eds/bin/gnu/h-x86_64-mingw32/bin/../lib/gcc/nios2-elf/5.3.0/../../../../../H-x86_64-mingw32/nios2-elf/lib\libc.a(lib_a-exit.o)
 .debug_frame   0x0000000000000938       0x20 c:/intelfpga_lite/18.1/nios2eds/bin/gnu/h-x86_64-mingw32/bin/../lib/gcc/nios2-elf/5.3.0/../../../../../H-x86_64-mingw32/nios2-elf/lib\libc.a(lib_a-memcmp.o)
 .debug_frame   0x0000000000000958       0x38 c:/intelfpga_lite/18.1/nios2eds/bin/gnu/h-x86_64-mingw32/bin/../lib/gcc/nios2-elf/5.3.0/../../../../../H-x86_64-mingw32/nios2-elf/lib\libc.a(lib_a-memcpy.o)
 .debug_frame   0x0000000000000990       0x20 c:/intelfpga_lite/18.1/nios2eds/bin/gnu/h-x86_64-mingw32/bin/../lib/gcc/nios2-elf/5.3.0/../../../../../H-x86_64-mingw32/nios2-elf/lib\libc.a(lib_a-strlen.o)
 .debug_frame   0x00000000000009b0       0x38 c:/intelfpga_lite/18.1/nios2eds/bin/gnu/h-x86_64-mingw32/bin/../lib/gcc/nios2-elf/5.3.0/../../../../../H-x86_64-mingw32/nios2-elf/lib\libc.a(lib_a-__atexit.o)
 .debug_frame   0x00000000000009e8       0x54 c:/intelfpga_lite/18.1/nios2eds/bin/gnu/h-x86_64-mingw32/bin/../lib/gcc/nios2-elf/5.3.0/../../../../../H-x86_64-mingw32/nios2-elf/lib\libc.a(lib_a-__call_atexit.o)
 .debug_frame   0x0000000000000a3c       0x50 c:/intelfpga_lite/18.1/nios2eds/bin/gnu/h-x86_64-mingw32/bin/../lib/gcc/nios2-elf/5.3.0\libgcc.a(lib2-divmod.o)
 .debug_frame   0x0000000000000a8c       0x2c ../control_bsp/\libhal_bsp.a(alt_exit.o)

.debug_str      0x0000000000000000     0x1ba5
 *(.debug_str)
 .debug_str     0x0000000000000000      0x106 obj/default/main.o
                                        0x14b (size before relaxing)
 .debug_str     0x0000000000000106      0x149 ../control_bsp/\libhal_bsp.a(alt_load.o)
                                        0x22d (size before relaxing)
 .debug_str     0x000000000000024f       0x91 ../control_bsp/\libhal_bsp.a(alt_main.o)
                                        0x1e1 (size before relaxing)
 .debug_str     0x00000000000002e0       0x27 ../control_bsp/\libhal_bsp.a(alt_usleep.o)
                                        0x163 (size before relaxing)
 .debug_str     0x0000000000000307      0x1cc ../control_bsp/\libhal_bsp.a(alt_sys_init.o)
                                        0x3c5 (size before relaxing)
 .debug_str     0x00000000000004d3       0xb9 ../control_bsp/\libhal_bsp.a(altera_avalon_jtag_uart_fd.o)
                                        0x3bf (size before relaxing)
 .debug_str     0x000000000000058c       0xc9 ../control_bsp/\libhal_bsp.a(altera_avalon_jtag_uart_init.o)
                                        0x374 (size before relaxing)
 .debug_str     0x0000000000000655       0x4a ../control_bsp/\libhal_bsp.a(altera_avalon_jtag_uart_ioctl.o)
                                        0x2ae (size before relaxing)
 .debug_str     0x000000000000069f       0x7f ../control_bsp/\libhal_bsp.a(altera_avalon_jtag_uart_read.o)
                                        0x324 (size before relaxing)
 .debug_str     0x000000000000071e       0x4a ../control_bsp/\libhal_bsp.a(altera_avalon_jtag_uart_write.o)
                                        0x325 (size before relaxing)
 .debug_str     0x0000000000000768       0x59 ../control_bsp/\libhal_bsp.a(alt_alarm_start.o)
                                        0x2ba (size before relaxing)
 .debug_str     0x00000000000007c1       0x42 ../control_bsp/\libhal_bsp.a(alt_busy_sleep.o)
                                        0x186 (size before relaxing)
 .debug_str     0x0000000000000803       0x44 ../control_bsp/\libhal_bsp.a(alt_close.o)
                                        0x226 (size before relaxing)
 .debug_str     0x0000000000000847       0x34 ../control_bsp/\libhal_bsp.a(alt_dcache_flush_all.o)
                                        0x170 (size before relaxing)
 .debug_str     0x000000000000087b      0x120 ../control_bsp/\libhal_bsp.a(alt_dev.o)
                                        0x320 (size before relaxing)
 .debug_str     0x000000000000099b       0x34 ../control_bsp/\libhal_bsp.a(alt_dev_llist_insert.o)
                                        0x1e7 (size before relaxing)
 .debug_str     0x00000000000009cf       0x48 ../control_bsp/\libhal_bsp.a(alt_do_ctors.o)
                                         0xeb (size before relaxing)
 .debug_str     0x0000000000000a17       0x4c ../control_bsp/\libhal_bsp.a(alt_do_dtors.o)
                                         0xea (size before relaxing)
 .debug_str     0x0000000000000a63       0x14 ../control_bsp/\libhal_bsp.a(alt_errno.o)
                                        0x160 (size before relaxing)
 .debug_str     0x0000000000000a77       0x34 ../control_bsp/\libhal_bsp.a(alt_icache_flush_all.o)
                                        0x170 (size before relaxing)
 .debug_str     0x0000000000000aab       0x56 ../control_bsp/\libhal_bsp.a(alt_io_redirect.o)
                                        0x331 (size before relaxing)
 .debug_str     0x0000000000000b01       0x77 ../control_bsp/\libhal_bsp.a(alt_irq_register.o)
                                        0x223 (size before relaxing)
 .debug_str     0x0000000000000b78       0x17 ../control_bsp/\libhal_bsp.a(alt_irq_vars.o)
                                        0x155 (size before relaxing)
 .debug_str     0x0000000000000b8f       0x2f ../control_bsp/\libhal_bsp.a(alt_open.o)
                                        0x266 (size before relaxing)
 .debug_str     0x0000000000000bbe       0x28 ../control_bsp/\libhal_bsp.a(alt_release_fd.o)
                                        0x1ee (size before relaxing)
 .debug_str     0x0000000000000be6       0x4a ../control_bsp/\libhal_bsp.a(alt_tick.o)
                                        0x28e (size before relaxing)
 .debug_str     0x0000000000000c30       0x3b ../control_bsp/\libhal_bsp.a(altera_nios2_gen2_irq.o)
                                        0x1a0 (size before relaxing)
 .debug_str     0x0000000000000c6b       0x24 ../control_bsp/\libhal_bsp.a(alt_find_dev.o)
                                        0x207 (size before relaxing)
 .debug_str     0x0000000000000c8f       0x26 ../control_bsp/\libhal_bsp.a(alt_find_file.o)
                                        0x215 (size before relaxing)
 .debug_str     0x0000000000000cb5       0x30 ../control_bsp/\libhal_bsp.a(alt_get_fd.o)
                                        0x237 (size before relaxing)
 .debug_str     0x0000000000000ce5       0x2c ../control_bsp/\libhal_bsp.a(alt_icache_flush.o)
                                        0x176 (size before relaxing)
 .debug_str     0x0000000000000d11       0x3a ../control_bsp/\libhal_bsp.a(alt_irq_handler.o)
                                        0x1d3 (size before relaxing)
 .debug_str     0x0000000000000d4b      0x48b ../control_bsp/\libhal_bsp.a(alt_instruction_exception_entry.o)
                                        0x5bb (size before relaxing)
 .debug_str     0x00000000000011d6      0x162 c:/intelfpga_lite/18.1/nios2eds/bin/gnu/h-x86_64-mingw32/bin/../lib/gcc/nios2-elf/5.3.0/../../../../../H-x86_64-mingw32/nios2-elf/lib\libc.a(lib_a-atexit.o)
                                        0x207 (size before relaxing)
 .debug_str     0x0000000000001338      0x3b2 c:/intelfpga_lite/18.1/nios2eds/bin/gnu/h-x86_64-mingw32/bin/../lib/gcc/nios2-elf/5.3.0/../../../../../H-x86_64-mingw32/nios2-elf/lib\libc.a(lib_a-exit.o)
                                        0x5a4 (size before relaxing)
 .debug_str     0x00000000000016ea       0xc8 c:/intelfpga_lite/18.1/nios2eds/bin/gnu/h-x86_64-mingw32/bin/../lib/gcc/nios2-elf/5.3.0/../../../../../H-x86_64-mingw32/nios2-elf/lib\libc.a(lib_a-impure.o)
                                        0x59b (size before relaxing)
 .debug_str     0x00000000000017b2       0x3c c:/intelfpga_lite/18.1/nios2eds/bin/gnu/h-x86_64-mingw32/bin/../lib/gcc/nios2-elf/5.3.0/../../../../../H-x86_64-mingw32/nios2-elf/lib\libc.a(lib_a-int_errno.o)
                                        0x1c3 (size before relaxing)
 .debug_str     0x00000000000017ee       0xcc c:/intelfpga_lite/18.1/nios2eds/bin/gnu/h-x86_64-mingw32/bin/../lib/gcc/nios2-elf/5.3.0/../../../../../H-x86_64-mingw32/nios2-elf/lib\libc.a(lib_a-memcmp.o)
                                        0x1ca (size before relaxing)
 .debug_str     0x00000000000018ba       0x68 c:/intelfpga_lite/18.1/nios2eds/bin/gnu/h-x86_64-mingw32/bin/../lib/gcc/nios2-elf/5.3.0/../../../../../H-x86_64-mingw32/nios2-elf/lib\libc.a(lib_a-memcpy.o)
                                        0x1f1 (size before relaxing)
 .debug_str     0x0000000000001922       0x4e c:/intelfpga_lite/18.1/nios2eds/bin/gnu/h-x86_64-mingw32/bin/../lib/gcc/nios2-elf/5.3.0/../../../../../H-x86_64-mingw32/nios2-elf/lib\libc.a(lib_a-strlen.o)
                                        0x1dd (size before relaxing)
 .debug_str     0x0000000000001970       0x3c c:/intelfpga_lite/18.1/nios2eds/bin/gnu/h-x86_64-mingw32/bin/../lib/gcc/nios2-elf/5.3.0/../../../../../H-x86_64-mingw32/nios2-elf/lib\libc.a(lib_a-__atexit.o)
                                        0x5dc (size before relaxing)
 .debug_str     0x00000000000019ac       0x62 c:/intelfpga_lite/18.1/nios2eds/bin/gnu/h-x86_64-mingw32/bin/../lib/gcc/nios2-elf/5.3.0/../../../../../H-x86_64-mingw32/nios2-elf/lib\libc.a(lib_a-__call_atexit.o)
                                        0x5c8 (size before relaxing)
 .debug_str     0x0000000000001a0e      0x16d c:/intelfpga_lite/18.1/nios2eds/bin/gnu/h-x86_64-mingw32/bin/../lib/gcc/nios2-elf/5.3.0\libgcc.a(lib2-divmod.o)
                                        0x1b8 (size before relaxing)
 .debug_str     0x0000000000001b7b       0x2a ../control_bsp/\libhal_bsp.a(alt_exit.o)
                                        0x195 (size before relaxing)

.debug_loc      0x0000000000000000      0xc3e
 *(.debug_loc)
 .debug_loc     0x0000000000000000       0x2c c:/intelfpga_lite/18.1/nios2eds/bin/gnu/h-x86_64-mingw32/bin/../lib/gcc/nios2-elf/5.3.0/../../../../../H-x86_64-mingw32/nios2-elf/lib\libc.a(lib_a-atexit.o)
 .debug_loc     0x000000000000002c       0x1e c:/intelfpga_lite/18.1/nios2eds/bin/gnu/h-x86_64-mingw32/bin/../lib/gcc/nios2-elf/5.3.0/../../../../../H-x86_64-mingw32/nios2-elf/lib\libc.a(lib_a-exit.o)
 .debug_loc     0x000000000000004a      0x126 c:/intelfpga_lite/18.1/nios2eds/bin/gnu/h-x86_64-mingw32/bin/../lib/gcc/nios2-elf/5.3.0/../../../../../H-x86_64-mingw32/nios2-elf/lib\libc.a(lib_a-memcmp.o)
 .debug_loc     0x0000000000000170      0x266 c:/intelfpga_lite/18.1/nios2eds/bin/gnu/h-x86_64-mingw32/bin/../lib/gcc/nios2-elf/5.3.0/../../../../../H-x86_64-mingw32/nios2-elf/lib\libc.a(lib_a-memcpy.o)
 .debug_loc     0x00000000000003d6       0x47 c:/intelfpga_lite/18.1/nios2eds/bin/gnu/h-x86_64-mingw32/bin/../lib/gcc/nios2-elf/5.3.0/../../../../../H-x86_64-mingw32/nios2-elf/lib\libc.a(lib_a-strlen.o)
 .debug_loc     0x000000000000041d      0x185 c:/intelfpga_lite/18.1/nios2eds/bin/gnu/h-x86_64-mingw32/bin/../lib/gcc/nios2-elf/5.3.0/../../../../../H-x86_64-mingw32/nios2-elf/lib\libc.a(lib_a-__atexit.o)
 .debug_loc     0x00000000000005a2      0x1ce c:/intelfpga_lite/18.1/nios2eds/bin/gnu/h-x86_64-mingw32/bin/../lib/gcc/nios2-elf/5.3.0/../../../../../H-x86_64-mingw32/nios2-elf/lib\libc.a(lib_a-__call_atexit.o)
 .debug_loc     0x0000000000000770      0x4ce c:/intelfpga_lite/18.1/nios2eds/bin/gnu/h-x86_64-mingw32/bin/../lib/gcc/nios2-elf/5.3.0\libgcc.a(lib2-divmod.o)

.debug_macinfo
 *(.debug_macinfo)

.debug_weaknames
 *(.debug_weaknames)

.debug_funcnames
 *(.debug_funcnames)

.debug_typenames
 *(.debug_typenames)

.debug_varnames
 *(.debug_varnames)

.debug_alt_sim_info
                0x0000000000000000       0x60
 *(.debug_alt_sim_info)
 .debug_alt_sim_info
                0x0000000000000000       0x30 ../control_bsp//obj/HAL/src/crt0.o
 .debug_alt_sim_info
                0x0000000000000030       0x30 ../control_bsp/\libhal_bsp.a(alt_busy_sleep.o)
                0x0000000004000000                __alt_data_end = 0x4000000
                0x0000000004000000                PROVIDE (__alt_stack_pointer, __alt_data_end)
                [!provide]                        PROVIDE (__alt_stack_limit, __alt_stack_base)
                [!provide]                        PROVIDE (__alt_heap_start, end)
                [!provide]                        PROVIDE (__alt_heap_limit, 0x4000000)
OUTPUT(control.elf elf32-littlenios2)

.debug_ranges   0x0000000000000000      0x1d8
 .debug_ranges  0x0000000000000000       0x20 ../control_bsp//obj/HAL/src/crt0.o
 .debug_ranges  0x0000000000000020       0x30 ../control_bsp/\libhal_bsp.a(altera_avalon_jtag_uart_init.o)
 .debug_ranges  0x0000000000000050       0x18 ../control_bsp/\libhal_bsp.a(altera_avalon_jtag_uart_read.o)
 .debug_ranges  0x0000000000000068       0x28 ../control_bsp/\libhal_bsp.a(alt_irq_entry.o)
 .debug_ranges  0x0000000000000090       0x10 ../control_bsp/\libhal_bsp.a(alt_irq_handler.o)
 .debug_ranges  0x00000000000000a0       0x30 ../control_bsp/\libhal_bsp.a(alt_exception_entry.o)
 .debug_ranges  0x00000000000000d0       0x18 ../control_bsp/\libhal_bsp.a(alt_instruction_exception_entry.o)
 .debug_ranges  0x00000000000000e8       0x10 c:/intelfpga_lite/18.1/nios2eds/bin/gnu/h-x86_64-mingw32/bin/../lib/gcc/nios2-elf/5.3.0/../../../../../H-x86_64-mingw32/nios2-elf/lib\libc.a(lib_a-atexit.o)
 .debug_ranges  0x00000000000000f8       0x10 c:/intelfpga_lite/18.1/nios2eds/bin/gnu/h-x86_64-mingw32/bin/../lib/gcc/nios2-elf/5.3.0/../../../../../H-x86_64-mingw32/nios2-elf/lib\libc.a(lib_a-exit.o)
 .debug_ranges  0x0000000000000108       0x10 c:/intelfpga_lite/18.1/nios2eds/bin/gnu/h-x86_64-mingw32/bin/../lib/gcc/nios2-elf/5.3.0/../../../../../H-x86_64-mingw32/nios2-elf/lib\libc.a(lib_a-memcmp.o)
 .debug_ranges  0x0000000000000118       0x10 c:/intelfpga_lite/18.1/nios2eds/bin/gnu/h-x86_64-mingw32/bin/../lib/gcc/nios2-elf/5.3.0/../../../../../H-x86_64-mingw32/nios2-elf/lib\libc.a(lib_a-memcpy.o)
 .debug_ranges  0x0000000000000128       0x10 c:/intelfpga_lite/18.1/nios2eds/bin/gnu/h-x86_64-mingw32/bin/../lib/gcc/nios2-elf/5.3.0/../../../../../H-x86_64-mingw32/nios2-elf/lib\libc.a(lib_a-strlen.o)
 .debug_ranges  0x0000000000000138       0x10 c:/intelfpga_lite/18.1/nios2eds/bin/gnu/h-x86_64-mingw32/bin/../lib/gcc/nios2-elf/5.3.0/../../../../../H-x86_64-mingw32/nios2-elf/lib\libc.a(lib_a-__atexit.o)
 .debug_ranges  0x0000000000000148       0x30 c:/intelfpga_lite/18.1/nios2eds/bin/gnu/h-x86_64-mingw32/bin/../lib/gcc/nios2-elf/5.3.0/../../../../../H-x86_64-mingw32/nios2-elf/lib\libc.a(lib_a-__call_atexit.o)
 .debug_ranges  0x0000000000000178       0x60 c:/intelfpga_lite/18.1/nios2eds/bin/gnu/h-x86_64-mingw32/bin/../lib/gcc/nios2-elf/5.3.0\libgcc.a(lib2-divmod.o)
