Archive member included to satisfy reference by file (symbol)

../control_bsp/\libhal_bsp.a(alt_load.o)
                              ../control_bsp//obj/HAL/src/crt0.o (alt_load)
../control_bsp/\libhal_bsp.a(alt_main.o)
                              ../control_bsp//obj/HAL/src/crt0.o (alt_main)
../control_bsp/\libhal_bsp.a(alt_sys_init.o)
                              ../control_bsp/\libhal_bsp.a(alt_main.o) (alt_irq_init)
../control_bsp/\libhal_bsp.a(altera_avalon_jtag_uart_fd.o)
                              ../control_bsp/\libhal_bsp.a(alt_sys_init.o) (altera_avalon_jtag_uart_read_fd)
../control_bsp/\libhal_bsp.a(altera_avalon_jtag_uart_init.o)
                              ../control_bsp/\libhal_bsp.a(alt_sys_init.o) (altera_avalon_jtag_uart_init)
../control_bsp/\libhal_bsp.a(altera_avalon_jtag_uart_ioctl.o)
                              ../control_bsp/\libhal_bsp.a(altera_avalon_jtag_uart_fd.o) (altera_avalon_jtag_uart_ioctl)
../control_bsp/\libhal_bsp.a(altera_avalon_jtag_uart_read.o)
                              ../control_bsp/\libhal_bsp.a(altera_avalon_jtag_uart_fd.o) (altera_avalon_jtag_uart_read)
../control_bsp/\libhal_bsp.a(altera_avalon_jtag_uart_write.o)
                              ../control_bsp/\libhal_bsp.a(altera_avalon_jtag_uart_fd.o) (altera_avalon_jtag_uart_write)
../control_bsp/\libhal_bsp.a(alt_alarm_start.o)
                              ../control_bsp/\libhal_bsp.a(altera_avalon_jtag_uart_init.o) (alt_alarm_start)
../control_bsp/\libhal_bsp.a(alt_close.o)
                              ../control_bsp/\libhal_bsp.a(alt_main.o) (close)
../control_bsp/\libhal_bsp.a(alt_dcache_flush_all.o)
                              ../control_bsp/\libhal_bsp.a(alt_load.o) (alt_dcache_flush_all)
../control_bsp/\libhal_bsp.a(alt_dev.o)
                              ../control_bsp/\libhal_bsp.a(alt_sys_init.o) (alt_dev_list)
../control_bsp/\libhal_bsp.a(alt_dev_llist_insert.o)
                              ../control_bsp/\libhal_bsp.a(alt_sys_init.o) (alt_dev_llist_insert)
../control_bsp/\libhal_bsp.a(alt_do_ctors.o)
                              ../control_bsp/\libhal_bsp.a(alt_main.o) (_do_ctors)
../control_bsp/\libhal_bsp.a(alt_do_dtors.o)
                              ../control_bsp/\libhal_bsp.a(alt_main.o) (_do_dtors)
../control_bsp/\libhal_bsp.a(alt_errno.o)
                              ../control_bsp/\libhal_bsp.a(alt_close.o) (alt_errno)
../control_bsp/\libhal_bsp.a(alt_icache_flush_all.o)
                              ../control_bsp/\libhal_bsp.a(alt_load.o) (alt_icache_flush_all)
../control_bsp/\libhal_bsp.a(alt_io_redirect.o)
                              ../control_bsp/\libhal_bsp.a(alt_main.o) (alt_io_redirect)
../control_bsp/\libhal_bsp.a(alt_irq_register.o)
                              ../control_bsp/\libhal_bsp.a(altera_avalon_jtag_uart_init.o) (alt_irq_register)
../control_bsp/\libhal_bsp.a(alt_irq_vars.o)
                              ../control_bsp/\libhal_bsp.a(alt_irq_register.o) (alt_irq_active)
../control_bsp/\libhal_bsp.a(alt_open.o)
                              ../control_bsp/\libhal_bsp.a(alt_io_redirect.o) (open)
../control_bsp/\libhal_bsp.a(alt_release_fd.o)
                              ../control_bsp/\libhal_bsp.a(alt_close.o) (alt_release_fd)
../control_bsp/\libhal_bsp.a(alt_tick.o)
                              ../control_bsp/\libhal_bsp.a(altera_avalon_jtag_uart_init.o) (_alt_tick_rate)
../control_bsp/\libhal_bsp.a(altera_nios2_gen2_irq.o)
                              ../control_bsp/\libhal_bsp.a(alt_sys_init.o) (altera_nios2_gen2_irq_init)
../control_bsp/\libhal_bsp.a(alt_find_dev.o)
                              ../control_bsp/\libhal_bsp.a(alt_open.o) (alt_find_dev)
../control_bsp/\libhal_bsp.a(alt_find_file.o)
                              ../control_bsp/\libhal_bsp.a(alt_open.o) (alt_find_file)
../control_bsp/\libhal_bsp.a(alt_get_fd.o)
                              ../control_bsp/\libhal_bsp.a(alt_open.o) (alt_get_fd)
../control_bsp/\libhal_bsp.a(alt_icache_flush.o)
                              ../control_bsp/\libhal_bsp.a(alt_icache_flush_all.o) (alt_icache_flush)
../control_bsp/\libhal_bsp.a(alt_irq_entry.o)
                              ../control_bsp/\libhal_bsp.a(alt_irq_register.o) (alt_irq_entry)
../control_bsp/\libhal_bsp.a(alt_irq_handler.o)
                              ../control_bsp/\libhal_bsp.a(alt_irq_register.o) (alt_irq)
../control_bsp/\libhal_bsp.a(alt_exception_entry.o)
                              ../control_bsp/\libhal_bsp.a(alt_irq_entry.o) (alt_exception)
../control_bsp/\libhal_bsp.a(alt_instruction_exception_entry.o)
                              ../control_bsp/\libhal_bsp.a(alt_exception_entry.o) (alt_instruction_exception_entry)
f:/intelfpga_lite/18.1/nios2eds/bin/gnu/h-x86_64-mingw32/bin/../lib/gcc/nios2-elf/5.3.0/../../../../../H-x86_64-mingw32/nios2-elf/lib\libc.a(lib_a-atexit.o)
                              ../control_bsp/\libhal_bsp.a(alt_main.o) (atexit)
f:/intelfpga_lite/18.1/nios2eds/bin/gnu/h-x86_64-mingw32/bin/../lib/gcc/nios2-elf/5.3.0/../../../../../H-x86_64-mingw32/nios2-elf/lib\libc.a(lib_a-exit.o)
                              ../control_bsp/\libhal_bsp.a(alt_main.o) (exit)
f:/intelfpga_lite/18.1/nios2eds/bin/gnu/h-x86_64-mingw32/bin/../lib/gcc/nios2-elf/5.3.0/../../../../../H-x86_64-mingw32/nios2-elf/lib\libc.a(lib_a-impure.o)
                              f:/intelfpga_lite/18.1/nios2eds/bin/gnu/h-x86_64-mingw32/bin/../lib/gcc/nios2-elf/5.3.0/../../../../../H-x86_64-mingw32/nios2-elf/lib\libc.a(lib_a-exit.o) (_global_impure_ptr)
f:/intelfpga_lite/18.1/nios2eds/bin/gnu/h-x86_64-mingw32/bin/../lib/gcc/nios2-elf/5.3.0/../../../../../H-x86_64-mingw32/nios2-elf/lib\libc.a(lib_a-int_errno.o)
                              ../control_bsp/\libhal_bsp.a(alt_close.o) (errno)
f:/intelfpga_lite/18.1/nios2eds/bin/gnu/h-x86_64-mingw32/bin/../lib/gcc/nios2-elf/5.3.0/../../../../../H-x86_64-mingw32/nios2-elf/lib\libc.a(lib_a-memcmp.o)
                              ../control_bsp/\libhal_bsp.a(alt_find_dev.o) (memcmp)
f:/intelfpga_lite/18.1/nios2eds/bin/gnu/h-x86_64-mingw32/bin/../lib/gcc/nios2-elf/5.3.0/../../../../../H-x86_64-mingw32/nios2-elf/lib\libc.a(lib_a-memcpy.o)
                              ../control_bsp/\libhal_bsp.a(altera_avalon_jtag_uart_read.o) (memcpy)
f:/intelfpga_lite/18.1/nios2eds/bin/gnu/h-x86_64-mingw32/bin/../lib/gcc/nios2-elf/5.3.0/../../../../../H-x86_64-mingw32/nios2-elf/lib\libc.a(lib_a-strlen.o)
                              ../control_bsp/\libhal_bsp.a(alt_find_dev.o) (strlen)
f:/intelfpga_lite/18.1/nios2eds/bin/gnu/h-x86_64-mingw32/bin/../lib/gcc/nios2-elf/5.3.0/../../../../../H-x86_64-mingw32/nios2-elf/lib\libc.a(lib_a-__atexit.o)
                              f:/intelfpga_lite/18.1/nios2eds/bin/gnu/h-x86_64-mingw32/bin/../lib/gcc/nios2-elf/5.3.0/../../../../../H-x86_64-mingw32/nios2-elf/lib\libc.a(lib_a-atexit.o) (__register_exitproc)
f:/intelfpga_lite/18.1/nios2eds/bin/gnu/h-x86_64-mingw32/bin/../lib/gcc/nios2-elf/5.3.0/../../../../../H-x86_64-mingw32/nios2-elf/lib\libc.a(lib_a-__call_atexit.o)
                              f:/intelfpga_lite/18.1/nios2eds/bin/gnu/h-x86_64-mingw32/bin/../lib/gcc/nios2-elf/5.3.0/../../../../../H-x86_64-mingw32/nios2-elf/lib\libc.a(lib_a-exit.o) (__call_exitprocs)
../control_bsp/\libhal_bsp.a(alt_exit.o)
                              f:/intelfpga_lite/18.1/nios2eds/bin/gnu/h-x86_64-mingw32/bin/../lib/gcc/nios2-elf/5.3.0/../../../../../H-x86_64-mingw32/nios2-elf/lib\libc.a(lib_a-exit.o) (_exit)

Allocating common symbols
Common symbol       size              file

alt_irq             0x100             ../control_bsp/\libhal_bsp.a(alt_irq_handler.o)
errno               0x4               f:/intelfpga_lite/18.1/nios2eds/bin/gnu/h-x86_64-mingw32/bin/../lib/gcc/nios2-elf/5.3.0/../../../../../H-x86_64-mingw32/nios2-elf/lib\libc.a(lib_a-int_errno.o)

Memory Configuration

Name             Origin             Length             Attributes
new_sdram_controller_0 0x0000000000000000 0x0000000004000000
reset            0x0000000004008000 0x0000000000000020
control_mem      0x0000000004008020 0x0000000000007fe0
*default*        0x0000000000000000 0xffffffffffffffff

Linker script and memory map

LOAD ../control_bsp//obj/HAL/src/crt0.o
LOAD f:/intelfpga_lite/18.1/nios2eds/bin/gnu/h-x86_64-mingw32/bin/../lib/gcc/nios2-elf/5.3.0/../../../../../H-x86_64-mingw32/nios2-elf/lib\libstdc++.a
LOAD f:/intelfpga_lite/18.1/nios2eds/bin/gnu/h-x86_64-mingw32/bin/../lib/gcc/nios2-elf/5.3.0/../../../../../H-x86_64-mingw32/nios2-elf/lib\libm.a
LOAD f:/intelfpga_lite/18.1/nios2eds/bin/gnu/h-x86_64-mingw32/bin/../lib/gcc/nios2-elf/5.3.0\libgcc.a
START GROUP
LOAD f:/intelfpga_lite/18.1/nios2eds/bin/gnu/h-x86_64-mingw32/bin/../lib/gcc/nios2-elf/5.3.0/../../../../../H-x86_64-mingw32/nios2-elf/lib\libc.a
LOAD f:/intelfpga_lite/18.1/nios2eds/bin/gnu/h-x86_64-mingw32/bin/../lib/gcc/nios2-elf/5.3.0\libgcc.a
LOAD ../control_bsp/\libhal_bsp.a
LOAD f:/intelfpga_lite/18.1/nios2eds/bin/gnu/h-x86_64-mingw32/bin/../lib/gcc/nios2-elf/5.3.0/../../../../../H-x86_64-mingw32/nios2-elf/lib\libm.a
END GROUP
LOAD f:/intelfpga_lite/18.1/nios2eds/bin/gnu/h-x86_64-mingw32/bin/../lib/gcc/nios2-elf/5.3.0\libgcc.a
                0x0000000000000000                __alt_mem_new_sdram_controller_0 = 0x0
                0x0000000004008000                __alt_mem_control_mem = 0x4008000

.entry          0x0000000004008000       0x20
 *(.entry)
 .entry         0x0000000004008000       0x20 ../control_bsp//obj/HAL/src/crt0.o
                0x0000000004008000                __reset

.exceptions     0x0000000004008020      0x228 load address 0x0000000000000000
                0x0000000004008020                PROVIDE (__ram_exceptions_start, ABSOLUTE (.))
                0x0000000004008020                . = ALIGN (0x20)
 *(.irq)
 *(.exceptions.entry.label)
 .exceptions.entry.label
                0x0000000004008020        0x0 ../control_bsp/\libhal_bsp.a(alt_irq_entry.o)
                0x0000000004008020                alt_irq_entry
 .exceptions.entry.label
                0x0000000004008020        0x0 ../control_bsp/\libhal_bsp.a(alt_exception_entry.o)
                0x0000000004008020                alt_exception
 *(.exceptions.entry.user)
 *(.exceptions.entry.ecc_fatal)
 *(.exceptions.entry)
 .exceptions.entry
                0x0000000004008020       0x54 ../control_bsp/\libhal_bsp.a(alt_exception_entry.o)
 *(.exceptions.irqtest.user)
 *(.exceptions.irqtest)
 .exceptions.irqtest
                0x0000000004008074       0x10 ../control_bsp/\libhal_bsp.a(alt_irq_entry.o)
 *(.exceptions.irqhandler.user)
 *(.exceptions.irqhandler)
 .exceptions.irqhandler
                0x0000000004008084        0x4 ../control_bsp/\libhal_bsp.a(alt_irq_entry.o)
 *(.exceptions.irqreturn.user)
 *(.exceptions.irqreturn)
 .exceptions.irqreturn
                0x0000000004008088        0x4 ../control_bsp/\libhal_bsp.a(alt_irq_entry.o)
 *(.exceptions.notirq.label)
 .exceptions.notirq.label
                0x000000000400808c        0x0 ../control_bsp/\libhal_bsp.a(alt_irq_entry.o)
 *(.exceptions.notirq.user)
 *(.exceptions.notirq)
 .exceptions.notirq
                0x000000000400808c        0x8 ../control_bsp/\libhal_bsp.a(alt_exception_entry.o)
 *(.exceptions.soft.user)
 *(.exceptions.soft)
 *(.exceptions.unknown.user)
 *(.exceptions.unknown)
 .exceptions.unknown
                0x0000000004008094       0x14 ../control_bsp/\libhal_bsp.a(alt_exception_entry.o)
 *(.exceptions.exit.label)
 .exceptions.exit.label
                0x00000000040080a8        0x0 ../control_bsp/\libhal_bsp.a(alt_irq_entry.o)
 .exceptions.exit.label
                0x00000000040080a8        0x0 ../control_bsp/\libhal_bsp.a(alt_exception_entry.o)
 *(.exceptions.exit.user)
 *(.exceptions.exit)
 .exceptions.exit
                0x00000000040080a8       0x54 ../control_bsp/\libhal_bsp.a(alt_exception_entry.o)
 *(.exceptions)
 .exceptions    0x00000000040080fc       0xd8 ../control_bsp/\libhal_bsp.a(alt_irq_handler.o)
                0x00000000040080fc                alt_irq_handler
 .exceptions    0x00000000040081d4       0x74 ../control_bsp/\libhal_bsp.a(alt_instruction_exception_entry.o)
                0x00000000040081d4                alt_instruction_exception_entry
                0x0000000004008248                PROVIDE (__ram_exceptions_end, ABSOLUTE (.))
                0x0000000000000000                PROVIDE (__flash_exceptions_start, LOADADDR (.exceptions))

.text           0x0000000000000228     0x2174
                [!provide]                        PROVIDE (stext, ABSOLUTE (.))
 *(.interp)
 *(.hash)
 *(.dynsym)
 *(.dynstr)
 *(.gnu.version)
 *(.gnu.version_d)
 *(.gnu.version_r)
 *(.rel.init)
 *(.rela.init)
 *(.rel.text .rel.text.* .rel.gnu.linkonce.t.*)
 *(.rela.text .rela.text.* .rela.gnu.linkonce.t.*)
 *(.rel.fini)
 *(.rela.fini)
 *(.rel.rodata .rel.rodata.* .rel.gnu.linkonce.r.*)
 *(.rela.rodata .rela.rodata.* .rela.gnu.linkonce.r.*)
 *(.rel.data .rel.data.* .rel.gnu.linkonce.d.*)
 *(.rela.data .rela.data.* .rela.gnu.linkonce.d.*)
 *(.rel.tdata .rel.tdata.* .rel.gnu.linkonce.td.*)
 *(.rela.tdata .rela.tdata.* .rela.gnu.linkonce.td.*)
 *(.rel.tbss .rel.tbss.* .rel.gnu.linkonce.tb.*)
 *(.rela.tbss .rela.tbss.* .rela.gnu.linkonce.tb.*)
 *(.rel.ctors)
 *(.rela.ctors)
 *(.rel.dtors)
 *(.rela.dtors)
 *(.rel.got)
 *(.rela.got)
 *(.rel.sdata .rel.sdata.* .rel.gnu.linkonce.s.*)
 *(.rela.sdata .rela.sdata.* .rela.gnu.linkonce.s.*)
 *(.rel.sbss .rel.sbss.* .rel.gnu.linkonce.sb.*)
 *(.rela.sbss .rela.sbss.* .rela.gnu.linkonce.sb.*)
 *(.rel.sdata2 .rel.sdata2.* .rel.gnu.linkonce.s2.*)
 *(.rela.sdata2 .rela.sdata2.* .rela.gnu.linkonce.s2.*)
 *(.rel.sbss2 .rel.sbss2.* .rel.gnu.linkonce.sb2.*)
 *(.rela.sbss2 .rela.sbss2.* .rela.gnu.linkonce.sb2.*)
 *(.rel.bss .rel.bss.* .rel.gnu.linkonce.b.*)
 *(.rela.bss .rela.bss.* .rela.gnu.linkonce.b.*)
 *(.rel.plt)
 *(.rela.plt)
 *(.rel.dyn)
 *(.init)
 *(.plt)
 *(.text .stub .text.* .gnu.linkonce.t.*)
 .text          0x0000000000000228       0x4c ../control_bsp//obj/HAL/src/crt0.o
                0x0000000000000228                _start
 .text          0x0000000000000274       0xec ../control_bsp/\libhal_bsp.a(alt_load.o)
                0x00000000000002dc                alt_load
 .text          0x0000000000000360       0x7c ../control_bsp/\libhal_bsp.a(alt_main.o)
                0x0000000000000360                alt_main
 .text          0x00000000000003dc       0xc4 ../control_bsp/\libhal_bsp.a(alt_sys_init.o)
                0x0000000000000410                alt_irq_init
                0x0000000000000448                alt_sys_init
 .text          0x00000000000004a0      0x164 ../control_bsp/\libhal_bsp.a(altera_avalon_jtag_uart_fd.o)
                0x00000000000004a0                altera_avalon_jtag_uart_read_fd
                0x0000000000000500                altera_avalon_jtag_uart_write_fd
                0x0000000000000560                altera_avalon_jtag_uart_close_fd
                0x00000000000005b0                altera_avalon_jtag_uart_ioctl_fd
 .text          0x0000000000000604      0x3cc ../control_bsp/\libhal_bsp.a(altera_avalon_jtag_uart_init.o)
                0x0000000000000604                altera_avalon_jtag_uart_init
                0x0000000000000968                altera_avalon_jtag_uart_close
 .text          0x00000000000009d0       0xf0 ../control_bsp/\libhal_bsp.a(altera_avalon_jtag_uart_ioctl.o)
                0x00000000000009d0                altera_avalon_jtag_uart_ioctl
 .text          0x0000000000000ac0      0x21c ../control_bsp/\libhal_bsp.a(altera_avalon_jtag_uart_read.o)
                0x0000000000000ac0                altera_avalon_jtag_uart_read
 .text          0x0000000000000cdc      0x224 ../control_bsp/\libhal_bsp.a(altera_avalon_jtag_uart_write.o)
                0x0000000000000cdc                altera_avalon_jtag_uart_write
 .text          0x0000000000000f00      0x12c ../control_bsp/\libhal_bsp.a(alt_alarm_start.o)
                0x0000000000000f00                alt_alarm_start
 .text          0x000000000000102c      0x10c ../control_bsp/\libhal_bsp.a(alt_close.o)
                0x0000000000001068                close
 .text          0x0000000000001138       0x48 ../control_bsp/\libhal_bsp.a(alt_dcache_flush_all.o)
                0x0000000000001138                alt_dcache_flush_all
 .text          0x0000000000001180       0x2c ../control_bsp/\libhal_bsp.a(alt_dev.o)
 .text          0x00000000000011ac       0xe0 ../control_bsp/\libhal_bsp.a(alt_dev_llist_insert.o)
                0x00000000000011e8                alt_dev_llist_insert
 .text          0x000000000000128c       0x60 ../control_bsp/\libhal_bsp.a(alt_do_ctors.o)
                0x000000000000128c                _do_ctors
 .text          0x00000000000012ec       0x60 ../control_bsp/\libhal_bsp.a(alt_do_dtors.o)
                0x00000000000012ec                _do_dtors
 .text          0x000000000000134c        0x0 ../control_bsp/\libhal_bsp.a(alt_errno.o)
 .text          0x000000000000134c       0x34 ../control_bsp/\libhal_bsp.a(alt_icache_flush_all.o)
                0x000000000000134c                alt_icache_flush_all
 .text          0x0000000000001380      0x140 ../control_bsp/\libhal_bsp.a(alt_io_redirect.o)
                0x0000000000001444                alt_io_redirect
 .text          0x00000000000014c0      0x180 ../control_bsp/\libhal_bsp.a(alt_irq_register.o)
                0x00000000000014c0                alt_irq_register
 .text          0x0000000000001640        0x0 ../control_bsp/\libhal_bsp.a(alt_irq_vars.o)
 .text          0x0000000000001640      0x254 ../control_bsp/\libhal_bsp.a(alt_open.o)
                0x0000000000001740                open
 .text          0x0000000000001894       0x64 ../control_bsp/\libhal_bsp.a(alt_release_fd.o)
                0x0000000000001894                alt_release_fd
 .text          0x00000000000018f8      0x1a4 ../control_bsp/\libhal_bsp.a(alt_tick.o)
                0x00000000000018f8                alt_alarm_stop
                0x0000000000001994                alt_tick
 .text          0x0000000000001a9c       0x24 ../control_bsp/\libhal_bsp.a(altera_nios2_gen2_irq.o)
                0x0000000000001a9c                altera_nios2_gen2_irq_init
 .text          0x0000000000001ac0       0x90 ../control_bsp/\libhal_bsp.a(alt_find_dev.o)
                0x0000000000001ac0                alt_find_dev
 .text          0x0000000000001b50      0x108 ../control_bsp/\libhal_bsp.a(alt_find_file.o)
                0x0000000000001b50                alt_find_file
 .text          0x0000000000001c58       0xa4 ../control_bsp/\libhal_bsp.a(alt_get_fd.o)
                0x0000000000001c58                alt_get_fd
 .text          0x0000000000001cfc       0x90 ../control_bsp/\libhal_bsp.a(alt_icache_flush.o)
                0x0000000000001cfc                alt_icache_flush
 .text          0x0000000000001d8c        0x0 ../control_bsp/\libhal_bsp.a(alt_irq_entry.o)
 .text          0x0000000000001d8c        0x0 ../control_bsp/\libhal_bsp.a(alt_irq_handler.o)
 .text          0x0000000000001d8c        0x0 ../control_bsp/\libhal_bsp.a(alt_exception_entry.o)
 .text          0x0000000000001d8c       0x9c ../control_bsp/\libhal_bsp.a(alt_instruction_exception_entry.o)
                0x0000000000001d8c                alt_exception_cause_generated_bad_addr
 .text          0x0000000000001e28        0x0 f:/intelfpga_lite/18.1/nios2eds/bin/gnu/h-x86_64-mingw32/bin/../lib/gcc/nios2-elf/5.3.0/../../../../../H-x86_64-mingw32/nios2-elf/lib\libc.a(lib_a-atexit.o)
 .text.atexit   0x0000000000001e28       0x14 f:/intelfpga_lite/18.1/nios2eds/bin/gnu/h-x86_64-mingw32/bin/../lib/gcc/nios2-elf/5.3.0/../../../../../H-x86_64-mingw32/nios2-elf/lib\libc.a(lib_a-atexit.o)
                0x0000000000001e28                atexit
 .text          0x0000000000001e3c        0x0 f:/intelfpga_lite/18.1/nios2eds/bin/gnu/h-x86_64-mingw32/bin/../lib/gcc/nios2-elf/5.3.0/../../../../../H-x86_64-mingw32/nios2-elf/lib\libc.a(lib_a-exit.o)
 .text.exit     0x0000000000001e3c       0x38 f:/intelfpga_lite/18.1/nios2eds/bin/gnu/h-x86_64-mingw32/bin/../lib/gcc/nios2-elf/5.3.0/../../../../../H-x86_64-mingw32/nios2-elf/lib\libc.a(lib_a-exit.o)
                0x0000000000001e3c                exit
 .text          0x0000000000001e74        0x0 f:/intelfpga_lite/18.1/nios2eds/bin/gnu/h-x86_64-mingw32/bin/../lib/gcc/nios2-elf/5.3.0/../../../../../H-x86_64-mingw32/nios2-elf/lib\libc.a(lib_a-impure.o)
 .text          0x0000000000001e74        0x0 f:/intelfpga_lite/18.1/nios2eds/bin/gnu/h-x86_64-mingw32/bin/../lib/gcc/nios2-elf/5.3.0/../../../../../H-x86_64-mingw32/nios2-elf/lib\libc.a(lib_a-int_errno.o)
 .text          0x0000000000001e74        0x0 f:/intelfpga_lite/18.1/nios2eds/bin/gnu/h-x86_64-mingw32/bin/../lib/gcc/nios2-elf/5.3.0/../../../../../H-x86_64-mingw32/nios2-elf/lib\libc.a(lib_a-memcmp.o)
 .text.memcmp   0x0000000000001e74       0x7c f:/intelfpga_lite/18.1/nios2eds/bin/gnu/h-x86_64-mingw32/bin/../lib/gcc/nios2-elf/5.3.0/../../../../../H-x86_64-mingw32/nios2-elf/lib\libc.a(lib_a-memcmp.o)
                0x0000000000001e74                memcmp
 .text          0x0000000000001ef0        0x0 f:/intelfpga_lite/18.1/nios2eds/bin/gnu/h-x86_64-mingw32/bin/../lib/gcc/nios2-elf/5.3.0/../../../../../H-x86_64-mingw32/nios2-elf/lib\libc.a(lib_a-memcpy.o)
 .text.memcpy   0x0000000000001ef0      0x148 f:/intelfpga_lite/18.1/nios2eds/bin/gnu/h-x86_64-mingw32/bin/../lib/gcc/nios2-elf/5.3.0/../../../../../H-x86_64-mingw32/nios2-elf/lib\libc.a(lib_a-memcpy.o)
                0x0000000000001ef0                memcpy
 .text          0x0000000000002038        0x0 f:/intelfpga_lite/18.1/nios2eds/bin/gnu/h-x86_64-mingw32/bin/../lib/gcc/nios2-elf/5.3.0/../../../../../H-x86_64-mingw32/nios2-elf/lib\libc.a(lib_a-strlen.o)
 .text.strlen   0x0000000000002038       0x98 f:/intelfpga_lite/18.1/nios2eds/bin/gnu/h-x86_64-mingw32/bin/../lib/gcc/nios2-elf/5.3.0/../../../../../H-x86_64-mingw32/nios2-elf/lib\libc.a(lib_a-strlen.o)
                0x0000000000002038                strlen
 .text          0x00000000000020d0        0x0 f:/intelfpga_lite/18.1/nios2eds/bin/gnu/h-x86_64-mingw32/bin/../lib/gcc/nios2-elf/5.3.0/../../../../../H-x86_64-mingw32/nios2-elf/lib\libc.a(lib_a-__atexit.o)
 .text.__register_exitproc
                0x00000000000020d0      0x118 f:/intelfpga_lite/18.1/nios2eds/bin/gnu/h-x86_64-mingw32/bin/../lib/gcc/nios2-elf/5.3.0/../../../../../H-x86_64-mingw32/nios2-elf/lib\libc.a(lib_a-__atexit.o)
                0x00000000000020d0                __register_exitproc
 .text          0x00000000000021e8        0x0 f:/intelfpga_lite/18.1/nios2eds/bin/gnu/h-x86_64-mingw32/bin/../lib/gcc/nios2-elf/5.3.0/../../../../../H-x86_64-mingw32/nios2-elf/lib\libc.a(lib_a-__call_atexit.o)
 .text.__call_exitprocs
                0x00000000000021e8      0x180 f:/intelfpga_lite/18.1/nios2eds/bin/gnu/h-x86_64-mingw32/bin/../lib/gcc/nios2-elf/5.3.0/../../../../../H-x86_64-mingw32/nios2-elf/lib\libc.a(lib_a-__call_atexit.o)
                0x00000000000021e8                __call_exitprocs
 .text          0x0000000000002368       0x34 ../control_bsp/\libhal_bsp.a(alt_exit.o)
                0x0000000000002368                _exit
 *(.gnu.warning.*)
 *(.fini)
                [!provide]                        PROVIDE (__etext, ABSOLUTE (.))
                [!provide]                        PROVIDE (_etext, ABSOLUTE (.))
                [!provide]                        PROVIDE (etext, ABSOLUTE (.))
 *(.eh_frame_hdr)
                0x000000000000239c                . = ALIGN (0x4)
                [!provide]                        PROVIDE (__preinit_array_start, ABSOLUTE (.))
 *(.preinit_array)
                [!provide]                        PROVIDE (__preinit_array_end, ABSOLUTE (.))
                [!provide]                        PROVIDE (__init_array_start, ABSOLUTE (.))
 *(.init_array)
                [!provide]                        PROVIDE (__init_array_end, ABSOLUTE (.))
                [!provide]                        PROVIDE (__fini_array_start, ABSOLUTE (.))
 *(.fini_array)
                [!provide]                        PROVIDE (__fini_array_end, ABSOLUTE (.))
 *(.eh_frame)
 *(.gcc_except_table .gcc_except_table.*)
 *(.dynamic)
                0x000000000000239c                PROVIDE (__CTOR_LIST__, ABSOLUTE (.))
 *(.ctors)
 *(SORT(.ctors.*))
                0x000000000000239c                PROVIDE (__CTOR_END__, ABSOLUTE (.))
                0x000000000000239c                PROVIDE (__DTOR_LIST__, ABSOLUTE (.))
 *(.dtors)
 *(SORT(.dtors.*))
                0x000000000000239c                PROVIDE (__DTOR_END__, ABSOLUTE (.))
 *(.jcr)
                0x000000000000239c                . = ALIGN (0x4)

.rodata         0x000000000000239c       0x54
                0x000000000000239c                PROVIDE (__ram_rodata_start, ABSOLUTE (.))
                0x000000000000239c                . = ALIGN (0x4)
 *(.rodata .rodata.* .gnu.linkonce.r.*)
 .rodata        0x000000000000239c       0x11 ../control_bsp/\libhal_bsp.a(alt_main.o)
 *fill*         0x00000000000023ad        0x3 
 .rodata        0x00000000000023b0       0x2d ../control_bsp/\libhal_bsp.a(alt_sys_init.o)
 *fill*         0x00000000000023dd        0x3 
 .rodata        0x00000000000023e0        0xa ../control_bsp/\libhal_bsp.a(alt_dev.o)
 *fill*         0x00000000000023ea        0x2 
 .rodata.str1.4
                0x00000000000023ec        0x4 f:/intelfpga_lite/18.1/nios2eds/bin/gnu/h-x86_64-mingw32/bin/../lib/gcc/nios2-elf/5.3.0/../../../../../H-x86_64-mingw32/nios2-elf/lib\libc.a(lib_a-impure.o)
                                          0x2 (size before relaxing)
 *(.rodata1)
                0x00000000000023f0                . = ALIGN (0x4)
                0x00000000000023f0                PROVIDE (__ram_rodata_end, ABSOLUTE (.))
                0x000000000000239c                PROVIDE (__flash_rodata_start, LOADADDR (.rodata))

.rwdata         0x00000000000023f0     0x1684 load address 0x0000000000003a74
                0x00000000000023f0                PROVIDE (__ram_rwdata_start, ABSOLUTE (.))
                0x00000000000023f0                . = ALIGN (0x4)
 *(.got.plt)
 *(.got)
 *(.data1)
 *(.data .data.* .gnu.linkonce.d.*)
 .data          0x00000000000023f0        0x0 ../control_bsp//obj/HAL/src/crt0.o
 .data          0x00000000000023f0        0x0 ../control_bsp/\libhal_bsp.a(alt_load.o)
 .data          0x00000000000023f0        0x0 ../control_bsp/\libhal_bsp.a(alt_main.o)
 .data          0x00000000000023f0     0x108c ../control_bsp/\libhal_bsp.a(alt_sys_init.o)
 .data          0x000000000000347c        0x0 ../control_bsp/\libhal_bsp.a(altera_avalon_jtag_uart_fd.o)
 .data          0x000000000000347c        0x0 ../control_bsp/\libhal_bsp.a(altera_avalon_jtag_uart_init.o)
 .data          0x000000000000347c        0x0 ../control_bsp/\libhal_bsp.a(altera_avalon_jtag_uart_ioctl.o)
 .data          0x000000000000347c        0x0 ../control_bsp/\libhal_bsp.a(altera_avalon_jtag_uart_read.o)
 .data          0x000000000000347c        0x0 ../control_bsp/\libhal_bsp.a(altera_avalon_jtag_uart_write.o)
 .data          0x000000000000347c        0x0 ../control_bsp/\libhal_bsp.a(alt_alarm_start.o)
 .data          0x000000000000347c        0x0 ../control_bsp/\libhal_bsp.a(alt_close.o)
 .data          0x000000000000347c        0x0 ../control_bsp/\libhal_bsp.a(alt_dcache_flush_all.o)
 .data          0x000000000000347c      0x1a8 ../control_bsp/\libhal_bsp.a(alt_dev.o)
                0x000000000000347c                alt_dev_null
                0x00000000000034a4                alt_fd_list
 .data          0x0000000000003624        0x0 ../control_bsp/\libhal_bsp.a(alt_dev_llist_insert.o)
 .data          0x0000000000003624        0x0 ../control_bsp/\libhal_bsp.a(alt_do_ctors.o)
 .data          0x0000000000003624        0x0 ../control_bsp/\libhal_bsp.a(alt_do_dtors.o)
 .data          0x0000000000003624        0x0 ../control_bsp/\libhal_bsp.a(alt_errno.o)
 .data          0x0000000000003624        0x0 ../control_bsp/\libhal_bsp.a(alt_icache_flush_all.o)
 .data          0x0000000000003624        0x0 ../control_bsp/\libhal_bsp.a(alt_io_redirect.o)
 .data          0x0000000000003624        0x0 ../control_bsp/\libhal_bsp.a(alt_irq_register.o)
 .data          0x0000000000003624        0x0 ../control_bsp/\libhal_bsp.a(alt_irq_vars.o)
 .data          0x0000000000003624        0x0 ../control_bsp/\libhal_bsp.a(alt_open.o)
 .data          0x0000000000003624        0x0 ../control_bsp/\libhal_bsp.a(alt_release_fd.o)
 .data          0x0000000000003624        0x0 ../control_bsp/\libhal_bsp.a(alt_tick.o)
 .data          0x0000000000003624        0x0 ../control_bsp/\libhal_bsp.a(altera_nios2_gen2_irq.o)
 .data          0x0000000000003624        0x0 ../control_bsp/\libhal_bsp.a(alt_find_dev.o)
 .data          0x0000000000003624        0x0 ../control_bsp/\libhal_bsp.a(alt_find_file.o)
 .data          0x0000000000003624        0x0 ../control_bsp/\libhal_bsp.a(alt_get_fd.o)
 .data          0x0000000000003624        0x0 ../control_bsp/\libhal_bsp.a(alt_icache_flush.o)
 .data          0x0000000000003624        0x0 ../control_bsp/\libhal_bsp.a(alt_irq_entry.o)
 .data          0x0000000000003624        0x0 ../control_bsp/\libhal_bsp.a(alt_irq_handler.o)
 .data          0x0000000000003624        0x0 ../control_bsp/\libhal_bsp.a(alt_exception_entry.o)
 .data          0x0000000000003624        0x0 ../control_bsp/\libhal_bsp.a(alt_instruction_exception_entry.o)
 .data          0x0000000000003624        0x0 f:/intelfpga_lite/18.1/nios2eds/bin/gnu/h-x86_64-mingw32/bin/../lib/gcc/nios2-elf/5.3.0/../../../../../H-x86_64-mingw32/nios2-elf/lib\libc.a(lib_a-atexit.o)
 .data          0x0000000000003624        0x0 f:/intelfpga_lite/18.1/nios2eds/bin/gnu/h-x86_64-mingw32/bin/../lib/gcc/nios2-elf/5.3.0/../../../../../H-x86_64-mingw32/nios2-elf/lib\libc.a(lib_a-exit.o)
 .data          0x0000000000003624        0x0 f:/intelfpga_lite/18.1/nios2eds/bin/gnu/h-x86_64-mingw32/bin/../lib/gcc/nios2-elf/5.3.0/../../../../../H-x86_64-mingw32/nios2-elf/lib\libc.a(lib_a-impure.o)
 .data.impure_data
                0x0000000000003624      0x424 f:/intelfpga_lite/18.1/nios2eds/bin/gnu/h-x86_64-mingw32/bin/../lib/gcc/nios2-elf/5.3.0/../../../../../H-x86_64-mingw32/nios2-elf/lib\libc.a(lib_a-impure.o)
 .data          0x0000000000003a48        0x0 f:/intelfpga_lite/18.1/nios2eds/bin/gnu/h-x86_64-mingw32/bin/../lib/gcc/nios2-elf/5.3.0/../../../../../H-x86_64-mingw32/nios2-elf/lib\libc.a(lib_a-int_errno.o)
 .data          0x0000000000003a48        0x0 f:/intelfpga_lite/18.1/nios2eds/bin/gnu/h-x86_64-mingw32/bin/../lib/gcc/nios2-elf/5.3.0/../../../../../H-x86_64-mingw32/nios2-elf/lib\libc.a(lib_a-memcmp.o)
 .data          0x0000000000003a48        0x0 f:/intelfpga_lite/18.1/nios2eds/bin/gnu/h-x86_64-mingw32/bin/../lib/gcc/nios2-elf/5.3.0/../../../../../H-x86_64-mingw32/nios2-elf/lib\libc.a(lib_a-memcpy.o)
 .data          0x0000000000003a48        0x0 f:/intelfpga_lite/18.1/nios2eds/bin/gnu/h-x86_64-mingw32/bin/../lib/gcc/nios2-elf/5.3.0/../../../../../H-x86_64-mingw32/nios2-elf/lib\libc.a(lib_a-strlen.o)
 .data          0x0000000000003a48        0x0 f:/intelfpga_lite/18.1/nios2eds/bin/gnu/h-x86_64-mingw32/bin/../lib/gcc/nios2-elf/5.3.0/../../../../../H-x86_64-mingw32/nios2-elf/lib\libc.a(lib_a-__atexit.o)
 .data          0x0000000000003a48        0x0 f:/intelfpga_lite/18.1/nios2eds/bin/gnu/h-x86_64-mingw32/bin/../lib/gcc/nios2-elf/5.3.0/../../../../../H-x86_64-mingw32/nios2-elf/lib\libc.a(lib_a-__call_atexit.o)
 .data          0x0000000000003a48        0x0 ../control_bsp/\libhal_bsp.a(alt_exit.o)
                0x000000000000ba48                _gp = ABSOLUTE ((. + 0x8000))
                [!provide]                        PROVIDE (gp, _gp)
 *(.rwdata .rwdata.*)
 *(.sdata .sdata.* .gnu.linkonce.s.*)
 .sdata         0x0000000000003a48       0x14 ../control_bsp/\libhal_bsp.a(alt_dev.o)
                0x0000000000003a48                alt_fs_list
                0x0000000000003a50                alt_dev_list
                0x0000000000003a58                alt_max_fd
 .sdata         0x0000000000003a5c        0x4 ../control_bsp/\libhal_bsp.a(alt_errno.o)
                0x0000000000003a5c                alt_errno
 .sdata         0x0000000000003a60        0x4 ../control_bsp/\libhal_bsp.a(alt_irq_vars.o)
                0x0000000000003a60                alt_priority_mask
 .sdata         0x0000000000003a64        0x8 ../control_bsp/\libhal_bsp.a(alt_tick.o)
                0x0000000000003a64                alt_alarm_list
 .sdata._global_impure_ptr
                0x0000000000003a6c        0x4 f:/intelfpga_lite/18.1/nios2eds/bin/gnu/h-x86_64-mingw32/bin/../lib/gcc/nios2-elf/5.3.0/../../../../../H-x86_64-mingw32/nios2-elf/lib\libc.a(lib_a-impure.o)
                0x0000000000003a6c                _global_impure_ptr
 .sdata._impure_ptr
                0x0000000000003a70        0x4 f:/intelfpga_lite/18.1/nios2eds/bin/gnu/h-x86_64-mingw32/bin/../lib/gcc/nios2-elf/5.3.0/../../../../../H-x86_64-mingw32/nios2-elf/lib\libc.a(lib_a-impure.o)
                0x0000000000003a70                _impure_ptr
 *(.sdata2 .sdata2.* .gnu.linkonce.s2.*)
                0x0000000000003a74                . = ALIGN (0x4)
                0x0000000000003a74                _edata = ABSOLUTE (.)
                [!provide]                        PROVIDE (edata, ABSOLUTE (.))
                0x0000000000003a74                PROVIDE (__ram_rwdata_end, ABSOLUTE (.))
                0x0000000000003a74                PROVIDE (__flash_rwdata_start, LOADADDR (.rwdata))

.bss            0x00000000000050f8      0x120
                0x00000000000050f8                __bss_start = ABSOLUTE (.)
                [!provide]                        PROVIDE (__sbss_start, ABSOLUTE (.))
                [!provide]                        PROVIDE (___sbss_start, ABSOLUTE (.))
 *(.dynsbss)
 *(.sbss .sbss.* .gnu.linkonce.sb.*)
 .sbss          0x00000000000050f8        0xc ../control_bsp/\libhal_bsp.a(alt_main.o)
                0x00000000000050f8                alt_argc
                0x00000000000050fc                alt_argv
                0x0000000000005100                alt_envp
 .sbss          0x0000000000005104        0x4 ../control_bsp/\libhal_bsp.a(alt_irq_vars.o)
                0x0000000000005104                alt_irq_active
 .sbss          0x0000000000005108        0x8 ../control_bsp/\libhal_bsp.a(alt_tick.o)
                0x0000000000005108                _alt_tick_rate
                0x000000000000510c                _alt_nticks
 .sbss          0x0000000000005110        0x4 ../control_bsp/\libhal_bsp.a(alt_instruction_exception_entry.o)
                0x0000000000005110                alt_instruction_exception_handler
 .sbss          0x0000000000005114        0x4 f:/intelfpga_lite/18.1/nios2eds/bin/gnu/h-x86_64-mingw32/bin/../lib/gcc/nios2-elf/5.3.0/../../../../../H-x86_64-mingw32/nios2-elf/lib\libc.a(lib_a-int_errno.o)
                0x0000000000005114                errno
 *(.sbss2 .sbss2.* .gnu.linkonce.sb2.*)
 *(.scommon)
                [!provide]                        PROVIDE (__sbss_end, ABSOLUTE (.))
                [!provide]                        PROVIDE (___sbss_end, ABSOLUTE (.))
 *(.dynbss)
 *(.bss .bss.* .gnu.linkonce.b.*)
 .bss           0x0000000000005118        0x0 ../control_bsp//obj/HAL/src/crt0.o
 .bss           0x0000000000005118        0x0 ../control_bsp/\libhal_bsp.a(alt_load.o)
 .bss           0x0000000000005118        0x0 ../control_bsp/\libhal_bsp.a(alt_main.o)
 .bss           0x0000000000005118        0x0 ../control_bsp/\libhal_bsp.a(alt_sys_init.o)
 .bss           0x0000000000005118        0x0 ../control_bsp/\libhal_bsp.a(altera_avalon_jtag_uart_fd.o)
 .bss           0x0000000000005118        0x0 ../control_bsp/\libhal_bsp.a(altera_avalon_jtag_uart_init.o)
 .bss           0x0000000000005118        0x0 ../control_bsp/\libhal_bsp.a(altera_avalon_jtag_uart_ioctl.o)
 .bss           0x0000000000005118        0x0 ../control_bsp/\libhal_bsp.a(altera_avalon_jtag_uart_read.o)
 .bss           0x0000000000005118        0x0 ../control_bsp/\libhal_bsp.a(altera_avalon_jtag_uart_write.o)
 .bss           0x0000000000005118        0x0 ../control_bsp/\libhal_bsp.a(alt_alarm_start.o)
 .bss           0x0000000000005118        0x0 ../control_bsp/\libhal_bsp.a(alt_close.o)
 .bss           0x0000000000005118        0x0 ../control_bsp/\libhal_bsp.a(alt_dcache_flush_all.o)
 .bss           0x0000000000005118        0x0 ../control_bsp/\libhal_bsp.a(alt_dev.o)
 .bss           0x0000000000005118        0x0 ../control_bsp/\libhal_bsp.a(alt_dev_llist_insert.o)
 .bss           0x0000000000005118        0x0 ../control_bsp/\libhal_bsp.a(alt_do_ctors.o)
 .bss           0x0000000000005118        0x0 ../control_bsp/\libhal_bsp.a(alt_do_dtors.o)
 .bss           0x0000000000005118        0x0 ../control_bsp/\libhal_bsp.a(alt_errno.o)
 .bss           0x0000000000005118        0x0 ../control_bsp/\libhal_bsp.a(alt_icache_flush_all.o)
 .bss           0x0000000000005118        0x0 ../control_bsp/\libhal_bsp.a(alt_io_redirect.o)
 .bss           0x0000000000005118        0x0 ../control_bsp/\libhal_bsp.a(alt_irq_register.o)
 .bss           0x0000000000005118        0x0 ../control_bsp/\libhal_bsp.a(alt_irq_vars.o)
 .bss           0x0000000000005118        0x0 ../control_bsp/\libhal_bsp.a(alt_open.o)
 .bss           0x0000000000005118        0x0 ../control_bsp/\libhal_bsp.a(alt_release_fd.o)
 .bss           0x0000000000005118        0x0 ../control_bsp/\libhal_bsp.a(alt_tick.o)
 .bss           0x0000000000005118        0x0 ../control_bsp/\libhal_bsp.a(altera_nios2_gen2_irq.o)
 .bss           0x0000000000005118        0x0 ../control_bsp/\libhal_bsp.a(alt_find_dev.o)
 .bss           0x0000000000005118        0x0 ../control_bsp/\libhal_bsp.a(alt_find_file.o)
 .bss           0x0000000000005118        0x0 ../control_bsp/\libhal_bsp.a(alt_get_fd.o)
 .bss           0x0000000000005118        0x0 ../control_bsp/\libhal_bsp.a(alt_icache_flush.o)
 .bss           0x0000000000005118        0x0 ../control_bsp/\libhal_bsp.a(alt_irq_entry.o)
 .bss           0x0000000000005118        0x0 ../control_bsp/\libhal_bsp.a(alt_irq_handler.o)
 .bss           0x0000000000005118        0x0 ../control_bsp/\libhal_bsp.a(alt_exception_entry.o)
 .bss           0x0000000000005118        0x0 ../control_bsp/\libhal_bsp.a(alt_instruction_exception_entry.o)
 .bss           0x0000000000005118        0x0 f:/intelfpga_lite/18.1/nios2eds/bin/gnu/h-x86_64-mingw32/bin/../lib/gcc/nios2-elf/5.3.0/../../../../../H-x86_64-mingw32/nios2-elf/lib\libc.a(lib_a-atexit.o)
 .bss           0x0000000000005118        0x0 f:/intelfpga_lite/18.1/nios2eds/bin/gnu/h-x86_64-mingw32/bin/../lib/gcc/nios2-elf/5.3.0/../../../../../H-x86_64-mingw32/nios2-elf/lib\libc.a(lib_a-exit.o)
 .bss           0x0000000000005118        0x0 f:/intelfpga_lite/18.1/nios2eds/bin/gnu/h-x86_64-mingw32/bin/../lib/gcc/nios2-elf/5.3.0/../../../../../H-x86_64-mingw32/nios2-elf/lib\libc.a(lib_a-impure.o)
 .bss           0x0000000000005118        0x0 f:/intelfpga_lite/18.1/nios2eds/bin/gnu/h-x86_64-mingw32/bin/../lib/gcc/nios2-elf/5.3.0/../../../../../H-x86_64-mingw32/nios2-elf/lib\libc.a(lib_a-int_errno.o)
 .bss           0x0000000000005118        0x0 f:/intelfpga_lite/18.1/nios2eds/bin/gnu/h-x86_64-mingw32/bin/../lib/gcc/nios2-elf/5.3.0/../../../../../H-x86_64-mingw32/nios2-elf/lib\libc.a(lib_a-memcmp.o)
 .bss           0x0000000000005118        0x0 f:/intelfpga_lite/18.1/nios2eds/bin/gnu/h-x86_64-mingw32/bin/../lib/gcc/nios2-elf/5.3.0/../../../../../H-x86_64-mingw32/nios2-elf/lib\libc.a(lib_a-memcpy.o)
 .bss           0x0000000000005118        0x0 f:/intelfpga_lite/18.1/nios2eds/bin/gnu/h-x86_64-mingw32/bin/../lib/gcc/nios2-elf/5.3.0/../../../../../H-x86_64-mingw32/nios2-elf/lib\libc.a(lib_a-strlen.o)
 .bss           0x0000000000005118        0x0 f:/intelfpga_lite/18.1/nios2eds/bin/gnu/h-x86_64-mingw32/bin/../lib/gcc/nios2-elf/5.3.0/../../../../../H-x86_64-mingw32/nios2-elf/lib\libc.a(lib_a-__atexit.o)
 .bss           0x0000000000005118        0x0 f:/intelfpga_lite/18.1/nios2eds/bin/gnu/h-x86_64-mingw32/bin/../lib/gcc/nios2-elf/5.3.0/../../../../../H-x86_64-mingw32/nios2-elf/lib\libc.a(lib_a-__call_atexit.o)
 .bss           0x0000000000005118        0x0 ../control_bsp/\libhal_bsp.a(alt_exit.o)
 *(COMMON)
 COMMON         0x0000000000005118      0x100 ../control_bsp/\libhal_bsp.a(alt_irq_handler.o)
                0x0000000000005118                alt_irq
                0x0000000000005218                . = ALIGN (0x4)
                0x0000000000005218                __bss_end = ABSOLUTE (.)

.new_sdram_controller_0
                0x0000000000005218        0x0
                [!provide]                        PROVIDE (_alt_partition_new_sdram_controller_0_start, ABSOLUTE (.))
 *(.new_sdram_controller_0 .new_sdram_controller_0. new_sdram_controller_0.*)
                0x0000000000005218                . = ALIGN (0x4)
                [!provide]                        PROVIDE (_alt_partition_new_sdram_controller_0_end, ABSOLUTE (.))
                0x0000000000005218                _end = ABSOLUTE (.)
                0x0000000000005218                end = ABSOLUTE (.)
                0x0000000000005218                __alt_stack_base = ABSOLUTE (.)
                [!provide]                        PROVIDE (_alt_partition_new_sdram_controller_0_load_addr, LOADADDR (.new_sdram_controller_0))

.control_mem    0x0000000004008248        0x0 load address 0x0000000000005218
                [!provide]                        PROVIDE (_alt_partition_control_mem_start, ABSOLUTE (.))
 *(.control_mem .control_mem. control_mem.*)
                0x0000000004008248                . = ALIGN (0x4)
                [!provide]                        PROVIDE (_alt_partition_control_mem_end, ABSOLUTE (.))
                [!provide]                        PROVIDE (_alt_partition_control_mem_load_addr, LOADADDR (.control_mem))

.stab
 *(.stab)

.stabstr
 *(.stabstr)

.stab.excl
 *(.stab.excl)

.stab.exclstr
 *(.stab.exclstr)

.stab.index
 *(.stab.index)

.stab.indexstr
 *(.stab.indexstr)

.comment        0x0000000000000000       0x23
 *(.comment)
 .comment       0x0000000000000000       0x23 ../control_bsp/\libhal_bsp.a(alt_load.o)
                                         0x24 (size before relaxing)
 .comment       0x0000000000000023       0x24 ../control_bsp/\libhal_bsp.a(alt_main.o)
 .comment       0x0000000000000023       0x24 ../control_bsp/\libhal_bsp.a(alt_sys_init.o)
 .comment       0x0000000000000023       0x24 ../control_bsp/\libhal_bsp.a(altera_avalon_jtag_uart_fd.o)
 .comment       0x0000000000000023       0x24 ../control_bsp/\libhal_bsp.a(altera_avalon_jtag_uart_init.o)
 .comment       0x0000000000000023       0x24 ../control_bsp/\libhal_bsp.a(altera_avalon_jtag_uart_ioctl.o)
 .comment       0x0000000000000023       0x24 ../control_bsp/\libhal_bsp.a(altera_avalon_jtag_uart_read.o)
 .comment       0x0000000000000023       0x24 ../control_bsp/\libhal_bsp.a(altera_avalon_jtag_uart_write.o)
 .comment       0x0000000000000023       0x24 ../control_bsp/\libhal_bsp.a(alt_alarm_start.o)
 .comment       0x0000000000000023       0x24 ../control_bsp/\libhal_bsp.a(alt_close.o)
 .comment       0x0000000000000023       0x24 ../control_bsp/\libhal_bsp.a(alt_dcache_flush_all.o)
 .comment       0x0000000000000023       0x24 ../control_bsp/\libhal_bsp.a(alt_dev.o)
 .comment       0x0000000000000023       0x24 ../control_bsp/\libhal_bsp.a(alt_dev_llist_insert.o)
 .comment       0x0000000000000023       0x24 ../control_bsp/\libhal_bsp.a(alt_do_ctors.o)
 .comment       0x0000000000000023       0x24 ../control_bsp/\libhal_bsp.a(alt_do_dtors.o)
 .comment       0x0000000000000023       0x24 ../control_bsp/\libhal_bsp.a(alt_errno.o)
 .comment       0x0000000000000023       0x24 ../control_bsp/\libhal_bsp.a(alt_icache_flush_all.o)
 .comment       0x0000000000000023       0x24 ../control_bsp/\libhal_bsp.a(alt_io_redirect.o)
 .comment       0x0000000000000023       0x24 ../control_bsp/\libhal_bsp.a(alt_irq_register.o)
 .comment       0x0000000000000023       0x24 ../control_bsp/\libhal_bsp.a(alt_irq_vars.o)
 .comment       0x0000000000000023       0x24 ../control_bsp/\libhal_bsp.a(alt_open.o)
 .comment       0x0000000000000023       0x24 ../control_bsp/\libhal_bsp.a(alt_release_fd.o)
 .comment       0x0000000000000023       0x24 ../control_bsp/\libhal_bsp.a(alt_tick.o)
 .comment       0x0000000000000023       0x24 ../control_bsp/\libhal_bsp.a(altera_nios2_gen2_irq.o)
 .comment       0x0000000000000023       0x24 ../control_bsp/\libhal_bsp.a(alt_find_dev.o)
 .comment       0x0000000000000023       0x24 ../control_bsp/\libhal_bsp.a(alt_find_file.o)
 .comment       0x0000000000000023       0x24 ../control_bsp/\libhal_bsp.a(alt_get_fd.o)
 .comment       0x0000000000000023       0x24 ../control_bsp/\libhal_bsp.a(alt_icache_flush.o)
 .comment       0x0000000000000023       0x24 ../control_bsp/\libhal_bsp.a(alt_irq_handler.o)
 .comment       0x0000000000000023       0x24 ../control_bsp/\libhal_bsp.a(alt_instruction_exception_entry.o)
 .comment       0x0000000000000023       0x24 f:/intelfpga_lite/18.1/nios2eds/bin/gnu/h-x86_64-mingw32/bin/../lib/gcc/nios2-elf/5.3.0/../../../../../H-x86_64-mingw32/nios2-elf/lib\libc.a(lib_a-atexit.o)
 .comment       0x0000000000000023       0x24 f:/intelfpga_lite/18.1/nios2eds/bin/gnu/h-x86_64-mingw32/bin/../lib/gcc/nios2-elf/5.3.0/../../../../../H-x86_64-mingw32/nios2-elf/lib\libc.a(lib_a-exit.o)
 .comment       0x0000000000000023       0x24 f:/intelfpga_lite/18.1/nios2eds/bin/gnu/h-x86_64-mingw32/bin/../lib/gcc/nios2-elf/5.3.0/../../../../../H-x86_64-mingw32/nios2-elf/lib\libc.a(lib_a-impure.o)
 .comment       0x0000000000000023       0x24 f:/intelfpga_lite/18.1/nios2eds/bin/gnu/h-x86_64-mingw32/bin/../lib/gcc/nios2-elf/5.3.0/../../../../../H-x86_64-mingw32/nios2-elf/lib\libc.a(lib_a-int_errno.o)
 .comment       0x0000000000000023       0x24 f:/intelfpga_lite/18.1/nios2eds/bin/gnu/h-x86_64-mingw32/bin/../lib/gcc/nios2-elf/5.3.0/../../../../../H-x86_64-mingw32/nios2-elf/lib\libc.a(lib_a-memcmp.o)
 .comment       0x0000000000000023       0x24 f:/intelfpga_lite/18.1/nios2eds/bin/gnu/h-x86_64-mingw32/bin/../lib/gcc/nios2-elf/5.3.0/../../../../../H-x86_64-mingw32/nios2-elf/lib\libc.a(lib_a-memcpy.o)
 .comment       0x0000000000000023       0x24 f:/intelfpga_lite/18.1/nios2eds/bin/gnu/h-x86_64-mingw32/bin/../lib/gcc/nios2-elf/5.3.0/../../../../../H-x86_64-mingw32/nios2-elf/lib\libc.a(lib_a-strlen.o)
 .comment       0x0000000000000023       0x24 f:/intelfpga_lite/18.1/nios2eds/bin/gnu/h-x86_64-mingw32/bin/../lib/gcc/nios2-elf/5.3.0/../../../../../H-x86_64-mingw32/nios2-elf/lib\libc.a(lib_a-__atexit.o)
 .comment       0x0000000000000023       0x24 f:/intelfpga_lite/18.1/nios2eds/bin/gnu/h-x86_64-mingw32/bin/../lib/gcc/nios2-elf/5.3.0/../../../../../H-x86_64-mingw32/nios2-elf/lib\libc.a(lib_a-__call_atexit.o)
 .comment       0x0000000000000023       0x24 ../control_bsp/\libhal_bsp.a(alt_exit.o)

.debug
 *(.debug)

.line
 *(.line)

.debug_srcinfo
 *(.debug_srcinfo)

.debug_sfnames
 *(.debug_sfnames)

.debug_aranges  0x0000000000000000      0x578
 *(.debug_aranges)
 .debug_aranges
                0x0000000000000000       0x28 ../control_bsp//obj/HAL/src/crt0.o
 .debug_aranges
                0x0000000000000028       0x20 ../control_bsp/\libhal_bsp.a(alt_load.o)
 .debug_aranges
                0x0000000000000048       0x20 ../control_bsp/\libhal_bsp.a(alt_main.o)
 .debug_aranges
                0x0000000000000068       0x20 ../control_bsp/\libhal_bsp.a(alt_sys_init.o)
 .debug_aranges
                0x0000000000000088       0x20 ../control_bsp/\libhal_bsp.a(altera_avalon_jtag_uart_fd.o)
 .debug_aranges
                0x00000000000000a8       0x20 ../control_bsp/\libhal_bsp.a(altera_avalon_jtag_uart_init.o)
 .debug_aranges
                0x00000000000000c8       0x20 ../control_bsp/\libhal_bsp.a(altera_avalon_jtag_uart_ioctl.o)
 .debug_aranges
                0x00000000000000e8       0x20 ../control_bsp/\libhal_bsp.a(altera_avalon_jtag_uart_read.o)
 .debug_aranges
                0x0000000000000108       0x20 ../control_bsp/\libhal_bsp.a(altera_avalon_jtag_uart_write.o)
 .debug_aranges
                0x0000000000000128       0x20 ../control_bsp/\libhal_bsp.a(alt_alarm_start.o)
 .debug_aranges
                0x0000000000000148       0x20 ../control_bsp/\libhal_bsp.a(alt_close.o)
 .debug_aranges
                0x0000000000000168       0x20 ../control_bsp/\libhal_bsp.a(alt_dcache_flush_all.o)
 .debug_aranges
                0x0000000000000188       0x20 ../control_bsp/\libhal_bsp.a(alt_dev.o)
 .debug_aranges
                0x00000000000001a8       0x20 ../control_bsp/\libhal_bsp.a(alt_dev_llist_insert.o)
 .debug_aranges
                0x00000000000001c8       0x20 ../control_bsp/\libhal_bsp.a(alt_do_ctors.o)
 .debug_aranges
                0x00000000000001e8       0x20 ../control_bsp/\libhal_bsp.a(alt_do_dtors.o)
 .debug_aranges
                0x0000000000000208       0x18 ../control_bsp/\libhal_bsp.a(alt_errno.o)
 .debug_aranges
                0x0000000000000220       0x20 ../control_bsp/\libhal_bsp.a(alt_icache_flush_all.o)
 .debug_aranges
                0x0000000000000240       0x20 ../control_bsp/\libhal_bsp.a(alt_io_redirect.o)
 .debug_aranges
                0x0000000000000260       0x20 ../control_bsp/\libhal_bsp.a(alt_irq_register.o)
 .debug_aranges
                0x0000000000000280       0x18 ../control_bsp/\libhal_bsp.a(alt_irq_vars.o)
 .debug_aranges
                0x0000000000000298       0x20 ../control_bsp/\libhal_bsp.a(alt_open.o)
 .debug_aranges
                0x00000000000002b8       0x20 ../control_bsp/\libhal_bsp.a(alt_release_fd.o)
 .debug_aranges
                0x00000000000002d8       0x20 ../control_bsp/\libhal_bsp.a(alt_tick.o)
 .debug_aranges
                0x00000000000002f8       0x20 ../control_bsp/\libhal_bsp.a(altera_nios2_gen2_irq.o)
 .debug_aranges
                0x0000000000000318       0x20 ../control_bsp/\libhal_bsp.a(alt_find_dev.o)
 .debug_aranges
                0x0000000000000338       0x20 ../control_bsp/\libhal_bsp.a(alt_find_file.o)
 .debug_aranges
                0x0000000000000358       0x20 ../control_bsp/\libhal_bsp.a(alt_get_fd.o)
 .debug_aranges
                0x0000000000000378       0x20 ../control_bsp/\libhal_bsp.a(alt_icache_flush.o)
 .debug_aranges
                0x0000000000000398       0x30 ../control_bsp/\libhal_bsp.a(alt_irq_entry.o)
 .debug_aranges
                0x00000000000003c8       0x20 ../control_bsp/\libhal_bsp.a(alt_irq_handler.o)
 .debug_aranges
                0x00000000000003e8       0x38 ../control_bsp/\libhal_bsp.a(alt_exception_entry.o)
 .debug_aranges
                0x0000000000000420       0x28 ../control_bsp/\libhal_bsp.a(alt_instruction_exception_entry.o)
 .debug_aranges
                0x0000000000000448       0x20 f:/intelfpga_lite/18.1/nios2eds/bin/gnu/h-x86_64-mingw32/bin/../lib/gcc/nios2-elf/5.3.0/../../../../../H-x86_64-mingw32/nios2-elf/lib\libc.a(lib_a-atexit.o)
 .debug_aranges
                0x0000000000000468       0x20 f:/intelfpga_lite/18.1/nios2eds/bin/gnu/h-x86_64-mingw32/bin/../lib/gcc/nios2-elf/5.3.0/../../../../../H-x86_64-mingw32/nios2-elf/lib\libc.a(lib_a-exit.o)
 .debug_aranges
                0x0000000000000488       0x18 f:/intelfpga_lite/18.1/nios2eds/bin/gnu/h-x86_64-mingw32/bin/../lib/gcc/nios2-elf/5.3.0/../../../../../H-x86_64-mingw32/nios2-elf/lib\libc.a(lib_a-impure.o)
 .debug_aranges
                0x00000000000004a0       0x18 f:/intelfpga_lite/18.1/nios2eds/bin/gnu/h-x86_64-mingw32/bin/../lib/gcc/nios2-elf/5.3.0/../../../../../H-x86_64-mingw32/nios2-elf/lib\libc.a(lib_a-int_errno.o)
 .debug_aranges
                0x00000000000004b8       0x20 f:/intelfpga_lite/18.1/nios2eds/bin/gnu/h-x86_64-mingw32/bin/../lib/gcc/nios2-elf/5.3.0/../../../../../H-x86_64-mingw32/nios2-elf/lib\libc.a(lib_a-memcmp.o)
 .debug_aranges
                0x00000000000004d8       0x20 f:/intelfpga_lite/18.1/nios2eds/bin/gnu/h-x86_64-mingw32/bin/../lib/gcc/nios2-elf/5.3.0/../../../../../H-x86_64-mingw32/nios2-elf/lib\libc.a(lib_a-memcpy.o)
 .debug_aranges
                0x00000000000004f8       0x20 f:/intelfpga_lite/18.1/nios2eds/bin/gnu/h-x86_64-mingw32/bin/../lib/gcc/nios2-elf/5.3.0/../../../../../H-x86_64-mingw32/nios2-elf/lib\libc.a(lib_a-strlen.o)
 .debug_aranges
                0x0000000000000518       0x20 f:/intelfpga_lite/18.1/nios2eds/bin/gnu/h-x86_64-mingw32/bin/../lib/gcc/nios2-elf/5.3.0/../../../../../H-x86_64-mingw32/nios2-elf/lib\libc.a(lib_a-__atexit.o)
 .debug_aranges
                0x0000000000000538       0x20 f:/intelfpga_lite/18.1/nios2eds/bin/gnu/h-x86_64-mingw32/bin/../lib/gcc/nios2-elf/5.3.0/../../../../../H-x86_64-mingw32/nios2-elf/lib\libc.a(lib_a-__call_atexit.o)
 .debug_aranges
                0x0000000000000558       0x20 ../control_bsp/\libhal_bsp.a(alt_exit.o)

.debug_pubnames
 *(.debug_pubnames)

.debug_info     0x0000000000000000     0x7468
 *(.debug_info .gnu.linkonce.wi.*)
 .debug_info    0x0000000000000000       0xa0 ../control_bsp//obj/HAL/src/crt0.o
 .debug_info    0x00000000000000a0      0x145 ../control_bsp/\libhal_bsp.a(alt_load.o)
 .debug_info    0x00000000000001e5      0x157 ../control_bsp/\libhal_bsp.a(alt_main.o)
 .debug_info    0x000000000000033c      0x51a ../control_bsp/\libhal_bsp.a(alt_sys_init.o)
 .debug_info    0x0000000000000856      0x52e ../control_bsp/\libhal_bsp.a(altera_avalon_jtag_uart_fd.o)
 .debug_info    0x0000000000000d84      0x3c3 ../control_bsp/\libhal_bsp.a(altera_avalon_jtag_uart_init.o)
 .debug_info    0x0000000000001147      0x280 ../control_bsp/\libhal_bsp.a(altera_avalon_jtag_uart_ioctl.o)
 .debug_info    0x00000000000013c7      0x35b ../control_bsp/\libhal_bsp.a(altera_avalon_jtag_uart_read.o)
 .debug_info    0x0000000000001722      0x356 ../control_bsp/\libhal_bsp.a(altera_avalon_jtag_uart_write.o)
 .debug_info    0x0000000000001a78      0x2e2 ../control_bsp/\libhal_bsp.a(alt_alarm_start.o)
 .debug_info    0x0000000000001d5a      0x321 ../control_bsp/\libhal_bsp.a(alt_close.o)
 .debug_info    0x000000000000207b       0xa5 ../control_bsp/\libhal_bsp.a(alt_dcache_flush_all.o)
 .debug_info    0x0000000000002120      0x49c ../control_bsp/\libhal_bsp.a(alt_dev.o)
 .debug_info    0x00000000000025bc      0x1a9 ../control_bsp/\libhal_bsp.a(alt_dev_llist_insert.o)
 .debug_info    0x0000000000002765       0x83 ../control_bsp/\libhal_bsp.a(alt_do_ctors.o)
 .debug_info    0x00000000000027e8       0x83 ../control_bsp/\libhal_bsp.a(alt_do_dtors.o)
 .debug_info    0x000000000000286b       0xa6 ../control_bsp/\libhal_bsp.a(alt_errno.o)
 .debug_info    0x0000000000002911       0x92 ../control_bsp/\libhal_bsp.a(alt_icache_flush_all.o)
 .debug_info    0x00000000000029a3      0x4a5 ../control_bsp/\libhal_bsp.a(alt_io_redirect.o)
 .debug_info    0x0000000000002e48      0x329 ../control_bsp/\libhal_bsp.a(alt_irq_register.o)
 .debug_info    0x0000000000003171       0x88 ../control_bsp/\libhal_bsp.a(alt_irq_vars.o)
 .debug_info    0x00000000000031f9      0x3bb ../control_bsp/\libhal_bsp.a(alt_open.o)
 .debug_info    0x00000000000035b4      0x2b0 ../control_bsp/\libhal_bsp.a(alt_release_fd.o)
 .debug_info    0x0000000000003864      0x2af ../control_bsp/\libhal_bsp.a(alt_tick.o)
 .debug_info    0x0000000000003b13       0xb8 ../control_bsp/\libhal_bsp.a(altera_nios2_gen2_irq.o)
 .debug_info    0x0000000000003bcb      0x2e9 ../control_bsp/\libhal_bsp.a(alt_find_dev.o)
 .debug_info    0x0000000000003eb4      0x2e6 ../control_bsp/\libhal_bsp.a(alt_find_file.o)
 .debug_info    0x000000000000419a      0x310 ../control_bsp/\libhal_bsp.a(alt_get_fd.o)
 .debug_info    0x00000000000044aa       0xdc ../control_bsp/\libhal_bsp.a(alt_icache_flush.o)
 .debug_info    0x0000000000004586       0xa9 ../control_bsp/\libhal_bsp.a(alt_irq_entry.o)
 .debug_info    0x000000000000462f      0x1a7 ../control_bsp/\libhal_bsp.a(alt_irq_handler.o)
 .debug_info    0x00000000000047d6       0xaf ../control_bsp/\libhal_bsp.a(alt_exception_entry.o)
 .debug_info    0x0000000000004885      0x1e7 ../control_bsp/\libhal_bsp.a(alt_instruction_exception_entry.o)
 .debug_info    0x0000000000004a6c       0xfe f:/intelfpga_lite/18.1/nios2eds/bin/gnu/h-x86_64-mingw32/bin/../lib/gcc/nios2-elf/5.3.0/../../../../../H-x86_64-mingw32/nios2-elf/lib\libc.a(lib_a-atexit.o)
 .debug_info    0x0000000000004b6a      0x8e4 f:/intelfpga_lite/18.1/nios2eds/bin/gnu/h-x86_64-mingw32/bin/../lib/gcc/nios2-elf/5.3.0/../../../../../H-x86_64-mingw32/nios2-elf/lib\libc.a(lib_a-exit.o)
 .debug_info    0x000000000000544e      0x8a1 f:/intelfpga_lite/18.1/nios2eds/bin/gnu/h-x86_64-mingw32/bin/../lib/gcc/nios2-elf/5.3.0/../../../../../H-x86_64-mingw32/nios2-elf/lib\libc.a(lib_a-impure.o)
 .debug_info    0x0000000000005cef       0x8a f:/intelfpga_lite/18.1/nios2eds/bin/gnu/h-x86_64-mingw32/bin/../lib/gcc/nios2-elf/5.3.0/../../../../../H-x86_64-mingw32/nios2-elf/lib\libc.a(lib_a-int_errno.o)
 .debug_info    0x0000000000005d79      0x11a f:/intelfpga_lite/18.1/nios2eds/bin/gnu/h-x86_64-mingw32/bin/../lib/gcc/nios2-elf/5.3.0/../../../../../H-x86_64-mingw32/nios2-elf/lib\libc.a(lib_a-memcmp.o)
 .debug_info    0x0000000000005e93      0x144 f:/intelfpga_lite/18.1/nios2eds/bin/gnu/h-x86_64-mingw32/bin/../lib/gcc/nios2-elf/5.3.0/../../../../../H-x86_64-mingw32/nios2-elf/lib\libc.a(lib_a-memcpy.o)
 .debug_info    0x0000000000005fd7       0xe2 f:/intelfpga_lite/18.1/nios2eds/bin/gnu/h-x86_64-mingw32/bin/../lib/gcc/nios2-elf/5.3.0/../../../../../H-x86_64-mingw32/nios2-elf/lib\libc.a(lib_a-strlen.o)
 .debug_info    0x00000000000060b9      0x934 f:/intelfpga_lite/18.1/nios2eds/bin/gnu/h-x86_64-mingw32/bin/../lib/gcc/nios2-elf/5.3.0/../../../../../H-x86_64-mingw32/nios2-elf/lib\libc.a(lib_a-__atexit.o)
 .debug_info    0x00000000000069ed      0x965 f:/intelfpga_lite/18.1/nios2eds/bin/gnu/h-x86_64-mingw32/bin/../lib/gcc/nios2-elf/5.3.0/../../../../../H-x86_64-mingw32/nios2-elf/lib\libc.a(lib_a-__call_atexit.o)
 .debug_info    0x0000000000007352      0x116 ../control_bsp/\libhal_bsp.a(alt_exit.o)

.debug_abbrev   0x0000000000000000     0x281f
 *(.debug_abbrev)
 .debug_abbrev  0x0000000000000000       0x12 ../control_bsp//obj/HAL/src/crt0.o
 .debug_abbrev  0x0000000000000012       0x9f ../control_bsp/\libhal_bsp.a(alt_load.o)
 .debug_abbrev  0x00000000000000b1       0xc1 ../control_bsp/\libhal_bsp.a(alt_main.o)
 .debug_abbrev  0x0000000000000172      0x187 ../control_bsp/\libhal_bsp.a(alt_sys_init.o)
 .debug_abbrev  0x00000000000002f9      0x127 ../control_bsp/\libhal_bsp.a(altera_avalon_jtag_uart_fd.o)
 .debug_abbrev  0x0000000000000420      0x19e ../control_bsp/\libhal_bsp.a(altera_avalon_jtag_uart_init.o)
 .debug_abbrev  0x00000000000005be      0x111 ../control_bsp/\libhal_bsp.a(altera_avalon_jtag_uart_ioctl.o)
 .debug_abbrev  0x00000000000006cf      0x1aa ../control_bsp/\libhal_bsp.a(altera_avalon_jtag_uart_read.o)
 .debug_abbrev  0x0000000000000879      0x1a8 ../control_bsp/\libhal_bsp.a(altera_avalon_jtag_uart_write.o)
 .debug_abbrev  0x0000000000000a21      0x162 ../control_bsp/\libhal_bsp.a(alt_alarm_start.o)
 .debug_abbrev  0x0000000000000b83      0x11f ../control_bsp/\libhal_bsp.a(alt_close.o)
 .debug_abbrev  0x0000000000000ca2       0x5a ../control_bsp/\libhal_bsp.a(alt_dcache_flush_all.o)
 .debug_abbrev  0x0000000000000cfc       0xd9 ../control_bsp/\libhal_bsp.a(alt_dev.o)
 .debug_abbrev  0x0000000000000dd5      0x114 ../control_bsp/\libhal_bsp.a(alt_dev_llist_insert.o)
 .debug_abbrev  0x0000000000000ee9       0x79 ../control_bsp/\libhal_bsp.a(alt_do_ctors.o)
 .debug_abbrev  0x0000000000000f62       0x79 ../control_bsp/\libhal_bsp.a(alt_do_dtors.o)
 .debug_abbrev  0x0000000000000fdb       0x5a ../control_bsp/\libhal_bsp.a(alt_errno.o)
 .debug_abbrev  0x0000000000001035       0x42 ../control_bsp/\libhal_bsp.a(alt_icache_flush_all.o)
 .debug_abbrev  0x0000000000001077      0x114 ../control_bsp/\libhal_bsp.a(alt_io_redirect.o)
 .debug_abbrev  0x000000000000118b      0x186 ../control_bsp/\libhal_bsp.a(alt_irq_register.o)
 .debug_abbrev  0x0000000000001311       0x40 ../control_bsp/\libhal_bsp.a(alt_irq_vars.o)
 .debug_abbrev  0x0000000000001351      0x148 ../control_bsp/\libhal_bsp.a(alt_open.o)
 .debug_abbrev  0x0000000000001499       0xde ../control_bsp/\libhal_bsp.a(alt_release_fd.o)
 .debug_abbrev  0x0000000000001577      0x16b ../control_bsp/\libhal_bsp.a(alt_tick.o)
 .debug_abbrev  0x00000000000016e2       0x67 ../control_bsp/\libhal_bsp.a(altera_nios2_gen2_irq.o)
 .debug_abbrev  0x0000000000001749       0xf0 ../control_bsp/\libhal_bsp.a(alt_find_dev.o)
 .debug_abbrev  0x0000000000001839       0xf0 ../control_bsp/\libhal_bsp.a(alt_find_file.o)
 .debug_abbrev  0x0000000000001929      0x10d ../control_bsp/\libhal_bsp.a(alt_get_fd.o)
 .debug_abbrev  0x0000000000001a36       0x8c ../control_bsp/\libhal_bsp.a(alt_icache_flush.o)
 .debug_abbrev  0x0000000000001ac2       0x12 ../control_bsp/\libhal_bsp.a(alt_irq_entry.o)
 .debug_abbrev  0x0000000000001ad4      0x13a ../control_bsp/\libhal_bsp.a(alt_irq_handler.o)
 .debug_abbrev  0x0000000000001c0e       0x12 ../control_bsp/\libhal_bsp.a(alt_exception_entry.o)
 .debug_abbrev  0x0000000000001c20       0xdc ../control_bsp/\libhal_bsp.a(alt_instruction_exception_entry.o)
 .debug_abbrev  0x0000000000001cfc       0xaa f:/intelfpga_lite/18.1/nios2eds/bin/gnu/h-x86_64-mingw32/bin/../lib/gcc/nios2-elf/5.3.0/../../../../../H-x86_64-mingw32/nios2-elf/lib\libc.a(lib_a-atexit.o)
 .debug_abbrev  0x0000000000001da6      0x1e5 f:/intelfpga_lite/18.1/nios2eds/bin/gnu/h-x86_64-mingw32/bin/../lib/gcc/nios2-elf/5.3.0/../../../../../H-x86_64-mingw32/nios2-elf/lib\libc.a(lib_a-exit.o)
 .debug_abbrev  0x0000000000001f8b      0x18f f:/intelfpga_lite/18.1/nios2eds/bin/gnu/h-x86_64-mingw32/bin/../lib/gcc/nios2-elf/5.3.0/../../../../../H-x86_64-mingw32/nios2-elf/lib\libc.a(lib_a-impure.o)
 .debug_abbrev  0x000000000000211a       0x37 f:/intelfpga_lite/18.1/nios2eds/bin/gnu/h-x86_64-mingw32/bin/../lib/gcc/nios2-elf/5.3.0/../../../../../H-x86_64-mingw32/nios2-elf/lib\libc.a(lib_a-int_errno.o)
 .debug_abbrev  0x0000000000002151       0x7f f:/intelfpga_lite/18.1/nios2eds/bin/gnu/h-x86_64-mingw32/bin/../lib/gcc/nios2-elf/5.3.0/../../../../../H-x86_64-mingw32/nios2-elf/lib\libc.a(lib_a-memcmp.o)
 .debug_abbrev  0x00000000000021d0       0xa3 f:/intelfpga_lite/18.1/nios2eds/bin/gnu/h-x86_64-mingw32/bin/../lib/gcc/nios2-elf/5.3.0/../../../../../H-x86_64-mingw32/nios2-elf/lib\libc.a(lib_a-memcpy.o)
 .debug_abbrev  0x0000000000002273       0x90 f:/intelfpga_lite/18.1/nios2eds/bin/gnu/h-x86_64-mingw32/bin/../lib/gcc/nios2-elf/5.3.0/../../../../../H-x86_64-mingw32/nios2-elf/lib\libc.a(lib_a-strlen.o)
 .debug_abbrev  0x0000000000002303      0x21e f:/intelfpga_lite/18.1/nios2eds/bin/gnu/h-x86_64-mingw32/bin/../lib/gcc/nios2-elf/5.3.0/../../../../../H-x86_64-mingw32/nios2-elf/lib\libc.a(lib_a-__atexit.o)
 .debug_abbrev  0x0000000000002521      0x22e f:/intelfpga_lite/18.1/nios2eds/bin/gnu/h-x86_64-mingw32/bin/../lib/gcc/nios2-elf/5.3.0/../../../../../H-x86_64-mingw32/nios2-elf/lib\libc.a(lib_a-__call_atexit.o)
 .debug_abbrev  0x000000000000274f       0xd0 ../control_bsp/\libhal_bsp.a(alt_exit.o)

.debug_line     0x0000000000000000     0x2a06
 *(.debug_line)
 .debug_line    0x0000000000000000       0x72 ../control_bsp//obj/HAL/src/crt0.o
 .debug_line    0x0000000000000072       0x8e ../control_bsp/\libhal_bsp.a(alt_load.o)
 .debug_line    0x0000000000000100       0xd1 ../control_bsp/\libhal_bsp.a(alt_main.o)
 .debug_line    0x00000000000001d1      0x174 ../control_bsp/\libhal_bsp.a(alt_sys_init.o)
 .debug_line    0x0000000000000345      0x12f ../control_bsp/\libhal_bsp.a(altera_avalon_jtag_uart_fd.o)
 .debug_line    0x0000000000000474      0x19f ../control_bsp/\libhal_bsp.a(altera_avalon_jtag_uart_init.o)
 .debug_line    0x0000000000000613      0x131 ../control_bsp/\libhal_bsp.a(altera_avalon_jtag_uart_ioctl.o)
 .debug_line    0x0000000000000744      0x185 ../control_bsp/\libhal_bsp.a(altera_avalon_jtag_uart_read.o)
 .debug_line    0x00000000000008c9      0x184 ../control_bsp/\libhal_bsp.a(altera_avalon_jtag_uart_write.o)
 .debug_line    0x0000000000000a4d      0x10d ../control_bsp/\libhal_bsp.a(alt_alarm_start.o)
 .debug_line    0x0000000000000b5a      0x165 ../control_bsp/\libhal_bsp.a(alt_close.o)
 .debug_line    0x0000000000000cbf       0x61 ../control_bsp/\libhal_bsp.a(alt_dcache_flush_all.o)
 .debug_line    0x0000000000000d20       0xf8 ../control_bsp/\libhal_bsp.a(alt_dev.o)
 .debug_line    0x0000000000000e18       0xcf ../control_bsp/\libhal_bsp.a(alt_dev_llist_insert.o)
 .debug_line    0x0000000000000ee7       0x59 ../control_bsp/\libhal_bsp.a(alt_do_ctors.o)
 .debug_line    0x0000000000000f40       0x59 ../control_bsp/\libhal_bsp.a(alt_do_dtors.o)
 .debug_line    0x0000000000000f99       0x51 ../control_bsp/\libhal_bsp.a(alt_errno.o)
 .debug_line    0x0000000000000fea       0x50 ../control_bsp/\libhal_bsp.a(alt_icache_flush_all.o)
 .debug_line    0x000000000000103a      0x133 ../control_bsp/\libhal_bsp.a(alt_io_redirect.o)
 .debug_line    0x000000000000116d      0x155 ../control_bsp/\libhal_bsp.a(alt_irq_register.o)
 .debug_line    0x00000000000012c2       0x50 ../control_bsp/\libhal_bsp.a(alt_irq_vars.o)
 .debug_line    0x0000000000001312      0x128 ../control_bsp/\libhal_bsp.a(alt_open.o)
 .debug_line    0x000000000000143a       0xae ../control_bsp/\libhal_bsp.a(alt_release_fd.o)
 .debug_line    0x00000000000014e8      0x113 ../control_bsp/\libhal_bsp.a(alt_tick.o)
 .debug_line    0x00000000000015fb       0x8d ../control_bsp/\libhal_bsp.a(altera_nios2_gen2_irq.o)
 .debug_line    0x0000000000001688       0xb5 ../control_bsp/\libhal_bsp.a(alt_find_dev.o)
 .debug_line    0x000000000000173d       0xd1 ../control_bsp/\libhal_bsp.a(alt_find_file.o)
 .debug_line    0x000000000000180e       0xd4 ../control_bsp/\libhal_bsp.a(alt_get_fd.o)
 .debug_line    0x00000000000018e2       0x81 ../control_bsp/\libhal_bsp.a(alt_icache_flush.o)
 .debug_line    0x0000000000001963       0x6b ../control_bsp/\libhal_bsp.a(alt_irq_entry.o)
 .debug_line    0x00000000000019ce       0xcd ../control_bsp/\libhal_bsp.a(alt_irq_handler.o)
 .debug_line    0x0000000000001a9b       0xb3 ../control_bsp/\libhal_bsp.a(alt_exception_entry.o)
 .debug_line    0x0000000000001b4e       0xba ../control_bsp/\libhal_bsp.a(alt_instruction_exception_entry.o)
 .debug_line    0x0000000000001c08       0xe4 f:/intelfpga_lite/18.1/nios2eds/bin/gnu/h-x86_64-mingw32/bin/../lib/gcc/nios2-elf/5.3.0/../../../../../H-x86_64-mingw32/nios2-elf/lib\libc.a(lib_a-atexit.o)
 .debug_line    0x0000000000001cec      0x1f9 f:/intelfpga_lite/18.1/nios2eds/bin/gnu/h-x86_64-mingw32/bin/../lib/gcc/nios2-elf/5.3.0/../../../../../H-x86_64-mingw32/nios2-elf/lib\libc.a(lib_a-exit.o)
 .debug_line    0x0000000000001ee5      0x15d f:/intelfpga_lite/18.1/nios2eds/bin/gnu/h-x86_64-mingw32/bin/../lib/gcc/nios2-elf/5.3.0/../../../../../H-x86_64-mingw32/nios2-elf/lib\libc.a(lib_a-impure.o)
 .debug_line    0x0000000000002042       0x5c f:/intelfpga_lite/18.1/nios2eds/bin/gnu/h-x86_64-mingw32/bin/../lib/gcc/nios2-elf/5.3.0/../../../../../H-x86_64-mingw32/nios2-elf/lib\libc.a(lib_a-int_errno.o)
 .debug_line    0x000000000000209e      0x173 f:/intelfpga_lite/18.1/nios2eds/bin/gnu/h-x86_64-mingw32/bin/../lib/gcc/nios2-elf/5.3.0/../../../../../H-x86_64-mingw32/nios2-elf/lib\libc.a(lib_a-memcmp.o)
 .debug_line    0x0000000000002211      0x189 f:/intelfpga_lite/18.1/nios2eds/bin/gnu/h-x86_64-mingw32/bin/../lib/gcc/nios2-elf/5.3.0/../../../../../H-x86_64-mingw32/nios2-elf/lib\libc.a(lib_a-memcpy.o)
 .debug_line    0x000000000000239a      0x16c f:/intelfpga_lite/18.1/nios2eds/bin/gnu/h-x86_64-mingw32/bin/../lib/gcc/nios2-elf/5.3.0/../../../../../H-x86_64-mingw32/nios2-elf/lib\libc.a(lib_a-strlen.o)
 .debug_line    0x0000000000002506      0x21c f:/intelfpga_lite/18.1/nios2eds/bin/gnu/h-x86_64-mingw32/bin/../lib/gcc/nios2-elf/5.3.0/../../../../../H-x86_64-mingw32/nios2-elf/lib\libc.a(lib_a-__atexit.o)
 .debug_line    0x0000000000002722      0x237 f:/intelfpga_lite/18.1/nios2eds/bin/gnu/h-x86_64-mingw32/bin/../lib/gcc/nios2-elf/5.3.0/../../../../../H-x86_64-mingw32/nios2-elf/lib\libc.a(lib_a-__call_atexit.o)
 .debug_line    0x0000000000002959       0xad ../control_bsp/\libhal_bsp.a(alt_exit.o)

.debug_frame    0x0000000000000000      0x9cc
 *(.debug_frame)
 .debug_frame   0x0000000000000000       0x5c ../control_bsp/\libhal_bsp.a(alt_load.o)
 .debug_frame   0x000000000000005c       0x2c ../control_bsp/\libhal_bsp.a(alt_main.o)
 .debug_frame   0x0000000000000088       0x88 ../control_bsp/\libhal_bsp.a(alt_sys_init.o)
 .debug_frame   0x0000000000000110       0xb0 ../control_bsp/\libhal_bsp.a(altera_avalon_jtag_uart_fd.o)
 .debug_frame   0x00000000000001c0       0xa4 ../control_bsp/\libhal_bsp.a(altera_avalon_jtag_uart_init.o)
 .debug_frame   0x0000000000000264       0x34 ../control_bsp/\libhal_bsp.a(altera_avalon_jtag_uart_ioctl.o)
 .debug_frame   0x0000000000000298       0x38 ../control_bsp/\libhal_bsp.a(altera_avalon_jtag_uart_read.o)
 .debug_frame   0x00000000000002d0       0x38 ../control_bsp/\libhal_bsp.a(altera_avalon_jtag_uart_write.o)
 .debug_frame   0x0000000000000308       0x34 ../control_bsp/\libhal_bsp.a(alt_alarm_start.o)
 .debug_frame   0x000000000000033c       0x60 ../control_bsp/\libhal_bsp.a(alt_close.o)
 .debug_frame   0x000000000000039c       0x34 ../control_bsp/\libhal_bsp.a(alt_dcache_flush_all.o)
 .debug_frame   0x00000000000003d0       0x34 ../control_bsp/\libhal_bsp.a(alt_dev.o)
 .debug_frame   0x0000000000000404       0x60 ../control_bsp/\libhal_bsp.a(alt_dev_llist_insert.o)
 .debug_frame   0x0000000000000464       0x38 ../control_bsp/\libhal_bsp.a(alt_do_ctors.o)
 .debug_frame   0x000000000000049c       0x38 ../control_bsp/\libhal_bsp.a(alt_do_dtors.o)
 .debug_frame   0x00000000000004d4       0x38 ../control_bsp/\libhal_bsp.a(alt_icache_flush_all.o)
 .debug_frame   0x000000000000050c       0x60 ../control_bsp/\libhal_bsp.a(alt_io_redirect.o)
 .debug_frame   0x000000000000056c       0x34 ../control_bsp/\libhal_bsp.a(alt_irq_register.o)
 .debug_frame   0x00000000000005a0       0x84 ../control_bsp/\libhal_bsp.a(alt_open.o)
 .debug_frame   0x0000000000000624       0x34 ../control_bsp/\libhal_bsp.a(alt_release_fd.o)
 .debug_frame   0x0000000000000658       0x5c ../control_bsp/\libhal_bsp.a(alt_tick.o)
 .debug_frame   0x00000000000006b4       0x34 ../control_bsp/\libhal_bsp.a(altera_nios2_gen2_irq.o)
 .debug_frame   0x00000000000006e8       0x38 ../control_bsp/\libhal_bsp.a(alt_find_dev.o)
 .debug_frame   0x0000000000000720       0x38 ../control_bsp/\libhal_bsp.a(alt_find_file.o)
 .debug_frame   0x0000000000000758       0x34 ../control_bsp/\libhal_bsp.a(alt_get_fd.o)
 .debug_frame   0x000000000000078c       0x34 ../control_bsp/\libhal_bsp.a(alt_icache_flush.o)
 .debug_frame   0x00000000000007c0       0x38 ../control_bsp/\libhal_bsp.a(alt_irq_handler.o)
 .debug_frame   0x00000000000007f8       0x5c ../control_bsp/\libhal_bsp.a(alt_instruction_exception_entry.o)
 .debug_frame   0x0000000000000854       0x20 f:/intelfpga_lite/18.1/nios2eds/bin/gnu/h-x86_64-mingw32/bin/../lib/gcc/nios2-elf/5.3.0/../../../../../H-x86_64-mingw32/nios2-elf/lib\libc.a(lib_a-atexit.o)
 .debug_frame   0x0000000000000874       0x28 f:/intelfpga_lite/18.1/nios2eds/bin/gnu/h-x86_64-mingw32/bin/../lib/gcc/nios2-elf/5.3.0/../../../../../H-x86_64-mingw32/nios2-elf/lib\libc.a(lib_a-exit.o)
 .debug_frame   0x000000000000089c       0x20 f:/intelfpga_lite/18.1/nios2eds/bin/gnu/h-x86_64-mingw32/bin/../lib/gcc/nios2-elf/5.3.0/../../../../../H-x86_64-mingw32/nios2-elf/lib\libc.a(lib_a-memcmp.o)
 .debug_frame   0x00000000000008bc       0x38 f:/intelfpga_lite/18.1/nios2eds/bin/gnu/h-x86_64-mingw32/bin/../lib/gcc/nios2-elf/5.3.0/../../../../../H-x86_64-mingw32/nios2-elf/lib\libc.a(lib_a-memcpy.o)
 .debug_frame   0x00000000000008f4       0x20 f:/intelfpga_lite/18.1/nios2eds/bin/gnu/h-x86_64-mingw32/bin/../lib/gcc/nios2-elf/5.3.0/../../../../../H-x86_64-mingw32/nios2-elf/lib\libc.a(lib_a-strlen.o)
 .debug_frame   0x0000000000000914       0x38 f:/intelfpga_lite/18.1/nios2eds/bin/gnu/h-x86_64-mingw32/bin/../lib/gcc/nios2-elf/5.3.0/../../../../../H-x86_64-mingw32/nios2-elf/lib\libc.a(lib_a-__atexit.o)
 .debug_frame   0x000000000000094c       0x54 f:/intelfpga_lite/18.1/nios2eds/bin/gnu/h-x86_64-mingw32/bin/../lib/gcc/nios2-elf/5.3.0/../../../../../H-x86_64-mingw32/nios2-elf/lib\libc.a(lib_a-__call_atexit.o)
 .debug_frame   0x00000000000009a0       0x2c ../control_bsp/\libhal_bsp.a(alt_exit.o)

.debug_str      0x0000000000000000     0x1997
 *(.debug_str)
 .debug_str     0x0000000000000000      0x208 ../control_bsp/\libhal_bsp.a(alt_load.o)
                                        0x241 (size before relaxing)
 .debug_str     0x0000000000000208       0x91 ../control_bsp/\libhal_bsp.a(alt_main.o)
                                        0x1f5 (size before relaxing)
 .debug_str     0x0000000000000299      0x1d3 ../control_bsp/\libhal_bsp.a(alt_sys_init.o)
                                        0x3d9 (size before relaxing)
 .debug_str     0x000000000000046c       0xb9 ../control_bsp/\libhal_bsp.a(altera_avalon_jtag_uart_fd.o)
                                        0x3d3 (size before relaxing)
 .debug_str     0x0000000000000525       0xd1 ../control_bsp/\libhal_bsp.a(altera_avalon_jtag_uart_init.o)
                                        0x388 (size before relaxing)
 .debug_str     0x00000000000005f6       0x4a ../control_bsp/\libhal_bsp.a(altera_avalon_jtag_uart_ioctl.o)
                                        0x2c2 (size before relaxing)
 .debug_str     0x0000000000000640       0x7f ../control_bsp/\libhal_bsp.a(altera_avalon_jtag_uart_read.o)
                                        0x338 (size before relaxing)
 .debug_str     0x00000000000006bf       0x4a ../control_bsp/\libhal_bsp.a(altera_avalon_jtag_uart_write.o)
                                        0x339 (size before relaxing)
 .debug_str     0x0000000000000709       0x59 ../control_bsp/\libhal_bsp.a(alt_alarm_start.o)
                                        0x2ce (size before relaxing)
 .debug_str     0x0000000000000762       0x44 ../control_bsp/\libhal_bsp.a(alt_close.o)
                                        0x23a (size before relaxing)
 .debug_str     0x00000000000007a6       0x34 ../control_bsp/\libhal_bsp.a(alt_dcache_flush_all.o)
                                        0x184 (size before relaxing)
 .debug_str     0x00000000000007da      0x120 ../control_bsp/\libhal_bsp.a(alt_dev.o)
                                        0x334 (size before relaxing)
 .debug_str     0x00000000000008fa       0x34 ../control_bsp/\libhal_bsp.a(alt_dev_llist_insert.o)
                                        0x1fb (size before relaxing)
 .debug_str     0x000000000000092e       0x48 ../control_bsp/\libhal_bsp.a(alt_do_ctors.o)
                                         0xff (size before relaxing)
 .debug_str     0x0000000000000976       0x4c ../control_bsp/\libhal_bsp.a(alt_do_dtors.o)
                                         0xfe (size before relaxing)
 .debug_str     0x00000000000009c2       0x14 ../control_bsp/\libhal_bsp.a(alt_errno.o)
                                        0x174 (size before relaxing)
 .debug_str     0x00000000000009d6       0x34 ../control_bsp/\libhal_bsp.a(alt_icache_flush_all.o)
                                        0x184 (size before relaxing)
 .debug_str     0x0000000000000a0a       0x56 ../control_bsp/\libhal_bsp.a(alt_io_redirect.o)
                                        0x345 (size before relaxing)
 .debug_str     0x0000000000000a60       0x77 ../control_bsp/\libhal_bsp.a(alt_irq_register.o)
                                        0x237 (size before relaxing)
 .debug_str     0x0000000000000ad7       0x17 ../control_bsp/\libhal_bsp.a(alt_irq_vars.o)
                                        0x169 (size before relaxing)
 .debug_str     0x0000000000000aee       0x2f ../control_bsp/\libhal_bsp.a(alt_open.o)
                                        0x27a (size before relaxing)
 .debug_str     0x0000000000000b1d       0x28 ../control_bsp/\libhal_bsp.a(alt_release_fd.o)
                                        0x202 (size before relaxing)
 .debug_str     0x0000000000000b45       0x4a ../control_bsp/\libhal_bsp.a(alt_tick.o)
                                        0x2a2 (size before relaxing)
 .debug_str     0x0000000000000b8f       0x3b ../control_bsp/\libhal_bsp.a(altera_nios2_gen2_irq.o)
                                        0x1b4 (size before relaxing)
 .debug_str     0x0000000000000bca       0x24 ../control_bsp/\libhal_bsp.a(alt_find_dev.o)
                                        0x21b (size before relaxing)
 .debug_str     0x0000000000000bee       0x26 ../control_bsp/\libhal_bsp.a(alt_find_file.o)
                                        0x229 (size before relaxing)
 .debug_str     0x0000000000000c14       0x30 ../control_bsp/\libhal_bsp.a(alt_get_fd.o)
                                        0x24b (size before relaxing)
 .debug_str     0x0000000000000c44       0x2c ../control_bsp/\libhal_bsp.a(alt_icache_flush.o)
                                        0x18a (size before relaxing)
 .debug_str     0x0000000000000c70       0x3a ../control_bsp/\libhal_bsp.a(alt_irq_handler.o)
                                        0x1e7 (size before relaxing)
 .debug_str     0x0000000000000caa      0x48b ../control_bsp/\libhal_bsp.a(alt_instruction_exception_entry.o)
                                        0x5cf (size before relaxing)
 .debug_str     0x0000000000001135      0x162 f:/intelfpga_lite/18.1/nios2eds/bin/gnu/h-x86_64-mingw32/bin/../lib/gcc/nios2-elf/5.3.0/../../../../../H-x86_64-mingw32/nios2-elf/lib\libc.a(lib_a-atexit.o)
                                        0x207 (size before relaxing)
 .debug_str     0x0000000000001297      0x3b2 f:/intelfpga_lite/18.1/nios2eds/bin/gnu/h-x86_64-mingw32/bin/../lib/gcc/nios2-elf/5.3.0/../../../../../H-x86_64-mingw32/nios2-elf/lib\libc.a(lib_a-exit.o)
                                        0x5a4 (size before relaxing)
 .debug_str     0x0000000000001649       0xc8 f:/intelfpga_lite/18.1/nios2eds/bin/gnu/h-x86_64-mingw32/bin/../lib/gcc/nios2-elf/5.3.0/../../../../../H-x86_64-mingw32/nios2-elf/lib\libc.a(lib_a-impure.o)
                                        0x59b (size before relaxing)
 .debug_str     0x0000000000001711       0x3c f:/intelfpga_lite/18.1/nios2eds/bin/gnu/h-x86_64-mingw32/bin/../lib/gcc/nios2-elf/5.3.0/../../../../../H-x86_64-mingw32/nios2-elf/lib\libc.a(lib_a-int_errno.o)
                                        0x1c3 (size before relaxing)
 .debug_str     0x000000000000174d       0xcc f:/intelfpga_lite/18.1/nios2eds/bin/gnu/h-x86_64-mingw32/bin/../lib/gcc/nios2-elf/5.3.0/../../../../../H-x86_64-mingw32/nios2-elf/lib\libc.a(lib_a-memcmp.o)
                                        0x1ca (size before relaxing)
 .debug_str     0x0000000000001819       0x68 f:/intelfpga_lite/18.1/nios2eds/bin/gnu/h-x86_64-mingw32/bin/../lib/gcc/nios2-elf/5.3.0/../../../../../H-x86_64-mingw32/nios2-elf/lib\libc.a(lib_a-memcpy.o)
                                        0x1f1 (size before relaxing)
 .debug_str     0x0000000000001881       0x4e f:/intelfpga_lite/18.1/nios2eds/bin/gnu/h-x86_64-mingw32/bin/../lib/gcc/nios2-elf/5.3.0/../../../../../H-x86_64-mingw32/nios2-elf/lib\libc.a(lib_a-strlen.o)
                                        0x1dd (size before relaxing)
 .debug_str     0x00000000000018cf       0x3c f:/intelfpga_lite/18.1/nios2eds/bin/gnu/h-x86_64-mingw32/bin/../lib/gcc/nios2-elf/5.3.0/../../../../../H-x86_64-mingw32/nios2-elf/lib\libc.a(lib_a-__atexit.o)
                                        0x5dc (size before relaxing)
 .debug_str     0x000000000000190b       0x62 f:/intelfpga_lite/18.1/nios2eds/bin/gnu/h-x86_64-mingw32/bin/../lib/gcc/nios2-elf/5.3.0/../../../../../H-x86_64-mingw32/nios2-elf/lib\libc.a(lib_a-__call_atexit.o)
                                        0x5c8 (size before relaxing)
 .debug_str     0x000000000000196d       0x2a ../control_bsp/\libhal_bsp.a(alt_exit.o)
                                        0x1a9 (size before relaxing)

.debug_loc      0x0000000000000000      0x770
 *(.debug_loc)
 .debug_loc     0x0000000000000000       0x2c f:/intelfpga_lite/18.1/nios2eds/bin/gnu/h-x86_64-mingw32/bin/../lib/gcc/nios2-elf/5.3.0/../../../../../H-x86_64-mingw32/nios2-elf/lib\libc.a(lib_a-atexit.o)
 .debug_loc     0x000000000000002c       0x1e f:/intelfpga_lite/18.1/nios2eds/bin/gnu/h-x86_64-mingw32/bin/../lib/gcc/nios2-elf/5.3.0/../../../../../H-x86_64-mingw32/nios2-elf/lib\libc.a(lib_a-exit.o)
 .debug_loc     0x000000000000004a      0x126 f:/intelfpga_lite/18.1/nios2eds/bin/gnu/h-x86_64-mingw32/bin/../lib/gcc/nios2-elf/5.3.0/../../../../../H-x86_64-mingw32/nios2-elf/lib\libc.a(lib_a-memcmp.o)
 .debug_loc     0x0000000000000170      0x266 f:/intelfpga_lite/18.1/nios2eds/bin/gnu/h-x86_64-mingw32/bin/../lib/gcc/nios2-elf/5.3.0/../../../../../H-x86_64-mingw32/nios2-elf/lib\libc.a(lib_a-memcpy.o)
 .debug_loc     0x00000000000003d6       0x47 f:/intelfpga_lite/18.1/nios2eds/bin/gnu/h-x86_64-mingw32/bin/../lib/gcc/nios2-elf/5.3.0/../../../../../H-x86_64-mingw32/nios2-elf/lib\libc.a(lib_a-strlen.o)
 .debug_loc     0x000000000000041d      0x185 f:/intelfpga_lite/18.1/nios2eds/bin/gnu/h-x86_64-mingw32/bin/../lib/gcc/nios2-elf/5.3.0/../../../../../H-x86_64-mingw32/nios2-elf/lib\libc.a(lib_a-__atexit.o)
 .debug_loc     0x00000000000005a2      0x1ce f:/intelfpga_lite/18.1/nios2eds/bin/gnu/h-x86_64-mingw32/bin/../lib/gcc/nios2-elf/5.3.0/../../../../../H-x86_64-mingw32/nios2-elf/lib\libc.a(lib_a-__call_atexit.o)

.debug_macinfo
 *(.debug_macinfo)

.debug_weaknames
 *(.debug_weaknames)

.debug_funcnames
 *(.debug_funcnames)

.debug_typenames
 *(.debug_typenames)

.debug_varnames
 *(.debug_varnames)

.debug_alt_sim_info
                0x0000000000000000       0x30
 *(.debug_alt_sim_info)
 .debug_alt_sim_info
                0x0000000000000000       0x30 ../control_bsp//obj/HAL/src/crt0.o
                0x0000000004000000                __alt_data_end = 0x4000000
                0x0000000004000000                PROVIDE (__alt_stack_pointer, __alt_data_end)
                [!provide]                        PROVIDE (__alt_stack_limit, __alt_stack_base)
                [!provide]                        PROVIDE (__alt_heap_start, end)
                [!provide]                        PROVIDE (__alt_heap_limit, 0x4000000)
OUTPUT(control.elf elf32-littlenios2)

.debug_ranges   0x0000000000000000      0x178
 .debug_ranges  0x0000000000000000       0x20 ../control_bsp//obj/HAL/src/crt0.o
 .debug_ranges  0x0000000000000020       0x30 ../control_bsp/\libhal_bsp.a(altera_avalon_jtag_uart_init.o)
 .debug_ranges  0x0000000000000050       0x18 ../control_bsp/\libhal_bsp.a(altera_avalon_jtag_uart_read.o)
 .debug_ranges  0x0000000000000068       0x28 ../control_bsp/\libhal_bsp.a(alt_irq_entry.o)
 .debug_ranges  0x0000000000000090       0x10 ../control_bsp/\libhal_bsp.a(alt_irq_handler.o)
 .debug_ranges  0x00000000000000a0       0x30 ../control_bsp/\libhal_bsp.a(alt_exception_entry.o)
 .debug_ranges  0x00000000000000d0       0x18 ../control_bsp/\libhal_bsp.a(alt_instruction_exception_entry.o)
 .debug_ranges  0x00000000000000e8       0x10 f:/intelfpga_lite/18.1/nios2eds/bin/gnu/h-x86_64-mingw32/bin/../lib/gcc/nios2-elf/5.3.0/../../../../../H-x86_64-mingw32/nios2-elf/lib\libc.a(lib_a-atexit.o)
 .debug_ranges  0x00000000000000f8       0x10 f:/intelfpga_lite/18.1/nios2eds/bin/gnu/h-x86_64-mingw32/bin/../lib/gcc/nios2-elf/5.3.0/../../../../../H-x86_64-mingw32/nios2-elf/lib\libc.a(lib_a-exit.o)
 .debug_ranges  0x0000000000000108       0x10 f:/intelfpga_lite/18.1/nios2eds/bin/gnu/h-x86_64-mingw32/bin/../lib/gcc/nios2-elf/5.3.0/../../../../../H-x86_64-mingw32/nios2-elf/lib\libc.a(lib_a-memcmp.o)
 .debug_ranges  0x0000000000000118       0x10 f:/intelfpga_lite/18.1/nios2eds/bin/gnu/h-x86_64-mingw32/bin/../lib/gcc/nios2-elf/5.3.0/../../../../../H-x86_64-mingw32/nios2-elf/lib\libc.a(lib_a-memcpy.o)
 .debug_ranges  0x0000000000000128       0x10 f:/intelfpga_lite/18.1/nios2eds/bin/gnu/h-x86_64-mingw32/bin/../lib/gcc/nios2-elf/5.3.0/../../../../../H-x86_64-mingw32/nios2-elf/lib\libc.a(lib_a-strlen.o)
 .debug_ranges  0x0000000000000138       0x10 f:/intelfpga_lite/18.1/nios2eds/bin/gnu/h-x86_64-mingw32/bin/../lib/gcc/nios2-elf/5.3.0/../../../../../H-x86_64-mingw32/nios2-elf/lib\libc.a(lib_a-__atexit.o)
 .debug_ranges  0x0000000000000148       0x30 f:/intelfpga_lite/18.1/nios2eds/bin/gnu/h-x86_64-mingw32/bin/../lib/gcc/nios2-elf/5.3.0/../../../../../H-x86_64-mingw32/nios2-elf/lib\libc.a(lib_a-__call_atexit.o)
