Archive member included to satisfy reference by file (symbol)

c:/intelfpga_lite/18.1/nios2eds/bin/gnu/h-x86_64-mingw32/bin/../lib/gcc/nios2-elf/5.3.0\libgcc.a(_muldi3.o)
                              obj/default/debug_control.o (__muldi3)
c:/intelfpga_lite/18.1/nios2eds/bin/gnu/h-x86_64-mingw32/bin/../lib/gcc/nios2-elf/5.3.0\libgcc.a(_udivdi3.o)
                              obj/default/debug_control.o (__udivdi3)
c:/intelfpga_lite/18.1/nios2eds/bin/gnu/h-x86_64-mingw32/bin/../lib/gcc/nios2-elf/5.3.0\libgcc.a(lib2-divmod.o)
                              obj/default/speaker.o (__divsi3)
c:/intelfpga_lite/18.1/nios2eds/bin/gnu/h-x86_64-mingw32/bin/../lib/gcc/nios2-elf/5.3.0\libgcc.a(_clz.o)
                              c:/intelfpga_lite/18.1/nios2eds/bin/gnu/h-x86_64-mingw32/bin/../lib/gcc/nios2-elf/5.3.0\libgcc.a(_udivdi3.o) (__clz_tab)
c:/intelfpga_lite/18.1/nios2eds/bin/gnu/h-x86_64-mingw32/bin/../lib/gcc/nios2-elf/5.3.0/../../../../../H-x86_64-mingw32/nios2-elf/lib\libc.a(lib_a-memcpy.o)
                              obj/default/switches_key.o (memcpy)
c:/intelfpga_lite/18.1/nios2eds/bin/gnu/h-x86_64-mingw32/bin/../lib/gcc/nios2-elf/5.3.0/../../../../../H-x86_64-mingw32/nios2-elf/lib\libc.a(lib_a-memmove.o)
                              obj/default/switches_key.o (memmove)
c:/intelfpga_lite/18.1/nios2eds/bin/gnu/h-x86_64-mingw32/bin/../lib/gcc/nios2-elf/5.3.0/../../../../../H-x86_64-mingw32/nios2-elf/lib\libc.a(lib_a-rand.o)
                              obj/default/soundeffects.o (rand)
c:/intelfpga_lite/18.1/nios2eds/bin/gnu/h-x86_64-mingw32/bin/../lib/gcc/nios2-elf/5.3.0/../../../../../H-x86_64-mingw32/nios2-elf/lib\libc.a(lib_a-snprintf.o)
                              obj/default/switches_key.o (snprintf)
c:/intelfpga_lite/18.1/nios2eds/bin/gnu/h-x86_64-mingw32/bin/../lib/gcc/nios2-elf/5.3.0/../../../../../H-x86_64-mingw32/nios2-elf/lib\libc.a(lib_a-strcmp.o)
                              obj/default/switches_key.o (strcmp)
c:/intelfpga_lite/18.1/nios2eds/bin/gnu/h-x86_64-mingw32/bin/../lib/gcc/nios2-elf/5.3.0/../../../../../H-x86_64-mingw32/nios2-elf/lib\libc.a(lib_a-strlen.o)
                              obj/default/switches_key.o (strlen)
c:/intelfpga_lite/18.1/nios2eds/bin/gnu/h-x86_64-mingw32/bin/../lib/gcc/nios2-elf/5.3.0/../../../../../H-x86_64-mingw32/nios2-elf/lib\libc.a(lib_a-strncat.o)
                              obj/default/switches_key.o (strncat)
c:/intelfpga_lite/18.1/nios2eds/bin/gnu/h-x86_64-mingw32/bin/../lib/gcc/nios2-elf/5.3.0/../../../../../H-x86_64-mingw32/nios2-elf/lib\libc.a(lib_a-strncpy.o)
                              obj/default/switches_key.o (strncpy)
c:/intelfpga_lite/18.1/nios2eds/bin/gnu/h-x86_64-mingw32/bin/../lib/gcc/nios2-elf/5.3.0/../../../../../H-x86_64-mingw32/nios2-elf/lib\libc.a(lib_a-svfprintf.o)
                              c:/intelfpga_lite/18.1/nios2eds/bin/gnu/h-x86_64-mingw32/bin/../lib/gcc/nios2-elf/5.3.0/../../../../../H-x86_64-mingw32/nios2-elf/lib\libc.a(lib_a-snprintf.o) (___svfprintf_internal_r)
c:/intelfpga_lite/18.1/nios2eds/bin/gnu/h-x86_64-mingw32/bin/../lib/gcc/nios2-elf/5.3.0/../../../../../H-x86_64-mingw32/nios2-elf/lib\libc.a(lib_a-dtoa.o)
                              c:/intelfpga_lite/18.1/nios2eds/bin/gnu/h-x86_64-mingw32/bin/../lib/gcc/nios2-elf/5.3.0/../../../../../H-x86_64-mingw32/nios2-elf/lib\libc.a(lib_a-svfprintf.o) (_dtoa_r)
c:/intelfpga_lite/18.1/nios2eds/bin/gnu/h-x86_64-mingw32/bin/../lib/gcc/nios2-elf/5.3.0/../../../../../H-x86_64-mingw32/nios2-elf/lib\libc.a(lib_a-impure.o)
                              c:/intelfpga_lite/18.1/nios2eds/bin/gnu/h-x86_64-mingw32/bin/../lib/gcc/nios2-elf/5.3.0/../../../../../H-x86_64-mingw32/nios2-elf/lib\libc.a(lib_a-rand.o) (_impure_ptr)
c:/intelfpga_lite/18.1/nios2eds/bin/gnu/h-x86_64-mingw32/bin/../lib/gcc/nios2-elf/5.3.0/../../../../../H-x86_64-mingw32/nios2-elf/lib\libc.a(lib_a-locale.o)
                              c:/intelfpga_lite/18.1/nios2eds/bin/gnu/h-x86_64-mingw32/bin/../lib/gcc/nios2-elf/5.3.0/../../../../../H-x86_64-mingw32/nios2-elf/lib\libc.a(lib_a-svfprintf.o) (_localeconv_r)
c:/intelfpga_lite/18.1/nios2eds/bin/gnu/h-x86_64-mingw32/bin/../lib/gcc/nios2-elf/5.3.0/../../../../../H-x86_64-mingw32/nios2-elf/lib\libc.a(lib_a-mallocr.o)
                              c:/intelfpga_lite/18.1/nios2eds/bin/gnu/h-x86_64-mingw32/bin/../lib/gcc/nios2-elf/5.3.0/../../../../../H-x86_64-mingw32/nios2-elf/lib\libc.a(lib_a-svfprintf.o) (_malloc_r)
c:/intelfpga_lite/18.1/nios2eds/bin/gnu/h-x86_64-mingw32/bin/../lib/gcc/nios2-elf/5.3.0/../../../../../H-x86_64-mingw32/nios2-elf/lib\libc.a(lib_a-memchr.o)
                              c:/intelfpga_lite/18.1/nios2eds/bin/gnu/h-x86_64-mingw32/bin/../lib/gcc/nios2-elf/5.3.0/../../../../../H-x86_64-mingw32/nios2-elf/lib\libc.a(lib_a-svfprintf.o) (memchr)
c:/intelfpga_lite/18.1/nios2eds/bin/gnu/h-x86_64-mingw32/bin/../lib/gcc/nios2-elf/5.3.0/../../../../../H-x86_64-mingw32/nios2-elf/lib\libc.a(lib_a-mprec.o)
[...]
Memory Configuration

Name             Origin             Length             Attributes
new_sdram_controller_0 0x0000000004100000 0x0000000000100000
reset            0x0000000008004000 0x0000000000000020
control_mem      0x0000000008004020 0x0000000000003fe0
*default*        0x0000000000000000 0xffffffffffffffff

Linker script and memory map

LOAD ../control_bsp//obj/HAL/src/crt0.o
LOAD obj/default/debug_control.o
LOAD obj/default/main.o
LOAD obj/default/soundeffects.o
LOAD obj/default/speaker.o
LOAD obj/default/switches_key.o
LOAD obj/default/traffc_led.o
LOAD c:/intelfpga_lite/18.1/nios2eds/bin/gnu/h-x86_64-mingw32/bin/../lib/gcc/nios2-elf/5.3.0/../../../../../H-x86_64-mingw32/nios2-elf/lib\libstdc++.a
LOAD c:/intelfpga_lite/18.1/nios2eds/bin/gnu/h-x86_64-mingw32/bin/../lib/gcc/nios2-elf/5.3.0/../../../../../H-x86_64-mingw32/nios2-elf/lib\libm.a
LOAD c:/intelfpga_lite/18.1/nios2eds/bin/gnu/h-x86_64-mingw32/bin/../lib/gcc/nios2-elf/5.3.0\libgcc.a
START GROUP
LOAD c:/intelfpga_lite/18.1/nios2eds/bin/gnu/h-x86_64-mingw32/bin/../lib/gcc/nios2-elf/5.3.0/../../../../../H-x86_64-mingw32/nios2-elf/lib\libc.a
LOAD c:/intelfpga_lite/18.1/nios2eds/bin/gnu/h-x86_64-mingw32/bin/../lib/gcc/nios2-elf/5.3.0\libgcc.a
LOAD ../control_bsp/\libucosii_bsp.a
LOAD c:/intelfpga_lite/18.1/nios2eds/bin/gnu/h-x86_64-mingw32/bin/../lib/gcc/nios2-elf/5.3.0/../../../../../H-x86_64-mingw32/nios2-elf/lib\libm.a
END GROUP
LOAD c:/intelfpga_lite/18.1/nios2eds/bin/gnu/h-x86_64-mingw32/bin/../lib/gcc/nios2-elf/5.3.0\libgcc.a
                0x0000000004000000                __alt_mem_new_sdram_controller_0 = 0x4000000
                0x0000000008004000                __alt_mem_control_mem = 0x8004000

.entry          0x0000000008004000       0x20
 *(.entry)
 .entry         0x0000000008004000       0x20 ../control_bsp//obj/HAL/src/crt0.o
                0x0000000008004000                __reset

.exceptions     0x0000000008004020      0x224 load address 0x0000000004100000
                0x0000000008004020                PROVIDE (__ram_exceptions_start, ABSOLUTE (.))
                0x0000000008004020                . = ALIGN (0x20)
 *(.irq)
 *(.exceptions.entry.label)
 .exceptions.entry.label
                0x0000000008004020        0x0 ../control_bsp/\libucosii_bsp.a(alt_irq_entry.o)
                0x0000000008004020                alt_irq_entry
 .exceptions.entry.label
                0x0000000008004020        0x0 ../control_bsp/\libucosii_bsp.a(alt_exception_entry.o)
                0x0000000008004020                alt_exception
 *(.exceptions.entry.user)
 *(.exceptions.entry.ecc_fatal)
 *(.exceptions.entry)
 .exceptions.entry
                0x0000000008004020       0x54 ../control_bsp/\libucosii_bsp.a(alt_exception_entry.o)
 *(.exceptions.irqtest.user)
 *(.exceptions.irqtest)
 .exceptions.irqtest
                0x0000000008004074       0x10 ../control_bsp/\libucosii_bsp.a(alt_irq_entry.o)
 *(.exceptions.irqhandler.user)
 *(.exceptions.irqhandler)
 .exceptions.irqhandler
                0x0000000008004084        0x4 ../control_bsp/\libucosii_bsp.a(alt_irq_entry.o)
 *(.exceptions.irqreturn.user)
 *(.exceptions.irqreturn)
 .exceptions.irqreturn
                0x0000000008004088        0x4 ../control_bsp/\libucosii_bsp.a(alt_irq_entry.o)
 *(.exceptions.notirq.label)
 .exceptions.notirq.label
                0x000000000800408c        0x0 ../control_bsp/\libucosii_bsp.a(alt_irq_entry.o)
 *(.exceptions.notirq.user)
 *(.exceptions.notirq)
 .exceptions.notirq
                0x000000000800408c        0x8 ../control_bsp/\libucosii_bsp.a(alt_exception_entry.o)
 *(.exceptions.soft.user)
 *(.exceptions.soft)
 *(.exceptions.unknown.user)
 *(.exceptions.unknown)
 .exceptions.unknown
                0x0000000008004094       0x14 ../control_bsp/\libucosii_bsp.a(alt_exception_entry.o)
 *(.exceptions.exit.label)
 .exceptions.exit.label
                0x00000000080040a8        0x0 ../control_bsp/\libucosii_bsp.a(alt_irq_entry.o)
 .exceptions.exit.label
                0x00000000080040a8        0x0 ../control_bsp/\libucosii_bsp.a(alt_exception_entry.o)
 *(.exceptions.exit.user)
 *(.exceptions.exit)
 .exceptions.exit
                0x00000000080040a8       0x54 ../control_bsp/\libucosii_bsp.a(alt_exception_entry.o)
 *(.exceptions)
 .exceptions    0x00000000080040fc       0xd4 ../control_bsp/\libucosii_bsp.a(alt_irq_handler.o)
                0x00000000080040fc                alt_irq_handler
 .exceptions    0x00000000080041d0       0x74 ../control_bsp/\libucosii_bsp.a(alt_instruction_exception_entry.o)
                0x00000000080041d0                alt_instruction_exception_entry
                0x0000000008004244                PROVIDE (__ram_exceptions_end, ABSOLUTE (.))
                0x0000000004100000                PROVIDE (__flash_exceptions_start, LOADADDR (.exceptions))

.text           0x0000000004100224    0x1995c
                [!provide]                        PROVIDE (stext, ABSOLUTE (.))
 *(.interp)
 *(.hash)
 *(.dynsym)
 *(.dynstr)
 *(.gnu.version)
 *(.gnu.version_d)
 *(.gnu.version_r)
 *(.rel.init)
 *(.rela.init)
 *(.rel.text .rel.text.* .rel.gnu.linkonce.t.*)
 *(.rela.text .rela.text.* .rela.gnu.linkonce.t.*)
 *(.rel.fini)
 *(.rela.fini)
 *(.rel.rodata .rel.rodata.* .rel.gnu.linkonce.r.*)
 *(.rela.rodata .rela.rodata.* .rela.gnu.linkonce.r.*)
 *(.rel.data .rel.data.* .rel.gnu.linkonce.d.*)
 *(.rela.data .rela.data.* .rela.gnu.linkonce.d.*)
 *(.rel.tdata .rel.tdata.* .rel.gnu.linkonce.td.*)
 *(.rela.tdata .rela.tdata.* .rela.gnu.linkonce.td.*)
 *(.rel.tbss .rel.tbss.* .rel.gnu.linkonce.tb.*)
 *(.rela.tbss .rela.tbss.* .rela.gnu.linkonce.tb.*)
 *(.rel.ctors)
 *(.rela.ctors)
 *(.rel.dtors)
 *(.rela.dtors)
 *(.rel.got)
 *(.rela.got)
 *(.rel.sdata .rel.sdata.* .rel.gnu.linkonce.s.*)
 *(.rela.sdata .rela.sdata.* .rela.gnu.linkonce.s.*)
 *(.rel.sbss .rel.sbss.* .rel.gnu.linkonce.sb.*)
 *(.rela.sbss .rela.sbss.* .rela.gnu.linkonce.sb.*)
 *(.rel.sdata2 .rel.sdata2.* .rel.gnu.linkonce.s2.*)
 *(.rela.sdata2 .rela.sdata2.* .rela.gnu.linkonce.s2.*)
 *(.rel.sbss2 .rel.sbss2.* .rel.gnu.linkonce.sb2.*)
 *(.rela.sbss2 .rela.sbss2.* .rela.gnu.linkonce.sb2.*)
 *(.rel.bss .rel.bss.* .rel.gnu.linkonce.b.*)
 *(.rela.bss .rela.bss.* .rela.gnu.linkonce.b.*)
 *(.rel.plt)
 *(.rela.plt)
 *(.rel.dyn)
 *(.init)
 *(.plt)
 *(.text .stub .text.* .gnu.linkonce.t.*)
 .text          0x0000000004100224       0x4c ../control_bsp//obj/HAL/src/crt0.o
                0x0000000004100224                _start
 .text          0x0000000004100270      0xd14 obj/default/debug_control.o
                0x00000000041004c8                debug_control_all_outputs_off
                0x00000000041005cc                debug_control_init
                0x0000000004100724                debug_control_copy_message
                0x0000000004100c40                debug_control_update
                0x0000000004100ec0                debug_control_service_speaker
 .text          0x0000000004100f84      0x1d8 obj/default/main.o
                0x0000000004100f84                Initial_Task
                0x00000000041010bc                main
 .text          0x000000000410115c      0xa1c obj/default/soundeffects.o
                0x000000000410115c                sound_init
                0x000000000410151c                sfx_laser_shoot
                0x0000000004101578                sfx_explosion
                0x000000000410166c                sfx_portal
                0x00000000041016c8                sfx_menu_blip
                0x0000000004101700                sfx_error_buzz
                0x0000000004101754                sfx_eat_apple
                0x0000000004101798                sfx_end_screen
                0x000000000410180c                sfx_change
                0x0000000004101844                sfx_click
                0x000000000410187c                sfx_snake_turn
                0x00000000041018b4                sfx_clear
                0x0000000004101908                sfx_enter_snake
                0x00000000041019d4                sfx_enter_draw
                0x0000000004101ab4                sfx_enter_battle
 .text          0x0000000004101b78       0xdc obj/default/speaker.o
                0x0000000004101b78                play_speaker
 .text          0x0000000004101c54     0x2174 obj/default/switches_key.o
                0x0000000004102268                control_get_switch_state
                0x000000000410228c                control_get_key_state
                0x00000000041022b0                control_shared_flags_init
                0x0000000004102628                input_task
                0x00000000041026fc                switch_setup
                0x00000000041027ec                key_setup
                0x00000000041028ac                img_rx_setup
                0x0000000004102958                vga_rx_setup
                0x00000000041033d0                HEX_task
                0x0000000004103690                leds_update_task
                0x0000000004103a50                sfx_task
                0x0000000004103c24                handle_switch4
                0x0000000004103c64                translator
 .text          0x0000000004103dc8      0x3ec obj/default/traffc_led.o
                0x0000000004103dc8                red_light
                0x0000000004103e30                yellow_light
                0x0000000004103e98                green_light
                0x0000000004103f00                game_over
                0x0000000004103fc4                eat_apple
                0x0000000004104018                explosion
                0x000000000410409c                portal
                0x0000000004104128                miss
 .text          0x00000000041041b4       0x60 c:/intelfpga_lite/18.1/nios2eds/bin/gnu/h-x86_64-mingw32/bin/../lib/gcc/nios2-elf/5.3.0\libgcc.a(_muldi3.o)
                0x00000000041041b4                __muldi3
 .text          0x0000000004104214      0x578 c:/intelfpga_lite/18.1/nios2eds/bin/gnu/h-x86_64-mingw32/bin/../lib/gcc/nios2-elf/5.3.0\libgcc.a(_udivdi3.o)
                0x0000000004104214                __udivdi3
 .text          0x000000000410478c      0x1b4 c:/intelfpga_lite/18.1/nios2eds/bin/gnu/h-x86_64-mingw32/bin/../lib/gcc/nios2-elf/5.3.0\libgcc.a(lib2-divmod.o)
                0x000000000410478c                __divsi3
                0x0000000004104810                __modsi3
                0x0000000004104884                __udivsi3
                0x00000000041048e8                __umodsi3
 .text          0x0000000004104940        0x0 c:/intelfpga_lite/18.1/nios2eds/bin/gnu/h-x86_64-mingw32/bin/../lib/gcc/nios2-elf/5.3.0\libgcc.a(_clz.o)
 .text          0x0000000004104940        0x0 c:/intelfpga_lite/18.1/nios2eds/bin/gnu/h-x86_64-mingw32/bin/../lib/gcc/nios2-elf/5.3.0/../../../../../H-x86_64-mingw32/nios2-elf/lib\libc.a(lib_a-memcpy.o)
 .text.memcpy   0x0000000004104940      0x148 c:/intelfpga_lite/18.1/nios2eds/bin/gnu/h-x86_64-mingw32/bin/../lib/gcc/nios2-elf/5.3.0/../../../../../H-x86_64-mingw32/nios2-elf/lib\libc.a(lib_a-memcpy.o)
                0x0000000004104940                memcpy
 .text          0x0000000004104a88        0x0 c:/intelfpga_lite/18.1/nios2eds/bin/gnu/h-x86_64-mingw32/bin/../lib/gcc/nios2-elf/5.3.0/../../../../../H-x86_64-mingw32/nios2-elf/lib\libc.a(lib_a-memmove.o)
 .text.memmove  0x0000000004104a88      0x15c c:/intelfpga_lite/18.1/nios2eds/bin/gnu/h-x86_64-mingw32/bin/../lib/gcc/nios2-elf/5.3.0/../../../../../H-x86_64-mingw32/nios2-elf/lib\libc.a(lib_a-memmove.o)
                0x0000000004104a88                memmove
 .text          0x0000000004104be4        0x0 c:/intelfpga_lite/18.1/nios2eds/bin/gnu/h-x86_64-mingw32/bin/../lib/gcc/nios2-elf/5.3.0/../../../../../H-x86_64-mingw32/nios2-elf/lib\libc.a(lib_a-rand.o)
 .text.srand    0x0000000004104be4       0x18 c:/intelfpga_lite/18.1/nios2eds/bin/gnu/h-x86_64-mingw32/bin/../lib/gcc/nios2-elf/5.3.0/../../../../../H-x86_64-mingw32/nios2-elf/lib\libc.a(lib_a-rand.o)
                0x0000000004104be4                srand
 .text.rand     0x0000000004104bfc       0x64 c:/intelfpga_lite/18.1/nios2eds/bin/gnu/h-x86_64-mingw32/bin/../lib/gcc/nios2-elf/5.3.0/../../../../../H-x86_64-mingw32/nios2-elf/lib\libc.a(lib_a-rand.o)
                0x0000000004104bfc                rand
 .text          0x0000000004104c60        0x0 c:/intelfpga_lite/18.1/nios2eds/bin/gnu/h-x86_64-mingw32/bin/../lib/gcc/nios2-elf/5.3.0/../../../../../H-x86_64-mingw32/nios2-elf/lib\libc.a(lib_a-snprintf.o)
 .text._snprintf_r
                0x0000000004104c60       0xd8 c:/intelfpga_lite/18.1/nios2eds/bin/gnu/h-x86_64-mingw32/bin/../lib/gcc/nios2-elf/5.3.0/../../../../../H-x86_64-mingw32/nios2-elf/lib\libc.a(lib_a-snprintf.o)
                0x0000000004104c60                _snprintf_r
 .text.snprintf
                0x0000000004104d38       0xe4 c:/intelfpga_lite/18.1/nios2eds/bin/gnu/h-x86_64-mingw32/bin/../lib/gcc/nios2-elf/5.3.0/../../../../../H-x86_64-mingw32/nios2-elf/lib\libc.a(lib_a-snprintf.o)
                0x0000000004104d38                snprintf
 .text          0x0000000004104e1c        0x0 c:/intelfpga_lite/18.1/nios2eds/bin/gnu/h-x86_64-mingw32/bin/../lib/gcc/nios2-elf/5.3.0/../../../../../H-x86_64-mingw32/nios2-elf/lib\libc.a(lib_a-strcmp.o)
 .text.strcmp   0x0000000004104e1c       0xdc c:/intelfpga_lite/18.1/nios2eds/bin/gnu/h-x86_64-mingw32/bin/../lib/gcc/nios2-elf/5.3.0/../../../../../H-x86_64-mingw32/nios2-elf/lib\libc.a(lib_a-strcmp.o)
                0x0000000004104e1c                strcmp
 .text          0x0000000004104ef8        0x0 c:/intelfpga_lite/18.1/nios2eds/bin/gnu/h-x86_64-mingw32/bin/../lib/gcc/nios2-elf/5.3.0/../../../../../H-x86_64-mingw32/nios2-elf/lib\libc.a(lib_a-strlen.o)
 .text.strlen   0x0000000004104ef8       0x98 c:/intelfpga_lite/18.1/nios2eds/bin/gnu/h-x86_64-mingw32/bin/../lib/gcc/nios2-elf/5.3.0/../../../../../H-x86_64-mingw32/nios2-elf/lib\libc.a(lib_a-strlen.o)
                0x0000000004104ef8                strlen
 .text          0x0000000004104f90        0x0 c:/intelfpga_lite/18.1/nios2eds/bin/gnu/h-x86_64-mingw32/bin/../lib/gcc/nios2-elf/5.3.0/../../../../../H-x86_64-mingw32/nios2-elf/lib\libc.a(lib_a-strncat.o)
 .text.strncat  0x0000000004104f90       0xb8 c:/intelfpga_lite/18.1/nios2eds/bin/gnu/h-x86_64-mingw32/bin/../lib/gcc/nios2-elf/5.3.0/../../../../../H-x86_64-mingw32/nios2-elf/lib\libc.a(lib_a-strncat.o)
                0x0000000004104f90                strncat
 .text          0x0000000004105048        0x0 c:/intelfpga_lite/18.1/nios2eds/bin/gnu/h-x86_64-mingw32/bin/../lib/gcc/nios2-elf/5.3.0/../../../../../H-x86_64-mingw32/nios2-elf/lib\libc.a(lib_a-strncpy.o)
 .text.strncpy  0x0000000004105048       0xec c:/intelfpga_lite/18.1/nios2eds/bin/gnu/h-x86_64-mingw32/bin/../lib/gcc/nios2-elf/5.3.0/../../../../../H-x86_64-mingw32/nios2-elf/lib\libc.a(lib_a-strncpy.o)
                0x0000000004105048                strncpy
 .text          0x0000000004105134        0x0 c:/intelfpga_lite/18.1/nios2eds/bin/gnu/h-x86_64-mingw32/bin/../lib/gcc/nios2-elf/5.3.0/../../../../../H-x86_64-mingw32/nios2-elf/lib\libc.a(lib_a-svfprintf.o)
 .text.___svfprintf_internal_r
                0x0000000004105134     0x21d8 c:/intelfpga_lite/18.1/nios2eds/bin/gnu/h-x86_64-mingw32/bin/../lib/gcc/nios2-elf/5.3.0/../../../../../H-x86_64-mingw32/nios2-elf/lib\libc.a(lib_a-svfprintf.o)
                0x0000000004105134                ___svfprintf_internal_r
 .text          0x000000000410730c        0x0 c:/intelfpga_lite/18.1/nios2eds/bin/gnu/h-x86_64-mingw32/bin/../lib/gcc/nios2-elf/5.3.0/../../../../../H-x86_64-mingw32/nios2-elf/lib\libc.a(lib_a-dtoa.o)
 .text.quorem   0x000000000410730c      0x200 c:/intelfpga_lite/18.1/nios2eds/bin/gnu/h-x86_64-mingw32/bin/../lib/gcc/nios2-elf/5.3.0/../../../../../H-x86_64-mingw32/nios2-elf/lib\libc.a(lib_a-dtoa.o)
 .text._dtoa_r  0x000000000410750c     0x1688 c:/intelfpga_lite/18.1/nios2eds/bin/gnu/h-x86_64-mingw32/bin/../lib/gcc/nios2-elf/5.3.0/../../../../../H-x86_64-mingw32/nios2-elf/lib\libc.a(lib_a-dtoa.o)
                0x000000000410750c                _dtoa_r
 .text          0x0000000004108b94        0x0 c:/intelfpga_lite/18.1/nios2eds/bin/gnu/h-x86_64-mingw32/bin/../lib/gcc/nios2-elf/5.3.0/../../../../../H-x86_64-mingw32/nios2-elf/lib\libc.a(lib_a-impure.o)
 .text          0x0000000004108b94        0x0 c:/intelfpga_lite/18.1/nios2eds/bin/gnu/h-x86_64-mingw32/bin/../lib/gcc/nios2-elf/5.3.0/../../../../../H-x86_64-mingw32/nios2-elf/lib\libc.a(lib_a-locale.o)
 .text._setlocale_r
                0x0000000004108b94       0x7c c:/intelfpga_lite/18.1/nios2eds/bin/gnu/h-x86_64-mingw32/bin/../lib/gcc/nios2-elf/5.3.0/../../../../../H-x86_64-mingw32/nios2-elf/lib\libc.a(lib_a-locale.o)
                0x0000000004108b94                _setlocale_r
 .text.__locale_charset
                0x0000000004108c10        0xc c:/intelfpga_lite/18.1/nios2eds/bin/gnu/h-x86_64-mingw32/bin/../lib/gcc/nios2-elf/5.3.0/../../../../../H-x86_64-mingw32/nios2-elf/lib\libc.a(lib_a-locale.o)
                0x0000000004108c10                __locale_charset
 .text.__locale_mb_cur_max
                0x0000000004108c1c       0x10 c:/intelfpga_lite/18.1/nios2eds/bin/gnu/h-x86_64-mingw32/bin/../lib/gcc/nios2-elf/5.3.0/../../../../../H-x86_64-mingw32/nios2-elf/lib\libc.a(lib_a-locale.o)
                0x0000000004108c1c                __locale_mb_cur_max
 .text.__locale_msgcharset
                0x0000000004108c2c        0xc c:/intelfpga_lite/18.1/nios2eds/bin/gnu/h-x86_64-mingw32/bin/../lib/gcc/nios2-elf/5.3.0/../../../../../H-x86_64-mingw32/nios2-elf/lib\libc.a(lib_a-locale.o)
                0x0000000004108c2c                __locale_msgcharset
 .text.__locale_cjk_lang
                0x0000000004108c38        0x8 c:/intelfpga_lite/18.1/nios2eds/bin/gnu/h-x86_64-mingw32/bin/../lib/gcc/nios2-elf/5.3.0/../../../../../H-x86_64-mingw32/nios2-elf/lib\libc.a(lib_a-locale.o)
                0x0000000004108c38                __locale_cjk_lang
 .text._localeconv_r
                0x0000000004108c40        0xc c:/intelfpga_lite/18.1/nios2eds/bin/gnu/h-x86_64-mingw32/bin/../lib/gcc/nios2-elf/5.3.0/../../../../../H-x86_64-mingw32/nios2-elf/lib\libc.a(lib_a-locale.o)
                0x0000000004108c40                _localeconv_r
 .text.setlocale
                0x0000000004108c4c       0x18 c:/intelfpga_lite/18.1/nios2eds/bin/gnu/h-x86_64-mingw32/bin/../lib/gcc/nios2-elf/5.3.0/../../../../../H-x86_64-mingw32/nios2-elf/lib\libc.a(lib_a-locale.o)
                0x0000000004108c4c                setlocale
 .text.localeconv
                0x0000000004108c64        0xc c:/intelfpga_lite/18.1/nios2eds/bin/gnu/h-x86_64-mingw32/bin/../lib/gcc/nios2-elf/5.3.0/../../../../../H-x86_64-mingw32/nios2-elf/lib\libc.a(lib_a-locale.o)
                0x0000000004108c64                localeconv
 .text          0x0000000004108c70        0x0 c:/intelfpga_lite/18.1/nios2eds/bin/gnu/h-x86_64-mingw32/bin/../lib/gcc/nios2-elf/5.3.0/../../../../../H-x86_64-mingw32/nios2-elf/lib\libc.a(lib_a-mallocr.o)
 .text._malloc_r
                0x0000000004108c70      0x80c c:/intelfpga_lite/18.1/nios2eds/bin/gnu/h-x86_64-mingw32/bin/../lib/gcc/nios2-elf/5.3.0/../../../../../H-x86_64-mingw32/nios2-elf/lib\libc.a(lib_a-mallocr.o)
                0x0000000004108c70                _malloc_r
 .text          0x000000000410947c        0x0 c:/intelfpga_lite/18.1/nios2eds/bin/gnu/h-x86_64-mingw32/bin/../lib/gcc/nios2-elf/5.3.0/../../../../../H-x86_64-mingw32/nios2-elf/lib\libc.a(lib_a-memchr.o)
 .text.memchr   0x000000000410947c       0xe4 c:/intelfpga_lite/18.1/nios2eds/bin/gnu/h-x86_64-mingw32/bin/../lib/gcc/nios2-elf/5.3.0/../../../../../H-x86_64-mingw32/nios2-elf/lib\libc.a(lib_a-memchr.o)
                0x000000000410947c                memchr
 .text          0x0000000004109560        0x0 c:/intelfpga_lite/18.1/nios2eds/bin/gnu/h-x86_64-mingw32/bin/../lib/gcc/nios2-elf/5.3.0/../../../../../H-x86_64-mingw32/nios2-elf/lib\libc.a(lib_a-mprec.o)
 .text._Balloc  0x0000000004109560       0xa8 c:/intelfpga_lite/18.1/nios2eds/bin/gnu/h-x86_64-mingw32/bin/../lib/gcc/nios2-elf/5.3.0/../../../../../H-x86_64-mingw32/nios2-elf/lib\libc.a(lib_a-mprec.o)
                0x0000000004109560                _Balloc
 .text._Bfree   0x0000000004109608       0x28 c:/intelfpga_lite/18.1/nios2eds/bin/gnu/h-x86_64-mingw32/bin/../lib/gcc/nios2-elf/5.3.0/../../../../../H-x86_64-mingw32/nios2-elf/lib\libc.a(lib_a-mprec.o)
                0x0000000004109608                _Bfree
 .text.__multadd
                0x0000000004109630      0x120 c:/intelfpga_lite/18.1/nios2eds/bin/gnu/h-x86_64-mingw32/bin/../lib/gcc/nios2-elf/5.3.0/../../../../../H-x86_64-mingw32/nios2-elf/lib\libc.a(lib_a-mprec.o)
                0x0000000004109630                __multadd
 .text.__s2b    0x0000000004109750      0x104 c:/intelfpga_lite/18.1/nios2eds/bin/gnu/h-x86_64-mingw32/bin/../lib/gcc/nios2-elf/5.3.0/../../../../../H-x86_64-mingw32/nios2-elf/lib\libc.a(lib_a-mprec.o)
                0x0000000004109750                __s2b
 .text.__hi0bits
                0x0000000004109854       0x68 c:/intelfpga_lite/18.1/nios2eds/bin/gnu/h-x86_64-mingw32/bin/../lib/gcc/nios2-elf/5.3.0/../../../../../H-x86_64-mingw32/nios2-elf/lib\libc.a(lib_a-mprec.o)
                0x0000000004109854                __hi0bits
 .text.__lo0bits
                0x00000000041098bc       0xb0 c:/intelfpga_lite/18.1/nios2eds/bin/gnu/h-x86_64-mingw32/bin/../lib/gcc/nios2-elf/5.3.0/../../../../../H-x86_64-mingw32/nios2-elf/lib\libc.a(lib_a-mprec.o)
                0x00000000041098bc                __lo0bits
 .text.__i2b    0x000000000410996c       0x3c c:/intelfpga_lite/18.1/nios2eds/bin/gnu/h-x86_64-mingw32/bin/../lib/gcc/nios2-elf/5.3.0/../../../../../H-x86_64-mingw32/nios2-elf/lib\libc.a(lib_a-mprec.o)
                0x000000000410996c                __i2b
 .text.__multiply
                0x00000000041099a8      0x1f8 c:/intelfpga_lite/18.1/nios2eds/bin/gnu/h-x86_64-mingw32/bin/../lib/gcc/nios2-elf/5.3.0/../../../../../H-x86_64-mingw32/nios2-elf/lib\libc.a(lib_a-mprec.o)
                0x00000000041099a8                __multiply
 .text.__pow5mult
                0x0000000004109ba0      0x140 c:/intelfpga_lite/18.1/nios2eds/bin/gnu/h-x86_64-mingw32/bin/../lib/gcc/nios2-elf/5.3.0/../../../../../H-x86_64-mingw32/nios2-elf/lib\libc.a(lib_a-mprec.o)
                0x0000000004109ba0                __pow5mult
 .text.__lshift
                0x0000000004109ce0      0x148 c:/intelfpga_lite/18.1/nios2eds/bin/gnu/h-x86_64-mingw32/bin/../lib/gcc/nios2-elf/5.3.0/../../../../../H-x86_64-mingw32/nios2-elf/lib\libc.a(lib_a-mprec.o)
                0x0000000004109ce0                __lshift
 .text.__mcmp   0x0000000004109e28       0x60 c:/intelfpga_lite/18.1/nios2eds/bin/gnu/h-x86_64-mingw32/bin/../lib/gcc/nios2-elf/5.3.0/../../../../../H-x86_64-mingw32/nios2-elf/lib\libc.a(lib_a-mprec.o)
                0x0000000004109e28                __mcmp
 .text.__mdiff  0x0000000004109e88      0x1fc c:/intelfpga_lite/18.1/nios2eds/bin/gnu/h-x86_64-mingw32/bin/../lib/gcc/nios2-elf/5.3.0/../../../../../H-x86_64-mingw32/nios2-elf/lib\libc.a(lib_a-mprec.o)
                0x0000000004109e88                __mdiff
 .text.__ulp    0x000000000410a084       0x64 c:/intelfpga_lite/18.1/nios2eds/bin/gnu/h-x86_64-mingw32/bin/../lib/gcc/nios2-elf/5.3.0/../../../../../H-x86_64-mingw32/nios2-elf/lib\libc.a(lib_a-mprec.o)
                0x000000000410a084                __ulp
 .text.__b2d    0x000000000410a0e8      0x10c c:/intelfpga_lite/18.1/nios2eds/bin/gnu/h-x86_64-mingw32/bin/../lib/gcc/nios2-elf/5.3.0/../../../../../H-x86_64-mingw32/nios2-elf/lib\libc.a(lib_a-mprec.o)
                0x000000000410a0e8                __b2d
 .text.__d2b    0x000000000410a1f4      0x14c c:/intelfpga_lite/18.1/nios2eds/bin/gnu/h-x86_64-mingw32/bin/../lib/gcc/nios2-elf/5.3.0/../../../../../H-x86_64-mingw32/nios2-elf/lib\libc.a(lib_a-mprec.o)
                0x000000000410a1f4                __d2b
 .text.__ratio  0x000000000410a340       0xa4 c:/intelfpga_lite/18.1/nios2eds/bin/gnu/h-x86_64-mingw32/bin/../lib/gcc/nios2-elf/5.3.0/../../../../../H-x86_64-mingw32/nios2-elf/lib\libc.a(lib_a-mprec.o)
                0x000000000410a340                __ratio
 .text._mprec_log10
                0x000000000410a3e4       0x74 c:/intelfpga_lite/18.1/nios2eds/bin/gnu/h-x86_64-mingw32/bin/../lib/gcc/nios2-elf/5.3.0/../../../../../H-x86_64-mingw32/nios2-elf/lib\libc.a(lib_a-mprec.o)
                0x000000000410a3e4                _mprec_log10
 .text.__copybits
                0x000000000410a458       0x78 c:/intelfpga_lite/18.1/nios2eds/bin/gnu/h-x86_64-mingw32/bin/../lib/gcc/nios2-elf/5.3.0/../../../../../H-x86_64-mingw32/nios2-elf/lib\libc.a(lib_a-mprec.o)
                0x000000000410a458                __copybits
 .text.__any_on
                0x000000000410a4d0       0x8c c:/intelfpga_lite/18.1/nios2eds/bin/gnu/h-x86_64-mingw32/bin/../lib/gcc/nios2-elf/5.3.0/../../../../../H-x86_64-mingw32/nios2-elf/lib\libc.a(lib_a-mprec.o)
                0x000000000410a4d0                __any_on
 .text          0x000000000410a55c        0x0 c:/intelfpga_lite/18.1/nios2eds/bin/gnu/h-x86_64-mingw32/bin/../lib/gcc/nios2-elf/5.3.0/../../../../../H-x86_64-mingw32/nios2-elf/lib\libc.a(lib_a-s_fpclassify.o)
 .text.__fpclassifyd
                0x000000000410a55c       0x74 c:/intelfpga_lite/18.1/nios2eds/bin/gnu/h-x86_64-mingw32/bin/../lib/gcc/nios2-elf/5.3.0/../../../../../H-x86_64-mingw32/nios2-elf/lib\libc.a(lib_a-s_fpclassify.o)
                0x000000000410a55c                __fpclassifyd
 .text          0x000000000410a5d0        0x0 c:/intelfpga_lite/18.1/nios2eds/bin/gnu/h-x86_64-mingw32/bin/../lib/gcc/nios2-elf/5.3.0/../../../../../H-x86_64-mingw32/nios2-elf/lib\libc.a(lib_a-sbrkr.o)
 .text._sbrk_r  0x000000000410a5d0       0x54 c:/intelfpga_lite/18.1/nios2eds/bin/gnu/h-x86_64-mingw32/bin/../lib/gcc/nios2-elf/5.3.0/../../../../../H-x86_64-mingw32/nios2-elf/lib\libc.a(lib_a-sbrkr.o)
                0x000000000410a5d0                _sbrk_r
 .text          0x000000000410a624        0x0 c:/intelfpga_lite/18.1/nios2eds/bin/gnu/h-x86_64-mingw32/bin/../lib/gcc/nios2-elf/5.3.0/../../../../../H-x86_64-mingw32/nios2-elf/lib\libc.a(lib_a-svfiprintf.o)
 .text.__ssprint_r
                0x000000000410a624      0x1d0 c:/intelfpga_lite/18.1/nios2eds/bin/gnu/h-x86_64-mingw32/bin/../lib/gcc/nios2-elf/5.3.0/../../../../../H-x86_64-mingw32/nios2-elf/lib\libc.a(lib_a-svfiprintf.o)
                0x000000000410a624                __ssprint_r
 .text.___svfiprintf_internal_r
                0x000000000410a7f4     0x123c c:/intelfpga_lite/18.1/nios2eds/bin/gnu/h-x86_64-mingw32/bin/../lib/gcc/nios2-elf/5.3.0/../../../../../H-x86_64-mingw32/nios2-elf/lib\libc.a(lib_a-svfiprintf.o)
                0x000000000410a7f4                ___svfiprintf_internal_r
 .text          0x000000000410ba30        0x0 c:/intelfpga_lite/18.1/nios2eds/bin/gnu/h-x86_64-mingw32/bin/../lib/gcc/nios2-elf/5.3.0/../../../../../H-x86_64-mingw32/nios2-elf/lib\libc.a(lib_a-callocr.o)
 .text._calloc_r
                0x000000000410ba30       0xc4 c:/intelfpga_lite/18.1/nios2eds/bin/gnu/h-x86_64-mingw32/bin/../lib/gcc/nios2-elf/5.3.0/../../../../../H-x86_64-mingw32/nios2-elf/lib\libc.a(lib_a-callocr.o)
                0x000000000410ba30                _calloc_r
 .text          0x000000000410baf4        0x0 c:/intelfpga_lite/18.1/nios2eds/bin/gnu/h-x86_64-mingw32/bin/../lib/gcc/nios2-elf/5.3.0/../../../../../H-x86_64-mingw32/nios2-elf/lib\libc.a(lib_a-freer.o)
 .text._malloc_trim_r
                0x000000000410baf4      0x124 c:/intelfpga_lite/18.1/nios2eds/bin/gnu/h-x86_64-mingw32/bin/../lib/gcc/nios2-elf/5.3.0/../../../../../H-x86_64-mingw32/nios2-elf/lib\libc.a(lib_a-freer.o)
                0x000000000410baf4                _malloc_trim_r
 .text._free_r  0x000000000410bc18      0x310 c:/intelfpga_lite/18.1/nios2eds/bin/gnu/h-x86_64-mingw32/bin/../lib/gcc/nios2-elf/5.3.0/../../../../../H-x86_64-mingw32/nios2-elf/lib\libc.a(lib_a-freer.o)
                0x000000000410bc18                _free_r
 .text          0x000000000410bf28        0x0 c:/intelfpga_lite/18.1/nios2eds/bin/gnu/h-x86_64-mingw32/bin/../lib/gcc/nios2-elf/5.3.0/../../../../../H-x86_64-mingw32/nios2-elf/lib\libc.a(lib_a-int_errno.o)
 .text          0x000000000410bf28        0x0 c:/intelfpga_lite/18.1/nios2eds/bin/gnu/h-x86_64-mingw32/bin/../lib/gcc/nios2-elf/5.3.0/../../../../../H-x86_64-mingw32/nios2-elf/lib\libc.a(lib_a-memset.o)
 .text.memset   0x000000000410bf28      0x128 c:/intelfpga_lite/18.1/nios2eds/bin/gnu/h-x86_64-mingw32/bin/../lib/gcc/nios2-elf/5.3.0/../../../../../H-x86_64-mingw32/nios2-elf/lib\libc.a(lib_a-memset.o)
                0x000000000410bf28                memset
 .text          0x000000000410c050        0x0 c:/intelfpga_lite/18.1/nios2eds/bin/gnu/h-x86_64-mingw32/bin/../lib/gcc/nios2-elf/5.3.0/../../../../../H-x86_64-mingw32/nios2-elf/lib\libc.a(lib_a-reallocr.o)
 .text._realloc_r
                0x000000000410c050      0x564 c:/intelfpga_lite/18.1/nios2eds/bin/gnu/h-x86_64-mingw32/bin/../lib/gcc/nios2-elf/5.3.0/../../../../../H-x86_64-mingw32/nios2-elf/lib\libc.a(lib_a-reallocr.o)
                0x000000000410c050                _realloc_r
 .text          0x000000000410c5b4      0x538 c:/intelfpga_lite/18.1/nios2eds/bin/gnu/h-x86_64-mingw32/bin/../lib/gcc/nios2-elf/5.3.0\libgcc.a(_umoddi3.o)
                0x000000000410c5b4                __umoddi3
 .text          0x000000000410caec      0x8ac c:/intelfpga_lite/18.1/nios2eds/bin/gnu/h-x86_64-mingw32/bin/../lib/gcc/nios2-elf/5.3.0\libgcc.a(adddf3.o)
                0x000000000410caec                __adddf3
 .text          0x000000000410d398      0x8e8 c:/intelfpga_lite/18.1/nios2eds/bin/gnu/h-x86_64-mingw32/bin/../lib/gcc/nios2-elf/5.3.0\libgcc.a(divdf3.o)
                0x000000000410d398                __divdf3
 .text          0x000000000410dc80       0x88 c:/intelfpga_lite/18.1/nios2eds/bin/gnu/h-x86_64-mingw32/bin/../lib/gcc/nios2-elf/5.3.0\libgcc.a(eqdf2.o)
                0x000000000410dc80                __nedf2
                0x000000000410dc80                __eqdf2
 .text          0x000000000410dd08       0xdc c:/intelfpga_lite/18.1/nios2eds/bin/gnu/h-x86_64-mingw32/bin/../lib/gcc/nios2-elf/5.3.0\libgcc.a(gedf2.o)
                0x000000000410dd08                __gedf2
                0x000000000410dd08                __gtdf2
 .text          0x000000000410dde4       0xf4 c:/intelfpga_lite/18.1/nios2eds/bin/gnu/h-x86_64-mingw32/bin/../lib/gcc/nios2-elf/5.3.0\libgcc.a(ledf2.o)
                0x000000000410dde4                __ledf2
                0x000000000410dde4                __ltdf2
 .text          0x000000000410ded8      0x718 c:/intelfpga_lite/18.1/nios2eds/bin/gnu/h-x86_64-mingw32/bin/../lib/gcc/nios2-elf/5.3.0\libgcc.a(muldf3.o)
                0x000000000410ded8                __muldf3
 .text          0x000000000410e5f0      0x8fc c:/intelfpga_lite/18.1/nios2eds/bin/gnu/h-x86_64-mingw32/bin/../lib/gcc/nios2-elf/5.3.0\libgcc.a(subdf3.o)
                0x000000000410e5f0                __subdf3
 .text          0x000000000410eeec       0x80 c:/intelfpga_lite/18.1/nios2eds/bin/gnu/h-x86_64-mingw32/bin/../lib/gcc/nios2-elf/5.3.0\libgcc.a(fixdfsi.o)
                0x000000000410eeec                __fixdfsi
 .text          0x000000000410ef6c       0xdc c:/intelfpga_lite/18.1/nios2eds/bin/gnu/h-x86_64-mingw32/bin/../lib/gcc/nios2-elf/5.3.0\libgcc.a(floatsidf.o)
                0x000000000410ef6c                __floatsidf
 .text          0x000000000410f048       0xa8 c:/intelfpga_lite/18.1/nios2eds/bin/gnu/h-x86_64-mingw32/bin/../lib/gcc/nios2-elf/5.3.0\libgcc.a(floatunsidf.o)
                0x000000000410f048                __floatunsidf
 .text          0x000000000410f0f0       0x64 c:/intelfpga_lite/18.1/nios2eds/bin/gnu/h-x86_64-mingw32/bin/../lib/gcc/nios2-elf/5.3.0\libgcc.a(_clzsi2.o)
                0x000000000410f0f0                __clzsi2
 .text          0x000000000410f154      0x1b0 ../control_bsp/\libucosii_bsp.a(alt_iic.o)
                0x000000000410f154                alt_ic_isr_register
                0x000000000410f1a4                alt_ic_irq_enable
                0x000000000410f22c                alt_ic_irq_disable
                0x000000000410f2b8                alt_ic_irq_enabled
 .text          0x000000000410f304       0xf0 ../control_bsp/\libucosii_bsp.a(alt_iic_isr_register.o)
                0x000000000410f304                alt_iic_isr_register
 .text          0x000000000410f3f4        0x0 ../control_bsp/\libucosii_bsp.a(alt_irq_entry.o)
 .text          0x000000000410f3f4        0x0 ../control_bsp/\libucosii_bsp.a(alt_irq_handler.o)
 .text          0x000000000410f3f4        0x0 ../control_bsp/\libucosii_bsp.a(alt_irq_vars.o)
 .text          0x000000000410f3f4       0xec ../control_bsp/\libucosii_bsp.a(alt_load.o)
                0x000000000410f45c                alt_load
 .text          0x000000000410f4e0       0xbc ../control_bsp/\libucosii_bsp.a(alt_main.o)
                0x000000000410f4e0                alt_main
 .text          0x000000000410f59c       0xb0 ../control_bsp/\libucosii_bsp.a(alt_sbrk.o)
                0x000000000410f59c                sbrk
 .text          0x000000000410f64c      0x114 ../control_bsp/\libucosii_bsp.a(alt_usleep.o)
                0x000000000410f64c                usleep
 .text          0x000000000410f760      0x124 ../control_bsp/\libucosii_bsp.a(alt_env_lock.o)
                0x000000000410f760                __env_lock
                0x000000000410f824                __env_unlock
 .text          0x000000000410f884      0x1ec ../control_bsp/\libucosii_bsp.a(alt_malloc_lock.o)
                0x000000000410f884                __malloc_lock
                0x000000000410f9a4                __malloc_unlock
 .text          0x000000000410fa70     0x2014 ../control_bsp/\libucosii_bsp.a(os_core.o)
                0x000000000410fa70                OSEventNameGet
                0x000000000410fb90                OSEventNameSet
                0x000000000410fcd0                OSEventPendMulti
                0x00000000041102e0                OSInit
                0x0000000004110338                OSIntEnter
                0x0000000004110384                OSIntExit
                0x000000000411047c                OSSchedLock
                0x0000000004110508                OSSchedUnlock
                0x00000000041105e4                OSStart
                0x0000000004110654                OSStatInit
                0x0000000004110704                OSTimeTick
                0x0000000004110924                OSVersion
                0x0000000004110944                OS_Dummy
                0x0000000004110964                OS_EventTaskRdy
                0x0000000004110afc                OS_EventTaskWait
                0x0000000004110c0c                OS_EventTaskWaitMulti
                0x0000000004110d5c                OS_EventTaskRemove
                0x0000000004110e14                OS_EventTaskRemoveMulti
                0x0000000004110f14                OS_EventWaitListInit
                0x00000000041112f4                OS_MemClr
                0x0000000004111348                OS_MemCopy
                0x00000000041113b0                OS_Sched
                0x00000000041114f4                OS_StrCopy
                0x0000000004111568                OS_StrLen
                0x00000000041115bc                OS_TaskIdle
                0x0000000004111618                OS_TaskStat
                0x00000000041116e4                OS_TaskStatStkChk
                0x00000000041117b0                OS_TCBInit
 .text          0x0000000004111a84      0x190 ../control_bsp/\libucosii_bsp.a(os_dbg.o)
                0x0000000004111a84                OSDebugInit
 .text          0x0000000004111c14     0x1714 ../control_bsp/\libucosii_bsp.a(os_flag.o)
                0x0000000004111c14                OSFlagAccept
                0x0000000004111f1c                OSFlagCreate
                0x0000000004112024                OSFlagDel
                0x000000000411226c                OSFlagNameGet
                0x0000000004112394                OSFlagNameSet
                0x00000000041124e0                OSFlagPend
                0x0000000004112a98                OSFlagPendGetFlagsRdy
                0x0000000004112af8                OSFlagPost
                0x0000000004112e8c                OSFlagQuery
                0x00000000041130b0                OS_FlagInit
                0x0000000004113284                OS_FlagUnlink
 .text          0x0000000004113328      0x754 ../control_bsp/\libucosii_bsp.a(os_mem.o)
                0x0000000004113328                OSMemCreate
                0x00000000041134fc                OSMemGet
                0x00000000041135ec                OSMemNameGet
                0x00000000041136dc                OSMemNameSet
                0x00000000041137f0                OSMemPut
                0x00000000041138c8                OSMemQuery
                0x00000000041139b0                OS_MemInit
 .text          0x0000000004113a7c     0x1104 ../control_bsp/\libucosii_bsp.a(os_q.o)
                0x0000000004113a7c                OSQAccept
                0x0000000004113bbc                OSQCreate
                0x0000000004113d68                OSQDel
                0x0000000004113fe8                OSQFlush
                0x00000000041140a0                OSQPend
                0x000000000411432c                OSQPendAbort
                0x0000000004114498                OSQPost
                0x0000000004114600                OSQPostFront
                0x0000000004114770                OSQPostOpt
                0x000000000411497c                OSQQuery
                0x0000000004114ad8                OS_QInit
 .text          0x0000000004114b80      0xa60 ../control_bsp/\libucosii_bsp.a(os_sem.o)
                0x0000000004114b80                OSSemAccept
                0x0000000004114c30                OSSemCreate
                0x0000000004114d08                OSSemDel
                0x0000000004114f48                OSSemPend
                0x0000000004115154                OSSemPendAbort
                0x00000000041152c0                OSSemPost
                0x00000000041153d0                OSSemQuery
                0x00000000041154e0                OSSemSet
 .text          0x00000000041155e0     0x176c ../control_bsp/\libucosii_bsp.a(os_task.o)
                0x00000000041155e0                OSTaskChangePrio
                0x0000000004115ad0                OSTaskCreate
                0x0000000004115c7c                OSTaskCreateExt
                0x0000000004115e60                OSTaskDel
                0x00000000041161a4                OSTaskDelReq
                0x00000000041162f4                OSTaskNameGet
                0x000000000411648c                OSTaskNameSet
                0x0000000004116640                OSTaskResume
                0x0000000004116814                OSTaskStkChk
                0x00000000041169d4                OSTaskSuspend
                0x0000000004116bb8                OSTaskQuery
                0x0000000004116cdc                OS_TaskStkClr
 .text          0x0000000004116d4c      0x4e8 ../control_bsp/\libucosii_bsp.a(os_time.o)
                0x0000000004116d4c                OSTimeDly
                0x0000000004116e50                OSTimeDlyHMSM
                0x0000000004116fa4                OSTimeDlyResume
                0x0000000004117178                OSTimeGet
                0x00000000041171d4                OSTimeSet
 .text          0x0000000004117234      0x1bc ../control_bsp/\libucosii_bsp.a(alt_sys_init.o)
                0x000000000411734c                alt_irq_init
                0x0000000004117384                alt_sys_init
 .text          0x00000000041173f0      0x164 ../control_bsp/\libucosii_bsp.a(altera_avalon_jtag_uart_fd.o)
                0x00000000041173f0                altera_avalon_jtag_uart_read_fd
                0x0000000004117450                altera_avalon_jtag_uart_write_fd
                0x00000000041174b0                altera_avalon_jtag_uart_close_fd
                0x0000000004117500                altera_avalon_jtag_uart_ioctl_fd
 .text          0x0000000004117554      0x558 ../control_bsp/\libucosii_bsp.a(altera_avalon_jtag_uart_init.o)
                0x0000000004117554                altera_avalon_jtag_uart_init
                0x0000000004117a44                altera_avalon_jtag_uart_close
 .text          0x0000000004117aac       0xf0 ../control_bsp/\libucosii_bsp.a(altera_avalon_jtag_uart_ioctl.o)
                0x0000000004117aac                altera_avalon_jtag_uart_ioctl
 .text          0x0000000004117b9c      0x2bc ../control_bsp/\libucosii_bsp.a(altera_avalon_jtag_uart_read.o)
                0x0000000004117b9c                altera_avalon_jtag_uart_read
 .text          0x0000000004117e58      0x2c4 ../control_bsp/\libucosii_bsp.a(altera_avalon_jtag_uart_write.o)
                0x0000000004117e58                altera_avalon_jtag_uart_write
 .text          0x000000000411811c      0x34c ../control_bsp/\libucosii_bsp.a(altera_avalon_mutex.o)
                0x00000000041181d4                altera_avalon_mutex_open
                0x0000000004118228                altera_avalon_mutex_close
                0x000000000411824c                altera_avalon_mutex_lock
                0x00000000041182b8                altera_avalon_mutex_trylock
                0x0000000004118338                altera_avalon_mutex_unlock
                0x00000000041183a4                altera_avalon_mutex_is_mine
                0x0000000004118418                altera_avalon_mutex_first_lock
 .text          0x0000000004118468       0xf4 ../control_bsp/\libucosii_bsp.a(altera_avalon_timer_sc.o)
                0x00000000041184e0                alt_avalon_timer_sc_init
 .text          0x000000000411855c      0x12c ../control_bsp/\libucosii_bsp.a(alt_alarm_start.o)
                0x000000000411855c                alt_alarm_start
 .text          0x0000000004118688      0x158 ../control_bsp/\libucosii_bsp.a(alt_busy_sleep.o)
                0x0000000004118688                alt_busy_sleep
 .text          0x00000000041187e0      0x10c ../control_bsp/\libucosii_bsp.a(alt_close.o)
                0x000000000411881c                close
 .text          0x00000000041188ec       0x48 ../control_bsp/\libucosii_bsp.a(alt_dcache_flush_all.o)
                0x00000000041188ec                alt_dcache_flush_all
 .text          0x0000000004118934       0x2c ../control_bsp/\libucosii_bsp.a(alt_dev.o)
 .text          0x0000000004118960       0xe0 ../control_bsp/\libucosii_bsp.a(alt_dev_llist_insert.o)
                0x000000000411899c                alt_dev_llist_insert
 .text          0x0000000004118a40       0x60 ../control_bsp/\libucosii_bsp.a(alt_do_ctors.o)
                0x0000000004118a40                _do_ctors
 .text          0x0000000004118aa0       0x60 ../control_bsp/\libucosii_bsp.a(alt_do_dtors.o)
                0x0000000004118aa0                _do_dtors
 .text          0x0000000004118b00        0x0 ../control_bsp/\libucosii_bsp.a(alt_errno.o)
 .text          0x0000000004118b00        0x0 ../control_bsp/\libucosii_bsp.a(alt_exception_entry.o)
 .text          0x0000000004118b00       0x90 ../control_bsp/\libucosii_bsp.a(alt_find_dev.o)
                0x0000000004118b00                alt_find_dev
 .text          0x0000000004118b90       0x34 ../control_bsp/\libucosii_bsp.a(alt_icache_flush_all.o)
                0x0000000004118b90                alt_icache_flush_all
 .text          0x0000000004118bc4       0x9c ../control_bsp/\libucosii_bsp.a(alt_instruction_exception_entry.o)
                0x0000000004118bc4                alt_exception_cause_generated_bad_addr
 .text          0x0000000004118c60      0x140 ../control_bsp/\libucosii_bsp.a(alt_io_redirect.o)
                0x0000000004118d24                alt_io_redirect
 .text          0x0000000004118da0      0x254 ../control_bsp/\libucosii_bsp.a(alt_open.o)
                0x0000000004118ea0                open
 .text          0x0000000004118ff4       0x64 ../control_bsp/\libucosii_bsp.a(alt_release_fd.o)
                0x0000000004118ff4                alt_release_fd
 .text          0x0000000004119058      0x1a4 ../control_bsp/\libucosii_bsp.a(alt_tick.o)
                0x0000000004119058                alt_alarm_stop
                0x00000000041190f4                alt_tick
 .text          0x00000000041191fc       0x24 ../control_bsp/\libucosii_bsp.a(altera_nios2_gen2_irq.o)
                0x00000000041191fc                altera_nios2_gen2_irq_init
 .text          0x0000000004119220       0xd0 ../control_bsp/\libucosii_bsp.a(os_cpu_a.o)
                0x0000000004119220                OSCtxSw
                0x0000000004119220                OSIntCtxSw
                0x00000000041192ac                OSStartHighRdy
                0x00000000041192cc                OSStartTsk
 .text          0x00000000041192f0      0x288 ../control_bsp/\libucosii_bsp.a(os_cpu_c.o)
                0x00000000041192f0                OSTaskStkInit
                0x000000000411944c                OSTaskCreateHook
                0x0000000004119470                OSTaskDelHook
                0x0000000004119494                OSTaskSwHook
                0x00000000041194b4                OSTaskStatHook
                0x00000000041194d4                OSTimeTickHook
                0x00000000041194f4                OSInitHookBegin
                0x0000000004119514                OSInitHookEnd
                0x0000000004119534                OSTaskIdleHook
                0x0000000004119554                OSTCBInitHook
 .text          0x0000000004119578      0x108 ../control_bsp/\libucosii_bsp.a(alt_find_file.o)
                0x0000000004119578                alt_find_file
 .text          0x0000000004119680       0xdc ../control_bsp/\libucosii_bsp.a(alt_get_fd.o)
                0x0000000004119680                alt_get_fd
 .text          0x000000000411975c       0x90 ../control_bsp/\libucosii_bsp.a(alt_icache_flush.o)
                0x000000000411975c                alt_icache_flush
 .text          0x00000000041197ec        0x0 c:/intelfpga_lite/18.1/nios2eds/bin/gnu/h-x86_64-mingw32/bin/../lib/gcc/nios2-elf/5.3.0/../../../../../H-x86_64-mingw32/nios2-elf/lib\libc.a(lib_a-atexit.o)
 .text.atexit   0x00000000041197ec       0x14 c:/intelfpga_lite/18.1/nios2eds/bin/gnu/h-x86_64-mingw32/bin/../lib/gcc/nios2-elf/5.3.0/../../../../../H-x86_64-mingw32/nios2-elf/lib\libc.a(lib_a-atexit.o)
                0x00000000041197ec                atexit
 .text          0x0000000004119800        0x0 c:/intelfpga_lite/18.1/nios2eds/bin/gnu/h-x86_64-mingw32/bin/../lib/gcc/nios2-elf/5.3.0/../../../../../H-x86_64-mingw32/nios2-elf/lib\libc.a(lib_a-exit.o)
 .text.exit     0x0000000004119800       0x38 c:/intelfpga_lite/18.1/nios2eds/bin/gnu/h-x86_64-mingw32/bin/../lib/gcc/nios2-elf/5.3.0/../../../../../H-x86_64-mingw32/nios2-elf/lib\libc.a(lib_a-exit.o)
                0x0000000004119800                exit
 .text          0x0000000004119838        0x0 c:/intelfpga_lite/18.1/nios2eds/bin/gnu/h-x86_64-mingw32/bin/../lib/gcc/nios2-elf/5.3.0/../../../../../H-x86_64-mingw32/nios2-elf/lib\libc.a(lib_a-memcmp.o)
 .text.memcmp   0x0000000004119838       0x7c c:/intelfpga_lite/18.1/nios2eds/bin/gnu/h-x86_64-mingw32/bin/../lib/gcc/nios2-elf/5.3.0/../../../../../H-x86_64-mingw32/nios2-elf/lib\libc.a(lib_a-memcmp.o)
                0x0000000004119838                memcmp
 .text          0x00000000041198b4        0x0 c:/intelfpga_lite/18.1/nios2eds/bin/gnu/h-x86_64-mingw32/bin/../lib/gcc/nios2-elf/5.3.0/../../../../../H-x86_64-mingw32/nios2-elf/lib\libc.a(lib_a-__atexit.o)
 .text.__register_exitproc
                0x00000000041198b4      0x118 c:/intelfpga_lite/18.1/nios2eds/bin/gnu/h-x86_64-mingw32/bin/../lib/gcc/nios2-elf/5.3.0/../../../../../H-x86_64-mingw32/nios2-elf/lib\libc.a(lib_a-__atexit.o)
                0x00000000041198b4                __register_exitproc
 .text          0x00000000041199cc        0x0 c:/intelfpga_lite/18.1/nios2eds/bin/gnu/h-x86_64-mingw32/bin/../lib/gcc/nios2-elf/5.3.0/../../../../../H-x86_64-mingw32/nios2-elf/lib\libc.a(lib_a-__call_atexit.o)
 .text.__call_exitprocs
                0x00000000041199cc      0x180 c:/intelfpga_lite/18.1/nios2eds/bin/gnu/h-x86_64-mingw32/bin/../lib/gcc/nios2-elf/5.3.0/../../../../../H-x86_64-mingw32/nios2-elf/lib\libc.a(lib_a-__call_atexit.o)
                0x00000000041199cc                __call_exitprocs
 .text          0x0000000004119b4c       0x34 ../control_bsp/\libucosii_bsp.a(alt_exit.o)
                0x0000000004119b4c                _exit
 *(.gnu.warning.*)
 *(.fini)
                [!provide]                        PROVIDE (__etext, ABSOLUTE (.))
                [!provide]                        PROVIDE (_etext, ABSOLUTE (.))
                [!provide]                        PROVIDE (etext, ABSOLUTE (.))
 *(.eh_frame_hdr)
                0x0000000004119b80                . = ALIGN (0x4)
                [!provide]                        PROVIDE (__preinit_array_start, ABSOLUTE (.))
 *(.preinit_array)
                [!provide]                        PROVIDE (__preinit_array_end, ABSOLUTE (.))
                [!provide]                        PROVIDE (__init_array_start, ABSOLUTE (.))
 *(.init_array)
                [!provide]                        PROVIDE (__init_array_end, ABSOLUTE (.))
                [!provide]                        PROVIDE (__fini_array_start, ABSOLUTE (.))
 *(.fini_array)
                [!provide]                        PROVIDE (__fini_array_end, ABSOLUTE (.))
 *(.eh_frame)
 *(.gcc_except_table .gcc_except_table.*)
 *(.dynamic)
                0x0000000004119b80                PROVIDE (__CTOR_LIST__, ABSOLUTE (.))
 *(.ctors)
 *(SORT(.ctors.*))
                0x0000000004119b80                PROVIDE (__CTOR_END__, ABSOLUTE (.))
                0x0000000004119b80                PROVIDE (__DTOR_LIST__, ABSOLUTE (.))
 *(.dtors)
 *(SORT(.dtors.*))
                0x0000000004119b80                PROVIDE (__DTOR_END__, ABSOLUTE (.))
 *(.jcr)
                0x0000000004119b80                . = ALIGN (0x4)

.rodata         0x0000000004119b80      0x578
                0x0000000004119b80                PROVIDE (__ram_rodata_start, ABSOLUTE (.))
                0x0000000004119b80                . = ALIGN (0x4)
 *(.rodata .rodata.* .gnu.linkonce.r.*)
 .rodata        0x0000000004119b80      0x148 obj/default/switches_key.o
 .rodata        0x0000000004119cc8      0x100 c:/intelfpga_lite/18.1/nios2eds/bin/gnu/h-x86_64-mingw32/bin/../lib/gcc/nios2-elf/5.3.0\libgcc.a(_clz.o)
                0x0000000004119cc8                __clz_tab
 .rodata.str1.4
                0x0000000004119dc8       0x42 c:/intelfpga_lite/18.1/nios2eds/bin/gnu/h-x86_64-mingw32/bin/../lib/gcc/nios2-elf/5.3.0/../../../../../H-x86_64-mingw32/nios2-elf/lib\libc.a(lib_a-svfprintf.o)
 .rodata.zeroes.4389
                0x0000000004119e0a       0x10 c:/intelfpga_lite/18.1/nios2eds/bin/gnu/h-x86_64-mingw32/bin/../lib/gcc/nios2-elf/5.3.0/../../../../../H-x86_64-mingw32/nios2-elf/lib\libc.a(lib_a-svfprintf.o)
 .rodata.blanks.4388
                0x0000000004119e1a       0x10 c:/intelfpga_lite/18.1/nios2eds/bin/gnu/h-x86_64-mingw32/bin/../lib/gcc/nios2-elf/5.3.0/../../../../../H-x86_64-mingw32/nios2-elf/lib\libc.a(lib_a-svfprintf.o)
 *fill*         0x0000000004119e2a        0x2 
 .rodata.str1.4
                0x0000000004119e2c       0x10 c:/intelfpga_lite/18.1/nios2eds/bin/gnu/h-x86_64-mingw32/bin/../lib/gcc/nios2-elf/5.3.0/../../../../../H-x86_64-mingw32/nios2-elf/lib\libc.a(lib_a-dtoa.o)
                                         0x12 (size before relaxing)
 .rodata.str1.4
                0x0000000004119e3c        0x2 c:/intelfpga_lite/18.1/nios2eds/bin/gnu/h-x86_64-mingw32/bin/../lib/gcc/nios2-elf/5.3.0/../../../../../H-x86_64-mingw32/nios2-elf/lib\libc.a(lib_a-impure.o)
 *fill*         0x0000000004119e3e        0x2 
 .rodata.str1.4
                0x0000000004119e40        0xc c:/intelfpga_lite/18.1/nios2eds/bin/gnu/h-x86_64-mingw32/bin/../lib/gcc/nios2-elf/5.3.0/../../../../../H-x86_64-mingw32/nios2-elf/lib\libc.a(lib_a-locale.o)
                                         0x12 (size before relaxing)
 .rodata.p05.2768
                0x0000000004119e4c        0xc c:/intelfpga_lite/18.1/nios2eds/bin/gnu/h-x86_64-mingw32/bin/../lib/gcc/nios2-elf/5.3.0/../../../../../H-x86_64-mingw32/nios2-elf/lib\libc.a(lib_a-mprec.o)
 .rodata.__mprec_tinytens
                0x0000000004119e58       0x28 c:/intelfpga_lite/18.1/nios2eds/bin/gnu/h-x86_64-mingw32/bin/../lib/gcc/nios2-elf/5.3.0/../../../../../H-x86_64-mingw32/nios2-elf/lib\libc.a(lib_a-mprec.o)
                0x0000000004119e58                __mprec_tinytens
 .rodata.__mprec_bigtens
                0x0000000004119e80       0x28 c:/intelfpga_lite/18.1/nios2eds/bin/gnu/h-x86_64-mingw32/bin/../lib/gcc/nios2-elf/5.3.0/../../../../../H-x86_64-mingw32/nios2-elf/lib\libc.a(lib_a-mprec.o)
                0x0000000004119e80                __mprec_bigtens
 .rodata.__mprec_tens
                0x0000000004119ea8       0xc8 c:/intelfpga_lite/18.1/nios2eds/bin/gnu/h-x86_64-mingw32/bin/../lib/gcc/nios2-elf/5.3.0/../../../../../H-x86_64-mingw32/nios2-elf/lib\libc.a(lib_a-mprec.o)
                0x0000000004119ea8                __mprec_tens
 .rodata.str1.4
                0x0000000004119f70       0x2f c:/intelfpga_lite/18.1/nios2eds/bin/gnu/h-x86_64-mingw32/bin/../lib/gcc/nios2-elf/5.3.0/../../../../../H-x86_64-mingw32/nios2-elf/lib\libc.a(lib_a-svfiprintf.o)
 .rodata.zeroes.4333
                0x0000000004119f70       0x10 c:/intelfpga_lite/18.1/nios2eds/bin/gnu/h-x86_64-mingw32/bin/../lib/gcc/nios2-elf/5.3.0/../../../../../H-x86_64-mingw32/nios2-elf/lib\libc.a(lib_a-svfiprintf.o)
 .rodata.blanks.4332
                0x0000000004119f80       0x10 c:/intelfpga_lite/18.1/nios2eds/bin/gnu/h-x86_64-mingw32/bin/../lib/gcc/nios2-elf/5.3.0/../../../../../H-x86_64-mingw32/nios2-elf/lib\libc.a(lib_a-svfiprintf.o)
 .rodata        0x0000000004119f90       0x12 ../control_bsp/\libucosii_bsp.a(alt_main.o)
 *fill*         0x0000000004119fa2        0x2 
 .rodata        0x0000000004119fa4      0x11e ../control_bsp/\libucosii_bsp.a(os_core.o)
                0x0000000004119fa4                OSUnMapTbl
 *fill*         0x000000000411a0c2        0x2 
 .rodata        0x000000000411a0c4       0x21 ../control_bsp/\libucosii_bsp.a(alt_sys_init.o)
 *fill*         0x000000000411a0e5        0x3 
 .rodata        0x000000000411a0e8        0xa ../control_bsp/\libucosii_bsp.a(alt_dev.o)
 *fill*         0x000000000411a0f2        0x2 
 .rodata        0x000000000411a0f4        0x2 ../control_bsp/\libucosii_bsp.a(os_cpu_c.o)
 *(.rodata1)
                0x000000000411a0f8                . = ALIGN (0x4)
 *fill*         0x000000000411a0f6        0x2 
                0x000000000411a0f8                PROVIDE (__ram_rodata_end, ABSOLUTE (.))
                0x0000000004119b80                PROVIDE (__flash_rodata_start, LOADADDR (.rodata))

.rwdata         0x000000000411a0f8     0x1b98 load address 0x000000000411bc90
                0x000000000411a0f8                PROVIDE (__ram_rwdata_start, ABSOLUTE (.))
                0x000000000411a0f8                . = ALIGN (0x4)
 *(.got.plt)
 *(.got)
 *(.data1)
 *(.data .data.* .gnu.linkonce.d.*)
 .data          0x000000000411a0f8        0x0 ../control_bsp//obj/HAL/src/crt0.o
 .data          0x000000000411a0f8        0x0 obj/default/debug_control.o
 .data          0x000000000411a0f8        0x0 obj/default/main.o
 .data          0x000000000411a0f8        0x0 obj/default/soundeffects.o
 .data          0x000000000411a0f8        0x0 obj/default/speaker.o
 .data          0x000000000411a0f8        0x0 obj/default/switches_key.o
 .data          0x000000000411a0f8        0x0 obj/default/traffc_led.o
 .data          0x000000000411a0f8        0x0 c:/intelfpga_lite/18.1/nios2eds/bin/gnu/h-x86_64-mingw32/bin/../lib/gcc/nios2-elf/5.3.0\libgcc.a(_muldi3.o)
 .data          0x000000000411a0f8        0x0 c:/intelfpga_lite/18.1/nios2eds/bin/gnu/h-x86_64-mingw32/bin/../lib/gcc/nios2-elf/5.3.0\libgcc.a(_udivdi3.o)
 .data          0x000000000411a0f8        0x0 c:/intelfpga_lite/18.1/nios2eds/bin/gnu/h-x86_64-mingw32/bin/../lib/gcc/nios2-elf/5.3.0\libgcc.a(lib2-divmod.o)
 .data          0x000000000411a0f8        0x0 c:/intelfpga_lite/18.1/nios2eds/bin/gnu/h-x86_64-mingw32/bin/../lib/gcc/nios2-elf/5.3.0\libgcc.a(_clz.o)
 .data          0x000000000411a0f8        0x0 c:/intelfpga_lite/18.1/nios2eds/bin/gnu/h-x86_64-mingw32/bin/../lib/gcc/nios2-elf/5.3.0/../../../../../H-x86_64-mingw32/nios2-elf/lib\libc.a(lib_a-memcpy.o)
 .data          0x000000000411a0f8        0x0 c:/intelfpga_lite/18.1/nios2eds/bin/gnu/h-x86_64-mingw32/bin/../lib/gcc/nios2-elf/5.3.0/../../../../../H-x86_64-mingw32/nios2-elf/lib\libc.a(lib_a-memmove.o)
 .data          0x000000000411a0f8        0x0 c:/intelfpga_lite/18.1/nios2eds/bin/gnu/h-x86_64-mingw32/bin/../lib/gcc/nios2-elf/5.3.0/../../../../../H-x86_64-mingw32/nios2-elf/lib\libc.a(lib_a-rand.o)
 .data          0x000000000411a0f8        0x0 c:/intelfpga_lite/18.1/nios2eds/bin/gnu/h-x86_64-mingw32/bin/../lib/gcc/nios2-elf/5.3.0/../../../../../H-x86_64-mingw32/nios2-elf/lib\libc.a(lib_a-snprintf.o)
 .data          0x000000000411a0f8        0x0 c:/intelfpga_lite/18.1/nios2eds/bin/gnu/h-x86_64-mingw32/bin/../lib/gcc/nios2-elf/5.3.0/../../../../../H-x86_64-mingw32/nios2-elf/lib\libc.a(lib_a-strcmp.o)
 .data          0x000000000411a0f8        0x0 c:/intelfpga_lite/18.1/nios2eds/bin/gnu/h-x86_64-mingw32/bin/../lib/gcc/nios2-elf/5.3.0/../../../../../H-x86_64-mingw32/nios2-elf/lib\libc.a(lib_a-strlen.o)
 .data          0x000000000411a0f8        0x0 c:/intelfpga_lite/18.1/nios2eds/bin/gnu/h-x86_64-mingw32/bin/../lib/gcc/nios2-elf/5.3.0/../../../../../H-x86_64-mingw32/nios2-elf/lib\libc.a(lib_a-strncat.o)
 .data          0x000000000411a0f8        0x0 c:/intelfpga_lite/18.1/nios2eds/bin/gnu/h-x86_64-mingw32/bin/../lib/gcc/nios2-elf/5.3.0/../../../../../H-x86_64-mingw32/nios2-elf/lib\libc.a(lib_a-strncpy.o)
 .data          0x000000000411a0f8        0x0 c:/intelfpga_lite/18.1/nios2eds/bin/gnu/h-x86_64-mingw32/bin/../lib/gcc/nios2-elf/5.3.0/../../../../../H-x86_64-mingw32/nios2-elf/lib\libc.a(lib_a-svfprintf.o)
 .data          0x000000000411a0f8        0x0 c:/intelfpga_lite/18.1/nios2eds/bin/gnu/h-x86_64-mingw32/bin/../lib/gcc/nios2-elf/5.3.0/../../../../../H-x86_64-mingw32/nios2-elf/lib\libc.a(lib_a-dtoa.o)
 .data          0x000000000411a0f8        0x0 c:/intelfpga_lite/18.1/nios2eds/bin/gnu/h-x86_64-mingw32/bin/../lib/gcc/nios2-elf/5.3.0/../../../../../H-x86_64-mingw32/nios2-elf/lib\libc.a(lib_a-impure.o)
 .data.impure_data
                0x000000000411a0f8      0x424 c:/intelfpga_lite/18.1/nios2eds/bin/gnu/h-x86_64-mingw32/bin/../lib/gcc/nios2-elf/5.3.0/../../../../../H-x86_64-mingw32/nios2-elf/lib\libc.a(lib_a-impure.o)
 .data          0x000000000411a51c        0x0 c:/intelfpga_lite/18.1/nios2eds/bin/gnu/h-x86_64-mingw32/bin/../lib/gcc/nios2-elf/5.3.0/../../../../../H-x86_64-mingw32/nios2-elf/lib\libc.a(lib_a-locale.o)
 .data.lc_message_charset
                0x000000000411a51c       0x20 c:/intelfpga_lite/18.1/nios2eds/bin/gnu/h-x86_64-mingw32/bin/../lib/gcc/nios2-elf/5.3.0/../../../../../H-x86_64-mingw32/nios2-elf/lib\libc.a(lib_a-locale.o)
 .data.lc_ctype_charset
                0x000000000411a53c       0x20 c:/intelfpga_lite/18.1/nios2eds/bin/gnu/h-x86_64-mingw32/bin/../lib/gcc/nios2-elf/5.3.0/../../../../../H-x86_64-mingw32/nios2-elf/lib\libc.a(lib_a-locale.o)
 .data.lconv    0x000000000411a55c       0x38 c:/intelfpga_lite/18.1/nios2eds/bin/gnu/h-x86_64-mingw32/bin/../lib/gcc/nios2-elf/5.3.0/../../../../../H-x86_64-mingw32/nios2-elf/lib\libc.a(lib_a-locale.o)
 .data          0x000000000411a594        0x0 c:/intelfpga_lite/18.1/nios2eds/bin/gnu/h-x86_64-mingw32/bin/../lib/gcc/nios2-elf/5.3.0/../../../../../H-x86_64-mingw32/nios2-elf/lib\libc.a(lib_a-mallocr.o)
 .data.__malloc_av_
                0x000000000411a594      0x408 c:/intelfpga_lite/18.1/nios2eds/bin/gnu/h-x86_64-mingw32/bin/../lib/gcc/nios2-elf/5.3.0/../../../../../H-x86_64-mingw32/nios2-elf/lib\libc.a(lib_a-mallocr.o)
                0x000000000411a594                __malloc_av_
 .data          0x000000000411a99c        0x0 c:/intelfpga_lite/18.1/nios2eds/bin/gnu/h-x86_64-mingw32/bin/../lib/gcc/nios2-elf/5.3.0/../../../../../H-x86_64-mingw32/nios2-elf/lib\libc.a(lib_a-memchr.o)
 .data          0x000000000411a99c        0x0 c:/intelfpga_lite/18.1/nios2eds/bin/gnu/h-x86_64-mingw32/bin/../lib/gcc/nios2-elf/5.3.0/../../../../../H-x86_64-mingw32/nios2-elf/lib\libc.a(lib_a-mprec.o)
 .data          0x000000000411a99c        0x0 c:/intelfpga_lite/18.1/nios2eds/bin/gnu/h-x86_64-mingw32/bin/../lib/gcc/nios2-elf/5.3.0/../../../../../H-x86_64-mingw32/nios2-elf/lib\libc.a(lib_a-s_fpclassify.o)
 .data          0x000000000411a99c        0x0 c:/intelfpga_lite/18.1/nios2eds/bin/gnu/h-x86_64-mingw32/bin/../lib/gcc/nios2-elf/5.3.0/../../../../../H-x86_64-mingw32/nios2-elf/lib\libc.a(lib_a-sbrkr.o)
 .data          0x000000000411a99c        0x0 c:/intelfpga_lite/18.1/nios2eds/bin/gnu/h-x86_64-mingw32/bin/../lib/gcc/nios2-elf/5.3.0/../../../../../H-x86_64-mingw32/nios2-elf/lib\libc.a(lib_a-svfiprintf.o)
 .data          0x000000000411a99c        0x0 c:/intelfpga_lite/18.1/nios2eds/bin/gnu/h-x86_64-mingw32/bin/../lib/gcc/nios2-elf/5.3.0/../../../../../H-x86_64-mingw32/nios2-elf/lib\libc.a(lib_a-callocr.o)
 .data          0x000000000411a99c        0x0 c:/intelfpga_lite/18.1/nios2eds/bin/gnu/h-x86_64-mingw32/bin/../lib/gcc/nios2-elf/5.3.0/../../../../../H-x86_64-mingw32/nios2-elf/lib\libc.a(lib_a-freer.o)
 .data          0x000000000411a99c        0x0 c:/intelfpga_lite/18.1/nios2eds/bin/gnu/h-x86_64-mingw32/bin/../lib/gcc/nios2-elf/5.3.0/../../../../../H-x86_64-mingw32/nios2-elf/lib\libc.a(lib_a-int_errno.o)
 .data          0x000000000411a99c        0x0 c:/intelfpga_lite/18.1/nios2eds/bin/gnu/h-x86_64-mingw32/bin/../lib/gcc/nios2-elf/5.3.0/../../../../../H-x86_64-mingw32/nios2-elf/lib\libc.a(lib_a-memset.o)
 .data          0x000000000411a99c        0x0 c:/intelfpga_lite/18.1/nios2eds/bin/gnu/h-x86_64-mingw32/bin/../lib/gcc/nios2-elf/5.3.0/../../../../../H-x86_64-mingw32/nios2-elf/lib\libc.a(lib_a-reallocr.o)
 .data          0x000000000411a99c        0x0 c:/intelfpga_lite/18.1/nios2eds/bin/gnu/h-x86_64-mingw32/bin/../lib/gcc/nios2-elf/5.3.0\libgcc.a(_umoddi3.o)
 .data          0x000000000411a99c        0x0 c:/intelfpga_lite/18.1/nios2eds/bin/gnu/h-x86_64-mingw32/bin/../lib/gcc/nios2-elf/5.3.0\libgcc.a(adddf3.o)
 .data          0x000000000411a99c        0x0 c:/intelfpga_lite/18.1/nios2eds/bin/gnu/h-x86_64-mingw32/bin/../lib/gcc/nios2-elf/5.3.0\libgcc.a(divdf3.o)
 .data          0x000000000411a99c        0x0 c:/intelfpga_lite/18.1/nios2eds/bin/gnu/h-x86_64-mingw32/bin/../lib/gcc/nios2-elf/5.3.0\libgcc.a(eqdf2.o)
 .data          0x000000000411a99c        0x0 c:/intelfpga_lite/18.1/nios2eds/bin/gnu/h-x86_64-mingw32/bin/../lib/gcc/nios2-elf/5.3.0\libgcc.a(gedf2.o)
 .data          0x000000000411a99c        0x0 c:/intelfpga_lite/18.1/nios2eds/bin/gnu/h-x86_64-mingw32/bin/../lib/gcc/nios2-elf/5.3.0\libgcc.a(ledf2.o)
 .data          0x000000000411a99c        0x0 c:/intelfpga_lite/18.1/nios2eds/bin/gnu/h-x86_64-mingw32/bin/../lib/gcc/nios2-elf/5.3.0\libgcc.a(muldf3.o)
 .data          0x000000000411a99c        0x0 c:/intelfpga_lite/18.1/nios2eds/bin/gnu/h-x86_64-mingw32/bin/../lib/gcc/nios2-elf/5.3.0\libgcc.a(subdf3.o)
 .data          0x000000000411a99c        0x0 c:/intelfpga_lite/18.1/nios2eds/bin/gnu/h-x86_64-mingw32/bin/../lib/gcc/nios2-elf/5.3.0\libgcc.a(fixdfsi.o)
 .data          0x000000000411a99c        0x0 c:/intelfpga_lite/18.1/nios2eds/bin/gnu/h-x86_64-mingw32/bin/../lib/gcc/nios2-elf/5.3.0\libgcc.a(floatsidf.o)
 .data          0x000000000411a99c        0x0 c:/intelfpga_lite/18.1/nios2eds/bin/gnu/h-x86_64-mingw32/bin/../lib/gcc/nios2-elf/5.3.0\libgcc.a(floatunsidf.o)
 .data          0x000000000411a99c        0x0 c:/intelfpga_lite/18.1/nios2eds/bin/gnu/h-x86_64-mingw32/bin/../lib/gcc/nios2-elf/5.3.0\libgcc.a(_clzsi2.o)
 .data          0x000000000411a99c        0x0 ../control_bsp/\libucosii_bsp.a(alt_iic.o)
 .data          0x000000000411a99c        0x0 ../control_bsp/\libucosii_bsp.a(alt_iic_isr_register.o)
 .data          0x000000000411a99c        0x0 ../control_bsp/\libucosii_bsp.a(alt_irq_entry.o)
 .data          0x000000000411a99c        0x0 ../control_bsp/\libucosii_bsp.a(alt_irq_handler.o)
 .data          0x000000000411a99c        0x0 ../control_bsp/\libucosii_bsp.a(alt_irq_vars.o)
 .data          0x000000000411a99c        0x0 ../control_bsp/\libucosii_bsp.a(alt_load.o)
 .data          0x000000000411a99c        0x0 ../control_bsp/\libucosii_bsp.a(alt_main.o)
 .data          0x000000000411a99c        0x0 ../control_bsp/\libucosii_bsp.a(alt_sbrk.o)
 .data          0x000000000411a99c        0x0 ../control_bsp/\libucosii_bsp.a(alt_usleep.o)
 .data          0x000000000411a99c        0x0 ../control_bsp/\libucosii_bsp.a(alt_env_lock.o)
 .data          0x000000000411a99c        0x0 ../control_bsp/\libucosii_bsp.a(alt_malloc_lock.o)
 .data          0x000000000411a99c        0x0 ../control_bsp/\libucosii_bsp.a(os_core.o)
 .data          0x000000000411a99c        0x0 ../control_bsp/\libucosii_bsp.a(os_dbg.o)
 .data          0x000000000411a99c        0x0 ../control_bsp/\libucosii_bsp.a(os_flag.o)
 .data          0x000000000411a99c        0x0 ../control_bsp/\libucosii_bsp.a(os_mem.o)
 .data          0x000000000411a99c        0x0 ../control_bsp/\libucosii_bsp.a(os_q.o)
 .data          0x000000000411a99c        0x0 ../control_bsp/\libucosii_bsp.a(os_sem.o)
 .data          0x000000000411a99c        0x0 ../control_bsp/\libucosii_bsp.a(os_task.o)
 .data          0x000000000411a99c        0x0 ../control_bsp/\libucosii_bsp.a(os_time.o)
 .data          0x000000000411a99c     0x1080 ../control_bsp/\libucosii_bsp.a(alt_sys_init.o)
 .data          0x000000000411ba1c        0x0 ../control_bsp/\libucosii_bsp.a(altera_avalon_jtag_uart_fd.o)
 .data          0x000000000411ba1c        0x0 ../control_bsp/\libucosii_bsp.a(altera_avalon_jtag_uart_init.o)
 .data          0x000000000411ba1c        0x0 ../control_bsp/\libucosii_bsp.a(altera_avalon_jtag_uart_ioctl.o)
 .data          0x000000000411ba1c        0x0 ../control_bsp/\libucosii_bsp.a(altera_avalon_jtag_uart_read.o)
 .data          0x000000000411ba1c        0x0 ../control_bsp/\libucosii_bsp.a(altera_avalon_jtag_uart_write.o)
 .data          0x000000000411ba1c        0x0 ../control_bsp/\libucosii_bsp.a(altera_avalon_mutex.o)
 .data          0x000000000411ba1c        0x0 ../control_bsp/\libucosii_bsp.a(altera_avalon_timer_sc.o)
 .data          0x000000000411ba1c        0x0 ../control_bsp/\libucosii_bsp.a(alt_alarm_start.o)
 .data          0x000000000411ba1c        0x0 ../control_bsp/\libucosii_bsp.a(alt_busy_sleep.o)
 .data          0x000000000411ba1c        0x0 ../control_bsp/\libucosii_bsp.a(alt_close.o)
 .data          0x000000000411ba1c        0x0 ../control_bsp/\libucosii_bsp.a(alt_dcache_flush_all.o)
 .data          0x000000000411ba1c      0x1a8 ../control_bsp/\libucosii_bsp.a(alt_dev.o)
                0x000000000411ba1c                alt_dev_null
                0x000000000411ba44                alt_fd_list
 .data          0x000000000411bbc4        0x0 ../control_bsp/\libucosii_bsp.a(alt_dev_llist_insert.o)
 .data          0x000000000411bbc4        0x0 ../control_bsp/\libucosii_bsp.a(alt_do_ctors.o)
 .data          0x000000000411bbc4        0x0 ../control_bsp/\libucosii_bsp.a(alt_do_dtors.o)
 .data          0x000000000411bbc4        0x0 ../control_bsp/\libucosii_bsp.a(alt_errno.o)
 .data          0x000000000411bbc4        0x0 ../control_bsp/\libucosii_bsp.a(alt_exception_entry.o)
 .data          0x000000000411bbc4        0x0 ../control_bsp/\libucosii_bsp.a(alt_find_dev.o)
 .data          0x000000000411bbc4        0x0 ../control_bsp/\libucosii_bsp.a(alt_icache_flush_all.o)
 .data          0x000000000411bbc4        0x0 ../control_bsp/\libucosii_bsp.a(alt_instruction_exception_entry.o)
 .data          0x000000000411bbc4        0x0 ../control_bsp/\libucosii_bsp.a(alt_io_redirect.o)
 .data          0x000000000411bbc4        0x0 ../control_bsp/\libucosii_bsp.a(alt_open.o)
 .data          0x000000000411bbc4        0x0 ../control_bsp/\libucosii_bsp.a(alt_release_fd.o)
 .data          0x000000000411bbc4        0x0 ../control_bsp/\libucosii_bsp.a(alt_tick.o)
 .data          0x000000000411bbc4        0x0 ../control_bsp/\libucosii_bsp.a(altera_nios2_gen2_irq.o)
 .data          0x000000000411bbc4        0x0 ../control_bsp/\libucosii_bsp.a(os_cpu_a.o)
 .data          0x000000000411bbc4        0x0 ../control_bsp/\libucosii_bsp.a(os_cpu_c.o)
 .data          0x000000000411bbc4        0x0 ../control_bsp/\libucosii_bsp.a(alt_find_file.o)
 .data          0x000000000411bbc4        0x0 ../control_bsp/\libucosii_bsp.a(alt_get_fd.o)
 .data          0x000000000411bbc4        0x0 ../control_bsp/\libucosii_bsp.a(alt_icache_flush.o)
 .data          0x000000000411bbc4        0x0 c:/intelfpga_lite/18.1/nios2eds/bin/gnu/h-x86_64-mingw32/bin/../lib/gcc/nios2-elf/5.3.0/../../../../../H-x86_64-mingw32/nios2-elf/lib\libc.a(lib_a-atexit.o)
 .data          0x000000000411bbc4        0x0 c:/intelfpga_lite/18.1/nios2eds/bin/gnu/h-x86_64-mingw32/bin/../lib/gcc/nios2-elf/5.3.0/../../../../../H-x86_64-mingw32/nios2-elf/lib\libc.a(lib_a-exit.o)
 .data          0x000000000411bbc4        0x0 c:/intelfpga_lite/18.1/nios2eds/bin/gnu/h-x86_64-mingw32/bin/../lib/gcc/nios2-elf/5.3.0/../../../../../H-x86_64-mingw32/nios2-elf/lib\libc.a(lib_a-memcmp.o)
 .data          0x000000000411bbc4        0x0 c:/intelfpga_lite/18.1/nios2eds/bin/gnu/h-x86_64-mingw32/bin/../lib/gcc/nios2-elf/5.3.0/../../../../../H-x86_64-mingw32/nios2-elf/lib\libc.a(lib_a-__atexit.o)
 .data          0x000000000411bbc4        0x0 c:/intelfpga_lite/18.1/nios2eds/bin/gnu/h-x86_64-mingw32/bin/../lib/gcc/nios2-elf/5.3.0/../../../../../H-x86_64-mingw32/nios2-elf/lib\libc.a(lib_a-__call_atexit.o)
 .data          0x000000000411bbc4        0x0 ../control_bsp/\libucosii_bsp.a(alt_exit.o)
                0x0000000004123bc4                _gp = ABSOLUTE ((. + 0x8000))
                [!provide]                        PROVIDE (gp, _gp)
 *(.rwdata .rwdata.*)
 *(.sdata .sdata.* .gnu.linkonce.s.*)
 .sdata         0x000000000411bbc4        0x8 obj/default/debug_control.o
 .sdata         0x000000000411bbcc        0x4 obj/default/switches_key.o
 .sdata._global_impure_ptr
                0x000000000411bbd0        0x4 c:/intelfpga_lite/18.1/nios2eds/bin/gnu/h-x86_64-mingw32/bin/../lib/gcc/nios2-elf/5.3.0/../../../../../H-x86_64-mingw32/nios2-elf/lib\libc.a(lib_a-impure.o)
                0x000000000411bbd0                _global_impure_ptr
 .sdata._impure_ptr
                0x000000000411bbd4        0x4 c:/intelfpga_lite/18.1/nios2eds/bin/gnu/h-x86_64-mingw32/bin/../lib/gcc/nios2-elf/5.3.0/../../../../../H-x86_64-mingw32/nios2-elf/lib\libc.a(lib_a-impure.o)
                0x000000000411bbd4                _impure_ptr
 .sdata.__mb_cur_max
                0x000000000411bbd8        0x4 c:/intelfpga_lite/18.1/nios2eds/bin/gnu/h-x86_64-mingw32/bin/../lib/gcc/nios2-elf/5.3.0/../../../../../H-x86_64-mingw32/nios2-elf/lib\libc.a(lib_a-locale.o)
                0x000000000411bbd8                __mb_cur_max
 .sdata.__malloc_sbrk_base
                0x000000000411bbdc        0x4 c:/intelfpga_lite/18.1/nios2eds/bin/gnu/h-x86_64-mingw32/bin/../lib/gcc/nios2-elf/5.3.0/../../../../../H-x86_64-mingw32/nios2-elf/lib\libc.a(lib_a-mallocr.o)
                0x000000000411bbdc                __malloc_sbrk_base
 .sdata.__malloc_trim_threshold
                0x000000000411bbe0        0x4 c:/intelfpga_lite/18.1/nios2eds/bin/gnu/h-x86_64-mingw32/bin/../lib/gcc/nios2-elf/5.3.0/../../../../../H-x86_64-mingw32/nios2-elf/lib\libc.a(lib_a-mallocr.o)
                0x000000000411bbe0                __malloc_trim_threshold
 .sdata         0x000000000411bbe4        0x4 ../control_bsp/\libucosii_bsp.a(alt_irq_vars.o)
                0x000000000411bbe4                alt_priority_mask
 .sdata         0x000000000411bbe8        0x4 ../control_bsp/\libucosii_bsp.a(alt_sbrk.o)
 .sdata         0x000000000411bbec        0x4 ../control_bsp/\libucosii_bsp.a(alt_env_lock.o)
 .sdata         0x000000000411bbf0        0x4 ../control_bsp/\libucosii_bsp.a(alt_malloc_lock.o)
 .sdata         0x000000000411bbf4       0x72 ../control_bsp/\libucosii_bsp.a(os_dbg.o)
                0x000000000411bbf4                OSDebugEn
                0x000000000411bbf8                OSEndiannessTest
                0x000000000411bbfc                OSEventEn
                0x000000000411bbfe                OSEventMax
                0x000000000411bc00                OSEventNameSize
                0x000000000411bc02                OSEventSize
                0x000000000411bc04                OSEventTblSize
                0x000000000411bc06                OSEventMultiEn
                0x000000000411bc08                OSFlagEn
                0x000000000411bc0a                OSFlagGrpSize
                0x000000000411bc0c                OSFlagNodeSize
                0x000000000411bc0e                OSFlagWidth
                0x000000000411bc10                OSFlagMax
                0x000000000411bc12                OSFlagNameSize
                0x000000000411bc14                OSLowestPrio
                0x000000000411bc16                OSMboxEn
                0x000000000411bc18                OSMemEn
                0x000000000411bc1a                OSMemMax
                0x000000000411bc1c                OSMemNameSize
                0x000000000411bc1e                OSMemSize
                0x000000000411bc20                OSMemTblSize
                0x000000000411bc22                OSMutexEn
                0x000000000411bc24                OSPtrSize
                0x000000000411bc26                OSQEn
                0x000000000411bc28                OSQMax
                0x000000000411bc2a                OSQSize
                0x000000000411bc2c                OSRdyTblSize
                0x000000000411bc2e                OSSemEn
                0x000000000411bc30                OSStkWidth
                0x000000000411bc32                OSTaskCreateEn
                0x000000000411bc34                OSTaskCreateExtEn
                0x000000000411bc36                OSTaskDelEn
                0x000000000411bc38                OSTaskIdleStkSize
                0x000000000411bc3a                OSTaskProfileEn
                0x000000000411bc3c                OSTaskMax
                0x000000000411bc3e                OSTaskNameSize
                0x000000000411bc40                OSTaskStatEn
                0x000000000411bc42                OSTaskStatStkSize
                0x000000000411bc44                OSTaskStatStkChkEn
                0x000000000411bc46                OSTaskSwHookEn
                0x000000000411bc48                OSTCBPrioTblMax
                0x000000000411bc4a                OSTCBSize
                0x000000000411bc4c                OSTicksPerSec
                0x000000000411bc4e                OSTimeTickHookEn
                0x000000000411bc50                OSVersionNbr
                0x000000000411bc52                OSTmrEn
                0x000000000411bc54                OSTmrCfgMax
                0x000000000411bc56                OSTmrCfgNameSize
                0x000000000411bc58                OSTmrCfgWheelSize
                0x000000000411bc5a                OSTmrCfgTicksPerSec
                0x000000000411bc5c                OSTmrSize
                0x000000000411bc5e                OSTmrTblSize
                0x000000000411bc60                OSTmrWheelSize
                0x000000000411bc62                OSTmrWheelTblSize
                0x000000000411bc64                OSDataSize
 *fill*         0x000000000411bc66        0x2 
 .sdata         0x000000000411bc68        0x8 ../control_bsp/\libucosii_bsp.a(altera_avalon_mutex.o)
                0x000000000411bc68                alt_mutex_list
 .sdata         0x000000000411bc70       0x14 ../control_bsp/\libucosii_bsp.a(alt_dev.o)
                0x000000000411bc70                alt_fs_list
                0x000000000411bc78                alt_dev_list
                0x000000000411bc80                alt_max_fd
 .sdata         0x000000000411bc84        0x4 ../control_bsp/\libucosii_bsp.a(alt_errno.o)
                0x000000000411bc84                alt_errno
 .sdata         0x000000000411bc88        0x8 ../control_bsp/\libucosii_bsp.a(alt_tick.o)
                0x000000000411bc88                alt_alarm_list
 *(.sdata2 .sdata2.* .gnu.linkonce.s2.*)
                0x000000000411bc90                . = ALIGN (0x4)
                0x000000000411bc90                _edata = ABSOLUTE (.)
                [!provide]                        PROVIDE (edata, ABSOLUTE (.))
                0x000000000411bc90                PROVIDE (__ram_rwdata_end, ABSOLUTE (.))
                0x000000000411bc90                PROVIDE (__flash_rwdata_start, LOADADDR (.rwdata))

.bss            0x000000000411d828     0x8d14
                0x000000000411d828                __bss_start = ABSOLUTE (.)
                [!provide]                        PROVIDE (__sbss_start, ABSOLUTE (.))
                [!provide]                        PROVIDE (___sbss_start, ABSOLUTE (.))
 *(.dynsbss)
 *(.sbss .sbss.* .gnu.linkonce.sb.*)
 .sbss          0x000000000411d828       0x28 obj/default/debug_control.o
 .sbss          0x000000000411d850        0x8 obj/default/main.o
                0x000000000411d850                input_update_sem
                0x000000000411d854                leds_update_sem
 .sbss          0x000000000411d858       0x10 obj/default/speaker.o
 .sbss          0x000000000411d868       0x34 obj/default/switches_key.o
                0x000000000411d868                switch_state
                0x000000000411d86c                key_state
                0x000000000411d870                GPIO_state
 .sbss          0x000000000411d89c        0x4 obj/default/traffc_led.o
 .sbss._PathLocale
                0x000000000411d8a0        0x4 c:/intelfpga_lite/18.1/nios2eds/bin/gnu/h-x86_64-mingw32/bin/../lib/gcc/nios2-elf/5.3.0/../../../../../H-x86_64-mingw32/nios2-elf/lib\libc.a(lib_a-locale.o)
                0x000000000411d8a0                _PathLocale
 .sbss.__mlocale_changed
                0x000000000411d8a4        0x4 c:/intelfpga_lite/18.1/nios2eds/bin/gnu/h-x86_64-mingw32/bin/../lib/gcc/nios2-elf/5.3.0/../../../../../H-x86_64-mingw32/nios2-elf/lib\libc.a(lib_a-locale.o)
                0x000000000411d8a4                __mlocale_changed
 .sbss.__nlocale_changed
                0x000000000411d8a8        0x4 c:/intelfpga_lite/18.1/nios2eds/bin/gnu/h-x86_64-mingw32/bin/../lib/gcc/nios2-elf/5.3.0/../../../../../H-x86_64-mingw32/nios2-elf/lib\libc.a(lib_a-locale.o)
                0x000000000411d8a8                __nlocale_changed
 .sbss.__malloc_max_total_mem
                0x000000000411d8ac        0x4 c:/intelfpga_lite/18.1/nios2eds/bin/gnu/h-x86_64-mingw32/bin/../lib/gcc/nios2-elf/5.3.0/../../../../../H-x86_64-mingw32/nios2-elf/lib\libc.a(lib_a-mallocr.o)
                0x000000000411d8ac                __malloc_max_total_mem
 .sbss.__malloc_max_sbrked_mem
                0x000000000411d8b0        0x4 c:/intelfpga_lite/18.1/nios2eds/bin/gnu/h-x86_64-mingw32/bin/../lib/gcc/nios2-elf/5.3.0/../../../../../H-x86_64-mingw32/nios2-elf/lib\libc.a(lib_a-mallocr.o)
                0x000000000411d8b0                __malloc_max_sbrked_mem
 .sbss.__malloc_top_pad
                0x000000000411d8b4        0x4 c:/intelfpga_lite/18.1/nios2eds/bin/gnu/h-x86_64-mingw32/bin/../lib/gcc/nios2-elf/5.3.0/../../../../../H-x86_64-mingw32/nios2-elf/lib\libc.a(lib_a-mallocr.o)
                0x000000000411d8b4                __malloc_top_pad
 .sbss          0x000000000411d8b8        0x4 c:/intelfpga_lite/18.1/nios2eds/bin/gnu/h-x86_64-mingw32/bin/../lib/gcc/nios2-elf/5.3.0/../../../../../H-x86_64-mingw32/nios2-elf/lib\libc.a(lib_a-int_errno.o)
                0x000000000411d8b8                errno
 .sbss          0x000000000411d8bc        0x4 ../control_bsp/\libucosii_bsp.a(alt_irq_vars.o)
                0x000000000411d8bc                alt_irq_active
 .sbss          0x000000000411d8c0        0xc ../control_bsp/\libucosii_bsp.a(alt_main.o)
                0x000000000411d8c0                alt_argc
                0x000000000411d8c4                alt_argv
                0x000000000411d8c8                alt_envp
 .sbss          0x000000000411d8cc        0x8 ../control_bsp/\libucosii_bsp.a(alt_env_lock.o)
                0x000000000411d8d0                alt_envsem
 .sbss          0x000000000411d8d4        0x8 ../control_bsp/\libucosii_bsp.a(alt_malloc_lock.o)
                0x000000000411d8d8                alt_heapsem
 .sbss          0x000000000411d8dc       0x50 ../control_bsp/\libucosii_bsp.a(os_core.o)
                0x000000000411d8dc                OSLockNesting
                0x000000000411d8dd                OSRunning
                0x000000000411d8e0                OSIdleCtr
                0x000000000411d8e4                OSPrioHighRdy
                0x000000000411d8e5                OSPrioCur
                0x000000000411d8e8                OSTCBList
                0x000000000411d8ec                OSTickStepState
                0x000000000411d8f0                OSCtxSwCtr
                0x000000000411d8f4                OSIdleCtrMax
                0x000000000411d8f8                OSTCBFreeList
                0x000000000411d8fc                OSCPUUsage
                0x000000000411d8fd                OSTaskCtr
                0x000000000411d900                OSMemFreeList
                0x000000000411d904                OSTCBHighRdy
                0x000000000411d908                OSQFreeList
                0x000000000411d90c                OSRdyGrp
                0x000000000411d90d                OSRdyTbl
                0x000000000411d910                OSEventFreeList
                0x000000000411d914                OSIntNesting
                0x000000000411d918                OSTCBCur
                0x000000000411d91c                OSTime
                0x000000000411d920                OSFlagFreeList
                0x000000000411d924                OSStatRdy
                0x000000000411d928                OSIdleCtrRun
 .sbss          0x000000000411d92c        0x4 ../control_bsp/\libucosii_bsp.a(alt_dev.o)
                0x000000000411d92c                alt_fd_list_lock
 .sbss          0x000000000411d930        0x4 ../control_bsp/\libucosii_bsp.a(alt_instruction_exception_entry.o)
                0x000000000411d930                alt_instruction_exception_handler
 .sbss          0x000000000411d934        0x8 ../control_bsp/\libucosii_bsp.a(alt_tick.o)
                0x000000000411d934                _alt_tick_rate
                0x000000000411d938                _alt_nticks
 *(.sbss2 .sbss2.* .gnu.linkonce.sb2.*)
 *(.scommon)
                [!provide]                        PROVIDE (__sbss_end, ABSOLUTE (.))
                [!provide]                        PROVIDE (___sbss_end, ABSOLUTE (.))
 *(.dynbss)
 *(.bss .bss.* .gnu.linkonce.b.*)
 .bss           0x000000000411d93c        0x0 ../control_bsp//obj/HAL/src/crt0.o
 .bss           0x000000000411d93c       0x41 obj/default/debug_control.o
 .bss           0x000000000411d97d        0x0 obj/default/main.o
 .bss           0x000000000411d97d        0x0 obj/default/soundeffects.o
 .bss           0x000000000411d97d        0x0 obj/default/speaker.o
 *fill*         0x000000000411d97d        0x3 
 .bss           0x000000000411d980       0x70 obj/default/switches_key.o
 .bss           0x000000000411d9f0        0x0 obj/default/traffc_led.o
 .bss           0x000000000411d9f0        0x0 c:/intelfpga_lite/18.1/nios2eds/bin/gnu/h-x86_64-mingw32/bin/../lib/gcc/nios2-elf/5.3.0\libgcc.a(_muldi3.o)
 .bss           0x000000000411d9f0        0x0 c:/intelfpga_lite/18.1/nios2eds/bin/gnu/h-x86_64-mingw32/bin/../lib/gcc/nios2-elf/5.3.0\libgcc.a(_udivdi3.o)
 .bss           0x000000000411d9f0        0x0 c:/intelfpga_lite/18.1/nios2eds/bin/gnu/h-x86_64-mingw32/bin/../lib/gcc/nios2-elf/5.3.0\libgcc.a(lib2-divmod.o)
 .bss           0x000000000411d9f0        0x0 c:/intelfpga_lite/18.1/nios2eds/bin/gnu/h-x86_64-mingw32/bin/../lib/gcc/nios2-elf/5.3.0\libgcc.a(_clz.o)
 .bss           0x000000000411d9f0        0x0 c:/intelfpga_lite/18.1/nios2eds/bin/gnu/h-x86_64-mingw32/bin/../lib/gcc/nios2-elf/5.3.0/../../../../../H-x86_64-mingw32/nios2-elf/lib\libc.a(lib_a-memcpy.o)
 .bss           0x000000000411d9f0        0x0 c:/intelfpga_lite/18.1/nios2eds/bin/gnu/h-x86_64-mingw32/bin/../lib/gcc/nios2-elf/5.3.0/../../../../../H-x86_64-mingw32/nios2-elf/lib\libc.a(lib_a-memmove.o)
 .bss           0x000000000411d9f0        0x0 c:/intelfpga_lite/18.1/nios2eds/bin/gnu/h-x86_64-mingw32/bin/../lib/gcc/nios2-elf/5.3.0/../../../../../H-x86_64-mingw32/nios2-elf/lib\libc.a(lib_a-rand.o)
 .bss           0x000000000411d9f0        0x0 c:/intelfpga_lite/18.1/nios2eds/bin/gnu/h-x86_64-mingw32/bin/../lib/gcc/nios2-elf/5.3.0/../../../../../H-x86_64-mingw32/nios2-elf/lib\libc.a(lib_a-snprintf.o)
 .bss           0x000000000411d9f0        0x0 c:/intelfpga_lite/18.1/nios2eds/bin/gnu/h-x86_64-mingw32/bin/../lib/gcc/nios2-elf/5.3.0/../../../../../H-x86_64-mingw32/nios2-elf/lib\libc.a(lib_a-strcmp.o)
 .bss           0x000000000411d9f0        0x0 c:/intelfpga_lite/18.1/nios2eds/bin/gnu/h-x86_64-mingw32/bin/../lib/gcc/nios2-elf/5.3.0/../../../../../H-x86_64-mingw32/nios2-elf/lib\libc.a(lib_a-strlen.o)
 .bss           0x000000000411d9f0        0x0 c:/intelfpga_lite/18.1/nios2eds/bin/gnu/h-x86_64-mingw32/bin/../lib/gcc/nios2-elf/5.3.0/../../../../../H-x86_64-mingw32/nios2-elf/lib\libc.a(lib_a-strncat.o)
 .bss           0x000000000411d9f0        0x0 c:/intelfpga_lite/18.1/nios2eds/bin/gnu/h-x86_64-mingw32/bin/../lib/gcc/nios2-elf/5.3.0/../../../../../H-x86_64-mingw32/nios2-elf/lib\libc.a(lib_a-strncpy.o)
 .bss           0x000000000411d9f0        0x0 c:/intelfpga_lite/18.1/nios2eds/bin/gnu/h-x86_64-mingw32/bin/../lib/gcc/nios2-elf/5.3.0/../../../../../H-x86_64-mingw32/nios2-elf/lib\libc.a(lib_a-svfprintf.o)
 .bss           0x000000000411d9f0        0x0 c:/intelfpga_lite/18.1/nios2eds/bin/gnu/h-x86_64-mingw32/bin/../lib/gcc/nios2-elf/5.3.0/../../../../../H-x86_64-mingw32/nios2-elf/lib\libc.a(lib_a-dtoa.o)
 .bss           0x000000000411d9f0        0x0 c:/intelfpga_lite/18.1/nios2eds/bin/gnu/h-x86_64-mingw32/bin/../lib/gcc/nios2-elf/5.3.0/../../../../../H-x86_64-mingw32/nios2-elf/lib\libc.a(lib_a-impure.o)
 .bss           0x000000000411d9f0        0x0 c:/intelfpga_lite/18.1/nios2eds/bin/gnu/h-x86_64-mingw32/bin/../lib/gcc/nios2-elf/5.3.0/../../../../../H-x86_64-mingw32/nios2-elf/lib\libc.a(lib_a-locale.o)
 .bss           0x000000000411d9f0        0x0 c:/intelfpga_lite/18.1/nios2eds/bin/gnu/h-x86_64-mingw32/bin/../lib/gcc/nios2-elf/5.3.0/../../../../../H-x86_64-mingw32/nios2-elf/lib\libc.a(lib_a-mallocr.o)
 .bss.__malloc_current_mallinfo
                0x000000000411d9f0       0x28 c:/intelfpga_lite/18.1/nios2eds/bin/gnu/h-x86_64-mingw32/bin/../lib/gcc/nios2-elf/5.3.0/../../../../../H-x86_64-mingw32/nios2-elf/lib\libc.a(lib_a-mallocr.o)
                0x000000000411d9f0                __malloc_current_mallinfo
 .bss           0x000000000411da18        0x0 c:/intelfpga_lite/18.1/nios2eds/bin/gnu/h-x86_64-mingw32/bin/../lib/gcc/nios2-elf/5.3.0/../../../../../H-x86_64-mingw32/nios2-elf/lib\libc.a(lib_a-memchr.o)
 .bss           0x000000000411da18        0x0 c:/intelfpga_lite/18.1/nios2eds/bin/gnu/h-x86_64-mingw32/bin/../lib/gcc/nios2-elf/5.3.0/../../../../../H-x86_64-mingw32/nios2-elf/lib\libc.a(lib_a-mprec.o)
 .bss           0x000000000411da18        0x0 c:/intelfpga_lite/18.1/nios2eds/bin/gnu/h-x86_64-mingw32/bin/../lib/gcc/nios2-elf/5.3.0/../../../../../H-x86_64-mingw32/nios2-elf/lib\libc.a(lib_a-s_fpclassify.o)
 .bss           0x000000000411da18        0x0 c:/intelfpga_lite/18.1/nios2eds/bin/gnu/h-x86_64-mingw32/bin/../lib/gcc/nios2-elf/5.3.0/../../../../../H-x86_64-mingw32/nios2-elf/lib\libc.a(lib_a-sbrkr.o)
 .bss           0x000000000411da18        0x0 c:/intelfpga_lite/18.1/nios2eds/bin/gnu/h-x86_64-mingw32/bin/../lib/gcc/nios2-elf/5.3.0/../../../../../H-x86_64-mingw32/nios2-elf/lib\libc.a(lib_a-svfiprintf.o)
 .bss           0x000000000411da18        0x0 c:/intelfpga_lite/18.1/nios2eds/bin/gnu/h-x86_64-mingw32/bin/../lib/gcc/nios2-elf/5.3.0/../../../../../H-x86_64-mingw32/nios2-elf/lib\libc.a(lib_a-callocr.o)
 .bss           0x000000000411da18        0x0 c:/intelfpga_lite/18.1/nios2eds/bin/gnu/h-x86_64-mingw32/bin/../lib/gcc/nios2-elf/5.3.0/../../../../../H-x86_64-mingw32/nios2-elf/lib\libc.a(lib_a-freer.o)
 .bss           0x000000000411da18        0x0 c:/intelfpga_lite/18.1/nios2eds/bin/gnu/h-x86_64-mingw32/bin/../lib/gcc/nios2-elf/5.3.0/../../../../../H-x86_64-mingw32/nios2-elf/lib\libc.a(lib_a-int_errno.o)
 .bss           0x000000000411da18        0x0 c:/intelfpga_lite/18.1/nios2eds/bin/gnu/h-x86_64-mingw32/bin/../lib/gcc/nios2-elf/5.3.0/../../../../../H-x86_64-mingw32/nios2-elf/lib\libc.a(lib_a-memset.o)
 .bss           0x000000000411da18        0x0 c:/intelfpga_lite/18.1/nios2eds/bin/gnu/h-x86_64-mingw32/bin/../lib/gcc/nios2-elf/5.3.0/../../../../../H-x86_64-mingw32/nios2-elf/lib\libc.a(lib_a-reallocr.o)
 .bss           0x000000000411da18        0x0 c:/intelfpga_lite/18.1/nios2eds/bin/gnu/h-x86_64-mingw32/bin/../lib/gcc/nios2-elf/5.3.0\libgcc.a(_umoddi3.o)
 .bss           0x000000000411da18        0x0 c:/intelfpga_lite/18.1/nios2eds/bin/gnu/h-x86_64-mingw32/bin/../lib/gcc/nios2-elf/5.3.0\libgcc.a(adddf3.o)
 .bss           0x000000000411da18        0x0 c:/intelfpga_lite/18.1/nios2eds/bin/gnu/h-x86_64-mingw32/bin/../lib/gcc/nios2-elf/5.3.0\libgcc.a(divdf3.o)
 .bss           0x000000000411da18        0x0 c:/intelfpga_lite/18.1/nios2eds/bin/gnu/h-x86_64-mingw32/bin/../lib/gcc/nios2-elf/5.3.0\libgcc.a(eqdf2.o)
 .bss           0x000000000411da18        0x0 c:/intelfpga_lite/18.1/nios2eds/bin/gnu/h-x86_64-mingw32/bin/../lib/gcc/nios2-elf/5.3.0\libgcc.a(gedf2.o)
 .bss           0x000000000411da18        0x0 c:/intelfpga_lite/18.1/nios2eds/bin/gnu/h-x86_64-mingw32/bin/../lib/gcc/nios2-elf/5.3.0\libgcc.a(ledf2.o)
 .bss           0x000000000411da18        0x0 c:/intelfpga_lite/18.1/nios2eds/bin/gnu/h-x86_64-mingw32/bin/../lib/gcc/nios2-elf/5.3.0\libgcc.a(muldf3.o)
 .bss           0x000000000411da18        0x0 c:/intelfpga_lite/18.1/nios2eds/bin/gnu/h-x86_64-mingw32/bin/../lib/gcc/nios2-elf/5.3.0\libgcc.a(subdf3.o)
 .bss           0x000000000411da18        0x0 c:/intelfpga_lite/18.1/nios2eds/bin/gnu/h-x86_64-mingw32/bin/../lib/gcc/nios2-elf/5.3.0\libgcc.a(fixdfsi.o)
 .bss           0x000000000411da18        0x0 c:/intelfpga_lite/18.1/nios2eds/bin/gnu/h-x86_64-mingw32/bin/../lib/gcc/nios2-elf/5.3.0\libgcc.a(floatsidf.o)
 .bss           0x000000000411da18        0x0 c:/intelfpga_lite/18.1/nios2eds/bin/gnu/h-x86_64-mingw32/bin/../lib/gcc/nios2-elf/5.3.0\libgcc.a(floatunsidf.o)
 .bss           0x000000000411da18        0x0 c:/intelfpga_lite/18.1/nios2eds/bin/gnu/h-x86_64-mingw32/bin/../lib/gcc/nios2-elf/5.3.0\libgcc.a(_clzsi2.o)
 .bss           0x000000000411da18        0x0 ../control_bsp/\libucosii_bsp.a(alt_iic.o)
 .bss           0x000000000411da18        0x0 ../control_bsp/\libucosii_bsp.a(alt_iic_isr_register.o)
 .bss           0x000000000411da18        0x0 ../control_bsp/\libucosii_bsp.a(alt_irq_entry.o)
 .bss           0x000000000411da18        0x0 ../control_bsp/\libucosii_bsp.a(alt_irq_handler.o)
 .bss           0x000000000411da18        0x0 ../control_bsp/\libucosii_bsp.a(alt_irq_vars.o)
 .bss           0x000000000411da18        0x0 ../control_bsp/\libucosii_bsp.a(alt_load.o)
 .bss           0x000000000411da18        0x0 ../control_bsp/\libucosii_bsp.a(alt_main.o)
 .bss           0x000000000411da18        0x0 ../control_bsp/\libucosii_bsp.a(alt_sbrk.o)
 .bss           0x000000000411da18        0x0 ../control_bsp/\libucosii_bsp.a(alt_usleep.o)
 .bss           0x000000000411da18        0x0 ../control_bsp/\libucosii_bsp.a(alt_env_lock.o)
 .bss           0x000000000411da18        0x0 ../control_bsp/\libucosii_bsp.a(alt_malloc_lock.o)
 .bss           0x000000000411da18        0x0 ../control_bsp/\libucosii_bsp.a(os_core.o)
 .bss           0x000000000411da18        0x0 ../control_bsp/\libucosii_bsp.a(os_dbg.o)
 .bss           0x000000000411da18        0x0 ../control_bsp/\libucosii_bsp.a(os_flag.o)
 .bss           0x000000000411da18        0x0 ../control_bsp/\libucosii_bsp.a(os_mem.o)
 .bss           0x000000000411da18        0x0 ../control_bsp/\libucosii_bsp.a(os_q.o)
 .bss           0x000000000411da18        0x0 ../control_bsp/\libucosii_bsp.a(os_sem.o)
 .bss           0x000000000411da18        0x0 ../control_bsp/\libucosii_bsp.a(os_task.o)
 .bss           0x000000000411da18        0x0 ../control_bsp/\libucosii_bsp.a(os_time.o)
 .bss           0x000000000411da18        0x0 ../control_bsp/\libucosii_bsp.a(alt_sys_init.o)
 .bss           0x000000000411da18        0x0 ../control_bsp/\libucosii_bsp.a(altera_avalon_jtag_uart_fd.o)
 .bss           0x000000000411da18        0x0 ../control_bsp/\libucosii_bsp.a(altera_avalon_jtag_uart_init.o)
 .bss           0x000000000411da18        0x0 ../control_bsp/\libucosii_bsp.a(altera_avalon_jtag_uart_ioctl.o)
 .bss           0x000000000411da18        0x0 ../control_bsp/\libucosii_bsp.a(altera_avalon_jtag_uart_read.o)
 .bss           0x000000000411da18        0x0 ../control_bsp/\libucosii_bsp.a(altera_avalon_jtag_uart_write.o)
 .bss           0x000000000411da18        0x0 ../control_bsp/\libucosii_bsp.a(altera_avalon_mutex.o)
 .bss           0x000000000411da18        0x0 ../control_bsp/\libucosii_bsp.a(altera_avalon_timer_sc.o)
 .bss           0x000000000411da18        0x0 ../control_bsp/\libucosii_bsp.a(alt_alarm_start.o)
 .bss           0x000000000411da18        0x0 ../control_bsp/\libucosii_bsp.a(alt_busy_sleep.o)
 .bss           0x000000000411da18        0x0 ../control_bsp/\libucosii_bsp.a(alt_close.o)
 .bss           0x000000000411da18        0x0 ../control_bsp/\libucosii_bsp.a(alt_dcache_flush_all.o)
 .bss           0x000000000411da18        0x0 ../control_bsp/\libucosii_bsp.a(alt_dev.o)