Archive member included to satisfy reference by file (symbol)

../control_bsp/\libhal_bsp.a(alt_load.o)
                              ../control_bsp//obj/HAL/src/crt0.o (alt_load)
../control_bsp/\libhal_bsp.a(alt_main.o)
                              ../control_bsp//obj/HAL/src/crt0.o (alt_main)
../control_bsp/\libhal_bsp.a(alt_sys_init.o)
                              ../control_bsp/\libhal_bsp.a(alt_main.o) (alt_irq_init)
../control_bsp/\libhal_bsp.a(altera_avalon_jtag_uart_fd.o)
                              ../control_bsp/\libhal_bsp.a(alt_sys_init.o) (altera_avalon_jtag_uart_read_fd)
../control_bsp/\libhal_bsp.a(altera_avalon_jtag_uart_init.o)
                              ../control_bsp/\libhal_bsp.a(alt_sys_init.o) (altera_avalon_jtag_uart_init)
../control_bsp/\libhal_bsp.a(altera_avalon_jtag_uart_ioctl.o)
                              ../control_bsp/\libhal_bsp.a(altera_avalon_jtag_uart_fd.o) (altera_avalon_jtag_uart_ioctl)
../control_bsp/\libhal_bsp.a(altera_avalon_jtag_uart_read.o)
                              ../control_bsp/\libhal_bsp.a(altera_avalon_jtag_uart_fd.o) (altera_avalon_jtag_uart_read)
../control_bsp/\libhal_bsp.a(altera_avalon_jtag_uart_write.o)
                              ../control_bsp/\libhal_bsp.a(altera_avalon_jtag_uart_fd.o) (altera_avalon_jtag_uart_write)
../control_bsp/\libhal_bsp.a(alt_alarm_start.o)
                              ../control_bsp/\libhal_bsp.a(altera_avalon_jtag_uart_init.o) (alt_alarm_start)
../control_bsp/\libhal_bsp.a(alt_close.o)
                              ../control_bsp/\libhal_bsp.a(alt_main.o) (close)
../control_bsp/\libhal_bsp.a(alt_dcache_flush_all.o)
                              ../control_bsp/\libhal_bsp.a(alt_load.o) (alt_dcache_flush_all)
../control_bsp/\libhal_bsp.a(alt_dev.o)
                              ../control_bsp/\libhal_bsp.a(alt_sys_init.o) (alt_dev_list)
../control_bsp/\libhal_bsp.a(alt_dev_llist_insert.o)
                              ../control_bsp/\libhal_bsp.a(alt_sys_init.o) (alt_dev_llist_insert)
../control_bsp/\libhal_bsp.a(alt_do_ctors.o)
                              ../control_bsp/\libhal_bsp.a(alt_main.o) (_do_ctors)
../control_bsp/\libhal_bsp.a(alt_do_dtors.o)
                              ../control_bsp/\libhal_bsp.a(alt_main.o) (_do_dtors)
../control_bsp/\libhal_bsp.a(alt_errno.o)
                              ../control_bsp/\libhal_bsp.a(alt_close.o) (alt_errno)
../control_bsp/\libhal_bsp.a(alt_icache_flush_all.o)
                              ../control_bsp/\libhal_bsp.a(alt_load.o) (alt_icache_flush_all)
../control_bsp/\libhal_bsp.a(alt_io_redirect.o)
                              ../control_bsp/\libhal_bsp.a(alt_main.o) (alt_io_redirect)
../control_bsp/\libhal_bsp.a(alt_irq_register.o)
                              ../control_bsp/\libhal_bsp.a(altera_avalon_jtag_uart_init.o) (alt_irq_register)
../control_bsp/\libhal_bsp.a(alt_irq_vars.o)
                              ../control_bsp/\libhal_bsp.a(alt_irq_register.o) (alt_irq_active)
../control_bsp/\libhal_bsp.a(alt_open.o)
                              ../control_bsp/\libhal_bsp.a(alt_io_redirect.o) (open)
../control_bsp/\libhal_bsp.a(alt_release_fd.o)
                              ../control_bsp/\libhal_bsp.a(alt_close.o) (alt_release_fd)
../control_bsp/\libhal_bsp.a(alt_tick.o)
                              ../control_bsp/\libhal_bsp.a(altera_avalon_jtag_uart_init.o) (_alt_tick_rate)
../control_bsp/\libhal_bsp.a(altera_nios2_gen2_irq.o)
                              ../control_bsp/\libhal_bsp.a(alt_sys_init.o) (altera_nios2_gen2_irq_init)
../control_bsp/\libhal_bsp.a(alt_find_dev.o)
                              ../control_bsp/\libhal_bsp.a(alt_open.o) (alt_find_dev)
../control_bsp/\libhal_bsp.a(alt_find_file.o)
                              ../control_bsp/\libhal_bsp.a(alt_open.o) (alt_find_file)
../control_bsp/\libhal_bsp.a(alt_get_fd.o)
                              ../control_bsp/\libhal_bsp.a(alt_open.o) (alt_get_fd)
../control_bsp/\libhal_bsp.a(alt_icache_flush.o)
                              ../control_bsp/\libhal_bsp.a(alt_icache_flush_all.o) (alt_icache_flush)
../control_bsp/\libhal_bsp.a(alt_irq_entry.o)
                              ../control_bsp/\libhal_bsp.a(alt_irq_register.o) (alt_irq_entry)
../control_bsp/\libhal_bsp.a(alt_irq_handler.o)
                              ../control_bsp/\libhal_bsp.a(alt_irq_register.o) (alt_irq)
../control_bsp/\libhal_bsp.a(alt_exception_entry.o)
                              ../control_bsp/\libhal_bsp.a(alt_irq_entry.o) (alt_exception)
../control_bsp/\libhal_bsp.a(alt_instruction_exception_entry.o)
                              ../control_bsp/\libhal_bsp.a(alt_exception_entry.o) (alt_instruction_exception_entry)
c:/intelfpga_lite/18.1/nios2eds/bin/gnu/h-x86_64-mingw32/bin/../lib/gcc/nios2-elf/5.3.0/../../../../../H-x86_64-mingw32/nios2-elf/lib\libc.a(lib_a-atexit.o)
                              ../control_bsp/\libhal_bsp.a(alt_main.o) (atexit)
c:/intelfpga_lite/18.1/nios2eds/bin/gnu/h-x86_64-mingw32/bin/../lib/gcc/nios2-elf/5.3.0/../../../../../H-x86_64-mingw32/nios2-elf/lib\libc.a(lib_a-exit.o)
                              ../control_bsp/\libhal_bsp.a(alt_main.o) (exit)
c:/intelfpga_lite/18.1/nios2eds/bin/gnu/h-x86_64-mingw32/bin/../lib/gcc/nios2-elf/5.3.0/../../../../../H-x86_64-mingw32/nios2-elf/lib\libc.a(lib_a-impure.o)
                              c:/intelfpga_lite/18.1/nios2eds/bin/gnu/h-x86_64-mingw32/bin/../lib/gcc/nios2-elf/5.3.0/../../../../../H-x86_64-mingw32/nios2-elf/lib\libc.a(lib_a-exit.o) (_global_impure_ptr)
c:/intelfpga_lite/18.1/nios2eds/bin/gnu/h-x86_64-mingw32/bin/../lib/gcc/nios2-elf/5.3.0/../../../../../H-x86_64-mingw32/nios2-elf/lib\libc.a(lib_a-int_errno.o)
                              ../control_bsp/\libhal_bsp.a(alt_close.o) (errno)
c:/intelfpga_lite/18.1/nios2eds/bin/gnu/h-x86_64-mingw32/bin/../lib/gcc/nios2-elf/5.3.0/../../../../../H-x86_64-mingw32/nios2-elf/lib\libc.a(lib_a-memcmp.o)
                              ../control_bsp/\libhal_bsp.a(alt_find_dev.o) (memcmp)
c:/intelfpga_lite/18.1/nios2eds/bin/gnu/h-x86_64-mingw32/bin/../lib/gcc/nios2-elf/5.3.0/../../../../../H-x86_64-mingw32/nios2-elf/lib\libc.a(lib_a-memcpy.o)
                              ../control_bsp/\libhal_bsp.a(altera_avalon_jtag_uart_read.o) (memcpy)
c:/intelfpga_lite/18.1/nios2eds/bin/gnu/h-x86_64-mingw32/bin/../lib/gcc/nios2-elf/5.3.0/../../../../../H-x86_64-mingw32/nios2-elf/lib\libc.a(lib_a-strlen.o)
                              ../control_bsp/\libhal_bsp.a(alt_find_dev.o) (strlen)
c:/intelfpga_lite/18.1/nios2eds/bin/gnu/h-x86_64-mingw32/bin/../lib/gcc/nios2-elf/5.3.0/../../../../../H-x86_64-mingw32/nios2-elf/lib\libc.a(lib_a-__atexit.o)
                              c:/intelfpga_lite/18.1/nios2eds/bin/gnu/h-x86_64-mingw32/bin/../lib/gcc/nios2-elf/5.3.0/../../../../../H-x86_64-mingw32/nios2-elf/lib\libc.a(lib_a-atexit.o) (__register_exitproc)
c:/intelfpga_lite/18.1/nios2eds/bin/gnu/h-x86_64-mingw32/bin/../lib/gcc/nios2-elf/5.3.0/../../../../../H-x86_64-mingw32/nios2-elf/lib\libc.a(lib_a-__call_atexit.o)
                              c:/intelfpga_lite/18.1/nios2eds/bin/gnu/h-x86_64-mingw32/bin/../lib/gcc/nios2-elf/5.3.0/../../../../../H-x86_64-mingw32/nios2-elf/lib\libc.a(lib_a-exit.o) (__call_exitprocs)
../control_bsp/\libhal_bsp.a(alt_exit.o)
                              c:/intelfpga_lite/18.1/nios2eds/bin/gnu/h-x86_64-mingw32/bin/../lib/gcc/nios2-elf/5.3.0/../../../../../H-x86_64-mingw32/nios2-elf/lib\libc.a(lib_a-exit.o) (_exit)

Allocating common symbols
Common symbol       size              file

alt_irq             0x100             ../control_bsp/\libhal_bsp.a(alt_irq_handler.o)
errno               0x4               c:/intelfpga_lite/18.1/nios2eds/bin/gnu/h-x86_64-mingw32/bin/../lib/gcc/nios2-elf/5.3.0/../../../../../H-x86_64-mingw32/nios2-elf/lib\libc.a(lib_a-int_errno.o)

Memory Configuration

Name             Origin             Length             Attributes
new_sdram_controller_0 0x0000000006000000 0x0000000002000000
reset            0x0000000008008000 0x0000000000000020
control_mem      0x0000000008008020 0x0000000000007fe0
*default*        0x0000000000000000 0xffffffffffffffff

Linker script and memory map

LOAD ../control_bsp//obj/HAL/src/crt0.o
LOAD obj/default/main.o
LOAD c:/intelfpga_lite/18.1/nios2eds/bin/gnu/h-x86_64-mingw32/bin/../lib/gcc/nios2-elf/5.3.0/../../../../../H-x86_64-mingw32/nios2-elf/lib\libstdc++.a
LOAD c:/intelfpga_lite/18.1/nios2eds/bin/gnu/h-x86_64-mingw32/bin/../lib/gcc/nios2-elf/5.3.0/../../../../../H-x86_64-mingw32/nios2-elf/lib\libm.a
LOAD c:/intelfpga_lite/18.1/nios2eds/bin/gnu/h-x86_64-mingw32/bin/../lib/gcc/nios2-elf/5.3.0\libgcc.a
START GROUP
LOAD c:/intelfpga_lite/18.1/nios2eds/bin/gnu/h-x86_64-mingw32/bin/../lib/gcc/nios2-elf/5.3.0/../../../../../H-x86_64-mingw32/nios2-elf/lib\libc.a
LOAD c:/intelfpga_lite/18.1/nios2eds/bin/gnu/h-x86_64-mingw32/bin/../lib/gcc/nios2-elf/5.3.0\libgcc.a
LOAD ../control_bsp/\libhal_bsp.a
LOAD c:/intelfpga_lite/18.1/nios2eds/bin/gnu/h-x86_64-mingw32/bin/../lib/gcc/nios2-elf/5.3.0/../../../../../H-x86_64-mingw32/nios2-elf/lib\libm.a
END GROUP
LOAD c:/intelfpga_lite/18.1/nios2eds/bin/gnu/h-x86_64-mingw32/bin/../lib/gcc/nios2-elf/5.3.0\libgcc.a
                0x0000000004000000                __alt_mem_new_sdram_controller_0 = 0x4000000
                0x0000000008008000                __alt_mem_control_mem = 0x8008000

.entry          0x0000000008008000       0x20
 *(.entry)
 .entry         0x0000000008008000       0x20 ../control_bsp//obj/HAL/src/crt0.o
                0x0000000008008000                __reset

.exceptions     0x0000000008008020      0x228 load address 0x0000000006000000
                0x0000000008008020                PROVIDE (__ram_exceptions_start, ABSOLUTE (.))
                0x0000000008008020                . = ALIGN (0x20)
 *(.irq)
 *(.exceptions.entry.label)
 .exceptions.entry.label
                0x0000000008008020        0x0 ../control_bsp/\libhal_bsp.a(alt_irq_entry.o)
                0x0000000008008020                alt_irq_entry
 .exceptions.entry.label
                0x0000000008008020        0x0 ../control_bsp/\libhal_bsp.a(alt_exception_entry.o)
                0x0000000008008020                alt_exception
 *(.exceptions.entry.user)
 *(.exceptions.entry.ecc_fatal)
 *(.exceptions.entry)
 .exceptions.entry
                0x0000000008008020       0x54 ../control_bsp/\libhal_bsp.a(alt_exception_entry.o)
 *(.exceptions.irqtest.user)
 *(.exceptions.irqtest)
 .exceptions.irqtest
                0x0000000008008074       0x10 ../control_bsp/\libhal_bsp.a(alt_irq_entry.o)
 *(.exceptions.irqhandler.user)
 *(.exceptions.irqhandler)
 .exceptions.irqhandler
                0x0000000008008084        0x4 ../control_bsp/\libhal_bsp.a(alt_irq_entry.o)
 *(.exceptions.irqreturn.user)
 *(.exceptions.irqreturn)
 .exceptions.irqreturn
                0x0000000008008088        0x4 ../control_bsp/\libhal_bsp.a(alt_irq_entry.o)
 *(.exceptions.notirq.label)
 .exceptions.notirq.label
                0x000000000800808c        0x0 ../control_bsp/\libhal_bsp.a(alt_irq_entry.o)
 *(.exceptions.notirq.user)
 *(.exceptions.notirq)
 .exceptions.notirq
                0x000000000800808c        0x8 ../control_bsp/\libhal_bsp.a(alt_exception_entry.o)
 *(.exceptions.soft.user)
 *(.exceptions.soft)
 *(.exceptions.unknown.user)
 *(.exceptions.unknown)
 .exceptions.unknown
                0x0000000008008094       0x14 ../control_bsp/\libhal_bsp.a(alt_exception_entry.o)
 *(.exceptions.exit.label)
 .exceptions.exit.label
                0x00000000080080a8        0x0 ../control_bsp/\libhal_bsp.a(alt_irq_entry.o)
 .exceptions.exit.label
                0x00000000080080a8        0x0 ../control_bsp/\libhal_bsp.a(alt_exception_entry.o)
 *(.exceptions.exit.user)
 *(.exceptions.exit)
 .exceptions.exit
                0x00000000080080a8       0x54 ../control_bsp/\libhal_bsp.a(alt_exception_entry.o)
 *(.exceptions)
 .exceptions    0x00000000080080fc       0xd8 ../control_bsp/\libhal_bsp.a(alt_irq_handler.o)
                0x00000000080080fc                alt_irq_handler
 .exceptions    0x00000000080081d4       0x74 ../control_bsp/\libhal_bsp.a(alt_instruction_exception_entry.o)
                0x00000000080081d4                alt_instruction_exception_entry
                0x0000000008008248                PROVIDE (__ram_exceptions_end, ABSOLUTE (.))
                0x0000000006000000                PROVIDE (__flash_exceptions_start, LOADADDR (.exceptions))

.text           0x0000000006000228     0x21e4
                [!provide]                        PROVIDE (stext, ABSOLUTE (.))
 *(.interp)
 *(.hash)
 *(.dynsym)
 *(.dynstr)
 *(.gnu.version)
 *(.gnu.version_d)
 *(.gnu.version_r)
 *(.rel.init)
 *(.rela.init)
 *(.rel.text .rel.text.* .rel.gnu.linkonce.t.*)
 *(.rela.text .rela.text.* .rela.gnu.linkonce.t.*)
 *(.rel.fini)
 *(.rela.fini)
 *(.rel.rodata .rel.rodata.* .rel.gnu.linkonce.r.*)
 *(.rela.rodata .rela.rodata.* .rela.gnu.linkonce.r.*)
 *(.rel.data .rel.data.* .rel.gnu.linkonce.d.*)
 *(.rela.data .rela.data.* .rela.gnu.linkonce.d.*)
 *(.rel.tdata .rel.tdata.* .rel.gnu.linkonce.td.*)
 *(.rela.tdata .rela.tdata.* .rela.gnu.linkonce.td.*)
 *(.rel.tbss .rel.tbss.* .rel.gnu.linkonce.tb.*)
 *(.rela.tbss .rela.tbss.* .rela.gnu.linkonce.tb.*)
 *(.rel.ctors)
 *(.rela.ctors)
 *(.rel.dtors)
 *(.rela.dtors)
 *(.rel.got)
 *(.rela.got)
 *(.rel.sdata .rel.sdata.* .rel.gnu.linkonce.s.*)
 *(.rela.sdata .rela.sdata.* .rela.gnu.linkonce.s.*)
 *(.rel.sbss .rel.sbss.* .rel.gnu.linkonce.sb.*)
 *(.rela.sbss .rela.sbss.* .rela.gnu.linkonce.sb.*)
 *(.rel.sdata2 .rel.sdata2.* .rel.gnu.linkonce.s2.*)
 *(.rela.sdata2 .rela.sdata2.* .rela.gnu.linkonce.s2.*)
 *(.rel.sbss2 .rel.sbss2.* .rel.gnu.linkonce.sb2.*)
 *(.rela.sbss2 .rela.sbss2.* .rela.gnu.linkonce.sb2.*)
 *(.rel.bss .rel.bss.* .rel.gnu.linkonce.b.*)
 *(.rela.bss .rela.bss.* .rela.gnu.linkonce.b.*)
 *(.rel.plt)
 *(.rela.plt)
 *(.rel.dyn)
 *(.init)
 *(.plt)
 *(.text .stub .text.* .gnu.linkonce.t.*)
 .text          0x0000000006000228       0x4c ../control_bsp//obj/HAL/src/crt0.o
                0x0000000006000228                _start
 .text          0x0000000006000274       0x70 obj/default/main.o
                0x0000000006000274                main
 .text          0x00000000060002e4       0xec ../control_bsp/\libhal_bsp.a(alt_load.o)
                0x000000000600034c                alt_load
 .text          0x00000000060003d0       0x7c ../control_bsp/\libhal_bsp.a(alt_main.o)
                0x00000000060003d0                alt_main
 .text          0x000000000600044c       0xc4 ../control_bsp/\libhal_bsp.a(alt_sys_init.o)
                0x0000000006000480                alt_irq_init
                0x00000000060004b8                alt_sys_init
 .text          0x0000000006000510      0x164 ../control_bsp/\libhal_bsp.a(altera_avalon_jtag_uart_fd.o)
                0x0000000006000510                altera_avalon_jtag_uart_read_fd
                0x0000000006000570                altera_avalon_jtag_uart_write_fd
                0x00000000060005d0                altera_avalon_jtag_uart_close_fd
                0x0000000006000620                altera_avalon_jtag_uart_ioctl_fd
 .text          0x0000000006000674      0x3cc ../control_bsp/\libhal_bsp.a(altera_avalon_jtag_uart_init.o)
                0x0000000006000674                altera_avalon_jtag_uart_init
                0x00000000060009d8                altera_avalon_jtag_uart_close
 .text          0x0000000006000a40       0xf0 ../control_bsp/\libhal_bsp.a(altera_avalon_jtag_uart_ioctl.o)
                0x0000000006000a40                altera_avalon_jtag_uart_ioctl
 .text          0x0000000006000b30      0x21c ../control_bsp/\libhal_bsp.a(altera_avalon_jtag_uart_read.o)
                0x0000000006000b30                altera_avalon_jtag_uart_read
 .text          0x0000000006000d4c      0x224 ../control_bsp/\libhal_bsp.a(altera_avalon_jtag_uart_write.o)
                0x0000000006000d4c                altera_avalon_jtag_uart_write
 .text          0x0000000006000f70      0x12c ../control_bsp/\libhal_bsp.a(alt_alarm_start.o)
                0x0000000006000f70                alt_alarm_start
 .text          0x000000000600109c      0x10c ../control_bsp/\libhal_bsp.a(alt_close.o)
                0x00000000060010d8                close
 .text          0x00000000060011a8       0x48 ../control_bsp/\libhal_bsp.a(alt_dcache_flush_all.o)
                0x00000000060011a8                alt_dcache_flush_all
 .text          0x00000000060011f0       0x2c ../control_bsp/\libhal_bsp.a(alt_dev.o)
 .text          0x000000000600121c       0xe0 ../control_bsp/\libhal_bsp.a(alt_dev_llist_insert.o)
                0x0000000006001258                alt_dev_llist_insert
 .text          0x00000000060012fc       0x60 ../control_bsp/\libhal_bsp.a(alt_do_ctors.o)
                0x00000000060012fc                _do_ctors
 .text          0x000000000600135c       0x60 ../control_bsp/\libhal_bsp.a(alt_do_dtors.o)
                0x000000000600135c                _do_dtors
 .text          0x00000000060013bc        0x0 ../control_bsp/\libhal_bsp.a(alt_errno.o)
 .text          0x00000000060013bc       0x34 ../control_bsp/\libhal_bsp.a(alt_icache_flush_all.o)
                0x00000000060013bc                alt_icache_flush_all
 .text          0x00000000060013f0      0x140 ../control_bsp/\libhal_bsp.a(alt_io_redirect.o)
                0x00000000060014b4                alt_io_redirect
 .text          0x0000000006001530      0x180 ../control_bsp/\libhal_bsp.a(alt_irq_register.o)
                0x0000000006001530                alt_irq_register
 .text          0x00000000060016b0        0x0 ../control_bsp/\libhal_bsp.a(alt_irq_vars.o)
 .text          0x00000000060016b0      0x254 ../control_bsp/\libhal_bsp.a(alt_open.o)
                0x00000000060017b0                open
 .text          0x0000000006001904       0x64 ../control_bsp/\libhal_bsp.a(alt_release_fd.o)
                0x0000000006001904                alt_release_fd
 .text          0x0000000006001968      0x1a4 ../control_bsp/\libhal_bsp.a(alt_tick.o)
                0x0000000006001968                alt_alarm_stop
                0x0000000006001a04                alt_tick
 .text          0x0000000006001b0c       0x24 ../control_bsp/\libhal_bsp.a(altera_nios2_gen2_irq.o)
                0x0000000006001b0c                altera_nios2_gen2_irq_init
 .text          0x0000000006001b30       0x90 ../control_bsp/\libhal_bsp.a(alt_find_dev.o)
                0x0000000006001b30                alt_find_dev
 .text          0x0000000006001bc0      0x108 ../control_bsp/\libhal_bsp.a(alt_find_file.o)
                0x0000000006001bc0                alt_find_file
 .text          0x0000000006001cc8       0xa4 ../control_bsp/\libhal_bsp.a(alt_get_fd.o)
                0x0000000006001cc8                alt_get_fd
 .text          0x0000000006001d6c       0x90 ../control_bsp/\libhal_bsp.a(alt_icache_flush.o)
                0x0000000006001d6c                alt_icache_flush
 .text          0x0000000006001dfc        0x0 ../control_bsp/\libhal_bsp.a(alt_irq_entry.o)
 .text          0x0000000006001dfc        0x0 ../control_bsp/\libhal_bsp.a(alt_irq_handler.o)
 .text          0x0000000006001dfc        0x0 ../control_bsp/\libhal_bsp.a(alt_exception_entry.o)
 .text          0x0000000006001dfc       0x9c ../control_bsp/\libhal_bsp.a(alt_instruction_exception_entry.o)
                0x0000000006001dfc                alt_exception_cause_generated_bad_addr
 .text          0x0000000006001e98        0x0 c:/intelfpga_lite/18.1/nios2eds/bin/gnu/h-x86_64-mingw32/bin/../lib/gcc/nios2-elf/5.3.0/../../../../../H-x86_64-mingw32/nios2-elf/lib\libc.a(lib_a-atexit.o)
 .text.atexit   0x0000000006001e98       0x14 c:/intelfpga_lite/18.1/nios2eds/bin/gnu/h-x86_64-mingw32/bin/../lib/gcc/nios2-elf/5.3.0/../../../../../H-x86_64-mingw32/nios2-elf/lib\libc.a(lib_a-atexit.o)
                0x0000000006001e98                atexit
 .text          0x0000000006001eac        0x0 c:/intelfpga_lite/18.1/nios2eds/bin/gnu/h-x86_64-mingw32/bin/../lib/gcc/nios2-elf/5.3.0/../../../../../H-x86_64-mingw32/nios2-elf/lib\libc.a(lib_a-exit.o)
 .text.exit     0x0000000006001eac       0x38 c:/intelfpga_lite/18.1/nios2eds/bin/gnu/h-x86_64-mingw32/bin/../lib/gcc/nios2-elf/5.3.0/../../../../../H-x86_64-mingw32/nios2-elf/lib\libc.a(lib_a-exit.o)
                0x0000000006001eac                exit
 .text          0x0000000006001ee4        0x0 c:/intelfpga_lite/18.1/nios2eds/bin/gnu/h-x86_64-mingw32/bin/../lib/gcc/nios2-elf/5.3.0/../../../../../H-x86_64-mingw32/nios2-elf/lib\libc.a(lib_a-impure.o)
 .text          0x0000000006001ee4        0x0 c:/intelfpga_lite/18.1/nios2eds/bin/gnu/h-x86_64-mingw32/bin/../lib/gcc/nios2-elf/5.3.0/../../../../../H-x86_64-mingw32/nios2-elf/lib\libc.a(lib_a-int_errno.o)
 .text          0x0000000006001ee4        0x0 c:/intelfpga_lite/18.1/nios2eds/bin/gnu/h-x86_64-mingw32/bin/../lib/gcc/nios2-elf/5.3.0/../../../../../H-x86_64-mingw32/nios2-elf/lib\libc.a(lib_a-memcmp.o)
 .text.memcmp   0x0000000006001ee4       0x7c c:/intelfpga_lite/18.1/nios2eds/bin/gnu/h-x86_64-mingw32/bin/../lib/gcc/nios2-elf/5.3.0/../../../../../H-x86_64-mingw32/nios2-elf/lib\libc.a(lib_a-memcmp.o)
                0x0000000006001ee4                memcmp
 .text          0x0000000006001f60        0x0 c:/intelfpga_lite/18.1/nios2eds/bin/gnu/h-x86_64-mingw32/bin/../lib/gcc/nios2-elf/5.3.0/../../../../../H-x86_64-mingw32/nios2-elf/lib\libc.a(lib_a-memcpy.o)
 .text.memcpy   0x0000000006001f60      0x148 c:/intelfpga_lite/18.1/nios2eds/bin/gnu/h-x86_64-mingw32/bin/../lib/gcc/nios2-elf/5.3.0/../../../../../H-x86_64-mingw32/nios2-elf/lib\libc.a(lib_a-memcpy.o)
                0x0000000006001f60                memcpy
 .text          0x00000000060020a8        0x0 c:/intelfpga_lite/18.1/nios2eds/bin/gnu/h-x86_64-mingw32/bin/../lib/gcc/nios2-elf/5.3.0/../../../../../H-x86_64-mingw32/nios2-elf/lib\libc.a(lib_a-strlen.o)
 .text.strlen   0x00000000060020a8       0x98 c:/intelfpga_lite/18.1/nios2eds/bin/gnu/h-x86_64-mingw32/bin/../lib/gcc/nios2-elf/5.3.0/../../../../../H-x86_64-mingw32/nios2-elf/lib\libc.a(lib_a-strlen.o)
                0x00000000060020a8                strlen
 .text          0x0000000006002140        0x0 c:/intelfpga_lite/18.1/nios2eds/bin/gnu/h-x86_64-mingw32/bin/../lib/gcc/nios2-elf/5.3.0/../../../../../H-x86_64-mingw32/nios2-elf/lib\libc.a(lib_a-__atexit.o)
 .text.__register_exitproc
                0x0000000006002140      0x118 c:/intelfpga_lite/18.1/nios2eds/bin/gnu/h-x86_64-mingw32/bin/../lib/gcc/nios2-elf/5.3.0/../../../../../H-x86_64-mingw32/nios2-elf/lib\libc.a(lib_a-__atexit.o)
                0x0000000006002140                __register_exitproc
 .text          0x0000000006002258        0x0 c:/intelfpga_lite/18.1/nios2eds/bin/gnu/h-x86_64-mingw32/bin/../lib/gcc/nios2-elf/5.3.0/../../../../../H-x86_64-mingw32/nios2-elf/lib\libc.a(lib_a-__call_atexit.o)
 .text.__call_exitprocs
                0x0000000006002258      0x180 c:/intelfpga_lite/18.1/nios2eds/bin/gnu/h-x86_64-mingw32/bin/../lib/gcc/nios2-elf/5.3.0/../../../../../H-x86_64-mingw32/nios2-elf/lib\libc.a(lib_a-__call_atexit.o)
                0x0000000006002258                __call_exitprocs
 .text          0x00000000060023d8       0x34 ../control_bsp/\libhal_bsp.a(alt_exit.o)
                0x00000000060023d8                _exit
 *(.gnu.warning.*)
 *(.fini)
                [!provide]                        PROVIDE (__etext, ABSOLUTE (.))
                [!provide]                        PROVIDE (_etext, ABSOLUTE (.))
                [!provide]                        PROVIDE (etext, ABSOLUTE (.))
 *(.eh_frame_hdr)
                0x000000000600240c                . = ALIGN (0x4)
                [!provide]                        PROVIDE (__preinit_array_start, ABSOLUTE (.))
 *(.preinit_array)
                [!provide]                        PROVIDE (__preinit_array_end, ABSOLUTE (.))
                [!provide]                        PROVIDE (__init_array_start, ABSOLUTE (.))
 *(.init_array)
                [!provide]                        PROVIDE (__init_array_end, ABSOLUTE (.))
                [!provide]                        PROVIDE (__fini_array_start, ABSOLUTE (.))
 *(.fini_array)
                [!provide]                        PROVIDE (__fini_array_end, ABSOLUTE (.))
 *(.eh_frame)
 *(.gcc_except_table .gcc_except_table.*)
 *(.dynamic)
                0x000000000600240c                PROVIDE (__CTOR_LIST__, ABSOLUTE (.))
 *(.ctors)
 *(SORT(.ctors.*))
                0x000000000600240c                PROVIDE (__CTOR_END__, ABSOLUTE (.))
                0x000000000600240c                PROVIDE (__DTOR_LIST__, ABSOLUTE (.))
 *(.dtors)
 *(SORT(.dtors.*))
                0x000000000600240c                PROVIDE (__DTOR_END__, ABSOLUTE (.))
 *(.jcr)
                0x000000000600240c                . = ALIGN (0x4)

.rodata         0x000000000600240c       0x54
                0x000000000600240c                PROVIDE (__ram_rodata_start, ABSOLUTE (.))
                0x000000000600240c                . = ALIGN (0x4)
 *(.rodata .rodata.* .gnu.linkonce.r.*)
 .rodata        0x000000000600240c       0x11 ../control_bsp/\libhal_bsp.a(alt_main.o)
 *fill*         0x000000000600241d        0x3 
 .rodata        0x0000000006002420       0x2d ../control_bsp/\libhal_bsp.a(alt_sys_init.o)
 *fill*         0x000000000600244d        0x3 
 .rodata        0x0000000006002450        0xa ../control_bsp/\libhal_bsp.a(alt_dev.o)
 *fill*         0x000000000600245a        0x2 
 .rodata.str1.4
                0x000000000600245c        0x4 c:/intelfpga_lite/18.1/nios2eds/bin/gnu/h-x86_64-mingw32/bin/../lib/gcc/nios2-elf/5.3.0/../../../../../H-x86_64-mingw32/nios2-elf/lib\libc.a(lib_a-impure.o)
                                          0x2 (size before relaxing)
 *(.rodata1)
                0x0000000006002460                . = ALIGN (0x4)
                0x0000000006002460                PROVIDE (__ram_rodata_end, ABSOLUTE (.))
                0x000000000600240c                PROVIDE (__flash_rodata_start, LOADADDR (.rodata))

.rwdata         0x0000000006002460     0x1684 load address 0x0000000006003ae4
                0x0000000006002460                PROVIDE (__ram_rwdata_start, ABSOLUTE (.))
                0x0000000006002460                . = ALIGN (0x4)
 *(.got.plt)
 *(.got)
 *(.data1)
 *(.data .data.* .gnu.linkonce.d.*)
 .data          0x0000000006002460        0x0 ../control_bsp//obj/HAL/src/crt0.o
 .data          0x0000000006002460        0x0 obj/default/main.o
 .data          0x0000000006002460        0x0 ../control_bsp/\libhal_bsp.a(alt_load.o)
 .data          0x0000000006002460        0x0 ../control_bsp/\libhal_bsp.a(alt_main.o)
 .data          0x0000000006002460     0x108c ../control_bsp/\libhal_bsp.a(alt_sys_init.o)
 .data          0x00000000060034ec        0x0 ../control_bsp/\libhal_bsp.a(altera_avalon_jtag_uart_fd.o)
 .data          0x00000000060034ec        0x0 ../control_bsp/\libhal_bsp.a(altera_avalon_jtag_uart_init.o)
 .data          0x00000000060034ec        0x0 ../control_bsp/\libhal_bsp.a(altera_avalon_jtag_uart_ioctl.o)
 .data          0x00000000060034ec        0x0 ../control_bsp/\libhal_bsp.a(altera_avalon_jtag_uart_read.o)
 .data          0x00000000060034ec        0x0 ../control_bsp/\libhal_bsp.a(altera_avalon_jtag_uart_write.o)
 .data          0x00000000060034ec        0x0 ../control_bsp/\libhal_bsp.a(alt_alarm_start.o)
 .data          0x00000000060034ec        0x0 ../control_bsp/\libhal_bsp.a(alt_close.o)
 .data          0x00000000060034ec        0x0 ../control_bsp/\libhal_bsp.a(alt_dcache_flush_all.o)
 .data          0x00000000060034ec      0x1a8 ../control_bsp/\libhal_bsp.a(alt_dev.o)
                0x00000000060034ec                alt_dev_null
                0x0000000006003514                alt_fd_list
 .data          0x0000000006003694        0x0 ../control_bsp/\libhal_bsp.a(alt_dev_llist_insert.o)
 .data          0x0000000006003694        0x0 ../control_bsp/\libhal_bsp.a(alt_do_ctors.o)
 .data          0x0000000006003694        0x0 ../control_bsp/\libhal_bsp.a(alt_do_dtors.o)
 .data          0x0000000006003694        0x0 ../control_bsp/\libhal_bsp.a(alt_errno.o)
 .data          0x0000000006003694        0x0 ../control_bsp/\libhal_bsp.a(alt_icache_flush_all.o)
 .data          0x0000000006003694        0x0 ../control_bsp/\libhal_bsp.a(alt_io_redirect.o)
 .data          0x0000000006003694        0x0 ../control_bsp/\libhal_bsp.a(alt_irq_register.o)
 .data          0x0000000006003694        0x0 ../control_bsp/\libhal_bsp.a(alt_irq_vars.o)
 .data          0x0000000006003694        0x0 ../control_bsp/\libhal_bsp.a(alt_open.o)
 .data          0x0000000006003694        0x0 ../control_bsp/\libhal_bsp.a(alt_release_fd.o)
 .data          0x0000000006003694        0x0 ../control_bsp/\libhal_bsp.a(alt_tick.o)
 .data          0x0000000006003694        0x0 ../control_bsp/\libhal_bsp.a(altera_nios2_gen2_irq.o)
 .data          0x0000000006003694        0x0 ../control_bsp/\libhal_bsp.a(alt_find_dev.o)
 .data          0x0000000006003694        0x0 ../control_bsp/\libhal_bsp.a(alt_find_file.o)
 .data          0x0000000006003694        0x0 ../control_bsp/\libhal_bsp.a(alt_get_fd.o)
 .data          0x0000000006003694        0x0 ../control_bsp/\libhal_bsp.a(alt_icache_flush.o)
 .data          0x0000000006003694        0x0 ../control_bsp/\libhal_bsp.a(alt_irq_entry.o)
 .data          0x0000000006003694        0x0 ../control_bsp/\libhal_bsp.a(alt_irq_handler.o)
 .data          0x0000000006003694        0x0 ../control_bsp/\libhal_bsp.a(alt_exception_entry.o)
 .data          0x0000000006003694        0x0 ../control_bsp/\libhal_bsp.a(alt_instruction_exception_entry.o)
 .data          0x0000000006003694        0x0 c:/intelfpga_lite/18.1/nios2eds/bin/gnu/h-x86_64-mingw32/bin/../lib/gcc/nios2-elf/5.3.0/../../../../../H-x86_64-mingw32/nios2-elf/lib\libc.a(lib_a-atexit.o)
 .data          0x0000000006003694        0x0 c:/intelfpga_lite/18.1/nios2eds/bin/gnu/h-x86_64-mingw32/bin/../lib/gcc/nios2-elf/5.3.0/../../../../../H-x86_64-mingw32/nios2-elf/lib\libc.a(lib_a-exit.o)
 .data          0x0000000006003694        0x0 c:/intelfpga_lite/18.1/nios2eds/bin/gnu/h-x86_64-mingw32/bin/../lib/gcc/nios2-elf/5.3.0/../../../../../H-x86_64-mingw32/nios2-elf/lib\libc.a(lib_a-impure.o)
 .data.impure_data
                0x0000000006003694      0x424 c:/intelfpga_lite/18.1/nios2eds/bin/gnu/h-x86_64-mingw32/bin/../lib/gcc/nios2-elf/5.3.0/../../../../../H-x86_64-mingw32/nios2-elf/lib\libc.a(lib_a-impure.o)
 .data          0x0000000006003ab8        0x0 c:/intelfpga_lite/18.1/nios2eds/bin/gnu/h-x86_64-mingw32/bin/../lib/gcc/nios2-elf/5.3.0/../../../../../H-x86_64-mingw32/nios2-elf/lib\libc.a(lib_a-int_errno.o)
 .data          0x0000000006003ab8        0x0 c:/intelfpga_lite/18.1/nios2eds/bin/gnu/h-x86_64-mingw32/bin/../lib/gcc/nios2-elf/5.3.0/../../../../../H-x86_64-mingw32/nios2-elf/lib\libc.a(lib_a-memcmp.o)
 .data          0x0000000006003ab8        0x0 c:/intelfpga_lite/18.1/nios2eds/bin/gnu/h-x86_64-mingw32/bin/../lib/gcc/nios2-elf/5.3.0/../../../../../H-x86_64-mingw32/nios2-elf/lib\libc.a(lib_a-memcpy.o)
 .data          0x0000000006003ab8        0x0 c:/intelfpga_lite/18.1/nios2eds/bin/gnu/h-x86_64-mingw32/bin/../lib/gcc/nios2-elf/5.3.0/../../../../../H-x86_64-mingw32/nios2-elf/lib\libc.a(lib_a-strlen.o)
 .data          0x0000000006003ab8        0x0 c:/intelfpga_lite/18.1/nios2eds/bin/gnu/h-x86_64-mingw32/bin/../lib/gcc/nios2-elf/5.3.0/../../../../../H-x86_64-mingw32/nios2-elf/lib\libc.a(lib_a-__atexit.o)
 .data          0x0000000006003ab8        0x0 c:/intelfpga_lite/18.1/nios2eds/bin/gnu/h-x86_64-mingw32/bin/../lib/gcc/nios2-elf/5.3.0/../../../../../H-x86_64-mingw32/nios2-elf/lib\libc.a(lib_a-__call_atexit.o)
 .data          0x0000000006003ab8        0x0 ../control_bsp/\libhal_bsp.a(alt_exit.o)
                0x000000000600bab8                _gp = ABSOLUTE ((. + 0x8000))
                [!provide]                        PROVIDE (gp, _gp)
 *(.rwdata .rwdata.*)
 *(.sdata .sdata.* .gnu.linkonce.s.*)
 .sdata         0x0000000006003ab8       0x14 ../control_bsp/\libhal_bsp.a(alt_dev.o)
                0x0000000006003ab8                alt_fs_list
                0x0000000006003ac0                alt_dev_list
                0x0000000006003ac8                alt_max_fd
 .sdata         0x0000000006003acc        0x4 ../control_bsp/\libhal_bsp.a(alt_errno.o)
                0x0000000006003acc                alt_errno
 .sdata         0x0000000006003ad0        0x4 ../control_bsp/\libhal_bsp.a(alt_irq_vars.o)
                0x0000000006003ad0                alt_priority_mask
 .sdata         0x0000000006003ad4        0x8 ../control_bsp/\libhal_bsp.a(alt_tick.o)
                0x0000000006003ad4                alt_alarm_list
 .sdata._global_impure_ptr
                0x0000000006003adc        0x4 c:/intelfpga_lite/18.1/nios2eds/bin/gnu/h-x86_64-mingw32/bin/../lib/gcc/nios2-elf/5.3.0/../../../../../H-x86_64-mingw32/nios2-elf/lib\libc.a(lib_a-impure.o)
                0x0000000006003adc                _global_impure_ptr
 .sdata._impure_ptr
                0x0000000006003ae0        0x4 c:/intelfpga_lite/18.1/nios2eds/bin/gnu/h-x86_64-mingw32/bin/../lib/gcc/nios2-elf/5.3.0/../../../../../H-x86_64-mingw32/nios2-elf/lib\libc.a(lib_a-impure.o)
                0x0000000006003ae0                _impure_ptr
 *(.sdata2 .sdata2.* .gnu.linkonce.s2.*)
                0x0000000006003ae4                . = ALIGN (0x4)
                0x0000000006003ae4                _edata = ABSOLUTE (.)
                [!provide]                        PROVIDE (edata, ABSOLUTE (.))
                0x0000000006003ae4                PROVIDE (__ram_rwdata_end, ABSOLUTE (.))
                0x0000000006003ae4                PROVIDE (__flash_rwdata_start, LOADADDR (.rwdata))

.bss            0x0000000006005168      0x120
                0x0000000006005168                __bss_start = ABSOLUTE (.)
                [!provide]                        PROVIDE (__sbss_start, ABSOLUTE (.))
                [!provide]                        PROVIDE (___sbss_start, ABSOLUTE (.))
 *(.dynsbss)
 *(.sbss .sbss.* .gnu.linkonce.sb.*)
 .sbss          0x0000000006005168        0xc ../control_bsp/\libhal_bsp.a(alt_main.o)
                0x0000000006005168                alt_argc
                0x000000000600516c                alt_argv
                0x0000000006005170                alt_envp
 .sbss          0x0000000006005174        0x4 ../control_bsp/\libhal_bsp.a(alt_irq_vars.o)
                0x0000000006005174                alt_irq_active
 .sbss          0x0000000006005178        0x8 ../control_bsp/\libhal_bsp.a(alt_tick.o)
                0x0000000006005178                _alt_tick_rate
                0x000000000600517c                _alt_nticks
 .sbss          0x0000000006005180        0x4 ../control_bsp/\libhal_bsp.a(alt_instruction_exception_entry.o)
                0x0000000006005180                alt_instruction_exception_handler
 .sbss          0x0000000006005184        0x4 c:/intelfpga_lite/18.1/nios2eds/bin/gnu/h-x86_64-mingw32/bin/../lib/gcc/nios2-elf/5.3.0/../../../../../H-x86_64-mingw32/nios2-elf/lib\libc.a(lib_a-int_errno.o)
                0x0000000006005184                errno
 *(.sbss2 .sbss2.* .gnu.linkonce.sb2.*)
 *(.scommon)
                [!provide]                        PROVIDE (__sbss_end, ABSOLUTE (.))
                [!provide]                        PROVIDE (___sbss_end, ABSOLUTE (.))
 *(.dynbss)
 *(.bss .bss.* .gnu.linkonce.b.*)
 .bss           0x0000000006005188        0x0 ../control_bsp//obj/HAL/src/crt0.o
 .bss           0x0000000006005188        0x0 obj/default/main.o
 .bss           0x0000000006005188        0x0 ../control_bsp/\libhal_bsp.a(alt_load.o)
 .bss           0x0000000006005188        0x0 ../control_bsp/\libhal_bsp.a(alt_main.o)
 .bss           0x0000000006005188        0x0 ../control_bsp/\libhal_bsp.a(alt_sys_init.o)
 .bss           0x0000000006005188        0x0 ../control_bsp/\libhal_bsp.a(altera_avalon_jtag_uart_fd.o)
 .bss           0x0000000006005188        0x0 ../control_bsp/\libhal_bsp.a(altera_avalon_jtag_uart_init.o)
 .bss           0x0000000006005188        0x0 ../control_bsp/\libhal_bsp.a(altera_avalon_jtag_uart_ioctl.o)
 .bss           0x0000000006005188        0x0 ../control_bsp/\libhal_bsp.a(altera_avalon_jtag_uart_read.o)
 .bss           0x0000000006005188        0x0 ../control_bsp/\libhal_bsp.a(altera_avalon_jtag_uart_write.o)
 .bss           0x0000000006005188        0x0 ../control_bsp/\libhal_bsp.a(alt_alarm_start.o)
 .bss           0x0000000006005188        0x0 ../control_bsp/\libhal_bsp.a(alt_close.o)
 .bss           0x0000000006005188        0x0 ../control_bsp/\libhal_bsp.a(alt_dcache_flush_all.o)
 .bss           0x0000000006005188        0x0 ../control_bsp/\libhal_bsp.a(alt_dev.o)
 .bss           0x0000000006005188        0x0 ../control_bsp/\libhal_bsp.a(alt_dev_llist_insert.o)
 .bss           0x0000000006005188        0x0 ../control_bsp/\libhal_bsp.a(alt_do_ctors.o)
 .bss           0x0000000006005188        0x0 ../control_bsp/\libhal_bsp.a(alt_do_dtors.o)
 .bss           0x0000000006005188        0x0 ../control_bsp/\libhal_bsp.a(alt_errno.o)
 .bss           0x0000000006005188        0x0 ../control_bsp/\libhal_bsp.a(alt_icache_flush_all.o)
 .bss           0x0000000006005188        0x0 ../control_bsp/\libhal_bsp.a(alt_io_redirect.o)
 .bss           0x0000000006005188        0x0 ../control_bsp/\libhal_bsp.a(alt_irq_register.o)
 .bss           0x0000000006005188        0x0 ../control_bsp/\libhal_bsp.a(alt_irq_vars.o)
 .bss           0x0000000006005188        0x0 ../control_bsp/\libhal_bsp.a(alt_open.o)
 .bss           0x0000000006005188        0x0 ../control_bsp/\libhal_bsp.a(alt_release_fd.o)
 .bss           0x0000000006005188        0x0 ../control_bsp/\libhal_bsp.a(alt_tick.o)
 .bss           0x0000000006005188        0x0 ../control_bsp/\libhal_bsp.a(altera_nios2_gen2_irq.o)
 .bss           0x0000000006005188        0x0 ../control_bsp/\libhal_bsp.a(alt_find_dev.o)
 .bss           0x0000000006005188        0x0 ../control_bsp/\libhal_bsp.a(alt_find_file.o)
 .bss           0x0000000006005188        0x0 ../control_bsp/\libhal_bsp.a(alt_get_fd.o)
 .bss           0x0000000006005188        0x0 ../control_bsp/\libhal_bsp.a(alt_icache_flush.o)
 .bss           0x0000000006005188        0x0 ../control_bsp/\libhal_bsp.a(alt_irq_entry.o)
 .bss           0x0000000006005188        0x0 ../control_bsp/\libhal_bsp.a(alt_irq_handler.o)
 .bss           0x0000000006005188        0x0 ../control_bsp/\libhal_bsp.a(alt_exception_entry.o)
 .bss           0x0000000006005188        0x0 ../control_bsp/\libhal_bsp.a(alt_instruction_exception_entry.o)
 .bss           0x0000000006005188        0x0 c:/intelfpga_lite/18.1/nios2eds/bin/gnu/h-x86_64-mingw32/bin/../lib/gcc/nios2-elf/5.3.0/../../../../../H-x86_64-mingw32/nios2-elf/lib\libc.a(lib_a-atexit.o)
 .bss           0x0000000006005188        0x0 c:/intelfpga_lite/18.1/nios2eds/bin/gnu/h-x86_64-mingw32/bin/../lib/gcc/nios2-elf/5.3.0/../../../../../H-x86_64-mingw32/nios2-elf/lib\libc.a(lib_a-exit.o)
 .bss           0x0000000006005188        0x0 c:/intelfpga_lite/18.1/nios2eds/bin/gnu/h-x86_64-mingw32/bin/../lib/gcc/nios2-elf/5.3.0/../../../../../H-x86_64-mingw32/nios2-elf/lib\libc.a(lib_a-impure.o)
 .bss           0x0000000006005188        0x0 c:/intelfpga_lite/18.1/nios2eds/bin/gnu/h-x86_64-mingw32/bin/../lib/gcc/nios2-elf/5.3.0/../../../../../H-x86_64-mingw32/nios2-elf/lib\libc.a(lib_a-int_errno.o)
 .bss           0x0000000006005188        0x0 c:/intelfpga_lite/18.1/nios2eds/bin/gnu/h-x86_64-mingw32/bin/../lib/gcc/nios2-elf/5.3.0/../../../../../H-x86_64-mingw32/nios2-elf/lib\libc.a(lib_a-memcmp.o)
 .bss           0x0000000006005188        0x0 c:/intelfpga_lite/18.1/nios2eds/bin/gnu/h-x86_64-mingw32/bin/../lib/gcc/nios2-elf/5.3.0/../../../../../H-x86_64-mingw32/nios2-elf/lib\libc.a(lib_a-memcpy.o)
 .bss           0x0000000006005188        0x0 c:/intelfpga_lite/18.1/nios2eds/bin/gnu/h-x86_64-mingw32/bin/../lib/gcc/nios2-elf/5.3.0/../../../../../H-x86_64-mingw32/nios2-elf/lib\libc.a(lib_a-strlen.o)
 .bss           0x0000000006005188        0x0 c:/intelfpga_lite/18.1/nios2eds/bin/gnu/h-x86_64-mingw32/bin/../lib/gcc/nios2-elf/5.3.0/../../../../../H-x86_64-mingw32/nios2-elf/lib\libc.a(lib_a-__atexit.o)
 .bss           0x0000000006005188        0x0 c:/intelfpga_lite/18.1/nios2eds/bin/gnu/h-x86_64-mingw32/bin/../lib/gcc/nios2-elf/5.3.0/../../../../../H-x86_64-mingw32/nios2-elf/lib\libc.a(lib_a-__call_atexit.o)
 .bss           0x0000000006005188        0x0 ../control_bsp/\libhal_bsp.a(alt_exit.o)
 *(COMMON)
 COMMON         0x0000000006005188      0x100 ../control_bsp/\libhal_bsp.a(alt_irq_handler.o)
                0x0000000006005188                alt_irq
                0x0000000006005288                . = ALIGN (0x4)
                0x0000000006005288                __bss_end = ABSOLUTE (.)

.new_sdram_controller_0
                0x0000000006005288        0x0
                [!provide]                        PROVIDE (_alt_partition_new_sdram_controller_0_start, ABSOLUTE (.))
 *(.new_sdram_controller_0 .new_sdram_controller_0. new_sdram_controller_0.*)
                0x0000000006005288                . = ALIGN (0x4)
                [!provide]                        PROVIDE (_alt_partition_new_sdram_controller_0_end, ABSOLUTE (.))
                0x0000000006005288                _end = ABSOLUTE (.)
                0x0000000006005288                end = ABSOLUTE (.)
                0x0000000006005288                __alt_stack_base = ABSOLUTE (.)
                [!provide]                        PROVIDE (_alt_partition_new_sdram_controller_0_load_addr, LOADADDR (.new_sdram_controller_0))

.control_mem    0x0000000008008248        0x0 load address 0x0000000006005288
                [!provide]                        PROVIDE (_alt_partition_control_mem_start, ABSOLUTE (.))
 *(.control_mem .control_mem. control_mem.*)
                0x0000000008008248                . = ALIGN (0x4)
                [!provide]                        PROVIDE (_alt_partition_control_mem_end, ABSOLUTE (.))
                [!provide]                        PROVIDE (_alt_partition_control_mem_load_addr, LOADADDR (.control_mem))

.stab
 *(.stab)

.stabstr
 *(.stabstr)

.stab.excl
 *(.stab.excl)

.stab.exclstr
 *(.stab.exclstr)

.stab.index
 *(.stab.index)

.stab.indexstr
 *(.stab.indexstr)

.comment        0x0000000000000000       0x23
 *(.comment)
 .comment       0x0000000000000000       0x23 obj/default/main.o
                                         0x24 (size before relaxing)
 .comment       0x0000000000000023       0x24 ../control_bsp/\libhal_bsp.a(alt_load.o)
 .comment       0x0000000000000023       0x24 ../control_bsp/\libhal_bsp.a(alt_main.o)
 .comment       0x0000000000000023       0x24 ../control_bsp/\libhal_bsp.a(alt_sys_init.o)
 .comment       0x0000000000000023       0x24 ../control_bsp/\libhal_bsp.a(altera_avalon_jtag_uart_fd.o)
 .comment       0x0000000000000023       0x24 ../control_bsp/\libhal_bsp.a(altera_avalon_jtag_uart_init.o)
 .comment       0x0000000000000023       0x24 ../control_bsp/\libhal_bsp.a(altera_avalon_jtag_uart_ioctl.o)
 .comment       0x0000000000000023       0x24 ../control_bsp/\libhal_bsp.a(altera_avalon_jtag_uart_read.o)
 .comment       0x0000000000000023       0x24 ../control_bsp/\libhal_bsp.a(altera_avalon_jtag_uart_write.o)
 .comment       0x0000000000000023       0x24 ../control_bsp/\libhal_bsp.a(alt_alarm_start.o)
 .comment       0x0000000000000023       0x24 ../control_bsp/\libhal_bsp.a(alt_close.o)
 .comment       0x0000000000000023       0x24 ../control_bsp/\libhal_bsp.a(alt_dcache_flush_all.o)
 .comment       0x0000000000000023       0x24 ../control_bsp/\libhal_bsp.a(alt_dev.o)
 .comment       0x0000000000000023       0x24 ../control_bsp/\libhal_bsp.a(alt_dev_llist_insert.o)
 .comment       0x0000000000000023       0x24 ../control_bsp/\libhal_bsp.a(alt_do_ctors.o)
 .comment       0x0000000000000023       0x24 ../control_bsp/\libhal_bsp.a(alt_do_dtors.o)
 .comment       0x0000000000000023       0x24 ../control_bsp/\libhal_bsp.a(alt_errno.o)
 .comment       0x0000000000000023       0x24 ../control_bsp/\libhal_bsp.a(alt_icache_flush_all.o)
 .comment       0x0000000000000023       0x24 ../control_bsp/\libhal_bsp.a(alt_io_redirect.o)
 .comment       0x0000000000000023       0x24 ../control_bsp/\libhal_bsp.a(alt_irq_register.o)
 .comment       0x0000000000000023       0x24 ../control_bsp/\libhal_bsp.a(alt_irq_vars.o)
 .comment       0x0000000000000023       0x24 ../control_bsp/\libhal_bsp.a(alt_open.o)
 .comment       0x0000000000000023       0x24 ../control_bsp/\libhal_bsp.a(alt_release_fd.o)
 .comment       0x0000000000000023       0x24 ../control_bsp/\libhal_bsp.a(alt_tick.o)
 .comment       0x0000000000000023       0x24 ../control_bsp/\libhal_bsp.a(altera_nios2_gen2_irq.o)
 .comment       0x0000000000000023       0x24 ../control_bsp/\libhal_bsp.a(alt_find_dev.o)
 .comment       0x0000000000000023       0x24 ../control_bsp/\libhal_bsp.a(alt_find_file.o)
 .comment       0x0000000000000023       0x24 ../control_bsp/\libhal_bsp.a(alt_get_fd.o)
 .comment       0x0000000000000023       0x24 ../control_bsp/\libhal_bsp.a(alt_icache_flush.o)
 .comment       0x0000000000000023       0x24 ../control_bsp/\libhal_bsp.a(alt_irq_handler.o)
 .comment       0x0000000000000023       0x24 ../control_bsp/\libhal_bsp.a(alt_instruction_exception_entry.o)
 .comment       0x0000000000000023       0x24 c:/intelfpga_lite/18.1/nios2eds/bin/gnu/h-x86_64-mingw32/bin/../lib/gcc/nios2-elf/5.3.0/../../../../../H-x86_64-mingw32/nios2-elf/lib\libc.a(lib_a-atexit.o)
 .comment       0x0000000000000023       0x24 c:/intelfpga_lite/18.1/nios2eds/bin/gnu/h-x86_64-mingw32/bin/../lib/gcc/nios2-elf/5.3.0/../../../../../H-x86_64-mingw32/nios2-elf/lib\libc.a(lib_a-exit.o)
 .comment       0x0000000000000023       0x24 c:/intelfpga_lite/18.1/nios2eds/bin/gnu/h-x86_64-mingw32/bin/../lib/gcc/nios2-elf/5.3.0/../../../../../H-x86_64-mingw32/nios2-elf/lib\libc.a(lib_a-impure.o)
 .comment       0x0000000000000023       0x24 c:/intelfpga_lite/18.1/nios2eds/bin/gnu/h-x86_64-mingw32/bin/../lib/gcc/nios2-elf/5.3.0/../../../../../H-x86_64-mingw32/nios2-elf/lib\libc.a(lib_a-int_errno.o)
 .comment       0x0000000000000023       0x24 c:/intelfpga_lite/18.1/nios2eds/bin/gnu/h-x86_64-mingw32/bin/../lib/gcc/nios2-elf/5.3.0/../../../../../H-x86_64-mingw32/nios2-elf/lib\libc.a(lib_a-memcmp.o)
 .comment       0x0000000000000023       0x24 c:/intelfpga_lite/18.1/nios2eds/bin/gnu/h-x86_64-mingw32/bin/../lib/gcc/nios2-elf/5.3.0/../../../../../H-x86_64-mingw32/nios2-elf/lib\libc.a(lib_a-memcpy.o)
 .comment       0x0000000000000023       0x24 c:/intelfpga_lite/18.1/nios2eds/bin/gnu/h-x86_64-mingw32/bin/../lib/gcc/nios2-elf/5.3.0/../../../../../H-x86_64-mingw32/nios2-elf/lib\libc.a(lib_a-strlen.o)
 .comment       0x0000000000000023       0x24 c:/intelfpga_lite/18.1/nios2eds/bin/gnu/h-x86_64-mingw32/bin/../lib/gcc/nios2-elf/5.3.0/../../../../../H-x86_64-mingw32/nios2-elf/lib\libc.a(lib_a-__atexit.o)
 .comment       0x0000000000000023       0x24 c:/intelfpga_lite/18.1/nios2eds/bin/gnu/h-x86_64-mingw32/bin/../lib/gcc/nios2-elf/5.3.0/../../../../../H-x86_64-mingw32/nios2-elf/lib\libc.a(lib_a-__call_atexit.o)
 .comment       0x0000000000000023       0x24 ../control_bsp/\libhal_bsp.a(alt_exit.o)

.debug
 *(.debug)

.line
 *(.line)

.debug_srcinfo
 *(.debug_srcinfo)

.debug_sfnames
 *(.debug_sfnames)

.debug_aranges  0x0000000000000000      0x598
 *(.debug_aranges)
 .debug_aranges
                0x0000000000000000       0x28 ../control_bsp//obj/HAL/src/crt0.o
 .debug_aranges
                0x0000000000000028       0x20 obj/default/main.o
 .debug_aranges
                0x0000000000000048       0x20 ../control_bsp/\libhal_bsp.a(alt_load.o)
 .debug_aranges
                0x0000000000000068       0x20 ../control_bsp/\libhal_bsp.a(alt_main.o)
 .debug_aranges
                0x0000000000000088       0x20 ../control_bsp/\libhal_bsp.a(alt_sys_init.o)
 .debug_aranges
                0x00000000000000a8       0x20 ../control_bsp/\libhal_bsp.a(altera_avalon_jtag_uart_fd.o)
 .debug_aranges
                0x00000000000000c8       0x20 ../control_bsp/\libhal_bsp.a(altera_avalon_jtag_uart_init.o)
 .debug_aranges
                0x00000000000000e8       0x20 ../control_bsp/\libhal_bsp.a(altera_avalon_jtag_uart_ioctl.o)
 .debug_aranges
                0x0000000000000108       0x20 ../control_bsp/\libhal_bsp.a(altera_avalon_jtag_uart_read.o)
 .debug_aranges
                0x0000000000000128       0x20 ../control_bsp/\libhal_bsp.a(altera_avalon_jtag_uart_write.o)
 .debug_aranges
                0x0000000000000148       0x20 ../control_bsp/\libhal_bsp.a(alt_alarm_start.o)
 .debug_aranges
                0x0000000000000168       0x20 ../control_bsp/\libhal_bsp.a(alt_close.o)
 .debug_aranges
                0x0000000000000188       0x20 ../control_bsp/\libhal_bsp.a(alt_dcache_flush_all.o)
 .debug_aranges
                0x00000000000001a8       0x20 ../control_bsp/\libhal_bsp.a(alt_dev.o)
 .debug_aranges
                0x00000000000001c8       0x20 ../control_bsp/\libhal_bsp.a(alt_dev_llist_insert.o)
 .debug_aranges
                0x00000000000001e8       0x20 ../control_bsp/\libhal_bsp.a(alt_do_ctors.o)
 .debug_aranges
                0x0000000000000208       0x20 ../control_bsp/\libhal_bsp.a(alt_do_dtors.o)
 .debug_aranges
                0x0000000000000228       0x18 ../control_bsp/\libhal_bsp.a(alt_errno.o)
 .debug_aranges
                0x0000000000000240       0x20 ../control_bsp/\libhal_bsp.a(alt_icache_flush_all.o)
 .debug_aranges
                0x0000000000000260       0x20 ../control_bsp/\libhal_bsp.a(alt_io_redirect.o)
 .debug_aranges
                0x0000000000000280       0x20 ../control_bsp/\libhal_bsp.a(alt_irq_register.o)
 .debug_aranges
                0x00000000000002a0       0x18 ../control_bsp/\libhal_bsp.a(alt_irq_vars.o)
 .debug_aranges
                0x00000000000002b8       0x20 ../control_bsp/\libhal_bsp.a(alt_open.o)
 .debug_aranges
                0x00000000000002d8       0x20 ../control_bsp/\libhal_bsp.a(alt_release_fd.o)
 .debug_aranges
                0x00000000000002f8       0x20 ../control_bsp/\libhal_bsp.a(alt_tick.o)
 .debug_aranges
                0x0000000000000318       0x20 ../control_bsp/\libhal_bsp.a(altera_nios2_gen2_irq.o)
 .debug_aranges
                0x0000000000000338       0x20 ../control_bsp/\libhal_bsp.a(alt_find_dev.o)
 .debug_aranges
                0x0000000000000358       0x20 ../control_bsp/\libhal_bsp.a(alt_find_file.o)
 .debug_aranges
                0x0000000000000378       0x20 ../control_bsp/\libhal_bsp.a(alt_get_fd.o)
 .debug_aranges
                0x0000000000000398       0x20 ../control_bsp/\libhal_bsp.a(alt_icache_flush.o)
 .debug_aranges
                0x00000000000003b8       0x30 ../control_bsp/\libhal_bsp.a(alt_irq_entry.o)
 .debug_aranges
                0x00000000000003e8       0x20 ../control_bsp/\libhal_bsp.a(alt_irq_handler.o)
 .debug_aranges
                0x0000000000000408       0x38 ../control_bsp/\libhal_bsp.a(alt_exception_entry.o)
 .debug_aranges
                0x0000000000000440       0x28 ../control_bsp/\libhal_bsp.a(alt_instruction_exception_entry.o)
 .debug_aranges
                0x0000000000000468       0x20 c:/intelfpga_lite/18.1/nios2eds/bin/gnu/h-x86_64-mingw32/bin/../lib/gcc/nios2-elf/5.3.0/../../../../../H-x86_64-mingw32/nios2-elf/lib\libc.a(lib_a-atexit.o)
 .debug_aranges
                0x0000000000000488       0x20 c:/intelfpga_lite/18.1/nios2eds/bin/gnu/h-x86_64-mingw32/bin/../lib/gcc/nios2-elf/5.3.0/../../../../../H-x86_64-mingw32/nios2-elf/lib\libc.a(lib_a-exit.o)
 .debug_aranges
                0x00000000000004a8       0x18 c:/intelfpga_lite/18.1/nios2eds/bin/gnu/h-x86_64-mingw32/bin/../lib/gcc/nios2-elf/5.3.0/../../../../../H-x86_64-mingw32/nios2-elf/lib\libc.a(lib_a-impure.o)
 .debug_aranges
                0x00000000000004c0       0x18 c:/intelfpga_lite/18.1/nios2eds/bin/gnu/h-x86_64-mingw32/bin/../lib/gcc/nios2-elf/5.3.0/../../../../../H-x86_64-mingw32/nios2-elf/lib\libc.a(lib_a-int_errno.o)
 .debug_aranges
                0x00000000000004d8       0x20 c:/intelfpga_lite/18.1/nios2eds/bin/gnu/h-x86_64-mingw32/bin/../lib/gcc/nios2-elf/5.3.0/../../../../../H-x86_64-mingw32/nios2-elf/lib\libc.a(lib_a-memcmp.o)
 .debug_aranges
                0x00000000000004f8       0x20 c:/intelfpga_lite/18.1/nios2eds/bin/gnu/h-x86_64-mingw32/bin/../lib/gcc/nios2-elf/5.3.0/../../../../../H-x86_64-mingw32/nios2-elf/lib\libc.a(lib_a-memcpy.o)
 .debug_aranges
                0x0000000000000518       0x20 c:/intelfpga_lite/18.1/nios2eds/bin/gnu/h-x86_64-mingw32/bin/../lib/gcc/nios2-elf/5.3.0/../../../../../H-x86_64-mingw32/nios2-elf/lib\libc.a(lib_a-strlen.o)
 .debug_aranges
                0x0000000000000538       0x20 c:/intelfpga_lite/18.1/nios2eds/bin/gnu/h-x86_64-mingw32/bin/../lib/gcc/nios2-elf/5.3.0/../../../../../H-x86_64-mingw32/nios2-elf/lib\libc.a(lib_a-__atexit.o)
 .debug_aranges
                0x0000000000000558       0x20 c:/intelfpga_lite/18.1/nios2eds/bin/gnu/h-x86_64-mingw32/bin/../lib/gcc/nios2-elf/5.3.0/../../../../../H-x86_64-mingw32/nios2-elf/lib\libc.a(lib_a-__call_atexit.o)
 .debug_aranges
                0x0000000000000578       0x20 ../control_bsp/\libhal_bsp.a(alt_exit.o)

.debug_pubnames
 *(.debug_pubnames)

.debug_info     0x0000000000000000     0x74cd
 *(.debug_info .gnu.linkonce.wi.*)
 .debug_info    0x0000000000000000       0x8c ../control_bsp//obj/HAL/src/crt0.o
 .debug_info    0x000000000000008c       0xa1 obj/default/main.o
 .debug_info    0x000000000000012d      0x145 ../control_bsp/\libhal_bsp.a(alt_load.o)
 .debug_info    0x0000000000000272      0x157 ../control_bsp/\libhal_bsp.a(alt_main.o)
 .debug_info    0x00000000000003c9      0x51a ../control_bsp/\libhal_bsp.a(alt_sys_init.o)
 .debug_info    0x00000000000008e3      0x52e ../control_bsp/\libhal_bsp.a(altera_avalon_jtag_uart_fd.o)
 .debug_info    0x0000000000000e11      0x3c3 ../control_bsp/\libhal_bsp.a(altera_avalon_jtag_uart_init.o)
 .debug_info    0x00000000000011d4      0x280 ../control_bsp/\libhal_bsp.a(altera_avalon_jtag_uart_ioctl.o)
 .debug_info    0x0000000000001454      0x35b ../control_bsp/\libhal_bsp.a(altera_avalon_jtag_uart_read.o)
 .debug_info    0x00000000000017af      0x356 ../control_bsp/\libhal_bsp.a(altera_avalon_jtag_uart_write.o)
 .debug_info    0x0000000000001b05      0x2e2 ../control_bsp/\libhal_bsp.a(alt_alarm_start.o)
 .debug_info    0x0000000000001de7      0x321 ../control_bsp/\libhal_bsp.a(alt_close.o)
 .debug_info    0x0000000000002108       0xa5 ../control_bsp/\libhal_bsp.a(alt_dcache_flush_all.o)
 .debug_info    0x00000000000021ad      0x49c ../control_bsp/\libhal_bsp.a(alt_dev.o)
 .debug_info    0x0000000000002649      0x1a9 ../control_bsp/\libhal_bsp.a(alt_dev_llist_insert.o)
 .debug_info    0x00000000000027f2       0x83 ../control_bsp/\libhal_bsp.a(alt_do_ctors.o)
 .debug_info    0x0000000000002875       0x83 ../control_bsp/\libhal_bsp.a(alt_do_dtors.o)
 .debug_info    0x00000000000028f8       0xa6 ../control_bsp/\libhal_bsp.a(alt_errno.o)
 .debug_info    0x000000000000299e       0x92 ../control_bsp/\libhal_bsp.a(alt_icache_flush_all.o)
 .debug_info    0x0000000000002a30      0x4a5 ../control_bsp/\libhal_bsp.a(alt_io_redirect.o)
 .debug_info    0x0000000000002ed5      0x329 ../control_bsp/\libhal_bsp.a(alt_irq_register.o)
 .debug_info    0x00000000000031fe       0x88 ../control_bsp/\libhal_bsp.a(alt_irq_vars.o)
 .debug_info    0x0000000000003286      0x3bb ../control_bsp/\libhal_bsp.a(alt_open.o)
 .debug_info    0x0000000000003641      0x2b0 ../control_bsp/\libhal_bsp.a(alt_release_fd.o)
 .debug_info    0x00000000000038f1      0x2af ../control_bsp/\libhal_bsp.a(alt_tick.o)
 .debug_info    0x0000000000003ba0       0xb8 ../control_bsp/\libhal_bsp.a(altera_nios2_gen2_irq.o)
 .debug_info    0x0000000000003c58      0x2e9 ../control_bsp/\libhal_bsp.a(alt_find_dev.o)
 .debug_info    0x0000000000003f41      0x2e6 ../control_bsp/\libhal_bsp.a(alt_find_file.o)
 .debug_info    0x0000000000004227      0x310 ../control_bsp/\libhal_bsp.a(alt_get_fd.o)
 .debug_info    0x0000000000004537       0xdc ../control_bsp/\libhal_bsp.a(alt_icache_flush.o)
 .debug_info    0x0000000000004613       0x95 ../control_bsp/\libhal_bsp.a(alt_irq_entry.o)
 .debug_info    0x00000000000046a8      0x1a7 ../control_bsp/\libhal_bsp.a(alt_irq_handler.o)
 .debug_info    0x000000000000484f       0x9b ../control_bsp/\libhal_bsp.a(alt_exception_entry.o)
 .debug_info    0x00000000000048ea      0x1e7 ../control_bsp/\libhal_bsp.a(alt_instruction_exception_entry.o)
 .debug_info    0x0000000000004ad1       0xfe c:/intelfpga_lite/18.1/nios2eds/bin/gnu/h-x86_64-mingw32/bin/../lib/gcc/nios2-elf/5.3.0/../../../../../H-x86_64-mingw32/nios2-elf/lib\libc.a(lib_a-atexit.o)
 .debug_info    0x0000000000004bcf      0x8e4 c:/intelfpga_lite/18.1/nios2eds/bin/gnu/h-x86_64-mingw32/bin/../lib/gcc/nios2-elf/5.3.0/../../../../../H-x86_64-mingw32/nios2-elf/lib\libc.a(lib_a-exit.o)
 .debug_info    0x00000000000054b3      0x8a1 c:/intelfpga_lite/18.1/nios2eds/bin/gnu/h-x86_64-mingw32/bin/../lib/gcc/nios2-elf/5.3.0/../../../../../H-x86_64-mingw32/nios2-elf/lib\libc.a(lib_a-impure.o)
 .debug_info    0x0000000000005d54       0x8a c:/intelfpga_lite/18.1/nios2eds/bin/gnu/h-x86_64-mingw32/bin/../lib/gcc/nios2-elf/5.3.0/../../../../../H-x86_64-mingw32/nios2-elf/lib\libc.a(lib_a-int_errno.o)
 .debug_info    0x0000000000005dde      0x11a c:/intelfpga_lite/18.1/nios2eds/bin/gnu/h-x86_64-mingw32/bin/../lib/gcc/nios2-elf/5.3.0/../../../../../H-x86_64-mingw32/nios2-elf/lib\libc.a(lib_a-memcmp.o)
 .debug_info    0x0000000000005ef8      0x144 c:/intelfpga_lite/18.1/nios2eds/bin/gnu/h-x86_64-mingw32/bin/../lib/gcc/nios2-elf/5.3.0/../../../../../H-x86_64-mingw32/nios2-elf/lib\libc.a(lib_a-memcpy.o)
 .debug_info    0x000000000000603c       0xe2 c:/intelfpga_lite/18.1/nios2eds/bin/gnu/h-x86_64-mingw32/bin/../lib/gcc/nios2-elf/5.3.0/../../../../../H-x86_64-mingw32/nios2-elf/lib\libc.a(lib_a-strlen.o)
 .debug_info    0x000000000000611e      0x934 c:/intelfpga_lite/18.1/nios2eds/bin/gnu/h-x86_64-mingw32/bin/../lib/gcc/nios2-elf/5.3.0/../../../../../H-x86_64-mingw32/nios2-elf/lib\libc.a(lib_a-__atexit.o)
 .debug_info    0x0000000000006a52      0x965 c:/intelfpga_lite/18.1/nios2eds/bin/gnu/h-x86_64-mingw32/bin/../lib/gcc/nios2-elf/5.3.0/../../../../../H-x86_64-mingw32/nios2-elf/lib\libc.a(lib_a-__call_atexit.o)
 .debug_info    0x00000000000073b7      0x116 ../control_bsp/\libhal_bsp.a(alt_exit.o)

.debug_abbrev   0x0000000000000000     0x2870
 *(.debug_abbrev)
 .debug_abbrev  0x0000000000000000       0x12 ../control_bsp//obj/HAL/src/crt0.o
 .debug_abbrev  0x0000000000000012       0x51 obj/default/main.o
 .debug_abbrev  0x0000000000000063       0x9f ../control_bsp/\libhal_bsp.a(alt_load.o)
 .debug_abbrev  0x0000000000000102       0xc1 ../control_bsp/\libhal_bsp.a(alt_main.o)
 .debug_abbrev  0x00000000000001c3      0x187 ../control_bsp/\libhal_bsp.a(alt_sys_init.o)
 .debug_abbrev  0x000000000000034a      0x127 ../control_bsp/\libhal_bsp.a(altera_avalon_jtag_uart_fd.o)
 .debug_abbrev  0x0000000000000471      0x19e ../control_bsp/\libhal_bsp.a(altera_avalon_jtag_uart_init.o)
 .debug_abbrev  0x000000000000060f      0x111 ../control_bsp/\libhal_bsp.a(altera_avalon_jtag_uart_ioctl.o)
 .debug_abbrev  0x0000000000000720      0x1aa ../control_bsp/\libhal_bsp.a(altera_avalon_jtag_uart_read.o)
 .debug_abbrev  0x00000000000008ca      0x1a8 ../control_bsp/\libhal_bsp.a(altera_avalon_jtag_uart_write.o)
 .debug_abbrev  0x0000000000000a72      0x162 ../control_bsp/\libhal_bsp.a(alt_alarm_start.o)
 .debug_abbrev  0x0000000000000bd4      0x11f ../control_bsp/\libhal_bsp.a(alt_close.o)
 .debug_abbrev  0x0000000000000cf3       0x5a ../control_bsp/\libhal_bsp.a(alt_dcache_flush_all.o)
 .debug_abbrev  0x0000000000000d4d       0xd9 ../control_bsp/\libhal_bsp.a(alt_dev.o)
 .debug_abbrev  0x0000000000000e26      0x114 ../control_bsp/\libhal_bsp.a(alt_dev_llist_insert.o)
 .debug_abbrev  0x0000000000000f3a       0x79 ../control_bsp/\libhal_bsp.a(alt_do_ctors.o)
 .debug_abbrev  0x0000000000000fb3       0x79 ../control_bsp/\libhal_bsp.a(alt_do_dtors.o)
 .debug_abbrev  0x000000000000102c       0x5a ../control_bsp/\libhal_bsp.a(alt_errno.o)
 .debug_abbrev  0x0000000000001086       0x42 ../control_bsp/\libhal_bsp.a(alt_icache_flush_all.o)
 .debug_abbrev  0x00000000000010c8      0x114 ../control_bsp/\libhal_bsp.a(alt_io_redirect.o)
 .debug_abbrev  0x00000000000011dc      0x186 ../control_bsp/\libhal_bsp.a(alt_irq_register.o)
 .debug_abbrev  0x0000000000001362       0x40 ../control_bsp/\libhal_bsp.a(alt_irq_vars.o)
 .debug_abbrev  0x00000000000013a2      0x148 ../control_bsp/\libhal_bsp.a(alt_open.o)
 .debug_abbrev  0x00000000000014ea       0xde ../control_bsp/\libhal_bsp.a(alt_release_fd.o)
 .debug_abbrev  0x00000000000015c8      0x16b ../control_bsp/\libhal_bsp.a(alt_tick.o)
 .debug_abbrev  0x0000000000001733       0x67 ../control_bsp/\libhal_bsp.a(altera_nios2_gen2_irq.o)
 .debug_abbrev  0x000000000000179a       0xf0 ../control_bsp/\libhal_bsp.a(alt_find_dev.o)
 .debug_abbrev  0x000000000000188a       0xf0 ../control_bsp/\libhal_bsp.a(alt_find_file.o)
 .debug_abbrev  0x000000000000197a      0x10d ../control_bsp/\libhal_bsp.a(alt_get_fd.o)
 .debug_abbrev  0x0000000000001a87       0x8c ../control_bsp/\libhal_bsp.a(alt_icache_flush.o)
 .debug_abbrev  0x0000000000001b13       0x12 ../control_bsp/\libhal_bsp.a(alt_irq_entry.o)
 .debug_abbrev  0x0000000000001b25      0x13a ../control_bsp/\libhal_bsp.a(alt_irq_handler.o)
 .debug_abbrev  0x0000000000001c5f       0x12 ../control_bsp/\libhal_bsp.a(alt_exception_entry.o)
 .debug_abbrev  0x0000000000001c71       0xdc ../control_bsp/\libhal_bsp.a(alt_instruction_exception_entry.o)
 .debug_abbrev  0x0000000000001d4d       0xaa c:/intelfpga_lite/18.1/nios2eds/bin/gnu/h-x86_64-mingw32/bin/../lib/gcc/nios2-elf/5.3.0/../../../../../H-x86_64-mingw32/nios2-elf/lib\libc.a(lib_a-atexit.o)
 .debug_abbrev  0x0000000000001df7      0x1e5 c:/intelfpga_lite/18.1/nios2eds/bin/gnu/h-x86_64-mingw32/bin/../lib/gcc/nios2-elf/5.3.0/../../../../../H-x86_64-mingw32/nios2-elf/lib\libc.a(lib_a-exit.o)
 .debug_abbrev  0x0000000000001fdc      0x18f c:/intelfpga_lite/18.1/nios2eds/bin/gnu/h-x86_64-mingw32/bin/../lib/gcc/nios2-elf/5.3.0/../../../../../H-x86_64-mingw32/nios2-elf/lib\libc.a(lib_a-impure.o)
 .debug_abbrev  0x000000000000216b       0x37 c:/intelfpga_lite/18.1/nios2eds/bin/gnu/h-x86_64-mingw32/bin/../lib/gcc/nios2-elf/5.3.0/../../../../../H-x86_64-mingw32/nios2-elf/lib\libc.a(lib_a-int_errno.o)
 .debug_abbrev  0x00000000000021a2       0x7f c:/intelfpga_lite/18.1/nios2eds/bin/gnu/h-x86_64-mingw32/bin/../lib/gcc/nios2-elf/5.3.0/../../../../../H-x86_64-mingw32/nios2-elf/lib\libc.a(lib_a-memcmp.o)
 .debug_abbrev  0x0000000000002221       0xa3 c:/intelfpga_lite/18.1/nios2eds/bin/gnu/h-x86_64-mingw32/bin/../lib/gcc/nios2-elf/5.3.0/../../../../../H-x86_64-mingw32/nios2-elf/lib\libc.a(lib_a-memcpy.o)
 .debug_abbrev  0x00000000000022c4       0x90 c:/intelfpga_lite/18.1/nios2eds/bin/gnu/h-x86_64-mingw32/bin/../lib/gcc/nios2-elf/5.3.0/../../../../../H-x86_64-mingw32/nios2-elf/lib\libc.a(lib_a-strlen.o)
 .debug_abbrev  0x0000000000002354      0x21e c:/intelfpga_lite/18.1/nios2eds/bin/gnu/h-x86_64-mingw32/bin/../lib/gcc/nios2-elf/5.3.0/../../../../../H-x86_64-mingw32/nios2-elf/lib\libc.a(lib_a-__atexit.o)
 .debug_abbrev  0x0000000000002572      0x22e c:/intelfpga_lite/18.1/nios2eds/bin/gnu/h-x86_64-mingw32/bin/../lib/gcc/nios2-elf/5.3.0/../../../../../H-x86_64-mingw32/nios2-elf/lib\libc.a(lib_a-__call_atexit.o)
 .debug_abbrev  0x00000000000027a0       0xd0 ../control_bsp/\libhal_bsp.a(alt_exit.o)

.debug_line     0x0000000000000000     0x2a86
 *(.debug_line)
 .debug_line    0x0000000000000000       0x72 ../control_bsp//obj/HAL/src/crt0.o
 .debug_line    0x0000000000000072       0x80 obj/default/main.o
 .debug_line    0x00000000000000f2       0x8e ../control_bsp/\libhal_bsp.a(alt_load.o)
 .debug_line    0x0000000000000180       0xd1 ../control_bsp/\libhal_bsp.a(alt_main.o)
 .debug_line    0x0000000000000251      0x174 ../control_bsp/\libhal_bsp.a(alt_sys_init.o)
 .debug_line    0x00000000000003c5      0x12f ../control_bsp/\libhal_bsp.a(altera_avalon_jtag_uart_fd.o)
 .debug_line    0x00000000000004f4      0x19f ../control_bsp/\libhal_bsp.a(altera_avalon_jtag_uart_init.o)
 .debug_line    0x0000000000000693      0x131 ../control_bsp/\libhal_bsp.a(altera_avalon_jtag_uart_ioctl.o)
 .debug_line    0x00000000000007c4      0x185 ../control_bsp/\libhal_bsp.a(altera_avalon_jtag_uart_read.o)
 .debug_line    0x0000000000000949      0x184 ../control_bsp/\libhal_bsp.a(altera_avalon_jtag_uart_write.o)
 .debug_line    0x0000000000000acd      0x10d ../control_bsp/\libhal_bsp.a(alt_alarm_start.o)
 .debug_line    0x0000000000000bda      0x165 ../control_bsp/\libhal_bsp.a(alt_close.o)
 .debug_line    0x0000000000000d3f       0x61 ../control_bsp/\libhal_bsp.a(alt_dcache_flush_all.o)
 .debug_line    0x0000000000000da0       0xf8 ../control_bsp/\libhal_bsp.a(alt_dev.o)
 .debug_line    0x0000000000000e98       0xcf ../control_bsp/\libhal_bsp.a(alt_dev_llist_insert.o)
 .debug_line    0x0000000000000f67       0x59 ../control_bsp/\libhal_bsp.a(alt_do_ctors.o)
 .debug_line    0x0000000000000fc0       0x59 ../control_bsp/\libhal_bsp.a(alt_do_dtors.o)
 .debug_line    0x0000000000001019       0x51 ../control_bsp/\libhal_bsp.a(alt_errno.o)
 .debug_line    0x000000000000106a       0x50 ../control_bsp/\libhal_bsp.a(alt_icache_flush_all.o)
 .debug_line    0x00000000000010ba      0x133 ../control_bsp/\libhal_bsp.a(alt_io_redirect.o)
 .debug_line    0x00000000000011ed      0x155 ../control_bsp/\libhal_bsp.a(alt_irq_register.o)
 .debug_line    0x0000000000001342       0x50 ../control_bsp/\libhal_bsp.a(alt_irq_vars.o)
 .debug_line    0x0000000000001392      0x128 ../control_bsp/\libhal_bsp.a(alt_open.o)
 .debug_line    0x00000000000014ba       0xae ../control_bsp/\libhal_bsp.a(alt_release_fd.o)
 .debug_line    0x0000000000001568      0x113 ../control_bsp/\libhal_bsp.a(alt_tick.o)
 .debug_line    0x000000000000167b       0x8d ../control_bsp/\libhal_bsp.a(altera_nios2_gen2_irq.o)
 .debug_line    0x0000000000001708       0xb5 ../control_bsp/\libhal_bsp.a(alt_find_dev.o)
 .debug_line    0x00000000000017bd       0xd1 ../control_bsp/\libhal_bsp.a(alt_find_file.o)
 .debug_line    0x000000000000188e       0xd4 ../control_bsp/\libhal_bsp.a(alt_get_fd.o)
 .debug_line    0x0000000000001962       0x81 ../control_bsp/\libhal_bsp.a(alt_icache_flush.o)
 .debug_line    0x00000000000019e3       0x6b ../control_bsp/\libhal_bsp.a(alt_irq_entry.o)
 .debug_line    0x0000000000001a4e       0xcd ../control_bsp/\libhal_bsp.a(alt_irq_handler.o)
 .debug_line    0x0000000000001b1b       0xb3 ../control_bsp/\libhal_bsp.a(alt_exception_entry.o)
 .debug_line    0x0000000000001bce       0xba ../control_bsp/\libhal_bsp.a(alt_instruction_exception_entry.o)
 .debug_line    0x0000000000001c88       0xe4 c:/intelfpga_lite/18.1/nios2eds/bin/gnu/h-x86_64-mingw32/bin/../lib/gcc/nios2-elf/5.3.0/../../../../../H-x86_64-mingw32/nios2-elf/lib\libc.a(lib_a-atexit.o)
 .debug_line    0x0000000000001d6c      0x1f9 c:/intelfpga_lite/18.1/nios2eds/bin/gnu/h-x86_64-mingw32/bin/../lib/gcc/nios2-elf/5.3.0/../../../../../H-x86_64-mingw32/nios2-elf/lib\libc.a(lib_a-exit.o)
 .debug_line    0x0000000000001f65      0x15d c:/intelfpga_lite/18.1/nios2eds/bin/gnu/h-x86_64-mingw32/bin/../lib/gcc/nios2-elf/5.3.0/../../../../../H-x86_64-mingw32/nios2-elf/lib\libc.a(lib_a-impure.o)
 .debug_line    0x00000000000020c2       0x5c c:/intelfpga_lite/18.1/nios2eds/bin/gnu/h-x86_64-mingw32/bin/../lib/gcc/nios2-elf/5.3.0/../../../../../H-x86_64-mingw32/nios2-elf/lib\libc.a(lib_a-int_errno.o)
 .debug_line    0x000000000000211e      0x173 c:/intelfpga_lite/18.1/nios2eds/bin/gnu/h-x86_64-mingw32/bin/../lib/gcc/nios2-elf/5.3.0/../../../../../H-x86_64-mingw32/nios2-elf/lib\libc.a(lib_a-memcmp.o)
 .debug_line    0x0000000000002291      0x189 c:/intelfpga_lite/18.1/nios2eds/bin/gnu/h-x86_64-mingw32/bin/../lib/gcc/nios2-elf/5.3.0/../../../../../H-x86_64-mingw32/nios2-elf/lib\libc.a(lib_a-memcpy.o)
 .debug_line    0x000000000000241a      0x16c c:/intelfpga_lite/18.1/nios2eds/bin/gnu/h-x86_64-mingw32/bin/../lib/gcc/nios2-elf/5.3.0/../../../../../H-x86_64-mingw32/nios2-elf/lib\libc.a(lib_a-strlen.o)
 .debug_line    0x0000000000002586      0x21c c:/intelfpga_lite/18.1/nios2eds/bin/gnu/h-x86_64-mingw32/bin/../lib/gcc/nios2-elf/5.3.0/../../../../../H-x86_64-mingw32/nios2-elf/lib\libc.a(lib_a-__atexit.o)
 .debug_line    0x00000000000027a2      0x237 c:/intelfpga_lite/18.1/nios2eds/bin/gnu/h-x86_64-mingw32/bin/../lib/gcc/nios2-elf/5.3.0/../../../../../H-x86_64-mingw32/nios2-elf/lib\libc.a(lib_a-__call_atexit.o)
 .debug_line    0x00000000000029d9       0xad ../control_bsp/\libhal_bsp.a(alt_exit.o)

.debug_frame    0x0000000000000000      0x9f8
 *(.debug_frame)
 .debug_frame   0x0000000000000000       0x2c obj/default/main.o
 .debug_frame   0x000000000000002c       0x5c ../control_bsp/\libhal_bsp.a(alt_load.o)
 .debug_frame   0x0000000000000088       0x2c ../control_bsp/\libhal_bsp.a(alt_main.o)
 .debug_frame   0x00000000000000b4       0x88 ../control_bsp/\libhal_bsp.a(alt_sys_init.o)
 .debug_frame   0x000000000000013c       0xb0 ../control_bsp/\libhal_bsp.a(altera_avalon_jtag_uart_fd.o)
 .debug_frame   0x00000000000001ec       0xa4 ../control_bsp/\libhal_bsp.a(altera_avalon_jtag_uart_init.o)
 .debug_frame   0x0000000000000290       0x34 ../control_bsp/\libhal_bsp.a(altera_avalon_jtag_uart_ioctl.o)
 .debug_frame   0x00000000000002c4       0x38 ../control_bsp/\libhal_bsp.a(altera_avalon_jtag_uart_read.o)
 .debug_frame   0x00000000000002fc       0x38 ../control_bsp/\libhal_bsp.a(altera_avalon_jtag_uart_write.o)
 .debug_frame   0x0000000000000334       0x34 ../control_bsp/\libhal_bsp.a(alt_alarm_start.o)
 .debug_frame   0x0000000000000368       0x60 ../control_bsp/\libhal_bsp.a(alt_close.o)
 .debug_frame   0x00000000000003c8       0x34 ../control_bsp/\libhal_bsp.a(alt_dcache_flush_all.o)
 .debug_frame   0x00000000000003fc       0x34 ../control_bsp/\libhal_bsp.a(alt_dev.o)
 .debug_frame   0x0000000000000430       0x60 ../control_bsp/\libhal_bsp.a(alt_dev_llist_insert.o)
 .debug_frame   0x0000000000000490       0x38 ../control_bsp/\libhal_bsp.a(alt_do_ctors.o)
 .debug_frame   0x00000000000004c8       0x38 ../control_bsp/\libhal_bsp.a(alt_do_dtors.o)
 .debug_frame   0x0000000000000500       0x38 ../control_bsp/\libhal_bsp.a(alt_icache_flush_all.o)
 .debug_frame   0x0000000000000538       0x60 ../control_bsp/\libhal_bsp.a(alt_io_redirect.o)
 .debug_frame   0x0000000000000598       0x34 ../control_bsp/\libhal_bsp.a(alt_irq_register.o)
 .debug_frame   0x00000000000005cc       0x84 ../control_bsp/\libhal_bsp.a(alt_open.o)
 .debug_frame   0x0000000000000650       0x34 ../control_bsp/\libhal_bsp.a(alt_release_fd.o)
 .debug_frame   0x0000000000000684       0x5c ../control_bsp/\libhal_bsp.a(alt_tick.o)
 .debug_frame   0x00000000000006e0       0x34 ../control_bsp/\libhal_bsp.a(altera_nios2_gen2_irq.o)
 .debug_frame   0x0000000000000714       0x38 ../control_bsp/\libhal_bsp.a(alt_find_dev.o)
 .debug_frame   0x000000000000074c       0x38 ../control_bsp/\libhal_bsp.a(alt_find_file.o)
 .debug_frame   0x0000000000000784       0x34 ../control_bsp/\libhal_bsp.a(alt_get_fd.o)
 .debug_frame   0x00000000000007b8       0x34 ../control_bsp/\libhal_bsp.a(alt_icache_flush.o)
 .debug_frame   0x00000000000007ec       0x38 ../control_bsp/\libhal_bsp.a(alt_irq_handler.o)
 .debug_frame   0x0000000000000824       0x5c ../control_bsp/\libhal_bsp.a(alt_instruction_exception_entry.o)
 .debug_frame   0x0000000000000880       0x20 c:/intelfpga_lite/18.1/nios2eds/bin/gnu/h-x86_64-mingw32/bin/../lib/gcc/nios2-elf/5.3.0/../../../../../H-x86_64-mingw32/nios2-elf/lib\libc.a(lib_a-atexit.o)
 .debug_frame   0x00000000000008a0       0x28 c:/intelfpga_lite/18.1/nios2eds/bin/gnu/h-x86_64-mingw32/bin/../lib/gcc/nios2-elf/5.3.0/../../../../../H-x86_64-mingw32/nios2-elf/lib\libc.a(lib_a-exit.o)
 .debug_frame   0x00000000000008c8       0x20 c:/intelfpga_lite/18.1/nios2eds/bin/gnu/h-x86_64-mingw32/bin/../lib/gcc/nios2-elf/5.3.0/../../../../../H-x86_64-mingw32/nios2-elf/lib\libc.a(lib_a-memcmp.o)
 .debug_frame   0x00000000000008e8       0x38 c:/intelfpga_lite/18.1/nios2eds/bin/gnu/h-x86_64-mingw32/bin/../lib/gcc/nios2-elf/5.3.0/../../../../../H-x86_64-mingw32/nios2-elf/lib\libc.a(lib_a-memcpy.o)
 .debug_frame   0x0000000000000920       0x20 c:/intelfpga_lite/18.1/nios2eds/bin/gnu/h-x86_64-mingw32/bin/../lib/gcc/nios2-elf/5.3.0/../../../../../H-x86_64-mingw32/nios2-elf/lib\libc.a(lib_a-strlen.o)
 .debug_frame   0x0000000000000940       0x38 c:/intelfpga_lite/18.1/nios2eds/bin/gnu/h-x86_64-mingw32/bin/../lib/gcc/nios2-elf/5.3.0/../../../../../H-x86_64-mingw32/nios2-elf/lib\libc.a(lib_a-__atexit.o)
 .debug_frame   0x0000000000000978       0x54 c:/intelfpga_lite/18.1/nios2eds/bin/gnu/h-x86_64-mingw32/bin/../lib/gcc/nios2-elf/5.3.0/../../../../../H-x86_64-mingw32/nios2-elf/lib\libc.a(lib_a-__call_atexit.o)
 .debug_frame   0x00000000000009cc       0x2c ../control_bsp/\libhal_bsp.a(alt_exit.o)

.debug_str      0x0000000000000000     0x19cf
 *(.debug_str)
 .debug_str     0x0000000000000000      0x106 obj/default/main.o
                                        0x14b (size before relaxing)
 .debug_str     0x0000000000000106      0x149 ../control_bsp/\libhal_bsp.a(alt_load.o)
                                        0x22d (size before relaxing)
 .debug_str     0x000000000000024f       0x91 ../control_bsp/\libhal_bsp.a(alt_main.o)
                                        0x1e1 (size before relaxing)
 .debug_str     0x00000000000002e0      0x1cc ../control_bsp/\libhal_bsp.a(alt_sys_init.o)
                                        0x3c5 (size before relaxing)
 .debug_str     0x00000000000004ac       0xb9 ../control_bsp/\libhal_bsp.a(altera_avalon_jtag_uart_fd.o)
                                        0x3bf (size before relaxing)
 .debug_str     0x0000000000000565       0xc9 ../control_bsp/\libhal_bsp.a(altera_avalon_jtag_uart_init.o)
                                        0x374 (size before relaxing)
 .debug_str     0x000000000000062e       0x4a ../control_bsp/\libhal_bsp.a(altera_avalon_jtag_uart_ioctl.o)
                                        0x2ae (size before relaxing)
 .debug_str     0x0000000000000678       0x7f ../control_bsp/\libhal_bsp.a(altera_avalon_jtag_uart_read.o)
                                        0x324 (size before relaxing)
 .debug_str     0x00000000000006f7       0x4a ../control_bsp/\libhal_bsp.a(altera_avalon_jtag_uart_write.o)
                                        0x325 (size before relaxing)
 .debug_str     0x0000000000000741       0x59 ../control_bsp/\libhal_bsp.a(alt_alarm_start.o)
                                        0x2ba (size before relaxing)
 .debug_str     0x000000000000079a       0x44 ../control_bsp/\libhal_bsp.a(alt_close.o)
                                        0x226 (size before relaxing)
 .debug_str     0x00000000000007de       0x34 ../control_bsp/\libhal_bsp.a(alt_dcache_flush_all.o)
                                        0x170 (size before relaxing)
 .debug_str     0x0000000000000812      0x120 ../control_bsp/\libhal_bsp.a(alt_dev.o)
                                        0x320 (size before relaxing)
 .debug_str     0x0000000000000932       0x34 ../control_bsp/\libhal_bsp.a(alt_dev_llist_insert.o)
                                        0x1e7 (size before relaxing)
 .debug_str     0x0000000000000966       0x48 ../control_bsp/\libhal_bsp.a(alt_do_ctors.o)
                                         0xeb (size before relaxing)
 .debug_str     0x00000000000009ae       0x4c ../control_bsp/\libhal_bsp.a(alt_do_dtors.o)
                                         0xea (size before relaxing)
 .debug_str     0x00000000000009fa       0x14 ../control_bsp/\libhal_bsp.a(alt_errno.o)
                                        0x160 (size before relaxing)
 .debug_str     0x0000000000000a0e       0x34 ../control_bsp/\libhal_bsp.a(alt_icache_flush_all.o)
                                        0x170 (size before relaxing)
 .debug_str     0x0000000000000a42       0x56 ../control_bsp/\libhal_bsp.a(alt_io_redirect.o)
                                        0x331 (size before relaxing)
 .debug_str     0x0000000000000a98       0x77 ../control_bsp/\libhal_bsp.a(alt_irq_register.o)
                                        0x223 (size before relaxing)
 .debug_str     0x0000000000000b0f       0x17 ../control_bsp/\libhal_bsp.a(alt_irq_vars.o)
                                        0x155 (size before relaxing)
 .debug_str     0x0000000000000b26       0x2f ../control_bsp/\libhal_bsp.a(alt_open.o)
                                        0x266 (size before relaxing)
 .debug_str     0x0000000000000b55       0x28 ../control_bsp/\libhal_bsp.a(alt_release_fd.o)
                                        0x1ee (size before relaxing)
 .debug_str     0x0000000000000b7d       0x4a ../control_bsp/\libhal_bsp.a(alt_tick.o)
                                        0x28e (size before relaxing)
 .debug_str     0x0000000000000bc7       0x3b ../control_bsp/\libhal_bsp.a(altera_nios2_gen2_irq.o)
                                        0x1a0 (size before relaxing)
 .debug_str     0x0000000000000c02       0x24 ../control_bsp/\libhal_bsp.a(alt_find_dev.o)
                                        0x207 (size before relaxing)
 .debug_str     0x0000000000000c26       0x26 ../control_bsp/\libhal_bsp.a(alt_find_file.o)
                                        0x215 (size before relaxing)
 .debug_str     0x0000000000000c4c       0x30 ../control_bsp/\libhal_bsp.a(alt_get_fd.o)
                                        0x237 (size before relaxing)
 .debug_str     0x0000000000000c7c       0x2c ../control_bsp/\libhal_bsp.a(alt_icache_flush.o)
                                        0x176 (size before relaxing)
 .debug_str     0x0000000000000ca8       0x3a ../control_bsp/\libhal_bsp.a(alt_irq_handler.o)
                                        0x1d3 (size before relaxing)
 .debug_str     0x0000000000000ce2      0x48b ../control_bsp/\libhal_bsp.a(alt_instruction_exception_entry.o)
                                        0x5bb (size before relaxing)
 .debug_str     0x000000000000116d      0x162 c:/intelfpga_lite/18.1/nios2eds/bin/gnu/h-x86_64-mingw32/bin/../lib/gcc/nios2-elf/5.3.0/../../../../../H-x86_64-mingw32/nios2-elf/lib\libc.a(lib_a-atexit.o)
                                        0x207 (size before relaxing)
 .debug_str     0x00000000000012cf      0x3b2 c:/intelfpga_lite/18.1/nios2eds/bin/gnu/h-x86_64-mingw32/bin/../lib/gcc/nios2-elf/5.3.0/../../../../../H-x86_64-mingw32/nios2-elf/lib\libc.a(lib_a-exit.o)
                                        0x5a4 (size before relaxing)
 .debug_str     0x0000000000001681       0xc8 c:/intelfpga_lite/18.1/nios2eds/bin/gnu/h-x86_64-mingw32/bin/../lib/gcc/nios2-elf/5.3.0/../../../../../H-x86_64-mingw32/nios2-elf/lib\libc.a(lib_a-impure.o)
                                        0x59b (size before relaxing)
 .debug_str     0x0000000000001749       0x3c c:/intelfpga_lite/18.1/nios2eds/bin/gnu/h-x86_64-mingw32/bin/../lib/gcc/nios2-elf/5.3.0/../../../../../H-x86_64-mingw32/nios2-elf/lib\libc.a(lib_a-int_errno.o)
                                        0x1c3 (size before relaxing)
 .debug_str     0x0000000000001785       0xcc c:/intelfpga_lite/18.1/nios2eds/bin/gnu/h-x86_64-mingw32/bin/../lib/gcc/nios2-elf/5.3.0/../../../../../H-x86_64-mingw32/nios2-elf/lib\libc.a(lib_a-memcmp.o)
                                        0x1ca (size before relaxing)
 .debug_str     0x0000000000001851       0x68 c:/intelfpga_lite/18.1/nios2eds/bin/gnu/h-x86_64-mingw32/bin/../lib/gcc/nios2-elf/5.3.0/../../../../../H-x86_64-mingw32/nios2-elf/lib\libc.a(lib_a-memcpy.o)
                                        0x1f1 (size before relaxing)
 .debug_str     0x00000000000018b9       0x4e c:/intelfpga_lite/18.1/nios2eds/bin/gnu/h-x86_64-mingw32/bin/../lib/gcc/nios2-elf/5.3.0/../../../../../H-x86_64-mingw32/nios2-elf/lib\libc.a(lib_a-strlen.o)
                                        0x1dd (size before relaxing)
 .debug_str     0x0000000000001907       0x3c c:/intelfpga_lite/18.1/nios2eds/bin/gnu/h-x86_64-mingw32/bin/../lib/gcc/nios2-elf/5.3.0/../../../../../H-x86_64-mingw32/nios2-elf/lib\libc.a(lib_a-__atexit.o)
                                        0x5dc (size before relaxing)
 .debug_str     0x0000000000001943       0x62 c:/intelfpga_lite/18.1/nios2eds/bin/gnu/h-x86_64-mingw32/bin/../lib/gcc/nios2-elf/5.3.0/../../../../../H-x86_64-mingw32/nios2-elf/lib\libc.a(lib_a-__call_atexit.o)
                                        0x5c8 (size before relaxing)
 .debug_str     0x00000000000019a5       0x2a ../control_bsp/\libhal_bsp.a(alt_exit.o)
                                        0x195 (size before relaxing)

.debug_loc      0x0000000000000000      0x770
 *(.debug_loc)
 .debug_loc     0x0000000000000000       0x2c c:/intelfpga_lite/18.1/nios2eds/bin/gnu/h-x86_64-mingw32/bin/../lib/gcc/nios2-elf/5.3.0/../../../../../H-x86_64-mingw32/nios2-elf/lib\libc.a(lib_a-atexit.o)
 .debug_loc     0x000000000000002c       0x1e c:/intelfpga_lite/18.1/nios2eds/bin/gnu/h-x86_64-mingw32/bin/../lib/gcc/nios2-elf/5.3.0/../../../../../H-x86_64-mingw32/nios2-elf/lib\libc.a(lib_a-exit.o)
 .debug_loc     0x000000000000004a      0x126 c:/intelfpga_lite/18.1/nios2eds/bin/gnu/h-x86_64-mingw32/bin/../lib/gcc/nios2-elf/5.3.0/../../../../../H-x86_64-mingw32/nios2-elf/lib\libc.a(lib_a-memcmp.o)
 .debug_loc     0x0000000000000170      0x266 c:/intelfpga_lite/18.1/nios2eds/bin/gnu/h-x86_64-mingw32/bin/../lib/gcc/nios2-elf/5.3.0/../../../../../H-x86_64-mingw32/nios2-elf/lib\libc.a(lib_a-memcpy.o)
 .debug_loc     0x00000000000003d6       0x47 c:/intelfpga_lite/18.1/nios2eds/bin/gnu/h-x86_64-mingw32/bin/../lib/gcc/nios2-elf/5.3.0/../../../../../H-x86_64-mingw32/nios2-elf/lib\libc.a(lib_a-strlen.o)
 .debug_loc     0x000000000000041d      0x185 c:/intelfpga_lite/18.1/nios2eds/bin/gnu/h-x86_64-mingw32/bin/../lib/gcc/nios2-elf/5.3.0/../../../../../H-x86_64-mingw32/nios2-elf/lib\libc.a(lib_a-__atexit.o)
 .debug_loc     0x00000000000005a2      0x1ce c:/intelfpga_lite/18.1/nios2eds/bin/gnu/h-x86_64-mingw32/bin/../lib/gcc/nios2-elf/5.3.0/../../../../../H-x86_64-mingw32/nios2-elf/lib\libc.a(lib_a-__call_atexit.o)

.debug_macinfo
 *(.debug_macinfo)

.debug_weaknames
 *(.debug_weaknames)

.debug_funcnames
 *(.debug_funcnames)

.debug_typenames
 *(.debug_typenames)

.debug_varnames
 *(.debug_varnames)

.debug_alt_sim_info
                0x0000000000000000       0x30
 *(.debug_alt_sim_info)
 .debug_alt_sim_info
                0x0000000000000000       0x30 ../control_bsp//obj/HAL/src/crt0.o
                0x0000000008000000                __alt_data_end = 0x8000000
                0x0000000008000000                PROVIDE (__alt_stack_pointer, __alt_data_end)
                [!provide]                        PROVIDE (__alt_stack_limit, __alt_stack_base)
                [!provide]                        PROVIDE (__alt_heap_start, end)
                [!provide]                        PROVIDE (__alt_heap_limit, 0x8000000)
OUTPUT(control.elf elf32-littlenios2)

.debug_ranges   0x0000000000000000      0x178
 .debug_ranges  0x0000000000000000       0x20 ../control_bsp//obj/HAL/src/crt0.o
 .debug_ranges  0x0000000000000020       0x30 ../control_bsp/\libhal_bsp.a(altera_avalon_jtag_uart_init.o)
 .debug_ranges  0x0000000000000050       0x18 ../control_bsp/\libhal_bsp.a(altera_avalon_jtag_uart_read.o)
 .debug_ranges  0x0000000000000068       0x28 ../control_bsp/\libhal_bsp.a(alt_irq_entry.o)
 .debug_ranges  0x0000000000000090       0x10 ../control_bsp/\libhal_bsp.a(alt_irq_handler.o)
 .debug_ranges  0x00000000000000a0       0x30 ../control_bsp/\libhal_bsp.a(alt_exception_entry.o)
 .debug_ranges  0x00000000000000d0       0x18 ../control_bsp/\libhal_bsp.a(alt_instruction_exception_entry.o)
 .debug_ranges  0x00000000000000e8       0x10 c:/intelfpga_lite/18.1/nios2eds/bin/gnu/h-x86_64-mingw32/bin/../lib/gcc/nios2-elf/5.3.0/../../../../../H-x86_64-mingw32/nios2-elf/lib\libc.a(lib_a-atexit.o)
 .debug_ranges  0x00000000000000f8       0x10 c:/intelfpga_lite/18.1/nios2eds/bin/gnu/h-x86_64-mingw32/bin/../lib/gcc/nios2-elf/5.3.0/../../../../../H-x86_64-mingw32/nios2-elf/lib\libc.a(lib_a-exit.o)
 .debug_ranges  0x0000000000000108       0x10 c:/intelfpga_lite/18.1/nios2eds/bin/gnu/h-x86_64-mingw32/bin/../lib/gcc/nios2-elf/5.3.0/../../../../../H-x86_64-mingw32/nios2-elf/lib\libc.a(lib_a-memcmp.o)
 .debug_ranges  0x0000000000000118       0x10 c:/intelfpga_lite/18.1/nios2eds/bin/gnu/h-x86_64-mingw32/bin/../lib/gcc/nios2-elf/5.3.0/../../../../../H-x86_64-mingw32/nios2-elf/lib\libc.a(lib_a-memcpy.o)
 .debug_ranges  0x0000000000000128       0x10 c:/intelfpga_lite/18.1/nios2eds/bin/gnu/h-x86_64-mingw32/bin/../lib/gcc/nios2-elf/5.3.0/../../../../../H-x86_64-mingw32/nios2-elf/lib\libc.a(lib_a-strlen.o)
 .debug_ranges  0x0000000000000138       0x10 c:/intelfpga_lite/18.1/nios2eds/bin/gnu/h-x86_64-mingw32/bin/../lib/gcc/nios2-elf/5.3.0/../../../../../H-x86_64-mingw32/nios2-elf/lib\libc.a(lib_a-__atexit.o)
 .debug_ranges  0x0000000000000148       0x30 c:/intelfpga_lite/18.1/nios2eds/bin/gnu/h-x86_64-mingw32/bin/../lib/gcc/nios2-elf/5.3.0/../../../../../H-x86_64-mingw32/nios2-elf/lib\libc.a(lib_a-__call_atexit.o)
