Archive member included to satisfy reference by file (symbol)

c:/intelfpga_lite/18.1/nios2eds/bin/gnu/h-x86_64-mingw32/bin/../lib/gcc/nios2-elf/5.3.0/../../../../../H-x86_64-mingw32/nios2-elf/lib\libc.a(lib_a-memcpy.o)
                              obj/default/main.o (memcpy)
c:/intelfpga_lite/18.1/nios2eds/bin/gnu/h-x86_64-mingw32/bin/../lib/gcc/nios2-elf/5.3.0/../../../../../H-x86_64-mingw32/nios2-elf/lib\libc.a(lib_a-memset.o)
                              obj/default/main.o (memset)
../control_bsp/\libhal_bsp.a(alt_load.o)
                              ../control_bsp//obj/HAL/src/crt0.o (alt_load)
../control_bsp/\libhal_bsp.a(alt_main.o)
                              ../control_bsp//obj/HAL/src/crt0.o (alt_main)
../control_bsp/\libhal_bsp.a(alt_usleep.o)
                              obj/default/main.o (usleep)
../control_bsp/\libhal_bsp.a(alt_sys_init.o)
                              ../control_bsp/\libhal_bsp.a(alt_main.o) (alt_irq_init)
../control_bsp/\libhal_bsp.a(altera_avalon_jtag_uart_fd.o)
                              ../control_bsp/\libhal_bsp.a(alt_sys_init.o) (altera_avalon_jtag_uart_read_fd)
../control_bsp/\libhal_bsp.a(altera_avalon_jtag_uart_init.o)
                              ../control_bsp/\libhal_bsp.a(alt_sys_init.o) (altera_avalon_jtag_uart_init)
../control_bsp/\libhal_bsp.a(altera_avalon_jtag_uart_ioctl.o)
                              ../control_bsp/\libhal_bsp.a(altera_avalon_jtag_uart_fd.o) (altera_avalon_jtag_uart_ioctl)
../control_bsp/\libhal_bsp.a(altera_avalon_jtag_uart_read.o)
                              ../control_bsp/\libhal_bsp.a(altera_avalon_jtag_uart_fd.o) (altera_avalon_jtag_uart_read)
../control_bsp/\libhal_bsp.a(altera_avalon_jtag_uart_write.o)
                              ../control_bsp/\libhal_bsp.a(altera_avalon_jtag_uart_fd.o) (altera_avalon_jtag_uart_write)
../control_bsp/\libhal_bsp.a(alt_alarm_start.o)
                              ../control_bsp/\libhal_bsp.a(altera_avalon_jtag_uart_init.o) (alt_alarm_start)
../control_bsp/\libhal_bsp.a(alt_busy_sleep.o)
                              ../control_bsp/\libhal_bsp.a(alt_usleep.o) (alt_busy_sleep)
../control_bsp/\libhal_bsp.a(alt_close.o)
                              ../control_bsp/\libhal_bsp.a(alt_main.o) (close)
../control_bsp/\libhal_bsp.a(alt_dcache_flush_all.o)
                              ../control_bsp/\libhal_bsp.a(alt_load.o) (alt_dcache_flush_all)
../control_bsp/\libhal_bsp.a(alt_dev.o)
                              ../control_bsp/\libhal_bsp.a(alt_sys_init.o) (alt_dev_list)
../control_bsp/\libhal_bsp.a(alt_dev_llist_insert.o)
                              ../control_bsp/\libhal_bsp.a(alt_sys_init.o) (alt_dev_llist_insert)
../control_bsp/\libhal_bsp.a(alt_do_ctors.o)
                              ../control_bsp/\libhal_bsp.a(alt_main.o) (_do_ctors)
../control_bsp/\libhal_bsp.a(alt_do_dtors.o)
                              ../control_bsp/\libhal_bsp.a(alt_main.o) (_do_dtors)
../control_bsp/\libhal_bsp.a(alt_errno.o)
                              ../control_bsp/\libhal_bsp.a(alt_close.o) (alt_errno)
../control_bsp/\libhal_bsp.a(alt_icache_flush_all.o)
                              ../control_bsp/\libhal_bsp.a(alt_load.o) (alt_icache_flush_all)
../control_bsp/\libhal_bsp.a(alt_io_redirect.o)
                              ../control_bsp/\libhal_bsp.a(alt_main.o) (alt_io_redirect)
../control_bsp/\libhal_bsp.a(alt_irq_register.o)
                              ../control_bsp/\libhal_bsp.a(altera_avalon_jtag_uart_init.o) (alt_irq_register)
../control_bsp/\libhal_bsp.a(alt_irq_vars.o)
                              ../control_bsp/\libhal_bsp.a(alt_irq_register.o) (alt_irq_active)
../control_bsp/\libhal_bsp.a(alt_open.o)
                              ../control_bsp/\libhal_bsp.a(alt_io_redirect.o) (open)
../control_bsp/\libhal_bsp.a(alt_release_fd.o)
                              ../control_bsp/\libhal_bsp.a(alt_close.o) (alt_release_fd)
../control_bsp/\libhal_bsp.a(alt_tick.o)
                              ../control_bsp/\libhal_bsp.a(altera_avalon_jtag_uart_init.o) (_alt_tick_rate)
../control_bsp/\libhal_bsp.a(altera_nios2_gen2_irq.o)
                              ../control_bsp/\libhal_bsp.a(alt_sys_init.o) (altera_nios2_gen2_irq_init)
../control_bsp/\libhal_bsp.a(alt_find_dev.o)
                              ../control_bsp/\libhal_bsp.a(alt_open.o) (alt_find_dev)
../control_bsp/\libhal_bsp.a(alt_find_file.o)
                              ../control_bsp/\libhal_bsp.a(alt_open.o) (alt_find_file)
../control_bsp/\libhal_bsp.a(alt_get_fd.o)
                              ../control_bsp/\libhal_bsp.a(alt_open.o) (alt_get_fd)
../control_bsp/\libhal_bsp.a(alt_icache_flush.o)
                              ../control_bsp/\libhal_bsp.a(alt_icache_flush_all.o) (alt_icache_flush)
../control_bsp/\libhal_bsp.a(alt_irq_entry.o)
                              ../control_bsp/\libhal_bsp.a(alt_irq_register.o) (alt_irq_entry)
../control_bsp/\libhal_bsp.a(alt_irq_handler.o)
                              ../control_bsp/\libhal_bsp.a(alt_irq_register.o) (alt_irq)
../control_bsp/\libhal_bsp.a(alt_exception_entry.o)
                              ../control_bsp/\libhal_bsp.a(alt_irq_entry.o) (alt_exception)
../control_bsp/\libhal_bsp.a(alt_instruction_exception_entry.o)
                              ../control_bsp/\libhal_bsp.a(alt_exception_entry.o) (alt_instruction_exception_entry)
c:/intelfpga_lite/18.1/nios2eds/bin/gnu/h-x86_64-mingw32/bin/../lib/gcc/nios2-elf/5.3.0/../../../../../H-x86_64-mingw32/nios2-elf/lib\libc.a(lib_a-atexit.o)
                              ../control_bsp/\libhal_bsp.a(alt_main.o) (atexit)
c:/intelfpga_lite/18.1/nios2eds/bin/gnu/h-x86_64-mingw32/bin/../lib/gcc/nios2-elf/5.3.0/../../../../../H-x86_64-mingw32/nios2-elf/lib\libc.a(lib_a-exit.o)
                              ../control_bsp/\libhal_bsp.a(alt_main.o) (exit)
c:/intelfpga_lite/18.1/nios2eds/bin/gnu/h-x86_64-mingw32/bin/../lib/gcc/nios2-elf/5.3.0/../../../../../H-x86_64-mingw32/nios2-elf/lib\libc.a(lib_a-impure.o)
                              c:/intelfpga_lite/18.1/nios2eds/bin/gnu/h-x86_64-mingw32/bin/../lib/gcc/nios2-elf/5.3.0/../../../../../H-x86_64-mingw32/nios2-elf/lib\libc.a(lib_a-exit.o) (_global_impure_ptr)
c:/intelfpga_lite/18.1/nios2eds/bin/gnu/h-x86_64-mingw32/bin/../lib/gcc/nios2-elf/5.3.0/../../../../../H-x86_64-mingw32/nios2-elf/lib\libc.a(lib_a-int_errno.o)
                              ../control_bsp/\libhal_bsp.a(alt_close.o) (errno)
c:/intelfpga_lite/18.1/nios2eds/bin/gnu/h-x86_64-mingw32/bin/../lib/gcc/nios2-elf/5.3.0/../../../../../H-x86_64-mingw32/nios2-elf/lib\libc.a(lib_a-memcmp.o)
                              ../control_bsp/\libhal_bsp.a(alt_find_dev.o) (memcmp)
c:/intelfpga_lite/18.1/nios2eds/bin/gnu/h-x86_64-mingw32/bin/../lib/gcc/nios2-elf/5.3.0/../../../../../H-x86_64-mingw32/nios2-elf/lib\libc.a(lib_a-strlen.o)
                              ../control_bsp/\libhal_bsp.a(alt_find_dev.o) (strlen)
c:/intelfpga_lite/18.1/nios2eds/bin/gnu/h-x86_64-mingw32/bin/../lib/gcc/nios2-elf/5.3.0/../../../../../H-x86_64-mingw32/nios2-elf/lib\libc.a(lib_a-__atexit.o)
                              c:/intelfpga_lite/18.1/nios2eds/bin/gnu/h-x86_64-mingw32/bin/../lib/gcc/nios2-elf/5.3.0/../../../../../H-x86_64-mingw32/nios2-elf/lib\libc.a(lib_a-atexit.o) (__register_exitproc)
c:/intelfpga_lite/18.1/nios2eds/bin/gnu/h-x86_64-mingw32/bin/../lib/gcc/nios2-elf/5.3.0/../../../../../H-x86_64-mingw32/nios2-elf/lib\libc.a(lib_a-__call_atexit.o)
                              c:/intelfpga_lite/18.1/nios2eds/bin/gnu/h-x86_64-mingw32/bin/../lib/gcc/nios2-elf/5.3.0/../../../../../H-x86_64-mingw32/nios2-elf/lib\libc.a(lib_a-exit.o) (__call_exitprocs)
c:/intelfpga_lite/18.1/nios2eds/bin/gnu/h-x86_64-mingw32/bin/../lib/gcc/nios2-elf/5.3.0\libgcc.a(lib2-divmod.o)
                              ../control_bsp/\libhal_bsp.a(alt_busy_sleep.o) (__udivsi3)
../control_bsp/\libhal_bsp.a(alt_exit.o)
                              c:/intelfpga_lite/18.1/nios2eds/bin/gnu/h-x86_64-mingw32/bin/../lib/gcc/nios2-elf/5.3.0/../../../../../H-x86_64-mingw32/nios2-elf/lib\libc.a(lib_a-exit.o) (_exit)

Allocating common symbols
Common symbol       size              file

alt_irq             0x100             ../control_bsp/\libhal_bsp.a(alt_irq_handler.o)
errno               0x4               c:/intelfpga_lite/18.1/nios2eds/bin/gnu/h-x86_64-mingw32/bin/../lib/gcc/nios2-elf/5.3.0/../../../../../H-x86_64-mingw32/nios2-elf/lib\libc.a(lib_a-int_errno.o)

Memory Configuration

Name             Origin             Length             Attributes
new_sdram_controller_0 0x0000000006000000 0x0000000002000000
reset            0x0000000008008000 0x0000000000000020
control_mem      0x0000000008008020 0x0000000000007fe0
*default*        0x0000000000000000 0xffffffffffffffff

Linker script and memory map

LOAD ../control_bsp//obj/HAL/src/crt0.o
LOAD obj/default/main.o
LOAD c:/intelfpga_lite/18.1/nios2eds/bin/gnu/h-x86_64-mingw32/bin/../lib/gcc/nios2-elf/5.3.0/../../../../../H-x86_64-mingw32/nios2-elf/lib\libstdc++.a
LOAD c:/intelfpga_lite/18.1/nios2eds/bin/gnu/h-x86_64-mingw32/bin/../lib/gcc/nios2-elf/5.3.0/../../../../../H-x86_64-mingw32/nios2-elf/lib\libm.a
LOAD c:/intelfpga_lite/18.1/nios2eds/bin/gnu/h-x86_64-mingw32/bin/../lib/gcc/nios2-elf/5.3.0\libgcc.a
START GROUP
LOAD c:/intelfpga_lite/18.1/nios2eds/bin/gnu/h-x86_64-mingw32/bin/../lib/gcc/nios2-elf/5.3.0/../../../../../H-x86_64-mingw32/nios2-elf/lib\libc.a
LOAD c:/intelfpga_lite/18.1/nios2eds/bin/gnu/h-x86_64-mingw32/bin/../lib/gcc/nios2-elf/5.3.0\libgcc.a
LOAD ../control_bsp/\libhal_bsp.a
LOAD c:/intelfpga_lite/18.1/nios2eds/bin/gnu/h-x86_64-mingw32/bin/../lib/gcc/nios2-elf/5.3.0/../../../../../H-x86_64-mingw32/nios2-elf/lib\libm.a
END GROUP
LOAD c:/intelfpga_lite/18.1/nios2eds/bin/gnu/h-x86_64-mingw32/bin/../lib/gcc/nios2-elf/5.3.0\libgcc.a
                0x0000000004000000                __alt_mem_new_sdram_controller_0 = 0x4000000
                0x0000000008008000                __alt_mem_control_mem = 0x8008000

.entry          0x0000000008008000       0x20
 *(.entry)
 .entry         0x0000000008008000       0x20 ../control_bsp//obj/HAL/src/crt0.o
                0x0000000008008000                __reset

.exceptions     0x0000000008008020      0x228 load address 0x0000000006000000
                0x0000000008008020                PROVIDE (__ram_exceptions_start, ABSOLUTE (.))
                0x0000000008008020                . = ALIGN (0x20)
 *(.irq)
 *(.exceptions.entry.label)
 .exceptions.entry.label
                0x0000000008008020        0x0 ../control_bsp/\libhal_bsp.a(alt_irq_entry.o)
                0x0000000008008020                alt_irq_entry
 .exceptions.entry.label
                0x0000000008008020        0x0 ../control_bsp/\libhal_bsp.a(alt_exception_entry.o)
                0x0000000008008020                alt_exception
 *(.exceptions.entry.user)
 *(.exceptions.entry.ecc_fatal)
 *(.exceptions.entry)
 .exceptions.entry
                0x0000000008008020       0x54 ../control_bsp/\libhal_bsp.a(alt_exception_entry.o)
 *(.exceptions.irqtest.user)
 *(.exceptions.irqtest)
 .exceptions.irqtest
                0x0000000008008074       0x10 ../control_bsp/\libhal_bsp.a(alt_irq_entry.o)
 *(.exceptions.irqhandler.user)
 *(.exceptions.irqhandler)
 .exceptions.irqhandler
                0x0000000008008084        0x4 ../control_bsp/\libhal_bsp.a(alt_irq_entry.o)
 *(.exceptions.irqreturn.user)
 *(.exceptions.irqreturn)
 .exceptions.irqreturn
                0x0000000008008088        0x4 ../control_bsp/\libhal_bsp.a(alt_irq_entry.o)
 *(.exceptions.notirq.label)
 .exceptions.notirq.label
                0x000000000800808c        0x0 ../control_bsp/\libhal_bsp.a(alt_irq_entry.o)
 *(.exceptions.notirq.user)
 *(.exceptions.notirq)
 .exceptions.notirq
                0x000000000800808c        0x8 ../control_bsp/\libhal_bsp.a(alt_exception_entry.o)
 *(.exceptions.soft.user)
 *(.exceptions.soft)
 *(.exceptions.unknown.user)
 *(.exceptions.unknown)
 .exceptions.unknown
                0x0000000008008094       0x14 ../control_bsp/\libhal_bsp.a(alt_exception_entry.o)
 *(.exceptions.exit.label)
 .exceptions.exit.label
                0x00000000080080a8        0x0 ../control_bsp/\libhal_bsp.a(alt_irq_entry.o)
 .exceptions.exit.label
                0x00000000080080a8        0x0 ../control_bsp/\libhal_bsp.a(alt_exception_entry.o)
 *(.exceptions.exit.user)
 *(.exceptions.exit)
 .exceptions.exit
                0x00000000080080a8       0x54 ../control_bsp/\libhal_bsp.a(alt_exception_entry.o)
 *(.exceptions)
 .exceptions    0x00000000080080fc       0xd8 ../control_bsp/\libhal_bsp.a(alt_irq_handler.o)
                0x00000000080080fc                alt_irq_handler
 .exceptions    0x00000000080081d4       0x74 ../control_bsp/\libhal_bsp.a(alt_instruction_exception_entry.o)
                0x00000000080081d4                alt_instruction_exception_entry
                0x0000000008008248                PROVIDE (__ram_exceptions_end, ABSOLUTE (.))
                0x0000000006000000                PROVIDE (__flash_exceptions_start, LOADADDR (.exceptions))

.text           0x0000000006000228     0x324c
                [!provide]                        PROVIDE (stext, ABSOLUTE (.))
 *(.interp)
 *(.hash)
 *(.dynsym)
 *(.dynstr)
 *(.gnu.version)
 *(.gnu.version_d)
 *(.gnu.version_r)
 *(.rel.init)
 *(.rela.init)
 *(.rel.text .rel.text.* .rel.gnu.linkonce.t.*)
 *(.rela.text .rela.text.* .rela.gnu.linkonce.t.*)
 *(.rel.fini)
 *(.rela.fini)
 *(.rel.rodata .rel.rodata.* .rel.gnu.linkonce.r.*)
 *(.rela.rodata .rela.rodata.* .rela.gnu.linkonce.r.*)
 *(.rel.data .rel.data.* .rel.gnu.linkonce.d.*)
 *(.rela.data .rela.data.* .rela.gnu.linkonce.d.*)
 *(.rel.tdata .rel.tdata.* .rel.gnu.linkonce.td.*)
 *(.rela.tdata .rela.tdata.* .rela.gnu.linkonce.td.*)
 *(.rel.tbss .rel.tbss.* .rel.gnu.linkonce.tb.*)
 *(.rela.tbss .rela.tbss.* .rela.gnu.linkonce.tb.*)
 *(.rel.ctors)
 *(.rela.ctors)
 *(.rel.dtors)
 *(.rela.dtors)
 *(.rel.got)
 *(.rela.got)
 *(.rel.sdata .rel.sdata.* .rel.gnu.linkonce.s.*)
 *(.rela.sdata .rela.sdata.* .rela.gnu.linkonce.s.*)
 *(.rel.sbss .rel.sbss.* .rel.gnu.linkonce.sb.*)
 *(.rela.sbss .rela.sbss.* .rela.gnu.linkonce.sb.*)
 *(.rel.sdata2 .rel.sdata2.* .rel.gnu.linkonce.s2.*)
 *(.rela.sdata2 .rela.sdata2.* .rela.gnu.linkonce.s2.*)
 *(.rel.sbss2 .rel.sbss2.* .rel.gnu.linkonce.sb2.*)
 *(.rela.sbss2 .rela.sbss2.* .rela.gnu.linkonce.sb2.*)
 *(.rel.bss .rel.bss.* .rel.gnu.linkonce.b.*)
 *(.rela.bss .rela.bss.* .rela.gnu.linkonce.b.*)
 *(.rel.plt)
 *(.rela.plt)
 *(.rel.dyn)
 *(.init)
 *(.plt)
 *(.text .stub .text.* .gnu.linkonce.t.*)
 .text          0x0000000006000228       0x4c ../control_bsp//obj/HAL/src/crt0.o
                0x0000000006000228                _start
 .text          0x0000000006000274      0xc74 obj/default/main.o
                0x0000000006000da8                main
 .text          0x0000000006000ee8        0x0 c:/intelfpga_lite/18.1/nios2eds/bin/gnu/h-x86_64-mingw32/bin/../lib/gcc/nios2-elf/5.3.0/../../../../../H-x86_64-mingw32/nios2-elf/lib\libc.a(lib_a-memcpy.o)
 .text.memcpy   0x0000000006000ee8      0x148 c:/intelfpga_lite/18.1/nios2eds/bin/gnu/h-x86_64-mingw32/bin/../lib/gcc/nios2-elf/5.3.0/../../../../../H-x86_64-mingw32/nios2-elf/lib\libc.a(lib_a-memcpy.o)
                0x0000000006000ee8                memcpy
 .text          0x0000000006001030        0x0 c:/intelfpga_lite/18.1/nios2eds/bin/gnu/h-x86_64-mingw32/bin/../lib/gcc/nios2-elf/5.3.0/../../../../../H-x86_64-mingw32/nios2-elf/lib\libc.a(lib_a-memset.o)
 .text.memset   0x0000000006001030      0x128 c:/intelfpga_lite/18.1/nios2eds/bin/gnu/h-x86_64-mingw32/bin/../lib/gcc/nios2-elf/5.3.0/../../../../../H-x86_64-mingw32/nios2-elf/lib\libc.a(lib_a-memset.o)
                0x0000000006001030                memset
 .text          0x0000000006001158       0xec ../control_bsp/\libhal_bsp.a(alt_load.o)
                0x00000000060011c0                alt_load
 .text          0x0000000006001244       0x7c ../control_bsp/\libhal_bsp.a(alt_main.o)
                0x0000000006001244                alt_main
 .text          0x00000000060012c0       0x30 ../control_bsp/\libhal_bsp.a(alt_usleep.o)
                0x00000000060012c0                usleep
 .text          0x00000000060012f0       0xc4 ../control_bsp/\libhal_bsp.a(alt_sys_init.o)
                0x0000000006001324                alt_irq_init
                0x000000000600135c                alt_sys_init
 .text          0x00000000060013b4      0x164 ../control_bsp/\libhal_bsp.a(altera_avalon_jtag_uart_fd.o)
                0x00000000060013b4                altera_avalon_jtag_uart_read_fd
                0x0000000006001414                altera_avalon_jtag_uart_write_fd
                0x0000000006001474                altera_avalon_jtag_uart_close_fd
                0x00000000060014c4                altera_avalon_jtag_uart_ioctl_fd
 .text          0x0000000006001518      0x3cc ../control_bsp/\libhal_bsp.a(altera_avalon_jtag_uart_init.o)
                0x0000000006001518                altera_avalon_jtag_uart_init
                0x000000000600187c                altera_avalon_jtag_uart_close
 .text          0x00000000060018e4       0xf0 ../control_bsp/\libhal_bsp.a(altera_avalon_jtag_uart_ioctl.o)
                0x00000000060018e4                altera_avalon_jtag_uart_ioctl
 .text          0x00000000060019d4      0x21c ../control_bsp/\libhal_bsp.a(altera_avalon_jtag_uart_read.o)
                0x00000000060019d4                altera_avalon_jtag_uart_read
 .text          0x0000000006001bf0      0x224 ../control_bsp/\libhal_bsp.a(altera_avalon_jtag_uart_write.o)
                0x0000000006001bf0                altera_avalon_jtag_uart_write
 .text          0x0000000006001e14      0x12c ../control_bsp/\libhal_bsp.a(alt_alarm_start.o)
                0x0000000006001e14                alt_alarm_start
 .text          0x0000000006001f40      0x158 ../control_bsp/\libhal_bsp.a(alt_busy_sleep.o)
                0x0000000006001f40                alt_busy_sleep
 .text          0x0000000006002098      0x10c ../control_bsp/\libhal_bsp.a(alt_close.o)
                0x00000000060020d4                close
 .text          0x00000000060021a4       0x48 ../control_bsp/\libhal_bsp.a(alt_dcache_flush_all.o)
                0x00000000060021a4                alt_dcache_flush_all
 .text          0x00000000060021ec       0x2c ../control_bsp/\libhal_bsp.a(alt_dev.o)
 .text          0x0000000006002218       0xe0 ../control_bsp/\libhal_bsp.a(alt_dev_llist_insert.o)
                0x0000000006002254                alt_dev_llist_insert
 .text          0x00000000060022f8       0x60 ../control_bsp/\libhal_bsp.a(alt_do_ctors.o)
                0x00000000060022f8                _do_ctors
 .text          0x0000000006002358       0x60 ../control_bsp/\libhal_bsp.a(alt_do_dtors.o)
                0x0000000006002358                _do_dtors
 .text          0x00000000060023b8        0x0 ../control_bsp/\libhal_bsp.a(alt_errno.o)
 .text          0x00000000060023b8       0x34 ../control_bsp/\libhal_bsp.a(alt_icache_flush_all.o)
                0x00000000060023b8                alt_icache_flush_all
 .text          0x00000000060023ec      0x140 ../control_bsp/\libhal_bsp.a(alt_io_redirect.o)
                0x00000000060024b0                alt_io_redirect
 .text          0x000000000600252c      0x180 ../control_bsp/\libhal_bsp.a(alt_irq_register.o)
                0x000000000600252c                alt_irq_register
 .text          0x00000000060026ac        0x0 ../control_bsp/\libhal_bsp.a(alt_irq_vars.o)
 .text          0x00000000060026ac      0x254 ../control_bsp/\libhal_bsp.a(alt_open.o)
                0x00000000060027ac                open
 .text          0x0000000006002900       0x64 ../control_bsp/\libhal_bsp.a(alt_release_fd.o)
                0x0000000006002900                alt_release_fd
 .text          0x0000000006002964      0x1a4 ../control_bsp/\libhal_bsp.a(alt_tick.o)
                0x0000000006002964                alt_alarm_stop
                0x0000000006002a00                alt_tick
 .text          0x0000000006002b08       0x24 ../control_bsp/\libhal_bsp.a(altera_nios2_gen2_irq.o)
                0x0000000006002b08                altera_nios2_gen2_irq_init
 .text          0x0000000006002b2c       0x90 ../control_bsp/\libhal_bsp.a(alt_find_dev.o)
                0x0000000006002b2c                alt_find_dev
 .text          0x0000000006002bbc      0x108 ../control_bsp/\libhal_bsp.a(alt_find_file.o)
                0x0000000006002bbc                alt_find_file
 .text          0x0000000006002cc4       0xa4 ../control_bsp/\libhal_bsp.a(alt_get_fd.o)
                0x0000000006002cc4                alt_get_fd
 .text          0x0000000006002d68       0x90 ../control_bsp/\libhal_bsp.a(alt_icache_flush.o)
                0x0000000006002d68                alt_icache_flush
 .text          0x0000000006002df8        0x0 ../control_bsp/\libhal_bsp.a(alt_irq_entry.o)
 .text          0x0000000006002df8        0x0 ../control_bsp/\libhal_bsp.a(alt_irq_handler.o)
 .text          0x0000000006002df8        0x0 ../control_bsp/\libhal_bsp.a(alt_exception_entry.o)
 .text          0x0000000006002df8       0x9c ../control_bsp/\libhal_bsp.a(alt_instruction_exception_entry.o)
                0x0000000006002df8                alt_exception_cause_generated_bad_addr
 .text          0x0000000006002e94        0x0 c:/intelfpga_lite/18.1/nios2eds/bin/gnu/h-x86_64-mingw32/bin/../lib/gcc/nios2-elf/5.3.0/../../../../../H-x86_64-mingw32/nios2-elf/lib\libc.a(lib_a-atexit.o)
 .text.atexit   0x0000000006002e94       0x14 c:/intelfpga_lite/18.1/nios2eds/bin/gnu/h-x86_64-mingw32/bin/../lib/gcc/nios2-elf/5.3.0/../../../../../H-x86_64-mingw32/nios2-elf/lib\libc.a(lib_a-atexit.o)
                0x0000000006002e94                atexit
 .text          0x0000000006002ea8        0x0 c:/intelfpga_lite/18.1/nios2eds/bin/gnu/h-x86_64-mingw32/bin/../lib/gcc/nios2-elf/5.3.0/../../../../../H-x86_64-mingw32/nios2-elf/lib\libc.a(lib_a-exit.o)
 .text.exit     0x0000000006002ea8       0x38 c:/intelfpga_lite/18.1/nios2eds/bin/gnu/h-x86_64-mingw32/bin/../lib/gcc/nios2-elf/5.3.0/../../../../../H-x86_64-mingw32/nios2-elf/lib\libc.a(lib_a-exit.o)
                0x0000000006002ea8                exit
 .text          0x0000000006002ee0        0x0 c:/intelfpga_lite/18.1/nios2eds/bin/gnu/h-x86_64-mingw32/bin/../lib/gcc/nios2-elf/5.3.0/../../../../../H-x86_64-mingw32/nios2-elf/lib\libc.a(lib_a-impure.o)
 .text          0x0000000006002ee0        0x0 c:/intelfpga_lite/18.1/nios2eds/bin/gnu/h-x86_64-mingw32/bin/../lib/gcc/nios2-elf/5.3.0/../../../../../H-x86_64-mingw32/nios2-elf/lib\libc.a(lib_a-int_errno.o)
 .text          0x0000000006002ee0        0x0 c:/intelfpga_lite/18.1/nios2eds/bin/gnu/h-x86_64-mingw32/bin/../lib/gcc/nios2-elf/5.3.0/../../../../../H-x86_64-mingw32/nios2-elf/lib\libc.a(lib_a-memcmp.o)
 .text.memcmp   0x0000000006002ee0       0x7c c:/intelfpga_lite/18.1/nios2eds/bin/gnu/h-x86_64-mingw32/bin/../lib/gcc/nios2-elf/5.3.0/../../../../../H-x86_64-mingw32/nios2-elf/lib\libc.a(lib_a-memcmp.o)
                0x0000000006002ee0                memcmp
 .text          0x0000000006002f5c        0x0 c:/intelfpga_lite/18.1/nios2eds/bin/gnu/h-x86_64-mingw32/bin/../lib/gcc/nios2-elf/5.3.0/../../../../../H-x86_64-mingw32/nios2-elf/lib\libc.a(lib_a-strlen.o)
 .text.strlen   0x0000000006002f5c       0x98 c:/intelfpga_lite/18.1/nios2eds/bin/gnu/h-x86_64-mingw32/bin/../lib/gcc/nios2-elf/5.3.0/../../../../../H-x86_64-mingw32/nios2-elf/lib\libc.a(lib_a-strlen.o)
                0x0000000006002f5c                strlen
 .text          0x0000000006002ff4        0x0 c:/intelfpga_lite/18.1/nios2eds/bin/gnu/h-x86_64-mingw32/bin/../lib/gcc/nios2-elf/5.3.0/../../../../../H-x86_64-mingw32/nios2-elf/lib\libc.a(lib_a-__atexit.o)
 .text.__register_exitproc
                0x0000000006002ff4      0x118 c:/intelfpga_lite/18.1/nios2eds/bin/gnu/h-x86_64-mingw32/bin/../lib/gcc/nios2-elf/5.3.0/../../../../../H-x86_64-mingw32/nios2-elf/lib\libc.a(lib_a-__atexit.o)
                0x0000000006002ff4                __register_exitproc
 .text          0x000000000600310c        0x0 c:/intelfpga_lite/18.1/nios2eds/bin/gnu/h-x86_64-mingw32/bin/../lib/gcc/nios2-elf/5.3.0/../../../../../H-x86_64-mingw32/nios2-elf/lib\libc.a(lib_a-__call_atexit.o)
 .text.__call_exitprocs
                0x000000000600310c      0x180 c:/intelfpga_lite/18.1/nios2eds/bin/gnu/h-x86_64-mingw32/bin/../lib/gcc/nios2-elf/5.3.0/../../../../../H-x86_64-mingw32/nios2-elf/lib\libc.a(lib_a-__call_atexit.o)
                0x000000000600310c                __call_exitprocs
 .text          0x000000000600328c      0x1b4 c:/intelfpga_lite/18.1/nios2eds/bin/gnu/h-x86_64-mingw32/bin/../lib/gcc/nios2-elf/5.3.0\libgcc.a(lib2-divmod.o)
                0x000000000600328c                __divsi3
                0x0000000006003310                __modsi3
                0x0000000006003384                __udivsi3
                0x00000000060033e8                __umodsi3
 .text          0x0000000006003440       0x34 ../control_bsp/\libhal_bsp.a(alt_exit.o)
                0x0000000006003440                _exit
 *(.gnu.warning.*)
 *(.fini)
                [!provide]                        PROVIDE (__etext, ABSOLUTE (.))
                [!provide]                        PROVIDE (_etext, ABSOLUTE (.))
                [!provide]                        PROVIDE (etext, ABSOLUTE (.))
 *(.eh_frame_hdr)
                0x0000000006003474                . = ALIGN (0x4)
                [!provide]                        PROVIDE (__preinit_array_start, ABSOLUTE (.))
 *(.preinit_array)
                [!provide]                        PROVIDE (__preinit_array_end, ABSOLUTE (.))
                [!provide]                        PROVIDE (__init_array_start, ABSOLUTE (.))
 *(.init_array)
                [!provide]                        PROVIDE (__init_array_end, ABSOLUTE (.))
                [!provide]                        PROVIDE (__fini_array_start, ABSOLUTE (.))
 *(.fini_array)
                [!provide]                        PROVIDE (__fini_array_end, ABSOLUTE (.))
 *(.eh_frame)
 *(.gcc_except_table .gcc_except_table.*)
 *(.dynamic)
                0x0000000006003474                PROVIDE (__CTOR_LIST__, ABSOLUTE (.))
 *(.ctors)
 *(SORT(.ctors.*))
                0x0000000006003474                PROVIDE (__CTOR_END__, ABSOLUTE (.))
                0x0000000006003474                PROVIDE (__DTOR_LIST__, ABSOLUTE (.))
 *(.dtors)
 *(SORT(.dtors.*))
                0x0000000006003474                PROVIDE (__DTOR_END__, ABSOLUTE (.))
 *(.jcr)
                0x0000000006003474                . = ALIGN (0x4)

.rodata         0x0000000006003474       0x74
                0x0000000006003474                PROVIDE (__ram_rodata_start, ABSOLUTE (.))
                0x0000000006003474                . = ALIGN (0x4)
 *(.rodata .rodata.* .gnu.linkonce.r.*)
 .rodata        0x0000000006003474       0x1f obj/default/main.o
 *fill*         0x0000000006003493        0x1 
 .rodata        0x0000000006003494       0x11 ../control_bsp/\libhal_bsp.a(alt_main.o)
 *fill*         0x00000000060034a5        0x3 
 .rodata        0x00000000060034a8       0x2d ../control_bsp/\libhal_bsp.a(alt_sys_init.o)
 *fill*         0x00000000060034d5        0x3 
 .rodata        0x00000000060034d8        0xa ../control_bsp/\libhal_bsp.a(alt_dev.o)
 *fill*         0x00000000060034e2        0x2 
 .rodata.str1.4
                0x00000000060034e4        0x4 c:/intelfpga_lite/18.1/nios2eds/bin/gnu/h-x86_64-mingw32/bin/../lib/gcc/nios2-elf/5.3.0/../../../../../H-x86_64-mingw32/nios2-elf/lib\libc.a(lib_a-impure.o)
                                          0x2 (size before relaxing)
 *(.rodata1)
                0x00000000060034e8                . = ALIGN (0x4)
                0x00000000060034e8                PROVIDE (__ram_rodata_end, ABSOLUTE (.))
                0x0000000006003474                PROVIDE (__flash_rodata_start, LOADADDR (.rodata))

.rwdata         0x00000000060034e8     0x1694 load address 0x0000000006004b7c
                0x00000000060034e8                PROVIDE (__ram_rwdata_start, ABSOLUTE (.))
                0x00000000060034e8                . = ALIGN (0x4)
 *(.got.plt)
 *(.got)
 *(.data1)
 *(.data .data.* .gnu.linkonce.d.*)
 .data          0x00000000060034e8        0x0 ../control_bsp//obj/HAL/src/crt0.o
 .data          0x00000000060034e8        0x0 obj/default/main.o
 .data          0x00000000060034e8        0x0 c:/intelfpga_lite/18.1/nios2eds/bin/gnu/h-x86_64-mingw32/bin/../lib/gcc/nios2-elf/5.3.0/../../../../../H-x86_64-mingw32/nios2-elf/lib\libc.a(lib_a-memcpy.o)
 .data          0x00000000060034e8        0x0 c:/intelfpga_lite/18.1/nios2eds/bin/gnu/h-x86_64-mingw32/bin/../lib/gcc/nios2-elf/5.3.0/../../../../../H-x86_64-mingw32/nios2-elf/lib\libc.a(lib_a-memset.o)
 .data          0x00000000060034e8        0x0 ../control_bsp/\libhal_bsp.a(alt_load.o)
 .data          0x00000000060034e8        0x0 ../control_bsp/\libhal_bsp.a(alt_main.o)
 .data          0x00000000060034e8        0x0 ../control_bsp/\libhal_bsp.a(alt_usleep.o)
 .data          0x00000000060034e8     0x108c ../control_bsp/\libhal_bsp.a(alt_sys_init.o)
 .data          0x0000000006004574        0x0 ../control_bsp/\libhal_bsp.a(altera_avalon_jtag_uart_fd.o)
 .data          0x0000000006004574        0x0 ../control_bsp/\libhal_bsp.a(altera_avalon_jtag_uart_init.o)
 .data          0x0000000006004574        0x0 ../control_bsp/\libhal_bsp.a(altera_avalon_jtag_uart_ioctl.o)
 .data          0x0000000006004574        0x0 ../control_bsp/\libhal_bsp.a(altera_avalon_jtag_uart_read.o)
 .data          0x0000000006004574        0x0 ../control_bsp/\libhal_bsp.a(altera_avalon_jtag_uart_write.o)
 .data          0x0000000006004574        0x0 ../control_bsp/\libhal_bsp.a(alt_alarm_start.o)
 .data          0x0000000006004574        0x0 ../control_bsp/\libhal_bsp.a(alt_busy_sleep.o)
 .data          0x0000000006004574        0x0 ../control_bsp/\libhal_bsp.a(alt_close.o)
 .data          0x0000000006004574        0x0 ../control_bsp/\libhal_bsp.a(alt_dcache_flush_all.o)
 .data          0x0000000006004574      0x1a8 ../control_bsp/\libhal_bsp.a(alt_dev.o)
                0x0000000006004574                alt_dev_null
                0x000000000600459c                alt_fd_list
 .data          0x000000000600471c        0x0 ../control_bsp/\libhal_bsp.a(alt_dev_llist_insert.o)
 .data          0x000000000600471c        0x0 ../control_bsp/\libhal_bsp.a(alt_do_ctors.o)
 .data          0x000000000600471c        0x0 ../control_bsp/\libhal_bsp.a(alt_do_dtors.o)
 .data          0x000000000600471c        0x0 ../control_bsp/\libhal_bsp.a(alt_errno.o)
 .data          0x000000000600471c        0x0 ../control_bsp/\libhal_bsp.a(alt_icache_flush_all.o)
 .data          0x000000000600471c        0x0 ../control_bsp/\libhal_bsp.a(alt_io_redirect.o)
 .data          0x000000000600471c        0x0 ../control_bsp/\libhal_bsp.a(alt_irq_register.o)
 .data          0x000000000600471c        0x0 ../control_bsp/\libhal_bsp.a(alt_irq_vars.o)
 .data          0x000000000600471c        0x0 ../control_bsp/\libhal_bsp.a(alt_open.o)
 .data          0x000000000600471c        0x0 ../control_bsp/\libhal_bsp.a(alt_release_fd.o)
 .data          0x000000000600471c        0x0 ../control_bsp/\libhal_bsp.a(alt_tick.o)
 .data          0x000000000600471c        0x0 ../control_bsp/\libhal_bsp.a(altera_nios2_gen2_irq.o)
 .data          0x000000000600471c        0x0 ../control_bsp/\libhal_bsp.a(alt_find_dev.o)
 .data          0x000000000600471c        0x0 ../control_bsp/\libhal_bsp.a(alt_find_file.o)
 .data          0x000000000600471c        0x0 ../control_bsp/\libhal_bsp.a(alt_get_fd.o)
 .data          0x000000000600471c        0x0 ../control_bsp/\libhal_bsp.a(alt_icache_flush.o)
 .data          0x000000000600471c        0x0 ../control_bsp/\libhal_bsp.a(alt_irq_entry.o)
 .data          0x000000000600471c        0x0 ../control_bsp/\libhal_bsp.a(alt_irq_handler.o)
 .data          0x000000000600471c        0x0 ../control_bsp/\libhal_bsp.a(alt_exception_entry.o)
 .data          0x000000000600471c        0x0 ../control_bsp/\libhal_bsp.a(alt_instruction_exception_entry.o)
 .data          0x000000000600471c        0x0 c:/intelfpga_lite/18.1/nios2eds/bin/gnu/h-x86_64-mingw32/bin/../lib/gcc/nios2-elf/5.3.0/../../../../../H-x86_64-mingw32/nios2-elf/lib\libc.a(lib_a-atexit.o)
 .data          0x000000000600471c        0x0 c:/intelfpga_lite/18.1/nios2eds/bin/gnu/h-x86_64-mingw32/bin/../lib/gcc/nios2-elf/5.3.0/../../../../../H-x86_64-mingw32/nios2-elf/lib\libc.a(lib_a-exit.o)
 .data          0x000000000600471c        0x0 c:/intelfpga_lite/18.1/nios2eds/bin/gnu/h-x86_64-mingw32/bin/../lib/gcc/nios2-elf/5.3.0/../../../../../H-x86_64-mingw32/nios2-elf/lib\libc.a(lib_a-impure.o)
 .data.impure_data
                0x000000000600471c      0x424 c:/intelfpga_lite/18.1/nios2eds/bin/gnu/h-x86_64-mingw32/bin/../lib/gcc/nios2-elf/5.3.0/../../../../../H-x86_64-mingw32/nios2-elf/lib\libc.a(lib_a-impure.o)
 .data          0x0000000006004b40        0x0 c:/intelfpga_lite/18.1/nios2eds/bin/gnu/h-x86_64-mingw32/bin/../lib/gcc/nios2-elf/5.3.0/../../../../../H-x86_64-mingw32/nios2-elf/lib\libc.a(lib_a-int_errno.o)
 .data          0x0000000006004b40        0x0 c:/intelfpga_lite/18.1/nios2eds/bin/gnu/h-x86_64-mingw32/bin/../lib/gcc/nios2-elf/5.3.0/../../../../../H-x86_64-mingw32/nios2-elf/lib\libc.a(lib_a-memcmp.o)
 .data          0x0000000006004b40        0x0 c:/intelfpga_lite/18.1/nios2eds/bin/gnu/h-x86_64-mingw32/bin/../lib/gcc/nios2-elf/5.3.0/../../../../../H-x86_64-mingw32/nios2-elf/lib\libc.a(lib_a-strlen.o)
 .data          0x0000000006004b40        0x0 c:/intelfpga_lite/18.1/nios2eds/bin/gnu/h-x86_64-mingw32/bin/../lib/gcc/nios2-elf/5.3.0/../../../../../H-x86_64-mingw32/nios2-elf/lib\libc.a(lib_a-__atexit.o)
 .data          0x0000000006004b40        0x0 c:/intelfpga_lite/18.1/nios2eds/bin/gnu/h-x86_64-mingw32/bin/../lib/gcc/nios2-elf/5.3.0/../../../../../H-x86_64-mingw32/nios2-elf/lib\libc.a(lib_a-__call_atexit.o)
 .data          0x0000000006004b40        0x0 c:/intelfpga_lite/18.1/nios2eds/bin/gnu/h-x86_64-mingw32/bin/../lib/gcc/nios2-elf/5.3.0\libgcc.a(lib2-divmod.o)
 .data          0x0000000006004b40        0x0 ../control_bsp/\libhal_bsp.a(alt_exit.o)
                0x000000000600cb40                _gp = ABSOLUTE ((. + 0x8000))
                [!provide]                        PROVIDE (gp, _gp)
 *(.rwdata .rwdata.*)
 *(.sdata .sdata.* .gnu.linkonce.s.*)
 .sdata         0x0000000006004b40        0xf obj/default/main.o
 *fill*         0x0000000006004b4f        0x1 
 .sdata         0x0000000006004b50       0x14 ../control_bsp/\libhal_bsp.a(alt_dev.o)
                0x0000000006004b50                alt_fs_list
                0x0000000006004b58                alt_dev_list
                0x0000000006004b60                alt_max_fd
 .sdata         0x0000000006004b64        0x4 ../control_bsp/\libhal_bsp.a(alt_errno.o)
                0x0000000006004b64                alt_errno
 .sdata         0x0000000006004b68        0x4 ../control_bsp/\libhal_bsp.a(alt_irq_vars.o)
                0x0000000006004b68                alt_priority_mask
 .sdata         0x0000000006004b6c        0x8 ../control_bsp/\libhal_bsp.a(alt_tick.o)
                0x0000000006004b6c                alt_alarm_list
 .sdata._global_impure_ptr
                0x0000000006004b74        0x4 c:/intelfpga_lite/18.1/nios2eds/bin/gnu/h-x86_64-mingw32/bin/../lib/gcc/nios2-elf/5.3.0/../../../../../H-x86_64-mingw32/nios2-elf/lib\libc.a(lib_a-impure.o)
                0x0000000006004b74                _global_impure_ptr
 .sdata._impure_ptr
                0x0000000006004b78        0x4 c:/intelfpga_lite/18.1/nios2eds/bin/gnu/h-x86_64-mingw32/bin/../lib/gcc/nios2-elf/5.3.0/../../../../../H-x86_64-mingw32/nios2-elf/lib\libc.a(lib_a-impure.o)
                0x0000000006004b78                _impure_ptr
 *(.sdata2 .sdata2.* .gnu.linkonce.s2.*)
                0x0000000006004b7c                . = ALIGN (0x4)
                0x0000000006004b7c                _edata = ABSOLUTE (.)
                [!provide]                        PROVIDE (edata, ABSOLUTE (.))
                0x0000000006004b7c                PROVIDE (__ram_rwdata_end, ABSOLUTE (.))
                0x0000000006004b7c                PROVIDE (__flash_rwdata_start, LOADADDR (.rwdata))

.bss            0x0000000006006210      0x140
                0x0000000006006210                __bss_start = ABSOLUTE (.)
                [!provide]                        PROVIDE (__sbss_start, ABSOLUTE (.))
                [!provide]                        PROVIDE (___sbss_start, ABSOLUTE (.))
 *(.dynsbss)
 *(.sbss .sbss.* .gnu.linkonce.sb.*)
 .sbss          0x0000000006006210       0x20 obj/default/main.o
 .sbss          0x0000000006006230        0xc ../control_bsp/\libhal_bsp.a(alt_main.o)
                0x0000000006006230                alt_argc
                0x0000000006006234                alt_argv
                0x0000000006006238                alt_envp
 .sbss          0x000000000600623c        0x4 ../control_bsp/\libhal_bsp.a(alt_irq_vars.o)
                0x000000000600623c                alt_irq_active
 .sbss          0x0000000006006240        0x8 ../control_bsp/\libhal_bsp.a(alt_tick.o)
                0x0000000006006240                _alt_tick_rate
                0x0000000006006244                _alt_nticks
 .sbss          0x0000000006006248        0x4 ../control_bsp/\libhal_bsp.a(alt_instruction_exception_entry.o)
                0x0000000006006248                alt_instruction_exception_handler
 .sbss          0x000000000600624c        0x4 c:/intelfpga_lite/18.1/nios2eds/bin/gnu/h-x86_64-mingw32/bin/../lib/gcc/nios2-elf/5.3.0/../../../../../H-x86_64-mingw32/nios2-elf/lib\libc.a(lib_a-int_errno.o)
                0x000000000600624c                errno
 *(.sbss2 .sbss2.* .gnu.linkonce.sb2.*)
 *(.scommon)
                [!provide]                        PROVIDE (__sbss_end, ABSOLUTE (.))
                [!provide]                        PROVIDE (___sbss_end, ABSOLUTE (.))
 *(.dynbss)
 *(.bss .bss.* .gnu.linkonce.b.*)
 .bss           0x0000000006006250        0x0 ../control_bsp//obj/HAL/src/crt0.o
 .bss           0x0000000006006250        0x0 obj/default/main.o
 .bss           0x0000000006006250        0x0 c:/intelfpga_lite/18.1/nios2eds/bin/gnu/h-x86_64-mingw32/bin/../lib/gcc/nios2-elf/5.3.0/../../../../../H-x86_64-mingw32/nios2-elf/lib\libc.a(lib_a-memcpy.o)
 .bss           0x0000000006006250        0x0 c:/intelfpga_lite/18.1/nios2eds/bin/gnu/h-x86_64-mingw32/bin/../lib/gcc/nios2-elf/5.3.0/../../../../../H-x86_64-mingw32/nios2-elf/lib\libc.a(lib_a-memset.o)
 .bss           0x0000000006006250        0x0 ../control_bsp/\libhal_bsp.a(alt_load.o)
 .bss           0x0000000006006250        0x0 ../control_bsp/\libhal_bsp.a(alt_main.o)
 .bss           0x0000000006006250        0x0 ../control_bsp/\libhal_bsp.a(alt_usleep.o)
 .bss           0x0000000006006250        0x0 ../control_bsp/\libhal_bsp.a(alt_sys_init.o)
 .bss           0x0000000006006250        0x0 ../control_bsp/\libhal_bsp.a(altera_avalon_jtag_uart_fd.o)
 .bss           0x0000000006006250        0x0 ../control_bsp/\libhal_bsp.a(altera_avalon_jtag_uart_init.o)
 .bss           0x0000000006006250        0x0 ../control_bsp/\libhal_bsp.a(altera_avalon_jtag_uart_ioctl.o)
 .bss           0x0000000006006250        0x0 ../control_bsp/\libhal_bsp.a(altera_avalon_jtag_uart_read.o)
 .bss           0x0000000006006250        0x0 ../control_bsp/\libhal_bsp.a(altera_avalon_jtag_uart_write.o)
 .bss           0x0000000006006250        0x0 ../control_bsp/\libhal_bsp.a(alt_alarm_start.o)
 .bss           0x0000000006006250        0x0 ../control_bsp/\libhal_bsp.a(alt_busy_sleep.o)
 .bss           0x0000000006006250        0x0 ../control_bsp/\libhal_bsp.a(alt_close.o)
 .bss           0x0000000006006250        0x0 ../control_bsp/\libhal_bsp.a(alt_dcache_flush_all.o)
 .bss           0x0000000006006250        0x0 ../control_bsp/\libhal_bsp.a(alt_dev.o)
 .bss           0x0000000006006250        0x0 ../control_bsp/\libhal_bsp.a(alt_dev_llist_insert.o)
 .bss           0x0000000006006250        0x0 ../control_bsp/\libhal_bsp.a(alt_do_ctors.o)
 .bss           0x0000000006006250        0x0 ../control_bsp/\libhal_bsp.a(alt_do_dtors.o)
 .bss           0x0000000006006250        0x0 ../control_bsp/\libhal_bsp.a(alt_errno.o)
 .bss           0x0000000006006250        0x0 ../control_bsp/\libhal_bsp.a(alt_icache_flush_all.o)
 .bss           0x0000000006006250        0x0 ../control_bsp/\libhal_bsp.a(alt_io_redirect.o)
 .bss           0x0000000006006250        0x0 ../control_bsp/\libhal_bsp.a(alt_irq_register.o)
 .bss           0x0000000006006250        0x0 ../control_bsp/\libhal_bsp.a(alt_irq_vars.o)
 .bss           0x0000000006006250        0x0 ../control_bsp/\libhal_bsp.a(alt_open.o)
 .bss           0x0000000006006250        0x0 ../control_bsp/\libhal_bsp.a(alt_release_fd.o)
 .bss           0x0000000006006250        0x0 ../control_bsp/\libhal_bsp.a(alt_tick.o)
 .bss           0x0000000006006250        0x0 ../control_bsp/\libhal_bsp.a(altera_nios2_gen2_irq.o)
 .bss           0x0000000006006250        0x0 ../control_bsp/\libhal_bsp.a(alt_find_dev.o)
 .bss           0x0000000006006250        0x0 ../control_bsp/\libhal_bsp.a(alt_find_file.o)
 .bss           0x0000000006006250        0x0 ../control_bsp/\libhal_bsp.a(alt_get_fd.o)
 .bss           0x0000000006006250        0x0 ../control_bsp/\libhal_bsp.a(alt_icache_flush.o)
 .bss           0x0000000006006250        0x0 ../control_bsp/\libhal_bsp.a(alt_irq_entry.o)
 .bss           0x0000000006006250        0x0 ../control_bsp/\libhal_bsp.a(alt_irq_handler.o)
 .bss           0x0000000006006250        0x0 ../control_bsp/\libhal_bsp.a(alt_exception_entry.o)
 .bss           0x0000000006006250        0x0 ../control_bsp/\libhal_bsp.a(alt_instruction_exception_entry.o)
 .bss           0x0000000006006250        0x0 c:/intelfpga_lite/18.1/nios2eds/bin/gnu/h-x86_64-mingw32/bin/../lib/gcc/nios2-elf/5.3.0/../../../../../H-x86_64-mingw32/nios2-elf/lib\libc.a(lib_a-atexit.o)
 .bss           0x0000000006006250        0x0 c:/intelfpga_lite/18.1/nios2eds/bin/gnu/h-x86_64-mingw32/bin/../lib/gcc/nios2-elf/5.3.0/../../../../../H-x86_64-mingw32/nios2-elf/lib\libc.a(lib_a-exit.o)
 .bss           0x0000000006006250        0x0 c:/intelfpga_lite/18.1/nios2eds/bin/gnu/h-x86_64-mingw32/bin/../lib/gcc/nios2-elf/5.3.0/../../../../../H-x86_64-mingw32/nios2-elf/lib\libc.a(lib_a-impure.o)
 .bss           0x0000000006006250        0x0 c:/intelfpga_lite/18.1/nios2eds/bin/gnu/h-x86_64-mingw32/bin/../lib/gcc/nios2-elf/5.3.0/../../../../../H-x86_64-mingw32/nios2-elf/lib\libc.a(lib_a-int_errno.o)
 .bss           0x0000000006006250        0x0 c:/intelfpga_lite/18.1/nios2eds/bin/gnu/h-x86_64-mingw32/bin/../lib/gcc/nios2-elf/5.3.0/../../../../../H-x86_64-mingw32/nios2-elf/lib\libc.a(lib_a-memcmp.o)
 .bss           0x0000000006006250        0x0 c:/intelfpga_lite/18.1/nios2eds/bin/gnu/h-x86_64-mingw32/bin/../lib/gcc/nios2-elf/5.3.0/../../../../../H-x86_64-mingw32/nios2-elf/lib\libc.a(lib_a-strlen.o)
 .bss           0x0000000006006250        0x0 c:/intelfpga_lite/18.1/nios2eds/bin/gnu/h-x86_64-mingw32/bin/../lib/gcc/nios2-elf/5.3.0/../../../../../H-x86_64-mingw32/nios2-elf/lib\libc.a(lib_a-__atexit.o)
 .bss           0x0000000006006250        0x0 c:/intelfpga_lite/18.1/nios2eds/bin/gnu/h-x86_64-mingw32/bin/../lib/gcc/nios2-elf/5.3.0/../../../../../H-x86_64-mingw32/nios2-elf/lib\libc.a(lib_a-__call_atexit.o)
 .bss           0x0000000006006250        0x0 c:/intelfpga_lite/18.1/nios2eds/bin/gnu/h-x86_64-mingw32/bin/../lib/gcc/nios2-elf/5.3.0\libgcc.a(lib2-divmod.o)
 .bss           0x0000000006006250        0x0 ../control_bsp/\libhal_bsp.a(alt_exit.o)
 *(COMMON)
 COMMON         0x0000000006006250      0x100 ../control_bsp/\libhal_bsp.a(alt_irq_handler.o)
                0x0000000006006250                alt_irq
                0x0000000006006350                . = ALIGN (0x4)
                0x0000000006006350                __bss_end = ABSOLUTE (.)

.new_sdram_controller_0
                0x0000000006006350        0x0
                [!provide]                        PROVIDE (_alt_partition_new_sdram_controller_0_start, ABSOLUTE (.))
 *(.new_sdram_controller_0 .new_sdram_controller_0. new_sdram_controller_0.*)
                0x0000000006006350                . = ALIGN (0x4)
                [!provide]                        PROVIDE (_alt_partition_new_sdram_controller_0_end, ABSOLUTE (.))
                0x0000000006006350                _end = ABSOLUTE (.)
                0x0000000006006350                end = ABSOLUTE (.)
                0x0000000006006350                __alt_stack_base = ABSOLUTE (.)
                [!provide]                        PROVIDE (_alt_partition_new_sdram_controller_0_load_addr, LOADADDR (.new_sdram_controller_0))

.control_mem    0x0000000008008248        0x0 load address 0x0000000006006350
                [!provide]                        PROVIDE (_alt_partition_control_mem_start, ABSOLUTE (.))
 *(.control_mem .control_mem. control_mem.*)
                0x0000000008008248                . = ALIGN (0x4)
                [!provide]                        PROVIDE (_alt_partition_control_mem_end, ABSOLUTE (.))
                [!provide]                        PROVIDE (_alt_partition_control_mem_load_addr, LOADADDR (.control_mem))

.stab
 *(.stab)

.stabstr
 *(.stabstr)

.stab.excl
 *(.stab.excl)

.stab.exclstr
 *(.stab.exclstr)

.stab.index
 *(.stab.index)

.stab.indexstr
 *(.stab.indexstr)

.comment        0x0000000000000000       0x23
 *(.comment)
 .comment       0x0000000000000000       0x23 obj/default/main.o
                                         0x24 (size before relaxing)
 .comment       0x0000000000000023       0x24 c:/intelfpga_lite/18.1/nios2eds/bin/gnu/h-x86_64-mingw32/bin/../lib/gcc/nios2-elf/5.3.0/../../../../../H-x86_64-mingw32/nios2-elf/lib\libc.a(lib_a-memcpy.o)
 .comment       0x0000000000000023       0x24 c:/intelfpga_lite/18.1/nios2eds/bin/gnu/h-x86_64-mingw32/bin/../lib/gcc/nios2-elf/5.3.0/../../../../../H-x86_64-mingw32/nios2-elf/lib\libc.a(lib_a-memset.o)
 .comment       0x0000000000000023       0x24 ../control_bsp/\libhal_bsp.a(alt_load.o)
 .comment       0x0000000000000023       0x24 ../control_bsp/\libhal_bsp.a(alt_main.o)
 .comment       0x0000000000000023       0x24 ../control_bsp/\libhal_bsp.a(alt_usleep.o)
 .comment       0x0000000000000023       0x24 ../control_bsp/\libhal_bsp.a(alt_sys_init.o)
 .comment       0x0000000000000023       0x24 ../control_bsp/\libhal_bsp.a(altera_avalon_jtag_uart_fd.o)
 .comment       0x0000000000000023       0x24 ../control_bsp/\libhal_bsp.a(altera_avalon_jtag_uart_init.o)
 .comment       0x0000000000000023       0x24 ../control_bsp/\libhal_bsp.a(altera_avalon_jtag_uart_ioctl.o)
 .comment       0x0000000000000023       0x24 ../control_bsp/\libhal_bsp.a(altera_avalon_jtag_uart_read.o)
 .comment       0x0000000000000023       0x24 ../control_bsp/\libhal_bsp.a(altera_avalon_jtag_uart_write.o)
 .comment       0x0000000000000023       0x24 ../control_bsp/\libhal_bsp.a(alt_alarm_start.o)
 .comment       0x0000000000000023       0x24 ../control_bsp/\libhal_bsp.a(alt_busy_sleep.o)
 .comment       0x0000000000000023       0x24 ../control_bsp/\libhal_bsp.a(alt_close.o)
 .comment       0x0000000000000023       0x24 ../control_bsp/\libhal_bsp.a(alt_dcache_flush_all.o)
 .comment       0x0000000000000023       0x24 ../control_bsp/\libhal_bsp.a(alt_dev.o)
 .comment       0x0000000000000023       0x24 ../control_bsp/\libhal_bsp.a(alt_dev_llist_insert.o)
 .comment       0x0000000000000023       0x24 ../control_bsp/\libhal_bsp.a(alt_do_ctors.o)
 .comment       0x0000000000000023       0x24 ../control_bsp/\libhal_bsp.a(alt_do_dtors.o)
 .comment       0x0000000000000023       0x24 ../control_bsp/\libhal_bsp.a(alt_errno.o)
 .comment       0x0000000000000023       0x24 ../control_bsp/\libhal_bsp.a(alt_icache_flush_all.o)
 .comment       0x0000000000000023       0x24 ../control_bsp/\libhal_bsp.a(alt_io_redirect.o)
 .comment       0x0000000000000023       0x24 ../control_bsp/\libhal_bsp.a(alt_irq_register.o)
 .comment       0x0000000000000023       0x24 ../control_bsp/\libhal_bsp.a(alt_irq_vars.o)
 .comment       0x0000000000000023       0x24 ../control_bsp/\libhal_bsp.a(alt_open.o)
 .comment       0x0000000000000023       0x24 ../control_bsp/\libhal_bsp.a(alt_release_fd.o)
 .comment       0x0000000000000023       0x24 ../control_bsp/\libhal_bsp.a(alt_tick.o)
 .comment       0x0000000000000023       0x24 ../control_bsp/\libhal_bsp.a(altera_nios2_gen2_irq.o)
 .comment       0x0000000000000023       0x24 ../control_bsp/\libhal_bsp.a(alt_find_dev.o)
 .comment       0x0000000000000023       0x24 ../control_bsp/\libhal_bsp.a(alt_find_file.o)
 .comment       0x0000000000000023       0x24 ../control_bsp/\libhal_bsp.a(alt_get_fd.o)
 .comment       0x0000000000000023       0x24 ../control_bsp/\libhal_bsp.a(alt_icache_flush.o)
 .comment       0x0000000000000023       0x24 ../control_bsp/\libhal_bsp.a(alt_irq_handler.o)
 .comment       0x0000000000000023       0x24 ../control_bsp/\libhal_bsp.a(alt_instruction_exception_entry.o)
 .comment       0x0000000000000023       0x24 c:/intelfpga_lite/18.1/nios2eds/bin/gnu/h-x86_64-mingw32/bin/../lib/gcc/nios2-elf/5.3.0/../../../../../H-x86_64-mingw32/nios2-elf/lib\libc.a(lib_a-atexit.o)
 .comment       0x0000000000000023       0x24 c:/intelfpga_lite/18.1/nios2eds/bin/gnu/h-x86_64-mingw32/bin/../lib/gcc/nios2-elf/5.3.0/../../../../../H-x86_64-mingw32/nios2-elf/lib\libc.a(lib_a-exit.o)
 .comment       0x0000000000000023       0x24 c:/intelfpga_lite/18.1/nios2eds/bin/gnu/h-x86_64-mingw32/bin/../lib/gcc/nios2-elf/5.3.0/../../../../../H-x86_64-mingw32/nios2-elf/lib\libc.a(lib_a-impure.o)
 .comment       0x0000000000000023       0x24 c:/intelfpga_lite/18.1/nios2eds/bin/gnu/h-x86_64-mingw32/bin/../lib/gcc/nios2-elf/5.3.0/../../../../../H-x86_64-mingw32/nios2-elf/lib\libc.a(lib_a-int_errno.o)
 .comment       0x0000000000000023       0x24 c:/intelfpga_lite/18.1/nios2eds/bin/gnu/h-x86_64-mingw32/bin/../lib/gcc/nios2-elf/5.3.0/../../../../../H-x86_64-mingw32/nios2-elf/lib\libc.a(lib_a-memcmp.o)
 .comment       0x0000000000000023       0x24 c:/intelfpga_lite/18.1/nios2eds/bin/gnu/h-x86_64-mingw32/bin/../lib/gcc/nios2-elf/5.3.0/../../../../../H-x86_64-mingw32/nios2-elf/lib\libc.a(lib_a-strlen.o)
 .comment       0x0000000000000023       0x24 c:/intelfpga_lite/18.1/nios2eds/bin/gnu/h-x86_64-mingw32/bin/../lib/gcc/nios2-elf/5.3.0/../../../../../H-x86_64-mingw32/nios2-elf/lib\libc.a(lib_a-__atexit.o)
 .comment       0x0000000000000023       0x24 c:/intelfpga_lite/18.1/nios2eds/bin/gnu/h-x86_64-mingw32/bin/../lib/gcc/nios2-elf/5.3.0/../../../../../H-x86_64-mingw32/nios2-elf/lib\libc.a(lib_a-__call_atexit.o)
 .comment       0x0000000000000023       0x24 c:/intelfpga_lite/18.1/nios2eds/bin/gnu/h-x86_64-mingw32/bin/../lib/gcc/nios2-elf/5.3.0\libgcc.a(lib2-divmod.o)
 .comment       0x0000000000000023       0x24 ../control_bsp/\libhal_bsp.a(alt_exit.o)

.debug
 *(.debug)

.line
 *(.line)

.debug_srcinfo
 *(.debug_srcinfo)

.debug_sfnames
 *(.debug_sfnames)

.debug_aranges  0x0000000000000000      0x618
 *(.debug_aranges)
 .debug_aranges
                0x0000000000000000       0x28 ../control_bsp//obj/HAL/src/crt0.o
 .debug_aranges
                0x0000000000000028       0x20 obj/default/main.o
 .debug_aranges
                0x0000000000000048       0x20 c:/intelfpga_lite/18.1/nios2eds/bin/gnu/h-x86_64-mingw32/bin/../lib/gcc/nios2-elf/5.3.0/../../../../../H-x86_64-mingw32/nios2-elf/lib\libc.a(lib_a-memcpy.o)
 .debug_aranges
                0x0000000000000068       0x20 c:/intelfpga_lite/18.1/nios2eds/bin/gnu/h-x86_64-mingw32/bin/../lib/gcc/nios2-elf/5.3.0/../../../../../H-x86_64-mingw32/nios2-elf/lib\libc.a(lib_a-memset.o)
 .debug_aranges
                0x0000000000000088       0x20 ../control_bsp/\libhal_bsp.a(alt_load.o)
 .debug_aranges
                0x00000000000000a8       0x20 ../control_bsp/\libhal_bsp.a(alt_main.o)
 .debug_aranges
                0x00000000000000c8       0x20 ../control_bsp/\libhal_bsp.a(alt_usleep.o)
 .debug_aranges
                0x00000000000000e8       0x20 ../control_bsp/\libhal_bsp.a(alt_sys_init.o)
 .debug_aranges
                0x0000000000000108       0x20 ../control_bsp/\libhal_bsp.a(altera_avalon_jtag_uart_fd.o)
 .debug_aranges
                0x0000000000000128       0x20 ../control_bsp/\libhal_bsp.a(altera_avalon_jtag_uart_init.o)
 .debug_aranges
                0x0000000000000148       0x20 ../control_bsp/\libhal_bsp.a(altera_avalon_jtag_uart_ioctl.o)
 .debug_aranges
                0x0000000000000168       0x20 ../control_bsp/\libhal_bsp.a(altera_avalon_jtag_uart_read.o)
 .debug_aranges
                0x0000000000000188       0x20 ../control_bsp/\libhal_bsp.a(altera_avalon_jtag_uart_write.o)
 .debug_aranges
                0x00000000000001a8       0x20 ../control_bsp/\libhal_bsp.a(alt_alarm_start.o)
 .debug_aranges
                0x00000000000001c8       0x20 ../control_bsp/\libhal_bsp.a(alt_busy_sleep.o)
 .debug_aranges
                0x00000000000001e8       0x20 ../control_bsp/\libhal_bsp.a(alt_close.o)
 .debug_aranges
                0x0000000000000208       0x20 ../control_bsp/\libhal_bsp.a(alt_dcache_flush_all.o)
 .debug_aranges
                0x0000000000000228       0x20 ../control_bsp/\libhal_bsp.a(alt_dev.o)
 .debug_aranges
                0x0000000000000248       0x20 ../control_bsp/\libhal_bsp.a(alt_dev_llist_insert.o)
 .debug_aranges
                0x0000000000000268       0x20 ../control_bsp/\libhal_bsp.a(alt_do_ctors.o)
 .debug_aranges
                0x0000000000000288       0x20 ../control_bsp/\libhal_bsp.a(alt_do_dtors.o)
 .debug_aranges
                0x00000000000002a8       0x18 ../control_bsp/\libhal_bsp.a(alt_errno.o)
 .debug_aranges
                0x00000000000002c0       0x20 ../control_bsp/\libhal_bsp.a(alt_icache_flush_all.o)
 .debug_aranges
                0x00000000000002e0       0x20 ../control_bsp/\libhal_bsp.a(alt_io_redirect.o)
 .debug_aranges
                0x0000000000000300       0x20 ../control_bsp/\libhal_bsp.a(alt_irq_register.o)
 .debug_aranges
                0x0000000000000320       0x18 ../control_bsp/\libhal_bsp.a(alt_irq_vars.o)
 .debug_aranges
                0x0000000000000338       0x20 ../control_bsp/\libhal_bsp.a(alt_open.o)
 .debug_aranges
                0x0000000000000358       0x20 ../control_bsp/\libhal_bsp.a(alt_release_fd.o)
 .debug_aranges
                0x0000000000000378       0x20 ../control_bsp/\libhal_bsp.a(alt_tick.o)
 .debug_aranges
                0x0000000000000398       0x20 ../control_bsp/\libhal_bsp.a(altera_nios2_gen2_irq.o)
 .debug_aranges
                0x00000000000003b8       0x20 ../control_bsp/\libhal_bsp.a(alt_find_dev.o)
 .debug_aranges
                0x00000000000003d8       0x20 ../control_bsp/\libhal_bsp.a(alt_find_file.o)
 .debug_aranges
                0x00000000000003f8       0x20 ../control_bsp/\libhal_bsp.a(alt_get_fd.o)
 .debug_aranges
                0x0000000000000418       0x20 ../control_bsp/\libhal_bsp.a(alt_icache_flush.o)
 .debug_aranges
                0x0000000000000438       0x30 ../control_bsp/\libhal_bsp.a(alt_irq_entry.o)
 .debug_aranges
                0x0000000000000468       0x20 ../control_bsp/\libhal_bsp.a(alt_irq_handler.o)
 .debug_aranges
                0x0000000000000488       0x38 ../control_bsp/\libhal_bsp.a(alt_exception_entry.o)
 .debug_aranges
                0x00000000000004c0       0x28 ../control_bsp/\libhal_bsp.a(alt_instruction_exception_entry.o)
 .debug_aranges
                0x00000000000004e8       0x20 c:/intelfpga_lite/18.1/nios2eds/bin/gnu/h-x86_64-mingw32/bin/../lib/gcc/nios2-elf/5.3.0/../../../../../H-x86_64-mingw32/nios2-elf/lib\libc.a(lib_a-atexit.o)
 .debug_aranges
                0x0000000000000508       0x20 c:/intelfpga_lite/18.1/nios2eds/bin/gnu/h-x86_64-mingw32/bin/../lib/gcc/nios2-elf/5.3.0/../../../../../H-x86_64-mingw32/nios2-elf/lib\libc.a(lib_a-exit.o)
 .debug_aranges
                0x0000000000000528       0x18 c:/intelfpga_lite/18.1/nios2eds/bin/gnu/h-x86_64-mingw32/bin/../lib/gcc/nios2-elf/5.3.0/../../../../../H-x86_64-mingw32/nios2-elf/lib\libc.a(lib_a-impure.o)
 .debug_aranges
                0x0000000000000540       0x18 c:/intelfpga_lite/18.1/nios2eds/bin/gnu/h-x86_64-mingw32/bin/../lib/gcc/nios2-elf/5.3.0/../../../../../H-x86_64-mingw32/nios2-elf/lib\libc.a(lib_a-int_errno.o)
 .debug_aranges
                0x0000000000000558       0x20 c:/intelfpga_lite/18.1/nios2eds/bin/gnu/h-x86_64-mingw32/bin/../lib/gcc/nios2-elf/5.3.0/../../../../../H-x86_64-mingw32/nios2-elf/lib\libc.a(lib_a-memcmp.o)
 .debug_aranges
                0x0000000000000578       0x20 c:/intelfpga_lite/18.1/nios2eds/bin/gnu/h-x86_64-mingw32/bin/../lib/gcc/nios2-elf/5.3.0/../../../../../H-x86_64-mingw32/nios2-elf/lib\libc.a(lib_a-strlen.o)
 .debug_aranges
                0x0000000000000598       0x20 c:/intelfpga_lite/18.1/nios2eds/bin/gnu/h-x86_64-mingw32/bin/../lib/gcc/nios2-elf/5.3.0/../../../../../H-x86_64-mingw32/nios2-elf/lib\libc.a(lib_a-__atexit.o)
 .debug_aranges
                0x00000000000005b8       0x20 c:/intelfpga_lite/18.1/nios2eds/bin/gnu/h-x86_64-mingw32/bin/../lib/gcc/nios2-elf/5.3.0/../../../../../H-x86_64-mingw32/nios2-elf/lib\libc.a(lib_a-__call_atexit.o)
 .debug_aranges
                0x00000000000005d8       0x20 c:/intelfpga_lite/18.1/nios2eds/bin/gnu/h-x86_64-mingw32/bin/../lib/gcc/nios2-elf/5.3.0\libgcc.a(lib2-divmod.o)
 .debug_aranges
                0x00000000000005f8       0x20 ../control_bsp/\libhal_bsp.a(alt_exit.o)

.debug_pubnames
 *(.debug_pubnames)

.debug_info     0x0000000000000000     0x7e36
 *(.debug_info .gnu.linkonce.wi.*)
 .debug_info    0x0000000000000000       0x8c ../control_bsp//obj/HAL/src/crt0.o
 .debug_info    0x000000000000008c      0x49c obj/default/main.o
 .debug_info    0x0000000000000528      0x144 c:/intelfpga_lite/18.1/nios2eds/bin/gnu/h-x86_64-mingw32/bin/../lib/gcc/nios2-elf/5.3.0/../../../../../H-x86_64-mingw32/nios2-elf/lib\libc.a(lib_a-memcpy.o)
 .debug_info    0x000000000000066c      0x121 c:/intelfpga_lite/18.1/nios2eds/bin/gnu/h-x86_64-mingw32/bin/../lib/gcc/nios2-elf/5.3.0/../../../../../H-x86_64-mingw32/nios2-elf/lib\libc.a(lib_a-memset.o)
 .debug_info    0x000000000000078d      0x145 ../control_bsp/\libhal_bsp.a(alt_load.o)
 .debug_info    0x00000000000008d2      0x157 ../control_bsp/\libhal_bsp.a(alt_main.o)
 .debug_info    0x0000000000000a29       0xb0 ../control_bsp/\libhal_bsp.a(alt_usleep.o)
 .debug_info    0x0000000000000ad9      0x51a ../control_bsp/\libhal_bsp.a(alt_sys_init.o)
 .debug_info    0x0000000000000ff3      0x52e ../control_bsp/\libhal_bsp.a(altera_avalon_jtag_uart_fd.o)
 .debug_info    0x0000000000001521      0x3c3 ../control_bsp/\libhal_bsp.a(altera_avalon_jtag_uart_init.o)
 .debug_info    0x00000000000018e4      0x280 ../control_bsp/\libhal_bsp.a(altera_avalon_jtag_uart_ioctl.o)
 .debug_info    0x0000000000001b64      0x35b ../control_bsp/\libhal_bsp.a(altera_avalon_jtag_uart_read.o)
 .debug_info    0x0000000000001ebf      0x356 ../control_bsp/\libhal_bsp.a(altera_avalon_jtag_uart_write.o)
 .debug_info    0x0000000000002215      0x2e2 ../control_bsp/\libhal_bsp.a(alt_alarm_start.o)
 .debug_info    0x00000000000024f7       0xd7 ../control_bsp/\libhal_bsp.a(alt_busy_sleep.o)
 .debug_info    0x00000000000025ce      0x321 ../control_bsp/\libhal_bsp.a(alt_close.o)
 .debug_info    0x00000000000028ef       0xa5 ../control_bsp/\libhal_bsp.a(alt_dcache_flush_all.o)
 .debug_info    0x0000000000002994      0x49c ../control_bsp/\libhal_bsp.a(alt_dev.o)
 .debug_info    0x0000000000002e30      0x1a9 ../control_bsp/\libhal_bsp.a(alt_dev_llist_insert.o)
 .debug_info    0x0000000000002fd9       0x83 ../control_bsp/\libhal_bsp.a(alt_do_ctors.o)
 .debug_info    0x000000000000305c       0x83 ../control_bsp/\libhal_bsp.a(alt_do_dtors.o)
 .debug_info    0x00000000000030df       0xa6 ../control_bsp/\libhal_bsp.a(alt_errno.o)
 .debug_info    0x0000000000003185       0x92 ../control_bsp/\libhal_bsp.a(alt_icache_flush_all.o)
 .debug_info    0x0000000000003217      0x4a5 ../control_bsp/\libhal_bsp.a(alt_io_redirect.o)
 .debug_info    0x00000000000036bc      0x329 ../control_bsp/\libhal_bsp.a(alt_irq_register.o)
 .debug_info    0x00000000000039e5       0x88 ../control_bsp/\libhal_bsp.a(alt_irq_vars.o)
 .debug_info    0x0000000000003a6d      0x3bb ../control_bsp/\libhal_bsp.a(alt_open.o)
 .debug_info    0x0000000000003e28      0x2b0 ../control_bsp/\libhal_bsp.a(alt_release_fd.o)
 .debug_info    0x00000000000040d8      0x2af ../control_bsp/\libhal_bsp.a(alt_tick.o)
 .debug_info    0x0000000000004387       0xb8 ../control_bsp/\libhal_bsp.a(altera_nios2_gen2_irq.o)
 .debug_info    0x000000000000443f      0x2e9 ../control_bsp/\libhal_bsp.a(alt_find_dev.o)
 .debug_info    0x0000000000004728      0x2e6 ../control_bsp/\libhal_bsp.a(alt_find_file.o)
 .debug_info    0x0000000000004a0e      0x310 ../control_bsp/\libhal_bsp.a(alt_get_fd.o)
 .debug_info    0x0000000000004d1e       0xdc ../control_bsp/\libhal_bsp.a(alt_icache_flush.o)
 .debug_info    0x0000000000004dfa       0x95 ../control_bsp/\libhal_bsp.a(alt_irq_entry.o)
 .debug_info    0x0000000000004e8f      0x1a7 ../control_bsp/\libhal_bsp.a(alt_irq_handler.o)
 .debug_info    0x0000000000005036       0x9b ../control_bsp/\libhal_bsp.a(alt_exception_entry.o)
 .debug_info    0x00000000000050d1      0x1e7 ../control_bsp/\libhal_bsp.a(alt_instruction_exception_entry.o)
 .debug_info    0x00000000000052b8       0xfe c:/intelfpga_lite/18.1/nios2eds/bin/gnu/h-x86_64-mingw32/bin/../lib/gcc/nios2-elf/5.3.0/../../../../../H-x86_64-mingw32/nios2-elf/lib\libc.a(lib_a-atexit.o)
 .debug_info    0x00000000000053b6      0x8e4 c:/intelfpga_lite/18.1/nios2eds/bin/gnu/h-x86_64-mingw32/bin/../lib/gcc/nios2-elf/5.3.0/../../../../../H-x86_64-mingw32/nios2-elf/lib\libc.a(lib_a-exit.o)
 .debug_info    0x0000000000005c9a      0x8a1 c:/intelfpga_lite/18.1/nios2eds/bin/gnu/h-x86_64-mingw32/bin/../lib/gcc/nios2-elf/5.3.0/../../../../../H-x86_64-mingw32/nios2-elf/lib\libc.a(lib_a-impure.o)
 .debug_info    0x000000000000653b       0x8a c:/intelfpga_lite/18.1/nios2eds/bin/gnu/h-x86_64-mingw32/bin/../lib/gcc/nios2-elf/5.3.0/../../../../../H-x86_64-mingw32/nios2-elf/lib\libc.a(lib_a-int_errno.o)
 .debug_info    0x00000000000065c5      0x11a c:/intelfpga_lite/18.1/nios2eds/bin/gnu/h-x86_64-mingw32/bin/../lib/gcc/nios2-elf/5.3.0/../../../../../H-x86_64-mingw32/nios2-elf/lib\libc.a(lib_a-memcmp.o)
 .debug_info    0x00000000000066df       0xe2 c:/intelfpga_lite/18.1/nios2eds/bin/gnu/h-x86_64-mingw32/bin/../lib/gcc/nios2-elf/5.3.0/../../../../../H-x86_64-mingw32/nios2-elf/lib\libc.a(lib_a-strlen.o)
 .debug_info    0x00000000000067c1      0x934 c:/intelfpga_lite/18.1/nios2eds/bin/gnu/h-x86_64-mingw32/bin/../lib/gcc/nios2-elf/5.3.0/../../../../../H-x86_64-mingw32/nios2-elf/lib\libc.a(lib_a-__atexit.o)
 .debug_info    0x00000000000070f5      0x965 c:/intelfpga_lite/18.1/nios2eds/bin/gnu/h-x86_64-mingw32/bin/../lib/gcc/nios2-elf/5.3.0/../../../../../H-x86_64-mingw32/nios2-elf/lib\libc.a(lib_a-__call_atexit.o)
 .debug_info    0x0000000000007a5a      0x2c6 c:/intelfpga_lite/18.1/nios2eds/bin/gnu/h-x86_64-mingw32/bin/../lib/gcc/nios2-elf/5.3.0\libgcc.a(lib2-divmod.o)
 .debug_info    0x0000000000007d20      0x116 ../control_bsp/\libhal_bsp.a(alt_exit.o)

.debug_abbrev   0x0000000000000000     0x2ca1
 *(.debug_abbrev)
 .debug_abbrev  0x0000000000000000       0x12 ../control_bsp//obj/HAL/src/crt0.o
 .debug_abbrev  0x0000000000000012      0x1e8 obj/default/main.o
 .debug_abbrev  0x00000000000001fa       0xa3 c:/intelfpga_lite/18.1/nios2eds/bin/gnu/h-x86_64-mingw32/bin/../lib/gcc/nios2-elf/5.3.0/../../../../../H-x86_64-mingw32/nios2-elf/lib\libc.a(lib_a-memcpy.o)
 .debug_abbrev  0x000000000000029d       0xae c:/intelfpga_lite/18.1/nios2eds/bin/gnu/h-x86_64-mingw32/bin/../lib/gcc/nios2-elf/5.3.0/../../../../../H-x86_64-mingw32/nios2-elf/lib\libc.a(lib_a-memset.o)
 .debug_abbrev  0x000000000000034b       0x9f ../control_bsp/\libhal_bsp.a(alt_load.o)
 .debug_abbrev  0x00000000000003ea       0xc1 ../control_bsp/\libhal_bsp.a(alt_main.o)
 .debug_abbrev  0x00000000000004ab       0x60 ../control_bsp/\libhal_bsp.a(alt_usleep.o)
 .debug_abbrev  0x000000000000050b      0x187 ../control_bsp/\libhal_bsp.a(alt_sys_init.o)
 .debug_abbrev  0x0000000000000692      0x127 ../control_bsp/\libhal_bsp.a(altera_avalon_jtag_uart_fd.o)
 .debug_abbrev  0x00000000000007b9      0x19e ../control_bsp/\libhal_bsp.a(altera_avalon_jtag_uart_init.o)
 .debug_abbrev  0x0000000000000957      0x111 ../control_bsp/\libhal_bsp.a(altera_avalon_jtag_uart_ioctl.o)
 .debug_abbrev  0x0000000000000a68      0x1aa ../control_bsp/\libhal_bsp.a(altera_avalon_jtag_uart_read.o)
 .debug_abbrev  0x0000000000000c12      0x1a8 ../control_bsp/\libhal_bsp.a(altera_avalon_jtag_uart_write.o)
 .debug_abbrev  0x0000000000000dba      0x162 ../control_bsp/\libhal_bsp.a(alt_alarm_start.o)
 .debug_abbrev  0x0000000000000f1c       0x7e ../control_bsp/\libhal_bsp.a(alt_busy_sleep.o)
 .debug_abbrev  0x0000000000000f9a      0x11f ../control_bsp/\libhal_bsp.a(alt_close.o)
 .debug_abbrev  0x00000000000010b9       0x5a ../control_bsp/\libhal_bsp.a(alt_dcache_flush_all.o)
 .debug_abbrev  0x0000000000001113       0xd9 ../control_bsp/\libhal_bsp.a(alt_dev.o)
 .debug_abbrev  0x00000000000011ec      0x114 ../control_bsp/\libhal_bsp.a(alt_dev_llist_insert.o)
 .debug_abbrev  0x0000000000001300       0x79 ../control_bsp/\libhal_bsp.a(alt_do_ctors.o)
 .debug_abbrev  0x0000000000001379       0x79 ../control_bsp/\libhal_bsp.a(alt_do_dtors.o)
 .debug_abbrev  0x00000000000013f2       0x5a ../control_bsp/\libhal_bsp.a(alt_errno.o)
 .debug_abbrev  0x000000000000144c       0x42 ../control_bsp/\libhal_bsp.a(alt_icache_flush_all.o)
 .debug_abbrev  0x000000000000148e      0x114 ../control_bsp/\libhal_bsp.a(alt_io_redirect.o)
 .debug_abbrev  0x00000000000015a2      0x186 ../control_bsp/\libhal_bsp.a(alt_irq_register.o)
 .debug_abbrev  0x0000000000001728       0x40 ../control_bsp/\libhal_bsp.a(alt_irq_vars.o)
 .debug_abbrev  0x0000000000001768      0x148 ../control_bsp/\libhal_bsp.a(alt_open.o)
 .debug_abbrev  0x00000000000018b0       0xde ../control_bsp/\libhal_bsp.a(alt_release_fd.o)
 .debug_abbrev  0x000000000000198e      0x16b ../control_bsp/\libhal_bsp.a(alt_tick.o)
 .debug_abbrev  0x0000000000001af9       0x67 ../control_bsp/\libhal_bsp.a(altera_nios2_gen2_irq.o)
 .debug_abbrev  0x0000000000001b60       0xf0 ../control_bsp/\libhal_bsp.a(alt_find_dev.o)
 .debug_abbrev  0x0000000000001c50       0xf0 ../control_bsp/\libhal_bsp.a(alt_find_file.o)
 .debug_abbrev  0x0000000000001d40      0x10d ../control_bsp/\libhal_bsp.a(alt_get_fd.o)
 .debug_abbrev  0x0000000000001e4d       0x8c ../control_bsp/\libhal_bsp.a(alt_icache_flush.o)
 .debug_abbrev  0x0000000000001ed9       0x12 ../control_bsp/\libhal_bsp.a(alt_irq_entry.o)
 .debug_abbrev  0x0000000000001eeb      0x13a ../control_bsp/\libhal_bsp.a(alt_irq_handler.o)
 .debug_abbrev  0x0000000000002025       0x12 ../control_bsp/\libhal_bsp.a(alt_exception_entry.o)
 .debug_abbrev  0x0000000000002037       0xdc ../control_bsp/\libhal_bsp.a(alt_instruction_exception_entry.o)
 .debug_abbrev  0x0000000000002113       0xaa c:/intelfpga_lite/18.1/nios2eds/bin/gnu/h-x86_64-mingw32/bin/../lib/gcc/nios2-elf/5.3.0/../../../../../H-x86_64-mingw32/nios2-elf/lib\libc.a(lib_a-atexit.o)
 .debug_abbrev  0x00000000000021bd      0x1e5 c:/intelfpga_lite/18.1/nios2eds/bin/gnu/h-x86_64-mingw32/bin/../lib/gcc/nios2-elf/5.3.0/../../../../../H-x86_64-mingw32/nios2-elf/lib\libc.a(lib_a-exit.o)
 .debug_abbrev  0x00000000000023a2      0x18f c:/intelfpga_lite/18.1/nios2eds/bin/gnu/h-x86_64-mingw32/bin/../lib/gcc/nios2-elf/5.3.0/../../../../../H-x86_64-mingw32/nios2-elf/lib\libc.a(lib_a-impure.o)
 .debug_abbrev  0x0000000000002531       0x37 c:/intelfpga_lite/18.1/nios2eds/bin/gnu/h-x86_64-mingw32/bin/../lib/gcc/nios2-elf/5.3.0/../../../../../H-x86_64-mingw32/nios2-elf/lib\libc.a(lib_a-int_errno.o)
 .debug_abbrev  0x0000000000002568       0x7f c:/intelfpga_lite/18.1/nios2eds/bin/gnu/h-x86_64-mingw32/bin/../lib/gcc/nios2-elf/5.3.0/../../../../../H-x86_64-mingw32/nios2-elf/lib\libc.a(lib_a-memcmp.o)
 .debug_abbrev  0x00000000000025e7       0x90 c:/intelfpga_lite/18.1/nios2eds/bin/gnu/h-x86_64-mingw32/bin/../lib/gcc/nios2-elf/5.3.0/../../../../../H-x86_64-mingw32/nios2-elf/lib\libc.a(lib_a-strlen.o)
 .debug_abbrev  0x0000000000002677      0x21e c:/intelfpga_lite/18.1/nios2eds/bin/gnu/h-x86_64-mingw32/bin/../lib/gcc/nios2-elf/5.3.0/../../../../../H-x86_64-mingw32/nios2-elf/lib\libc.a(lib_a-__atexit.o)
 .debug_abbrev  0x0000000000002895      0x22e c:/intelfpga_lite/18.1/nios2eds/bin/gnu/h-x86_64-mingw32/bin/../lib/gcc/nios2-elf/5.3.0/../../../../../H-x86_64-mingw32/nios2-elf/lib\libc.a(lib_a-__call_atexit.o)
 .debug_abbrev  0x0000000000002ac3      0x10e c:/intelfpga_lite/18.1/nios2eds/bin/gnu/h-x86_64-mingw32/bin/../lib/gcc/nios2-elf/5.3.0\libgcc.a(lib2-divmod.o)
 .debug_abbrev  0x0000000000002bd1       0xd0 ../control_bsp/\libhal_bsp.a(alt_exit.o)

.debug_line     0x0000000000000000     0x3016
 *(.debug_line)
 .debug_line    0x0000000000000000       0x72 ../control_bsp//obj/HAL/src/crt0.o
 .debug_line    0x0000000000000072      0x235 obj/default/main.o
 .debug_line    0x00000000000002a7      0x189 c:/intelfpga_lite/18.1/nios2eds/bin/gnu/h-x86_64-mingw32/bin/../lib/gcc/nios2-elf/5.3.0/../../../../../H-x86_64-mingw32/nios2-elf/lib\libc.a(lib_a-memcpy.o)
 .debug_line    0x0000000000000430      0x18c c:/intelfpga_lite/18.1/nios2eds/bin/gnu/h-x86_64-mingw32/bin/../lib/gcc/nios2-elf/5.3.0/../../../../../H-x86_64-mingw32/nios2-elf/lib\libc.a(lib_a-memset.o)
 .debug_line    0x00000000000005bc       0x8e ../control_bsp/\libhal_bsp.a(alt_load.o)
 .debug_line    0x000000000000064a       0xd1 ../control_bsp/\libhal_bsp.a(alt_main.o)
 .debug_line    0x000000000000071b       0xad ../control_bsp/\libhal_bsp.a(alt_usleep.o)
 .debug_line    0x00000000000007c8      0x174 ../control_bsp/\libhal_bsp.a(alt_sys_init.o)
 .debug_line    0x000000000000093c      0x12f ../control_bsp/\libhal_bsp.a(altera_avalon_jtag_uart_fd.o)
 .debug_line    0x0000000000000a6b      0x19f ../control_bsp/\libhal_bsp.a(altera_avalon_jtag_uart_init.o)
 .debug_line    0x0000000000000c0a      0x131 ../control_bsp/\libhal_bsp.a(altera_avalon_jtag_uart_ioctl.o)
 .debug_line    0x0000000000000d3b      0x185 ../control_bsp/\libhal_bsp.a(altera_avalon_jtag_uart_read.o)
 .debug_line    0x0000000000000ec0      0x184 ../control_bsp/\libhal_bsp.a(altera_avalon_jtag_uart_write.o)
 .debug_line    0x0000000000001044      0x10d ../control_bsp/\libhal_bsp.a(alt_alarm_start.o)
 .debug_line    0x0000000000001151       0xa0 ../control_bsp/\libhal_bsp.a(alt_busy_sleep.o)
 .debug_line    0x00000000000011f1      0x165 ../control_bsp/\libhal_bsp.a(alt_close.o)
 .debug_line    0x0000000000001356       0x61 ../control_bsp/\libhal_bsp.a(alt_dcache_flush_all.o)
 .debug_line    0x00000000000013b7       0xf8 ../control_bsp/\libhal_bsp.a(alt_dev.o)
 .debug_line    0x00000000000014af       0xcf ../control_bsp/\libhal_bsp.a(alt_dev_llist_insert.o)
 .debug_line    0x000000000000157e       0x59 ../control_bsp/\libhal_bsp.a(alt_do_ctors.o)
 .debug_line    0x00000000000015d7       0x59 ../control_bsp/\libhal_bsp.a(alt_do_dtors.o)
 .debug_line    0x0000000000001630       0x51 ../control_bsp/\libhal_bsp.a(alt_errno.o)
 .debug_line    0x0000000000001681       0x50 ../control_bsp/\libhal_bsp.a(alt_icache_flush_all.o)
 .debug_line    0x00000000000016d1      0x133 ../control_bsp/\libhal_bsp.a(alt_io_redirect.o)
 .debug_line    0x0000000000001804      0x155 ../control_bsp/\libhal_bsp.a(alt_irq_register.o)
 .debug_line    0x0000000000001959       0x50 ../control_bsp/\libhal_bsp.a(alt_irq_vars.o)
 .debug_line    0x00000000000019a9      0x128 ../control_bsp/\libhal_bsp.a(alt_open.o)
 .debug_line    0x0000000000001ad1       0xae ../control_bsp/\libhal_bsp.a(alt_release_fd.o)
 .debug_line    0x0000000000001b7f      0x113 ../control_bsp/\libhal_bsp.a(alt_tick.o)
 .debug_line    0x0000000000001c92       0x8d ../control_bsp/\libhal_bsp.a(altera_nios2_gen2_irq.o)
 .debug_line    0x0000000000001d1f       0xb5 ../control_bsp/\libhal_bsp.a(alt_find_dev.o)
 .debug_line    0x0000000000001dd4       0xd1 ../control_bsp/\libhal_bsp.a(alt_find_file.o)
 .debug_line    0x0000000000001ea5       0xd4 ../control_bsp/\libhal_bsp.a(alt_get_fd.o)
 .debug_line    0x0000000000001f79       0x81 ../control_bsp/\libhal_bsp.a(alt_icache_flush.o)
 .debug_line    0x0000000000001ffa       0x6b ../control_bsp/\libhal_bsp.a(alt_irq_entry.o)
 .debug_line    0x0000000000002065       0xcd ../control_bsp/\libhal_bsp.a(alt_irq_handler.o)
 .debug_line    0x0000000000002132       0xb3 ../control_bsp/\libhal_bsp.a(alt_exception_entry.o)
 .debug_line    0x00000000000021e5       0xba ../control_bsp/\libhal_bsp.a(alt_instruction_exception_entry.o)
 .debug_line    0x000000000000229f       0xe4 c:/intelfpga_lite/18.1/nios2eds/bin/gnu/h-x86_64-mingw32/bin/../lib/gcc/nios2-elf/5.3.0/../../../../../H-x86_64-mingw32/nios2-elf/lib\libc.a(lib_a-atexit.o)
 .debug_line    0x0000000000002383      0x1f9 c:/intelfpga_lite/18.1/nios2eds/bin/gnu/h-x86_64-mingw32/bin/../lib/gcc/nios2-elf/5.3.0/../../../../../H-x86_64-mingw32/nios2-elf/lib\libc.a(lib_a-exit.o)
 .debug_line    0x000000000000257c      0x15d c:/intelfpga_lite/18.1/nios2eds/bin/gnu/h-x86_64-mingw32/bin/../lib/gcc/nios2-elf/5.3.0/../../../../../H-x86_64-mingw32/nios2-elf/lib\libc.a(lib_a-impure.o)
 .debug_line    0x00000000000026d9       0x5c c:/intelfpga_lite/18.1/nios2eds/bin/gnu/h-x86_64-mingw32/bin/../lib/gcc/nios2-elf/5.3.0/../../../../../H-x86_64-mingw32/nios2-elf/lib\libc.a(lib_a-int_errno.o)
 .debug_line    0x0000000000002735      0x173 c:/intelfpga_lite/18.1/nios2eds/bin/gnu/h-x86_64-mingw32/bin/../lib/gcc/nios2-elf/5.3.0/../../../../../H-x86_64-mingw32/nios2-elf/lib\libc.a(lib_a-memcmp.o)
 .debug_line    0x00000000000028a8      0x16c c:/intelfpga_lite/18.1/nios2eds/bin/gnu/h-x86_64-mingw32/bin/../lib/gcc/nios2-elf/5.3.0/../../../../../H-x86_64-mingw32/nios2-elf/lib\libc.a(lib_a-strlen.o)
 .debug_line    0x0000000000002a14      0x21c c:/intelfpga_lite/18.1/nios2eds/bin/gnu/h-x86_64-mingw32/bin/../lib/gcc/nios2-elf/5.3.0/../../../../../H-x86_64-mingw32/nios2-elf/lib\libc.a(lib_a-__atexit.o)
 .debug_line    0x0000000000002c30      0x237 c:/intelfpga_lite/18.1/nios2eds/bin/gnu/h-x86_64-mingw32/bin/../lib/gcc/nios2-elf/5.3.0/../../../../../H-x86_64-mingw32/nios2-elf/lib\libc.a(lib_a-__call_atexit.o)
 .debug_line    0x0000000000002e67      0x102 c:/intelfpga_lite/18.1/nios2eds/bin/gnu/h-x86_64-mingw32/bin/../lib/gcc/nios2-elf/5.3.0\libgcc.a(lib2-divmod.o)
 .debug_line    0x0000000000002f69       0xad ../control_bsp/\libhal_bsp.a(alt_exit.o)

.debug_frame    0x0000000000000000      0xd64
 *(.debug_frame)
 .debug_frame   0x0000000000000000      0x2b8 obj/default/main.o
 .debug_frame   0x00000000000002b8       0x38 c:/intelfpga_lite/18.1/nios2eds/bin/gnu/h-x86_64-mingw32/bin/../lib/gcc/nios2-elf/5.3.0/../../../../../H-x86_64-mingw32/nios2-elf/lib\libc.a(lib_a-memcpy.o)
 .debug_frame   0x00000000000002f0       0x20 c:/intelfpga_lite/18.1/nios2eds/bin/gnu/h-x86_64-mingw32/bin/../lib/gcc/nios2-elf/5.3.0/../../../../../H-x86_64-mingw32/nios2-elf/lib\libc.a(lib_a-memset.o)
 .debug_frame   0x0000000000000310       0x5c ../control_bsp/\libhal_bsp.a(alt_load.o)
 .debug_frame   0x000000000000036c       0x2c ../control_bsp/\libhal_bsp.a(alt_main.o)
 .debug_frame   0x0000000000000398       0x38 ../control_bsp/\libhal_bsp.a(alt_usleep.o)
 .debug_frame   0x00000000000003d0       0x88 ../control_bsp/\libhal_bsp.a(alt_sys_init.o)
 .debug_frame   0x0000000000000458       0xb0 ../control_bsp/\libhal_bsp.a(altera_avalon_jtag_uart_fd.o)
 .debug_frame   0x0000000000000508       0xa4 ../control_bsp/\libhal_bsp.a(altera_avalon_jtag_uart_init.o)
 .debug_frame   0x00000000000005ac       0x34 ../control_bsp/\libhal_bsp.a(altera_avalon_jtag_uart_ioctl.o)
 .debug_frame   0x00000000000005e0       0x38 ../control_bsp/\libhal_bsp.a(altera_avalon_jtag_uart_read.o)
 .debug_frame   0x0000000000000618       0x38 ../control_bsp/\libhal_bsp.a(altera_avalon_jtag_uart_write.o)
 .debug_frame   0x0000000000000650       0x34 ../control_bsp/\libhal_bsp.a(alt_alarm_start.o)
 .debug_frame   0x0000000000000684       0x38 ../control_bsp/\libhal_bsp.a(alt_busy_sleep.o)
 .debug_frame   0x00000000000006bc       0x60 ../control_bsp/\libhal_bsp.a(alt_close.o)
 .debug_frame   0x000000000000071c       0x34 ../control_bsp/\libhal_bsp.a(alt_dcache_flush_all.o)
 .debug_frame   0x0000000000000750       0x34 ../control_bsp/\libhal_bsp.a(alt_dev.o)
 .debug_frame   0x0000000000000784       0x60 ../control_bsp/\libhal_bsp.a(alt_dev_llist_insert.o)
 .debug_frame   0x00000000000007e4       0x38 ../control_bsp/\libhal_bsp.a(alt_do_ctors.o)
 .debug_frame   0x000000000000081c       0x38 ../control_bsp/\libhal_bsp.a(alt_do_dtors.o)
 .debug_frame   0x0000000000000854       0x38 ../control_bsp/\libhal_bsp.a(alt_icache_flush_all.o)
 .debug_frame   0x000000000000088c       0x60 ../control_bsp/\libhal_bsp.a(alt_io_redirect.o)
 .debug_frame   0x00000000000008ec       0x34 ../control_bsp/\libhal_bsp.a(alt_irq_register.o)
 .debug_frame   0x0000000000000920       0x84 ../control_bsp/\libhal_bsp.a(alt_open.o)
 .debug_frame   0x00000000000009a4       0x34 ../control_bsp/\libhal_bsp.a(alt_release_fd.o)
 .debug_frame   0x00000000000009d8       0x5c ../control_bsp/\libhal_bsp.a(alt_tick.o)
 .debug_frame   0x0000000000000a34       0x34 ../control_bsp/\libhal_bsp.a(altera_nios2_gen2_irq.o)
 .debug_frame   0x0000000000000a68       0x38 ../control_bsp/\libhal_bsp.a(alt_find_dev.o)
 .debug_frame   0x0000000000000aa0       0x38 ../control_bsp/\libhal_bsp.a(alt_find_file.o)
 .debug_frame   0x0000000000000ad8       0x34 ../control_bsp/\libhal_bsp.a(alt_get_fd.o)
 .debug_frame   0x0000000000000b0c       0x34 ../control_bsp/\libhal_bsp.a(alt_icache_flush.o)
 .debug_frame   0x0000000000000b40       0x38 ../control_bsp/\libhal_bsp.a(alt_irq_handler.o)
 .debug_frame   0x0000000000000b78       0x5c ../control_bsp/\libhal_bsp.a(alt_instruction_exception_entry.o)
 .debug_frame   0x0000000000000bd4       0x20 c:/intelfpga_lite/18.1/nios2eds/bin/gnu/h-x86_64-mingw32/bin/../lib/gcc/nios2-elf/5.3.0/../../../../../H-x86_64-mingw32/nios2-elf/lib\libc.a(lib_a-atexit.o)
 .debug_frame   0x0000000000000bf4       0x28 c:/intelfpga_lite/18.1/nios2eds/bin/gnu/h-x86_64-mingw32/bin/../lib/gcc/nios2-elf/5.3.0/../../../../../H-x86_64-mingw32/nios2-elf/lib\libc.a(lib_a-exit.o)
 .debug_frame   0x0000000000000c1c       0x20 c:/intelfpga_lite/18.1/nios2eds/bin/gnu/h-x86_64-mingw32/bin/../lib/gcc/nios2-elf/5.3.0/../../../../../H-x86_64-mingw32/nios2-elf/lib\libc.a(lib_a-memcmp.o)
 .debug_frame   0x0000000000000c3c       0x20 c:/intelfpga_lite/18.1/nios2eds/bin/gnu/h-x86_64-mingw32/bin/../lib/gcc/nios2-elf/5.3.0/../../../../../H-x86_64-mingw32/nios2-elf/lib\libc.a(lib_a-strlen.o)
 .debug_frame   0x0000000000000c5c       0x38 c:/intelfpga_lite/18.1/nios2eds/bin/gnu/h-x86_64-mingw32/bin/../lib/gcc/nios2-elf/5.3.0/../../../../../H-x86_64-mingw32/nios2-elf/lib\libc.a(lib_a-__atexit.o)
 .debug_frame   0x0000000000000c94       0x54 c:/intelfpga_lite/18.1/nios2eds/bin/gnu/h-x86_64-mingw32/bin/../lib/gcc/nios2-elf/5.3.0/../../../../../H-x86_64-mingw32/nios2-elf/lib\libc.a(lib_a-__call_atexit.o)
 .debug_frame   0x0000000000000ce8       0x50 c:/intelfpga_lite/18.1/nios2eds/bin/gnu/h-x86_64-mingw32/bin/../lib/gcc/nios2-elf/5.3.0\libgcc.a(lib2-divmod.o)
 .debug_frame   0x0000000000000d38       0x2c ../control_bsp/\libhal_bsp.a(alt_exit.o)

.debug_str      0x0000000000000000     0x1d86
 *(.debug_str)
 .debug_str     0x0000000000000000      0x2b3 obj/default/main.o
                                        0x31f (size before relaxing)
 .debug_str     0x00000000000002b3      0x153 c:/intelfpga_lite/18.1/nios2eds/bin/gnu/h-x86_64-mingw32/bin/../lib/gcc/nios2-elf/5.3.0/../../../../../H-x86_64-mingw32/nios2-elf/lib\libc.a(lib_a-memcpy.o)
                                        0x1f1 (size before relaxing)
 .debug_str     0x0000000000000406       0x55 c:/intelfpga_lite/18.1/nios2eds/bin/gnu/h-x86_64-mingw32/bin/../lib/gcc/nios2-elf/5.3.0/../../../../../H-x86_64-mingw32/nios2-elf/lib\libc.a(lib_a-memset.o)
                                        0x1de (size before relaxing)
 .debug_str     0x000000000000045b      0x149 ../control_bsp/\libhal_bsp.a(alt_load.o)
                                        0x22d (size before relaxing)
 .debug_str     0x00000000000005a4       0x91 ../control_bsp/\libhal_bsp.a(alt_main.o)
                                        0x1e1 (size before relaxing)
 .debug_str     0x0000000000000635       0x27 ../control_bsp/\libhal_bsp.a(alt_usleep.o)
                                        0x163 (size before relaxing)
 .debug_str     0x000000000000065c      0x1cc ../control_bsp/\libhal_bsp.a(alt_sys_init.o)
                                        0x3c5 (size before relaxing)
 .debug_str     0x0000000000000828       0xb2 ../control_bsp/\libhal_bsp.a(altera_avalon_jtag_uart_fd.o)
                                        0x3bf (size before relaxing)
 .debug_str     0x00000000000008da       0xc9 ../control_bsp/\libhal_bsp.a(altera_avalon_jtag_uart_init.o)
                                        0x374 (size before relaxing)
 .debug_str     0x00000000000009a3       0x4a ../control_bsp/\libhal_bsp.a(altera_avalon_jtag_uart_ioctl.o)
                                        0x2ae (size before relaxing)
 .debug_str     0x00000000000009ed       0x7f ../control_bsp/\libhal_bsp.a(altera_avalon_jtag_uart_read.o)
                                        0x324 (size before relaxing)
 .debug_str     0x0000000000000a6c       0x4a ../control_bsp/\libhal_bsp.a(altera_avalon_jtag_uart_write.o)
                                        0x325 (size before relaxing)
 .debug_str     0x0000000000000ab6       0x59 ../control_bsp/\libhal_bsp.a(alt_alarm_start.o)
                                        0x2ba (size before relaxing)
 .debug_str     0x0000000000000b0f       0x42 ../control_bsp/\libhal_bsp.a(alt_busy_sleep.o)
                                        0x186 (size before relaxing)
 .debug_str     0x0000000000000b51       0x44 ../control_bsp/\libhal_bsp.a(alt_close.o)
                                        0x226 (size before relaxing)
 .debug_str     0x0000000000000b95       0x34 ../control_bsp/\libhal_bsp.a(alt_dcache_flush_all.o)
                                        0x170 (size before relaxing)
 .debug_str     0x0000000000000bc9      0x120 ../control_bsp/\libhal_bsp.a(alt_dev.o)
                                        0x320 (size before relaxing)
 .debug_str     0x0000000000000ce9       0x34 ../control_bsp/\libhal_bsp.a(alt_dev_llist_insert.o)
                                        0x1e7 (size before relaxing)
 .debug_str     0x0000000000000d1d       0x48 ../control_bsp/\libhal_bsp.a(alt_do_ctors.o)
                                         0xeb (size before relaxing)
 .debug_str     0x0000000000000d65       0x4c ../control_bsp/\libhal_bsp.a(alt_do_dtors.o)
                                         0xea (size before relaxing)
 .debug_str     0x0000000000000db1       0x14 ../control_bsp/\libhal_bsp.a(alt_errno.o)
                                        0x160 (size before relaxing)
 .debug_str     0x0000000000000dc5       0x34 ../control_bsp/\libhal_bsp.a(alt_icache_flush_all.o)
                                        0x170 (size before relaxing)
 .debug_str     0x0000000000000df9       0x56 ../control_bsp/\libhal_bsp.a(alt_io_redirect.o)
                                        0x331 (size before relaxing)
 .debug_str     0x0000000000000e4f       0x70 ../control_bsp/\libhal_bsp.a(alt_irq_register.o)
                                        0x223 (size before relaxing)
 .debug_str     0x0000000000000ebf       0x17 ../control_bsp/\libhal_bsp.a(alt_irq_vars.o)
                                        0x155 (size before relaxing)
 .debug_str     0x0000000000000ed6       0x29 ../control_bsp/\libhal_bsp.a(alt_open.o)
                                        0x266 (size before relaxing)
 .debug_str     0x0000000000000eff       0x28 ../control_bsp/\libhal_bsp.a(alt_release_fd.o)
                                        0x1ee (size before relaxing)
 .debug_str     0x0000000000000f27       0x4a ../control_bsp/\libhal_bsp.a(alt_tick.o)
                                        0x28e (size before relaxing)
 .debug_str     0x0000000000000f71       0x3b ../control_bsp/\libhal_bsp.a(altera_nios2_gen2_irq.o)
                                        0x1a0 (size before relaxing)
 .debug_str     0x0000000000000fac       0x24 ../control_bsp/\libhal_bsp.a(alt_find_dev.o)
                                        0x207 (size before relaxing)
 .debug_str     0x0000000000000fd0       0x26 ../control_bsp/\libhal_bsp.a(alt_find_file.o)
                                        0x215 (size before relaxing)
 .debug_str     0x0000000000000ff6       0x30 ../control_bsp/\libhal_bsp.a(alt_get_fd.o)
                                        0x237 (size before relaxing)
 .debug_str     0x0000000000001026       0x2c ../control_bsp/\libhal_bsp.a(alt_icache_flush.o)
                                        0x176 (size before relaxing)
 .debug_str     0x0000000000001052       0x3a ../control_bsp/\libhal_bsp.a(alt_irq_handler.o)
                                        0x1d3 (size before relaxing)
 .debug_str     0x000000000000108c      0x48b ../control_bsp/\libhal_bsp.a(alt_instruction_exception_entry.o)
                                        0x5bb (size before relaxing)
 .debug_str     0x0000000000001517      0x102 c:/intelfpga_lite/18.1/nios2eds/bin/gnu/h-x86_64-mingw32/bin/../lib/gcc/nios2-elf/5.3.0/../../../../../H-x86_64-mingw32/nios2-elf/lib\libc.a(lib_a-atexit.o)
                                        0x207 (size before relaxing)
 .debug_str     0x0000000000001619      0x3b2 c:/intelfpga_lite/18.1/nios2eds/bin/gnu/h-x86_64-mingw32/bin/../lib/gcc/nios2-elf/5.3.0/../../../../../H-x86_64-mingw32/nios2-elf/lib\libc.a(lib_a-exit.o)
                                        0x5a4 (size before relaxing)
 .debug_str     0x00000000000019cb       0xc8 c:/intelfpga_lite/18.1/nios2eds/bin/gnu/h-x86_64-mingw32/bin/../lib/gcc/nios2-elf/5.3.0/../../../../../H-x86_64-mingw32/nios2-elf/lib\libc.a(lib_a-impure.o)
                                        0x59b (size before relaxing)
 .debug_str     0x0000000000001a93       0x3c c:/intelfpga_lite/18.1/nios2eds/bin/gnu/h-x86_64-mingw32/bin/../lib/gcc/nios2-elf/5.3.0/../../../../../H-x86_64-mingw32/nios2-elf/lib\libc.a(lib_a-int_errno.o)
                                        0x1c3 (size before relaxing)
 .debug_str     0x0000000000001acf       0x41 c:/intelfpga_lite/18.1/nios2eds/bin/gnu/h-x86_64-mingw32/bin/../lib/gcc/nios2-elf/5.3.0/../../../../../H-x86_64-mingw32/nios2-elf/lib\libc.a(lib_a-memcmp.o)
                                        0x1ca (size before relaxing)
 .debug_str     0x0000000000001b10       0x41 c:/intelfpga_lite/18.1/nios2eds/bin/gnu/h-x86_64-mingw32/bin/../lib/gcc/nios2-elf/5.3.0/../../../../../H-x86_64-mingw32/nios2-elf/lib\libc.a(lib_a-strlen.o)
                                        0x1dd (size before relaxing)
 .debug_str     0x0000000000001b51       0x3c c:/intelfpga_lite/18.1/nios2eds/bin/gnu/h-x86_64-mingw32/bin/../lib/gcc/nios2-elf/5.3.0/../../../../../H-x86_64-mingw32/nios2-elf/lib\libc.a(lib_a-__atexit.o)
                                        0x5dc (size before relaxing)
 .debug_str     0x0000000000001b8d       0x62 c:/intelfpga_lite/18.1/nios2eds/bin/gnu/h-x86_64-mingw32/bin/../lib/gcc/nios2-elf/5.3.0/../../../../../H-x86_64-mingw32/nios2-elf/lib\libc.a(lib_a-__call_atexit.o)
                                        0x5c8 (size before relaxing)
 .debug_str     0x0000000000001bef      0x16d c:/intelfpga_lite/18.1/nios2eds/bin/gnu/h-x86_64-mingw32/bin/../lib/gcc/nios2-elf/5.3.0\libgcc.a(lib2-divmod.o)
                                        0x1b8 (size before relaxing)
 .debug_str     0x0000000000001d5c       0x2a ../control_bsp/\libhal_bsp.a(alt_exit.o)
                                        0x195 (size before relaxing)

.debug_loc      0x0000000000000000      0xde4
 *(.debug_loc)
 .debug_loc     0x0000000000000000      0x266 c:/intelfpga_lite/18.1/nios2eds/bin/gnu/h-x86_64-mingw32/bin/../lib/gcc/nios2-elf/5.3.0/../../../../../H-x86_64-mingw32/nios2-elf/lib\libc.a(lib_a-memcpy.o)
 .debug_loc     0x0000000000000266      0x1a6 c:/intelfpga_lite/18.1/nios2eds/bin/gnu/h-x86_64-mingw32/bin/../lib/gcc/nios2-elf/5.3.0/../../../../../H-x86_64-mingw32/nios2-elf/lib\libc.a(lib_a-memset.o)
 .debug_loc     0x000000000000040c       0x2c c:/intelfpga_lite/18.1/nios2eds/bin/gnu/h-x86_64-mingw32/bin/../lib/gcc/nios2-elf/5.3.0/../../../../../H-x86_64-mingw32/nios2-elf/lib\libc.a(lib_a-atexit.o)
 .debug_loc     0x0000000000000438       0x1e c:/intelfpga_lite/18.1/nios2eds/bin/gnu/h-x86_64-mingw32/bin/../lib/gcc/nios2-elf/5.3.0/../../../../../H-x86_64-mingw32/nios2-elf/lib\libc.a(lib_a-exit.o)
 .debug_loc     0x0000000000000456      0x126 c:/intelfpga_lite/18.1/nios2eds/bin/gnu/h-x86_64-mingw32/bin/../lib/gcc/nios2-elf/5.3.0/../../../../../H-x86_64-mingw32/nios2-elf/lib\libc.a(lib_a-memcmp.o)
 .debug_loc     0x000000000000057c       0x47 c:/intelfpga_lite/18.1/nios2eds/bin/gnu/h-x86_64-mingw32/bin/../lib/gcc/nios2-elf/5.3.0/../../../../../H-x86_64-mingw32/nios2-elf/lib\libc.a(lib_a-strlen.o)
 .debug_loc     0x00000000000005c3      0x185 c:/intelfpga_lite/18.1/nios2eds/bin/gnu/h-x86_64-mingw32/bin/../lib/gcc/nios2-elf/5.3.0/../../../../../H-x86_64-mingw32/nios2-elf/lib\libc.a(lib_a-__atexit.o)
 .debug_loc     0x0000000000000748      0x1ce c:/intelfpga_lite/18.1/nios2eds/bin/gnu/h-x86_64-mingw32/bin/../lib/gcc/nios2-elf/5.3.0/../../../../../H-x86_64-mingw32/nios2-elf/lib\libc.a(lib_a-__call_atexit.o)
 .debug_loc     0x0000000000000916      0x4ce c:/intelfpga_lite/18.1/nios2eds/bin/gnu/h-x86_64-mingw32/bin/../lib/gcc/nios2-elf/5.3.0\libgcc.a(lib2-divmod.o)

.debug_macinfo
 *(.debug_macinfo)

.debug_weaknames
 *(.debug_weaknames)

.debug_funcnames
 *(.debug_funcnames)

.debug_typenames
 *(.debug_typenames)

.debug_varnames
 *(.debug_varnames)

.debug_alt_sim_info
                0x0000000000000000       0x60
 *(.debug_alt_sim_info)
 .debug_alt_sim_info
                0x0000000000000000       0x30 ../control_bsp//obj/HAL/src/crt0.o
 .debug_alt_sim_info
                0x0000000000000030       0x30 ../control_bsp/\libhal_bsp.a(alt_busy_sleep.o)
                0x0000000008000000                __alt_data_end = 0x8000000
                0x0000000008000000                PROVIDE (__alt_stack_pointer, __alt_data_end)
                [!provide]                        PROVIDE (__alt_stack_limit, __alt_stack_base)
                [!provide]                        PROVIDE (__alt_heap_start, end)
                [!provide]                        PROVIDE (__alt_heap_limit, 0x8000000)
OUTPUT(control.elf elf32-littlenios2)

.debug_ranges   0x0000000000000000      0x1e8
 .debug_ranges  0x0000000000000000       0x20 ../control_bsp//obj/HAL/src/crt0.o
 .debug_ranges  0x0000000000000020       0x10 c:/intelfpga_lite/18.1/nios2eds/bin/gnu/h-x86_64-mingw32/bin/../lib/gcc/nios2-elf/5.3.0/../../../../../H-x86_64-mingw32/nios2-elf/lib\libc.a(lib_a-memcpy.o)
 .debug_ranges  0x0000000000000030       0x10 c:/intelfpga_lite/18.1/nios2eds/bin/gnu/h-x86_64-mingw32/bin/../lib/gcc/nios2-elf/5.3.0/../../../../../H-x86_64-mingw32/nios2-elf/lib\libc.a(lib_a-memset.o)
 .debug_ranges  0x0000000000000040       0x30 ../control_bsp/\libhal_bsp.a(altera_avalon_jtag_uart_init.o)
 .debug_ranges  0x0000000000000070       0x18 ../control_bsp/\libhal_bsp.a(altera_avalon_jtag_uart_read.o)
 .debug_ranges  0x0000000000000088       0x28 ../control_bsp/\libhal_bsp.a(alt_irq_entry.o)
 .debug_ranges  0x00000000000000b0       0x10 ../control_bsp/\libhal_bsp.a(alt_irq_handler.o)
 .debug_ranges  0x00000000000000c0       0x30 ../control_bsp/\libhal_bsp.a(alt_exception_entry.o)
 .debug_ranges  0x00000000000000f0       0x18 ../control_bsp/\libhal_bsp.a(alt_instruction_exception_entry.o)
 .debug_ranges  0x0000000000000108       0x10 c:/intelfpga_lite/18.1/nios2eds/bin/gnu/h-x86_64-mingw32/bin/../lib/gcc/nios2-elf/5.3.0/../../../../../H-x86_64-mingw32/nios2-elf/lib\libc.a(lib_a-atexit.o)
 .debug_ranges  0x0000000000000118       0x10 c:/intelfpga_lite/18.1/nios2eds/bin/gnu/h-x86_64-mingw32/bin/../lib/gcc/nios2-elf/5.3.0/../../../../../H-x86_64-mingw32/nios2-elf/lib\libc.a(lib_a-exit.o)
 .debug_ranges  0x0000000000000128       0x10 c:/intelfpga_lite/18.1/nios2eds/bin/gnu/h-x86_64-mingw32/bin/../lib/gcc/nios2-elf/5.3.0/../../../../../H-x86_64-mingw32/nios2-elf/lib\libc.a(lib_a-memcmp.o)
 .debug_ranges  0x0000000000000138       0x10 c:/intelfpga_lite/18.1/nios2eds/bin/gnu/h-x86_64-mingw32/bin/../lib/gcc/nios2-elf/5.3.0/../../../../../H-x86_64-mingw32/nios2-elf/lib\libc.a(lib_a-strlen.o)
 .debug_ranges  0x0000000000000148       0x10 c:/intelfpga_lite/18.1/nios2eds/bin/gnu/h-x86_64-mingw32/bin/../lib/gcc/nios2-elf/5.3.0/../../../../../H-x86_64-mingw32/nios2-elf/lib\libc.a(lib_a-__atexit.o)
 .debug_ranges  0x0000000000000158       0x30 c:/intelfpga_lite/18.1/nios2eds/bin/gnu/h-x86_64-mingw32/bin/../lib/gcc/nios2-elf/5.3.0/../../../../../H-x86_64-mingw32/nios2-elf/lib\libc.a(lib_a-__call_atexit.o)
 .debug_ranges  0x0000000000000188       0x60 c:/intelfpga_lite/18.1/nios2eds/bin/gnu/h-x86_64-mingw32/bin/../lib/gcc/nios2-elf/5.3.0\libgcc.a(lib2-divmod.o)
