Archive member included to satisfy reference by file (symbol)

c:/intelfpga_lite/18.1/nios2eds/bin/gnu/h-x86_64-mingw32/bin/../lib/gcc/nios2-elf/5.3.0\libgcc.a(_muldi3.o)
                              obj/default/debug_control.o (__muldi3)
c:/intelfpga_lite/18.1/nios2eds/bin/gnu/h-x86_64-mingw32/bin/../lib/gcc/nios2-elf/5.3.0\libgcc.a(_udivdi3.o)
                              obj/default/debug_control.o (__udivdi3)
c:/intelfpga_lite/18.1/nios2eds/bin/gnu/h-x86_64-mingw32/bin/../lib/gcc/nios2-elf/5.3.0\libgcc.a(lib2-divmod.o)
                              obj/default/speaker.o (__divsi3)
c:/intelfpga_lite/18.1/nios2eds/bin/gnu/h-x86_64-mingw32/bin/../lib/gcc/nios2-elf/5.3.0\libgcc.a(_clz.o)
                              c:/intelfpga_lite/18.1/nios2eds/bin/gnu/h-x86_64-mingw32/bin/../lib/gcc/nios2-elf/5.3.0\libgcc.a(_udivdi3.o) (__clz_tab)
c:/intelfpga_lite/18.1/nios2eds/bin/gnu/h-x86_64-mingw32/bin/../lib/gcc/nios2-elf/5.3.0/../../../../../H-x86_64-mingw32/nios2-elf/lib\libc.a(lib_a-memcpy.o)
                              obj/default/switches_key.o (memcpy)
c:/intelfpga_lite/18.1/nios2eds/bin/gnu/h-x86_64-mingw32/bin/../lib/gcc/nios2-elf/5.3.0/../../../../../H-x86_64-mingw32/nios2-elf/lib\libc.a(lib_a-memmove.o)
                              obj/default/switches_key.o (memmove)
c:/intelfpga_lite/18.1/nios2eds/bin/gnu/h-x86_64-mingw32/bin/../lib/gcc/nios2-elf/5.3.0/../../../../../H-x86_64-mingw32/nios2-elf/lib\libc.a(lib_a-rand.o)
                              obj/default/soundeffects.o (rand)
c:/intelfpga_lite/18.1/nios2eds/bin/gnu/h-x86_64-mingw32/bin/../lib/gcc/nios2-elf/5.3.0/../../../../../H-x86_64-mingw32/nios2-elf/lib\libc.a(lib_a-snprintf.o)
                              obj/default/switches_key.o (snprintf)
c:/intelfpga_lite/18.1/nios2eds/bin/gnu/h-x86_64-mingw32/bin/../lib/gcc/nios2-elf/5.3.0/../../../../../H-x86_64-mingw32/nios2-elf/lib\libc.a(lib_a-strcmp.o)
                              obj/default/switches_key.o (strcmp)
c:/intelfpga_lite/18.1/nios2eds/bin/gnu/h-x86_64-mingw32/bin/../lib/gcc/nios2-elf/5.3.0/../../../../../H-x86_64-mingw32/nios2-elf/lib\libc.a(lib_a-strlen.o)
                              obj/default/switches_key.o (strlen)
c:/intelfpga_lite/18.1/nios2eds/bin/gnu/h-x86_64-mingw32/bin/../lib/gcc/nios2-elf/5.3.0/../../../../../H-x86_64-mingw32/nios2-elf/lib\libc.a(lib_a-strncat.o)
                              obj/default/switches_key.o (strncat)
c:/intelfpga_lite/18.1/nios2eds/bin/gnu/h-x86_64-mingw32/bin/../lib/gcc/nios2-elf/5.3.0/../../../../../H-x86_64-mingw32/nios2-elf/lib\libc.a(lib_a-strncpy.o)
                              obj/default/switches_key.o (strncpy)
c:/intelfpga_lite/18.1/nios2eds/bin/gnu/h-x86_64-mingw32/bin/../lib/gcc/nios2-elf/5.3.0/../../../../../H-x86_64-mingw32/nios2-elf/lib\libc.a(lib_a-svfprintf.o)
                              c:/intelfpga_lite/18.1/nios2eds/bin/gnu/h-x86_64-mingw32/bin/../lib/gcc/nios2-elf/5.3.0/../../../../../H-x86_64-mingw32/nios2-elf/lib\libc.a(lib_a-snprintf.o) (___svfprintf_internal_r)
c:/intelfpga_lite/18.1/nios2eds/bin/gnu/h-x86_64-mingw32/bin/../lib/gcc/nios2-elf/5.3.0/../../../../../H-x86_64-mingw32/nios2-elf/lib\libc.a(lib_a-dtoa.o)
                              c:/intelfpga_lite/18.1/nios2eds/bin/gnu/h-x86_64-mingw32/bin/../lib/gcc/nios2-elf/5.3.0/../../../../../H-x86_64-mingw32/nios2-elf/lib\libc.a(lib_a-svfprintf.o) (_dtoa_r)
c:/intelfpga_lite/18.1/nios2eds/bin/gnu/h-x86_64-mingw32/bin/../lib/gcc/nios2-elf/5.3.0/../../../../../H-x86_64-mingw32/nios2-elf/lib\libc.a(lib_a-impure.o)
                              c:/intelfpga_lite/18.1/nios2eds/bin/gnu/h-x86_64-mingw32/bin/../lib/gcc/nios2-elf/5.3.0/../../../../../H-x86_64-mingw32/nios2-elf/lib\libc.a(lib_a-rand.o) (_impure_ptr)
c:/intelfpga_lite/18.1/nios2eds/bin/gnu/h-x86_64-mingw32/bin/../lib/gcc/nios2-elf/5.3.0/../../../../../H-x86_64-mingw32/nios2-elf/lib\libc.a(lib_a-locale.o)
                              c:/intelfpga_lite/18.1/nios2eds/bin/gnu/h-x86_64-mingw32/bin/../lib/gcc/nios2-elf/5.3.0/../../../../../H-x86_64-mingw32/nios2-elf/lib\libc.a(lib_a-svfprintf.o) (_localeconv_r)
c:/intelfpga_lite/18.1/nios2eds/bin/gnu/h-x86_64-mingw32/bin/../lib/gcc/nios2-elf/5.3.0/../../../../../H-x86_64-mingw32/nios2-elf/lib\libc.a(lib_a-mallocr.o)
                              c:/intelfpga_lite/18.1/nios2eds/bin/gnu/h-x86_64-mingw32/bin/../lib/gcc/nios2-elf/5.3.0/../../../../../H-x86_64-mingw32/nios2-elf/lib\libc.a(lib_a-svfprintf.o) (_malloc_r)
c:/intelfpga_lite/18.1/nios2eds/bin/gnu/h-x86_64-mingw32/bin/../lib/gcc/nios2-elf/5.3.0/../../../../../H-x86_64-mingw32/nios2-elf/lib\libc.a(lib_a-memchr.o)
                              c:/intelfpga_lite/18.1/nios2eds/bin/gnu/h-x86_64-mingw32/bin/../lib/gcc/nios2-elf/5.3.0/../../../../../H-x86_64-mingw32/nios2-elf/lib\libc.a(lib_a-svfprintf.o) (memchr)
c:/intelfpga_lite/18.1/nios2eds/bin/gnu/h-x86_64-mingw32/bin/../lib/gcc/nios2-elf/5.3.0/../../../../../H-x86_64-mingw32/nios2-elf/lib\libc.a(lib_a-mprec.o)
[...]
Memory Configuration

Name             Origin             Length             Attributes
new_sdram_controller_0 0x0000000004100000 0x0000000000100000
reset            0x0000000008004000 0x0000000000000020
control_mem      0x0000000008004020 0x0000000000003fe0
*default*        0x0000000000000000 0xffffffffffffffff

Linker script and memory map

LOAD ../control_bsp//obj/HAL/src/crt0.o
LOAD obj/default/debug_control.o
LOAD obj/default/main.o
LOAD obj/default/soundeffects.o
LOAD obj/default/speaker.o
LOAD obj/default/switches_key.o
LOAD obj/default/traffc_led.o
LOAD c:/intelfpga_lite/18.1/nios2eds/bin/gnu/h-x86_64-mingw32/bin/../lib/gcc/nios2-elf/5.3.0/../../../../../H-x86_64-mingw32/nios2-elf/lib\libstdc++.a
LOAD c:/intelfpga_lite/18.1/nios2eds/bin/gnu/h-x86_64-mingw32/bin/../lib/gcc/nios2-elf/5.3.0/../../../../../H-x86_64-mingw32/nios2-elf/lib\libm.a
LOAD c:/intelfpga_lite/18.1/nios2eds/bin/gnu/h-x86_64-mingw32/bin/../lib/gcc/nios2-elf/5.3.0\libgcc.a
START GROUP
LOAD c:/intelfpga_lite/18.1/nios2eds/bin/gnu/h-x86_64-mingw32/bin/../lib/gcc/nios2-elf/5.3.0/../../../../../H-x86_64-mingw32/nios2-elf/lib\libc.a
LOAD c:/intelfpga_lite/18.1/nios2eds/bin/gnu/h-x86_64-mingw32/bin/../lib/gcc/nios2-elf/5.3.0\libgcc.a
LOAD ../control_bsp/\libucosii_bsp.a
LOAD c:/intelfpga_lite/18.1/nios2eds/bin/gnu/h-x86_64-mingw32/bin/../lib/gcc/nios2-elf/5.3.0/../../../../../H-x86_64-mingw32/nios2-elf/lib\libm.a
END GROUP
LOAD c:/intelfpga_lite/18.1/nios2eds/bin/gnu/h-x86_64-mingw32/bin/../lib/gcc/nios2-elf/5.3.0\libgcc.a
                0x0000000004000000                __alt_mem_new_sdram_controller_0 = 0x4000000
                0x0000000008004000                __alt_mem_control_mem = 0x8004000

.entry          0x0000000008004000       0x20
 *(.entry)
 .entry         0x0000000008004000       0x20 ../control_bsp//obj/HAL/src/crt0.o
                0x0000000008004000                __reset

.exceptions     0x0000000008004020      0x224 load address 0x0000000004100000
                0x0000000008004020                PROVIDE (__ram_exceptions_start, ABSOLUTE (.))
                0x0000000008004020                . = ALIGN (0x20)
 *(.irq)
 *(.exceptions.entry.label)
 .exceptions.entry.label
                0x0000000008004020        0x0 ../control_bsp/\libucosii_bsp.a(alt_irq_entry.o)
                0x0000000008004020                alt_irq_entry
 .exceptions.entry.label
                0x0000000008004020        0x0 ../control_bsp/\libucosii_bsp.a(alt_exception_entry.o)
                0x0000000008004020                alt_exception
 *(.exceptions.entry.user)
 *(.exceptions.entry.ecc_fatal)
 *(.exceptions.entry)
 .exceptions.entry
                0x0000000008004020       0x54 ../control_bsp/\libucosii_bsp.a(alt_exception_entry.o)
 *(.exceptions.irqtest.user)
 *(.exceptions.irqtest)
 .exceptions.irqtest
                0x0000000008004074       0x10 ../control_bsp/\libucosii_bsp.a(alt_irq_entry.o)
 *(.exceptions.irqhandler.user)
 *(.exceptions.irqhandler)
 .exceptions.irqhandler
                0x0000000008004084        0x4 ../control_bsp/\libucosii_bsp.a(alt_irq_entry.o)
 *(.exceptions.irqreturn.user)
 *(.exceptions.irqreturn)
 .exceptions.irqreturn
                0x0000000008004088        0x4 ../control_bsp/\libucosii_bsp.a(alt_irq_entry.o)
 *(.exceptions.notirq.label)
 .exceptions.notirq.label
                0x000000000800408c        0x0 ../control_bsp/\libucosii_bsp.a(alt_irq_entry.o)
 *(.exceptions.notirq.user)
 *(.exceptions.notirq)
 .exceptions.notirq
                0x000000000800408c        0x8 ../control_bsp/\libucosii_bsp.a(alt_exception_entry.o)
 *(.exceptions.soft.user)
 *(.exceptions.soft)
 *(.exceptions.unknown.user)
 *(.exceptions.unknown)
 .exceptions.unknown
                0x0000000008004094       0x14 ../control_bsp/\libucosii_bsp.a(alt_exception_entry.o)
 *(.exceptions.exit.label)
 .exceptions.exit.label
                0x00000000080040a8        0x0 ../control_bsp/\libucosii_bsp.a(alt_irq_entry.o)
 .exceptions.exit.label
                0x00000000080040a8        0x0 ../control_bsp/\libucosii_bsp.a(alt_exception_entry.o)
 *(.exceptions.exit.user)
 *(.exceptions.exit)
 .exceptions.exit
                0x00000000080040a8       0x54 ../control_bsp/\libucosii_bsp.a(alt_exception_entry.o)
 *(.exceptions)
 .exceptions    0x00000000080040fc       0xd4 ../control_bsp/\libucosii_bsp.a(alt_irq_handler.o)
                0x00000000080040fc                alt_irq_handler
 .exceptions    0x00000000080041d0       0x74 ../control_bsp/\libucosii_bsp.a(alt_instruction_exception_entry.o)
                0x00000000080041d0                alt_instruction_exception_entry
                0x0000000008004244                PROVIDE (__ram_exceptions_end, ABSOLUTE (.))
                0x0000000004100000                PROVIDE (__flash_exceptions_start, LOADADDR (.exceptions))

.text           0x0000000004100224    0x19794
                [!provide]                        PROVIDE (stext, ABSOLUTE (.))
 *(.interp)
 *(.hash)
 *(.dynsym)
 *(.dynstr)
 *(.gnu.version)
 *(.gnu.version_d)
 *(.gnu.version_r)
 *(.rel.init)
 *(.rela.init)
 *(.rel.text .rel.text.* .rel.gnu.linkonce.t.*)
 *(.rela.text .rela.text.* .rela.gnu.linkonce.t.*)
 *(.rel.fini)
 *(.rela.fini)
 *(.rel.rodata .rel.rodata.* .rel.gnu.linkonce.r.*)
 *(.rela.rodata .rela.rodata.* .rela.gnu.linkonce.r.*)
 *(.rel.data .rel.data.* .rel.gnu.linkonce.d.*)
 *(.rela.data .rela.data.* .rela.gnu.linkonce.d.*)
 *(.rel.tdata .rel.tdata.* .rel.gnu.linkonce.td.*)
 *(.rela.tdata .rela.tdata.* .rela.gnu.linkonce.td.*)
 *(.rel.tbss .rel.tbss.* .rel.gnu.linkonce.tb.*)
 *(.rela.tbss .rela.tbss.* .rela.gnu.linkonce.tb.*)
 *(.rel.ctors)
 *(.rela.ctors)
 *(.rel.dtors)
 *(.rela.dtors)
 *(.rel.got)
 *(.rela.got)
 *(.rel.sdata .rel.sdata.* .rel.gnu.linkonce.s.*)
 *(.rela.sdata .rela.sdata.* .rela.gnu.linkonce.s.*)
 *(.rel.sbss .rel.sbss.* .rel.gnu.linkonce.sb.*)
 *(.rela.sbss .rela.sbss.* .rela.gnu.linkonce.sb.*)
 *(.rel.sdata2 .rel.sdata2.* .rel.gnu.linkonce.s2.*)
 *(.rela.sdata2 .rela.sdata2.* .rela.gnu.linkonce.s2.*)
 *(.rel.sbss2 .rel.sbss2.* .rel.gnu.linkonce.sb2.*)
 *(.rela.sbss2 .rela.sbss2.* .rela.gnu.linkonce.sb2.*)
 *(.rel.bss .rel.bss.* .rel.gnu.linkonce.b.*)
 *(.rela.bss .rela.bss.* .rela.gnu.linkonce.b.*)
 *(.rel.plt)
 *(.rela.plt)
 *(.rel.dyn)
 *(.init)
 *(.plt)
 *(.text .stub .text.* .gnu.linkonce.t.*)
 .text          0x0000000004100224       0x4c ../control_bsp//obj/HAL/src/crt0.o
                0x0000000004100224                _start
 .text          0x0000000004100270      0xd14 obj/default/debug_control.o
                0x00000000041004c8                debug_control_all_outputs_off
                0x00000000041005cc                debug_control_init
                0x0000000004100724                debug_control_copy_message
                0x0000000004100c40                debug_control_update
                0x0000000004100ec0                debug_control_service_speaker
 .text          0x0000000004100f84      0x1d8 obj/default/main.o
                0x0000000004100f84                Initial_Task
                0x00000000041010bc                main
 .text          0x000000000410115c      0x9e0 obj/default/soundeffects.o
                0x000000000410115c                sound_init
                0x000000000410151c                sfx_laser_shoot
                0x0000000004101578                sfx_explosion
                0x0000000004101630                sfx_portal
                0x000000000410168c                sfx_menu_blip
                0x00000000041016c4                sfx_error_buzz
                0x0000000004101718                sfx_eat_apple
                0x000000000410175c                sfx_end_screen
                0x00000000041017d0                sfx_change
                0x0000000004101808                sfx_click
                0x0000000004101840                sfx_snake_turn
                0x0000000004101878                sfx_clear
                0x00000000041018cc                sfx_enter_snake
                0x0000000004101998                sfx_enter_draw
                0x0000000004101a78                sfx_enter_battle
 .text          0x0000000004101b3c       0xdc obj/default/speaker.o
                0x0000000004101b3c                play_speaker
 .text          0x0000000004101c18     0x1fe8 obj/default/switches_key.o
                0x000000000410222c                control_get_switch_state
                0x0000000004102250                control_get_key_state
                0x0000000004102274                control_shared_flags_init
                0x0000000004102608                input_task
                0x00000000041026bc                switch_setup
                0x0000000004102790                key_setup
                0x0000000004102870                img_rx_setup
                0x000000000410293c                vga_rx_setup
                0x00000000041032fc                HEX_task
                0x00000000041034c8                leds_update_task
                0x0000000004103888                sfx_task
                0x0000000004103a5c                handle_switch4
                0x0000000004103a9c                translator
 .text          0x0000000004103c00      0x3ec obj/default/traffc_led.o
                0x0000000004103c00                red_light
                0x0000000004103c68                yellow_light
                0x0000000004103cd0                green_light
                0x0000000004103d38                game_over
                0x0000000004103dfc                eat_apple
                0x0000000004103e50                explosion
                0x0000000004103ed4                portal
                0x0000000004103f60                miss
 .text          0x0000000004103fec       0x60 c:/intelfpga_lite/18.1/nios2eds/bin/gnu/h-x86_64-mingw32/bin/../lib/gcc/nios2-elf/5.3.0\libgcc.a(_muldi3.o)
                0x0000000004103fec                __muldi3
 .text          0x000000000410404c      0x578 c:/intelfpga_lite/18.1/nios2eds/bin/gnu/h-x86_64-mingw32/bin/../lib/gcc/nios2-elf/5.3.0\libgcc.a(_udivdi3.o)
                0x000000000410404c                __udivdi3
 .text          0x00000000041045c4      0x1b4 c:/intelfpga_lite/18.1/nios2eds/bin/gnu/h-x86_64-mingw32/bin/../lib/gcc/nios2-elf/5.3.0\libgcc.a(lib2-divmod.o)
                0x00000000041045c4                __divsi3
                0x0000000004104648                __modsi3
                0x00000000041046bc                __udivsi3
                0x0000000004104720                __umodsi3
 .text          0x0000000004104778        0x0 c:/intelfpga_lite/18.1/nios2eds/bin/gnu/h-x86_64-mingw32/bin/../lib/gcc/nios2-elf/5.3.0\libgcc.a(_clz.o)
 .text          0x0000000004104778        0x0 c:/intelfpga_lite/18.1/nios2eds/bin/gnu/h-x86_64-mingw32/bin/../lib/gcc/nios2-elf/5.3.0/../../../../../H-x86_64-mingw32/nios2-elf/lib\libc.a(lib_a-memcpy.o)
 .text.memcpy   0x0000000004104778      0x148 c:/intelfpga_lite/18.1/nios2eds/bin/gnu/h-x86_64-mingw32/bin/../lib/gcc/nios2-elf/5.3.0/../../../../../H-x86_64-mingw32/nios2-elf/lib\libc.a(lib_a-memcpy.o)
                0x0000000004104778                memcpy
 .text          0x00000000041048c0        0x0 c:/intelfpga_lite/18.1/nios2eds/bin/gnu/h-x86_64-mingw32/bin/../lib/gcc/nios2-elf/5.3.0/../../../../../H-x86_64-mingw32/nios2-elf/lib\libc.a(lib_a-memmove.o)
 .text.memmove  0x00000000041048c0      0x15c c:/intelfpga_lite/18.1/nios2eds/bin/gnu/h-x86_64-mingw32/bin/../lib/gcc/nios2-elf/5.3.0/../../../../../H-x86_64-mingw32/nios2-elf/lib\libc.a(lib_a-memmove.o)
                0x00000000041048c0                memmove
 .text          0x0000000004104a1c        0x0 c:/intelfpga_lite/18.1/nios2eds/bin/gnu/h-x86_64-mingw32/bin/../lib/gcc/nios2-elf/5.3.0/../../../../../H-x86_64-mingw32/nios2-elf/lib\libc.a(lib_a-rand.o)
 .text.srand    0x0000000004104a1c       0x18 c:/intelfpga_lite/18.1/nios2eds/bin/gnu/h-x86_64-mingw32/bin/../lib/gcc/nios2-elf/5.3.0/../../../../../H-x86_64-mingw32/nios2-elf/lib\libc.a(lib_a-rand.o)
                0x0000000004104a1c                srand
 .text.rand     0x0000000004104a34       0x64 c:/intelfpga_lite/18.1/nios2eds/bin/gnu/h-x86_64-mingw32/bin/../lib/gcc/nios2-elf/5.3.0/../../../../../H-x86_64-mingw32/nios2-elf/lib\libc.a(lib_a-rand.o)
                0x0000000004104a34                rand
 .text          0x0000000004104a98        0x0 c:/intelfpga_lite/18.1/nios2eds/bin/gnu/h-x86_64-mingw32/bin/../lib/gcc/nios2-elf/5.3.0/../../../../../H-x86_64-mingw32/nios2-elf/lib\libc.a(lib_a-snprintf.o)
 .text._snprintf_r
                0x0000000004104a98       0xd8 c:/intelfpga_lite/18.1/nios2eds/bin/gnu/h-x86_64-mingw32/bin/../lib/gcc/nios2-elf/5.3.0/../../../../../H-x86_64-mingw32/nios2-elf/lib\libc.a(lib_a-snprintf.o)
                0x0000000004104a98                _snprintf_r
 .text.snprintf
                0x0000000004104b70       0xe4 c:/intelfpga_lite/18.1/nios2eds/bin/gnu/h-x86_64-mingw32/bin/../lib/gcc/nios2-elf/5.3.0/../../../../../H-x86_64-mingw32/nios2-elf/lib\libc.a(lib_a-snprintf.o)
                0x0000000004104b70                snprintf
 .text          0x0000000004104c54        0x0 c:/intelfpga_lite/18.1/nios2eds/bin/gnu/h-x86_64-mingw32/bin/../lib/gcc/nios2-elf/5.3.0/../../../../../H-x86_64-mingw32/nios2-elf/lib\libc.a(lib_a-strcmp.o)
 .text.strcmp   0x0000000004104c54       0xdc c:/intelfpga_lite/18.1/nios2eds/bin/gnu/h-x86_64-mingw32/bin/../lib/gcc/nios2-elf/5.3.0/../../../../../H-x86_64-mingw32/nios2-elf/lib\libc.a(lib_a-strcmp.o)
                0x0000000004104c54                strcmp
 .text          0x0000000004104d30        0x0 c:/intelfpga_lite/18.1/nios2eds/bin/gnu/h-x86_64-mingw32/bin/../lib/gcc/nios2-elf/5.3.0/../../../../../H-x86_64-mingw32/nios2-elf/lib\libc.a(lib_a-strlen.o)
 .text.strlen   0x0000000004104d30       0x98 c:/intelfpga_lite/18.1/nios2eds/bin/gnu/h-x86_64-mingw32/bin/../lib/gcc/nios2-elf/5.3.0/../../../../../H-x86_64-mingw32/nios2-elf/lib\libc.a(lib_a-strlen.o)
                0x0000000004104d30                strlen
 .text          0x0000000004104dc8        0x0 c:/intelfpga_lite/18.1/nios2eds/bin/gnu/h-x86_64-mingw32/bin/../lib/gcc/nios2-elf/5.3.0/../../../../../H-x86_64-mingw32/nios2-elf/lib\libc.a(lib_a-strncat.o)
 .text.strncat  0x0000000004104dc8       0xb8 c:/intelfpga_lite/18.1/nios2eds/bin/gnu/h-x86_64-mingw32/bin/../lib/gcc/nios2-elf/5.3.0/../../../../../H-x86_64-mingw32/nios2-elf/lib\libc.a(lib_a-strncat.o)
                0x0000000004104dc8                strncat
 .text          0x0000000004104e80        0x0 c:/intelfpga_lite/18.1/nios2eds/bin/gnu/h-x86_64-mingw32/bin/../lib/gcc/nios2-elf/5.3.0/../../../../../H-x86_64-mingw32/nios2-elf/lib\libc.a(lib_a-strncpy.o)
 .text.strncpy  0x0000000004104e80       0xec c:/intelfpga_lite/18.1/nios2eds/bin/gnu/h-x86_64-mingw32/bin/../lib/gcc/nios2-elf/5.3.0/../../../../../H-x86_64-mingw32/nios2-elf/lib\libc.a(lib_a-strncpy.o)
                0x0000000004104e80                strncpy
 .text          0x0000000004104f6c        0x0 c:/intelfpga_lite/18.1/nios2eds/bin/gnu/h-x86_64-mingw32/bin/../lib/gcc/nios2-elf/5.3.0/../../../../../H-x86_64-mingw32/nios2-elf/lib\libc.a(lib_a-svfprintf.o)
 .text.___svfprintf_internal_r
                0x0000000004104f6c     0x21d8 c:/intelfpga_lite/18.1/nios2eds/bin/gnu/h-x86_64-mingw32/bin/../lib/gcc/nios2-elf/5.3.0/../../../../../H-x86_64-mingw32/nios2-elf/lib\libc.a(lib_a-svfprintf.o)
                0x0000000004104f6c                ___svfprintf_internal_r
 .text          0x0000000004107144        0x0 c:/intelfpga_lite/18.1/nios2eds/bin/gnu/h-x86_64-mingw32/bin/../lib/gcc/nios2-elf/5.3.0/../../../../../H-x86_64-mingw32/nios2-elf/lib\libc.a(lib_a-dtoa.o)
 .text.quorem   0x0000000004107144      0x200 c:/intelfpga_lite/18.1/nios2eds/bin/gnu/h-x86_64-mingw32/bin/../lib/gcc/nios2-elf/5.3.0/../../../../../H-x86_64-mingw32/nios2-elf/lib\libc.a(lib_a-dtoa.o)
 .text._dtoa_r  0x0000000004107344     0x1688 c:/intelfpga_lite/18.1/nios2eds/bin/gnu/h-x86_64-mingw32/bin/../lib/gcc/nios2-elf/5.3.0/../../../../../H-x86_64-mingw32/nios2-elf/lib\libc.a(lib_a-dtoa.o)
                0x0000000004107344                _dtoa_r
 .text          0x00000000041089cc        0x0 c:/intelfpga_lite/18.1/nios2eds/bin/gnu/h-x86_64-mingw32/bin/../lib/gcc/nios2-elf/5.3.0/../../../../../H-x86_64-mingw32/nios2-elf/lib\libc.a(lib_a-impure.o)
 .text          0x00000000041089cc        0x0 c:/intelfpga_lite/18.1/nios2eds/bin/gnu/h-x86_64-mingw32/bin/../lib/gcc/nios2-elf/5.3.0/../../../../../H-x86_64-mingw32/nios2-elf/lib\libc.a(lib_a-locale.o)
 .text._setlocale_r
                0x00000000041089cc       0x7c c:/intelfpga_lite/18.1/nios2eds/bin/gnu/h-x86_64-mingw32/bin/../lib/gcc/nios2-elf/5.3.0/../../../../../H-x86_64-mingw32/nios2-elf/lib\libc.a(lib_a-locale.o)
                0x00000000041089cc                _setlocale_r
 .text.__locale_charset
                0x0000000004108a48        0xc c:/intelfpga_lite/18.1/nios2eds/bin/gnu/h-x86_64-mingw32/bin/../lib/gcc/nios2-elf/5.3.0/../../../../../H-x86_64-mingw32/nios2-elf/lib\libc.a(lib_a-locale.o)
                0x0000000004108a48                __locale_charset
 .text.__locale_mb_cur_max
                0x0000000004108a54       0x10 c:/intelfpga_lite/18.1/nios2eds/bin/gnu/h-x86_64-mingw32/bin/../lib/gcc/nios2-elf/5.3.0/../../../../../H-x86_64-mingw32/nios2-elf/lib\libc.a(lib_a-locale.o)
                0x0000000004108a54                __locale_mb_cur_max
 .text.__locale_msgcharset
                0x0000000004108a64        0xc c:/intelfpga_lite/18.1/nios2eds/bin/gnu/h-x86_64-mingw32/bin/../lib/gcc/nios2-elf/5.3.0/../../../../../H-x86_64-mingw32/nios2-elf/lib\libc.a(lib_a-locale.o)
                0x0000000004108a64                __locale_msgcharset
 .text.__locale_cjk_lang
                0x0000000004108a70        0x8 c:/intelfpga_lite/18.1/nios2eds/bin/gnu/h-x86_64-mingw32/bin/../lib/gcc/nios2-elf/5.3.0/../../../../../H-x86_64-mingw32/nios2-elf/lib\libc.a(lib_a-locale.o)
                0x0000000004108a70                __locale_cjk_lang
 .text._localeconv_r
                0x0000000004108a78        0xc c:/intelfpga_lite/18.1/nios2eds/bin/gnu/h-x86_64-mingw32/bin/../lib/gcc/nios2-elf/5.3.0/../../../../../H-x86_64-mingw32/nios2-elf/lib\libc.a(lib_a-locale.o)
                0x0000000004108a78                _localeconv_r
 .text.setlocale
                0x0000000004108a84       0x18 c:/intelfpga_lite/18.1/nios2eds/bin/gnu/h-x86_64-mingw32/bin/../lib/gcc/nios2-elf/5.3.0/../../../../../H-x86_64-mingw32/nios2-elf/lib\libc.a(lib_a-locale.o)
                0x0000000004108a84                setlocale
 .text.localeconv
                0x0000000004108a9c        0xc c:/intelfpga_lite/18.1/nios2eds/bin/gnu/h-x86_64-mingw32/bin/../lib/gcc/nios2-elf/5.3.0/../../../../../H-x86_64-mingw32/nios2-elf/lib\libc.a(lib_a-locale.o)
                0x0000000004108a9c                localeconv
 .text          0x0000000004108aa8        0x0 c:/intelfpga_lite/18.1/nios2eds/bin/gnu/h-x86_64-mingw32/bin/../lib/gcc/nios2-elf/5.3.0/../../../../../H-x86_64-mingw32/nios2-elf/lib\libc.a(lib_a-mallocr.o)
 .text._malloc_r
                0x0000000004108aa8      0x80c c:/intelfpga_lite/18.1/nios2eds/bin/gnu/h-x86_64-mingw32/bin/../lib/gcc/nios2-elf/5.3.0/../../../../../H-x86_64-mingw32/nios2-elf/lib\libc.a(lib_a-mallocr.o)
                0x0000000004108aa8                _malloc_r
 .text          0x00000000041092b4        0x0 c:/intelfpga_lite/18.1/nios2eds/bin/gnu/h-x86_64-mingw32/bin/../lib/gcc/nios2-elf/5.3.0/../../../../../H-x86_64-mingw32/nios2-elf/lib\libc.a(lib_a-memchr.o)
 .text.memchr   0x00000000041092b4       0xe4 c:/intelfpga_lite/18.1/nios2eds/bin/gnu/h-x86_64-mingw32/bin/../lib/gcc/nios2-elf/5.3.0/../../../../../H-x86_64-mingw32/nios2-elf/lib\libc.a(lib_a-memchr.o)
                0x00000000041092b4                memchr
 .text          0x0000000004109398        0x0 c:/intelfpga_lite/18.1/nios2eds/bin/gnu/h-x86_64-mingw32/bin/../lib/gcc/nios2-elf/5.3.0/../../../../../H-x86_64-mingw32/nios2-elf/lib\libc.a(lib_a-mprec.o)
 .text._Balloc  0x0000000004109398       0xa8 c:/intelfpga_lite/18.1/nios2eds/bin/gnu/h-x86_64-mingw32/bin/../lib/gcc/nios2-elf/5.3.0/../../../../../H-x86_64-mingw32/nios2-elf/lib\libc.a(lib_a-mprec.o)
                0x0000000004109398                _Balloc
 .text._Bfree   0x0000000004109440       0x28 c:/intelfpga_lite/18.1/nios2eds/bin/gnu/h-x86_64-mingw32/bin/../lib/gcc/nios2-elf/5.3.0/../../../../../H-x86_64-mingw32/nios2-elf/lib\libc.a(lib_a-mprec.o)
                0x0000000004109440                _Bfree
 .text.__multadd
                0x0000000004109468      0x120 c:/intelfpga_lite/18.1/nios2eds/bin/gnu/h-x86_64-mingw32/bin/../lib/gcc/nios2-elf/5.3.0/../../../../../H-x86_64-mingw32/nios2-elf/lib\libc.a(lib_a-mprec.o)
                0x0000000004109468                __multadd
 .text.__s2b    0x0000000004109588      0x104 c:/intelfpga_lite/18.1/nios2eds/bin/gnu/h-x86_64-mingw32/bin/../lib/gcc/nios2-elf/5.3.0/../../../../../H-x86_64-mingw32/nios2-elf/lib\libc.a(lib_a-mprec.o)
                0x0000000004109588                __s2b
 .text.__hi0bits
                0x000000000410968c       0x68 c:/intelfpga_lite/18.1/nios2eds/bin/gnu/h-x86_64-mingw32/bin/../lib/gcc/nios2-elf/5.3.0/../../../../../H-x86_64-mingw32/nios2-elf/lib\libc.a(lib_a-mprec.o)
                0x000000000410968c                __hi0bits
 .text.__lo0bits
                0x00000000041096f4       0xb0 c:/intelfpga_lite/18.1/nios2eds/bin/gnu/h-x86_64-mingw32/bin/../lib/gcc/nios2-elf/5.3.0/../../../../../H-x86_64-mingw32/nios2-elf/lib\libc.a(lib_a-mprec.o)
                0x00000000041096f4                __lo0bits
 .text.__i2b    0x00000000041097a4       0x3c c:/intelfpga_lite/18.1/nios2eds/bin/gnu/h-x86_64-mingw32/bin/../lib/gcc/nios2-elf/5.3.0/../../../../../H-x86_64-mingw32/nios2-elf/lib\libc.a(lib_a-mprec.o)
                0x00000000041097a4                __i2b
 .text.__multiply
                0x00000000041097e0      0x1f8 c:/intelfpga_lite/18.1/nios2eds/bin/gnu/h-x86_64-mingw32/bin/../lib/gcc/nios2-elf/5.3.0/../../../../../H-x86_64-mingw32/nios2-elf/lib\libc.a(lib_a-mprec.o)
                0x00000000041097e0                __multiply
 .text.__pow5mult
                0x00000000041099d8      0x140 c:/intelfpga_lite/18.1/nios2eds/bin/gnu/h-x86_64-mingw32/bin/../lib/gcc/nios2-elf/5.3.0/../../../../../H-x86_64-mingw32/nios2-elf/lib\libc.a(lib_a-mprec.o)
                0x00000000041099d8                __pow5mult
 .text.__lshift
                0x0000000004109b18      0x148 c:/intelfpga_lite/18.1/nios2eds/bin/gnu/h-x86_64-mingw32/bin/../lib/gcc/nios2-elf/5.3.0/../../../../../H-x86_64-mingw32/nios2-elf/lib\libc.a(lib_a-mprec.o)
                0x0000000004109b18                __lshift
 .text.__mcmp   0x0000000004109c60       0x60 c:/intelfpga_lite/18.1/nios2eds/bin/gnu/h-x86_64-mingw32/bin/../lib/gcc/nios2-elf/5.3.0/../../../../../H-x86_64-mingw32/nios2-elf/lib\libc.a(lib_a-mprec.o)
                0x0000000004109c60                __mcmp
 .text.__mdiff  0x0000000004109cc0      0x1fc c:/intelfpga_lite/18.1/nios2eds/bin/gnu/h-x86_64-mingw32/bin/../lib/gcc/nios2-elf/5.3.0/../../../../../H-x86_64-mingw32/nios2-elf/lib\libc.a(lib_a-mprec.o)
                0x0000000004109cc0                __mdiff
 .text.__ulp    0x0000000004109ebc       0x64 c:/intelfpga_lite/18.1/nios2eds/bin/gnu/h-x86_64-mingw32/bin/../lib/gcc/nios2-elf/5.3.0/../../../../../H-x86_64-mingw32/nios2-elf/lib\libc.a(lib_a-mprec.o)
                0x0000000004109ebc                __ulp
 .text.__b2d    0x0000000004109f20      0x10c c:/intelfpga_lite/18.1/nios2eds/bin/gnu/h-x86_64-mingw32/bin/../lib/gcc/nios2-elf/5.3.0/../../../../../H-x86_64-mingw32/nios2-elf/lib\libc.a(lib_a-mprec.o)
                0x0000000004109f20                __b2d
 .text.__d2b    0x000000000410a02c      0x14c c:/intelfpga_lite/18.1/nios2eds/bin/gnu/h-x86_64-mingw32/bin/../lib/gcc/nios2-elf/5.3.0/../../../../../H-x86_64-mingw32/nios2-elf/lib\libc.a(lib_a-mprec.o)
                0x000000000410a02c                __d2b
 .text.__ratio  0x000000000410a178       0xa4 c:/intelfpga_lite/18.1/nios2eds/bin/gnu/h-x86_64-mingw32/bin/../lib/gcc/nios2-elf/5.3.0/../../../../../H-x86_64-mingw32/nios2-elf/lib\libc.a(lib_a-mprec.o)
                0x000000000410a178                __ratio
 .text._mprec_log10
                0x000000000410a21c       0x74 c:/intelfpga_lite/18.1/nios2eds/bin/gnu/h-x86_64-mingw32/bin/../lib/gcc/nios2-elf/5.3.0/../../../../../H-x86_64-mingw32/nios2-elf/lib\libc.a(lib_a-mprec.o)
                0x000000000410a21c                _mprec_log10
 .text.__copybits
                0x000000000410a290       0x78 c:/intelfpga_lite/18.1/nios2eds/bin/gnu/h-x86_64-mingw32/bin/../lib/gcc/nios2-elf/5.3.0/../../../../../H-x86_64-mingw32/nios2-elf/lib\libc.a(lib_a-mprec.o)
                0x000000000410a290                __copybits
 .text.__any_on
                0x000000000410a308       0x8c c:/intelfpga_lite/18.1/nios2eds/bin/gnu/h-x86_64-mingw32/bin/../lib/gcc/nios2-elf/5.3.0/../../../../../H-x86_64-mingw32/nios2-elf/lib\libc.a(lib_a-mprec.o)
                0x000000000410a308                __any_on
 .text          0x000000000410a394        0x0 c:/intelfpga_lite/18.1/nios2eds/bin/gnu/h-x86_64-mingw32/bin/../lib/gcc/nios2-elf/5.3.0/../../../../../H-x86_64-mingw32/nios2-elf/lib\libc.a(lib_a-s_fpclassify.o)
 .text.__fpclassifyd
                0x000000000410a394       0x74 c:/intelfpga_lite/18.1/nios2eds/bin/gnu/h-x86_64-mingw32/bin/../lib/gcc/nios2-elf/5.3.0/../../../../../H-x86_64-mingw32/nios2-elf/lib\libc.a(lib_a-s_fpclassify.o)
                0x000000000410a394                __fpclassifyd
 .text          0x000000000410a408        0x0 c:/intelfpga_lite/18.1/nios2eds/bin/gnu/h-x86_64-mingw32/bin/../lib/gcc/nios2-elf/5.3.0/../../../../../H-x86_64-mingw32/nios2-elf/lib\libc.a(lib_a-sbrkr.o)
 .text._sbrk_r  0x000000000410a408       0x54 c:/intelfpga_lite/18.1/nios2eds/bin/gnu/h-x86_64-mingw32/bin/../lib/gcc/nios2-elf/5.3.0/../../../../../H-x86_64-mingw32/nios2-elf/lib\libc.a(lib_a-sbrkr.o)
                0x000000000410a408                _sbrk_r
 .text          0x000000000410a45c        0x0 c:/intelfpga_lite/18.1/nios2eds/bin/gnu/h-x86_64-mingw32/bin/../lib/gcc/nios2-elf/5.3.0/../../../../../H-x86_64-mingw32/nios2-elf/lib\libc.a(lib_a-svfiprintf.o)
 .text.__ssprint_r
                0x000000000410a45c      0x1d0 c:/intelfpga_lite/18.1/nios2eds/bin/gnu/h-x86_64-mingw32/bin/../lib/gcc/nios2-elf/5.3.0/../../../../../H-x86_64-mingw32/nios2-elf/lib\libc.a(lib_a-svfiprintf.o)
                0x000000000410a45c                __ssprint_r
 .text.___svfiprintf_internal_r
                0x000000000410a62c     0x123c c:/intelfpga_lite/18.1/nios2eds/bin/gnu/h-x86_64-mingw32/bin/../lib/gcc/nios2-elf/5.3.0/../../../../../H-x86_64-mingw32/nios2-elf/lib\libc.a(lib_a-svfiprintf.o)
                0x000000000410a62c                ___svfiprintf_internal_r
 .text          0x000000000410b868        0x0 c:/intelfpga_lite/18.1/nios2eds/bin/gnu/h-x86_64-mingw32/bin/../lib/gcc/nios2-elf/5.3.0/../../../../../H-x86_64-mingw32/nios2-elf/lib\libc.a(lib_a-callocr.o)
 .text._calloc_r
                0x000000000410b868       0xc4 c:/intelfpga_lite/18.1/nios2eds/bin/gnu/h-x86_64-mingw32/bin/../lib/gcc/nios2-elf/5.3.0/../../../../../H-x86_64-mingw32/nios2-elf/lib\libc.a(lib_a-callocr.o)
                0x000000000410b868                _calloc_r
 .text          0x000000000410b92c        0x0 c:/intelfpga_lite/18.1/nios2eds/bin/gnu/h-x86_64-mingw32/bin/../lib/gcc/nios2-elf/5.3.0/../../../../../H-x86_64-mingw32/nios2-elf/lib\libc.a(lib_a-freer.o)
 .text._malloc_trim_r
                0x000000000410b92c      0x124 c:/intelfpga_lite/18.1/nios2eds/bin/gnu/h-x86_64-mingw32/bin/../lib/gcc/nios2-elf/5.3.0/../../../../../H-x86_64-mingw32/nios2-elf/lib\libc.a(lib_a-freer.o)
                0x000000000410b92c                _malloc_trim_r
 .text._free_r  0x000000000410ba50      0x310 c:/intelfpga_lite/18.1/nios2eds/bin/gnu/h-x86_64-mingw32/bin/../lib/gcc/nios2-elf/5.3.0/../../../../../H-x86_64-mingw32/nios2-elf/lib\libc.a(lib_a-freer.o)
                0x000000000410ba50                _free_r
 .text          0x000000000410bd60        0x0 c:/intelfpga_lite/18.1/nios2eds/bin/gnu/h-x86_64-mingw32/bin/../lib/gcc/nios2-elf/5.3.0/../../../../../H-x86_64-mingw32/nios2-elf/lib\libc.a(lib_a-int_errno.o)
 .text          0x000000000410bd60        0x0 c:/intelfpga_lite/18.1/nios2eds/bin/gnu/h-x86_64-mingw32/bin/../lib/gcc/nios2-elf/5.3.0/../../../../../H-x86_64-mingw32/nios2-elf/lib\libc.a(lib_a-memset.o)
 .text.memset   0x000000000410bd60      0x128 c:/intelfpga_lite/18.1/nios2eds/bin/gnu/h-x86_64-mingw32/bin/../lib/gcc/nios2-elf/5.3.0/../../../../../H-x86_64-mingw32/nios2-elf/lib\libc.a(lib_a-memset.o)
                0x000000000410bd60                memset
 .text          0x000000000410be88        0x0 c:/intelfpga_lite/18.1/nios2eds/bin/gnu/h-x86_64-mingw32/bin/../lib/gcc/nios2-elf/5.3.0/../../../../../H-x86_64-mingw32/nios2-elf/lib\libc.a(lib_a-reallocr.o)
 .text._realloc_r
                0x000000000410be88      0x564 c:/intelfpga_lite/18.1/nios2eds/bin/gnu/h-x86_64-mingw32/bin/../lib/gcc/nios2-elf/5.3.0/../../../../../H-x86_64-mingw32/nios2-elf/lib\libc.a(lib_a-reallocr.o)
                0x000000000410be88                _realloc_r
 .text          0x000000000410c3ec      0x538 c:/intelfpga_lite/18.1/nios2eds/bin/gnu/h-x86_64-mingw32/bin/../lib/gcc/nios2-elf/5.3.0\libgcc.a(_umoddi3.o)
                0x000000000410c3ec                __umoddi3
 .text          0x000000000410c924      0x8ac c:/intelfpga_lite/18.1/nios2eds/bin/gnu/h-x86_64-mingw32/bin/../lib/gcc/nios2-elf/5.3.0\libgcc.a(adddf3.o)
                0x000000000410c924                __adddf3
 .text          0x000000000410d1d0      0x8e8 c:/intelfpga_lite/18.1/nios2eds/bin/gnu/h-x86_64-mingw32/bin/../lib/gcc/nios2-elf/5.3.0\libgcc.a(divdf3.o)
                0x000000000410d1d0                __divdf3
 .text          0x000000000410dab8       0x88 c:/intelfpga_lite/18.1/nios2eds/bin/gnu/h-x86_64-mingw32/bin/../lib/gcc/nios2-elf/5.3.0\libgcc.a(eqdf2.o)
                0x000000000410dab8                __nedf2
                0x000000000410dab8                __eqdf2
 .text          0x000000000410db40       0xdc c:/intelfpga_lite/18.1/nios2eds/bin/gnu/h-x86_64-mingw32/bin/../lib/gcc/nios2-elf/5.3.0\libgcc.a(gedf2.o)
                0x000000000410db40                __gedf2
                0x000000000410db40                __gtdf2
 .text          0x000000000410dc1c       0xf4 c:/intelfpga_lite/18.1/nios2eds/bin/gnu/h-x86_64-mingw32/bin/../lib/gcc/nios2-elf/5.3.0\libgcc.a(ledf2.o)
                0x000000000410dc1c                __ledf2
                0x000000000410dc1c                __ltdf2
 .text          0x000000000410dd10      0x718 c:/intelfpga_lite/18.1/nios2eds/bin/gnu/h-x86_64-mingw32/bin/../lib/gcc/nios2-elf/5.3.0\libgcc.a(muldf3.o)
                0x000000000410dd10                __muldf3
 .text          0x000000000410e428      0x8fc c:/intelfpga_lite/18.1/nios2eds/bin/gnu/h-x86_64-mingw32/bin/../lib/gcc/nios2-elf/5.3.0\libgcc.a(subdf3.o)
                0x000000000410e428                __subdf3
 .text          0x000000000410ed24       0x80 c:/intelfpga_lite/18.1/nios2eds/bin/gnu/h-x86_64-mingw32/bin/../lib/gcc/nios2-elf/5.3.0\libgcc.a(fixdfsi.o)
                0x000000000410ed24                __fixdfsi
 .text          0x000000000410eda4       0xdc c:/intelfpga_lite/18.1/nios2eds/bin/gnu/h-x86_64-mingw32/bin/../lib/gcc/nios2-elf/5.3.0\libgcc.a(floatsidf.o)
                0x000000000410eda4                __floatsidf
 .text          0x000000000410ee80       0xa8 c:/intelfpga_lite/18.1/nios2eds/bin/gnu/h-x86_64-mingw32/bin/../lib/gcc/nios2-elf/5.3.0\libgcc.a(floatunsidf.o)
                0x000000000410ee80                __floatunsidf
 .text          0x000000000410ef28       0x64 c:/intelfpga_lite/18.1/nios2eds/bin/gnu/h-x86_64-mingw32/bin/../lib/gcc/nios2-elf/5.3.0\libgcc.a(_clzsi2.o)
                0x000000000410ef28                __clzsi2
 .text          0x000000000410ef8c      0x1b0 ../control_bsp/\libucosii_bsp.a(alt_iic.o)
                0x000000000410ef8c                alt_ic_isr_register
                0x000000000410efdc                alt_ic_irq_enable
                0x000000000410f064                alt_ic_irq_disable
                0x000000000410f0f0                alt_ic_irq_enabled
 .text          0x000000000410f13c       0xf0 ../control_bsp/\libucosii_bsp.a(alt_iic_isr_register.o)
                0x000000000410f13c                alt_iic_isr_register
 .text          0x000000000410f22c        0x0 ../control_bsp/\libucosii_bsp.a(alt_irq_entry.o)
 .text          0x000000000410f22c        0x0 ../control_bsp/\libucosii_bsp.a(alt_irq_handler.o)
 .text          0x000000000410f22c        0x0 ../control_bsp/\libucosii_bsp.a(alt_irq_vars.o)
 .text          0x000000000410f22c       0xec ../control_bsp/\libucosii_bsp.a(alt_load.o)
                0x000000000410f294                alt_load
 .text          0x000000000410f318       0xbc ../control_bsp/\libucosii_bsp.a(alt_main.o)
                0x000000000410f318                alt_main
 .text          0x000000000410f3d4       0xb0 ../control_bsp/\libucosii_bsp.a(alt_sbrk.o)
                0x000000000410f3d4                sbrk
 .text          0x000000000410f484      0x114 ../control_bsp/\libucosii_bsp.a(alt_usleep.o)
                0x000000000410f484                usleep
 .text          0x000000000410f598      0x124 ../control_bsp/\libucosii_bsp.a(alt_env_lock.o)
                0x000000000410f598                __env_lock
                0x000000000410f65c                __env_unlock
 .text          0x000000000410f6bc      0x1ec ../control_bsp/\libucosii_bsp.a(alt_malloc_lock.o)
                0x000000000410f6bc                __malloc_lock
                0x000000000410f7dc                __malloc_unlock
 .text          0x000000000410f8a8     0x2014 ../control_bsp/\libucosii_bsp.a(os_core.o)
                0x000000000410f8a8                OSEventNameGet
                0x000000000410f9c8                OSEventNameSet
                0x000000000410fb08                OSEventPendMulti
                0x0000000004110118                OSInit
                0x0000000004110170                OSIntEnter
                0x00000000041101bc                OSIntExit
                0x00000000041102b4                OSSchedLock
                0x0000000004110340                OSSchedUnlock
                0x000000000411041c                OSStart
                0x000000000411048c                OSStatInit
                0x000000000411053c                OSTimeTick
                0x000000000411075c                OSVersion
                0x000000000411077c                OS_Dummy
                0x000000000411079c                OS_EventTaskRdy
                0x0000000004110934                OS_EventTaskWait
                0x0000000004110a44                OS_EventTaskWaitMulti
                0x0000000004110b94                OS_EventTaskRemove
                0x0000000004110c4c                OS_EventTaskRemoveMulti
                0x0000000004110d4c                OS_EventWaitListInit
                0x000000000411112c                OS_MemClr
                0x0000000004111180                OS_MemCopy
                0x00000000041111e8                OS_Sched
                0x000000000411132c                OS_StrCopy
                0x00000000041113a0                OS_StrLen
                0x00000000041113f4                OS_TaskIdle
                0x0000000004111450                OS_TaskStat
                0x000000000411151c                OS_TaskStatStkChk
                0x00000000041115e8                OS_TCBInit
 .text          0x00000000041118bc      0x190 ../control_bsp/\libucosii_bsp.a(os_dbg.o)
                0x00000000041118bc                OSDebugInit
 .text          0x0000000004111a4c     0x1714 ../control_bsp/\libucosii_bsp.a(os_flag.o)
                0x0000000004111a4c                OSFlagAccept
                0x0000000004111d54                OSFlagCreate
                0x0000000004111e5c                OSFlagDel
                0x00000000041120a4                OSFlagNameGet
                0x00000000041121cc                OSFlagNameSet
                0x0000000004112318                OSFlagPend
                0x00000000041128d0                OSFlagPendGetFlagsRdy
                0x0000000004112930                OSFlagPost
                0x0000000004112cc4                OSFlagQuery
                0x0000000004112ee8                OS_FlagInit
                0x00000000041130bc                OS_FlagUnlink
 .text          0x0000000004113160      0x754 ../control_bsp/\libucosii_bsp.a(os_mem.o)
                0x0000000004113160                OSMemCreate
                0x0000000004113334                OSMemGet
                0x0000000004113424                OSMemNameGet
                0x0000000004113514                OSMemNameSet
                0x0000000004113628                OSMemPut
                0x0000000004113700                OSMemQuery
                0x00000000041137e8                OS_MemInit
 .text          0x00000000041138b4     0x1104 ../control_bsp/\libucosii_bsp.a(os_q.o)
                0x00000000041138b4                OSQAccept
                0x00000000041139f4                OSQCreate
                0x0000000004113ba0                OSQDel
                0x0000000004113e20                OSQFlush
                0x0000000004113ed8                OSQPend
                0x0000000004114164                OSQPendAbort
                0x00000000041142d0                OSQPost
                0x0000000004114438                OSQPostFront
                0x00000000041145a8                OSQPostOpt
                0x00000000041147b4                OSQQuery
                0x0000000004114910                OS_QInit
 .text          0x00000000041149b8      0xa60 ../control_bsp/\libucosii_bsp.a(os_sem.o)
                0x00000000041149b8                OSSemAccept
                0x0000000004114a68                OSSemCreate
                0x0000000004114b40                OSSemDel
                0x0000000004114d80                OSSemPend
                0x0000000004114f8c                OSSemPendAbort
                0x00000000041150f8                OSSemPost
                0x0000000004115208                OSSemQuery
                0x0000000004115318                OSSemSet
 .text          0x0000000004115418     0x176c ../control_bsp/\libucosii_bsp.a(os_task.o)
                0x0000000004115418                OSTaskChangePrio
                0x0000000004115908                OSTaskCreate
                0x0000000004115ab4                OSTaskCreateExt
                0x0000000004115c98                OSTaskDel
                0x0000000004115fdc                OSTaskDelReq
                0x000000000411612c                OSTaskNameGet
                0x00000000041162c4                OSTaskNameSet
                0x0000000004116478                OSTaskResume
                0x000000000411664c                OSTaskStkChk
                0x000000000411680c                OSTaskSuspend
                0x00000000041169f0                OSTaskQuery
                0x0000000004116b14                OS_TaskStkClr
 .text          0x0000000004116b84      0x4e8 ../control_bsp/\libucosii_bsp.a(os_time.o)
                0x0000000004116b84                OSTimeDly
                0x0000000004116c88                OSTimeDlyHMSM
                0x0000000004116ddc                OSTimeDlyResume
                0x0000000004116fb0                OSTimeGet
                0x000000000411700c                OSTimeSet
 .text          0x000000000411706c      0x1bc ../control_bsp/\libucosii_bsp.a(alt_sys_init.o)
                0x0000000004117184                alt_irq_init
                0x00000000041171bc                alt_sys_init
 .text          0x0000000004117228      0x164 ../control_bsp/\libucosii_bsp.a(altera_avalon_jtag_uart_fd.o)
                0x0000000004117228                altera_avalon_jtag_uart_read_fd
                0x0000000004117288                altera_avalon_jtag_uart_write_fd
                0x00000000041172e8                altera_avalon_jtag_uart_close_fd
                0x0000000004117338                altera_avalon_jtag_uart_ioctl_fd
 .text          0x000000000411738c      0x558 ../control_bsp/\libucosii_bsp.a(altera_avalon_jtag_uart_init.o)
                0x000000000411738c                altera_avalon_jtag_uart_init
                0x000000000411787c                altera_avalon_jtag_uart_close
 .text          0x00000000041178e4       0xf0 ../control_bsp/\libucosii_bsp.a(altera_avalon_jtag_uart_ioctl.o)
                0x00000000041178e4                altera_avalon_jtag_uart_ioctl
 .text          0x00000000041179d4      0x2bc ../control_bsp/\libucosii_bsp.a(altera_avalon_jtag_uart_read.o)
                0x00000000041179d4                altera_avalon_jtag_uart_read
 .text          0x0000000004117c90      0x2c4 ../control_bsp/\libucosii_bsp.a(altera_avalon_jtag_uart_write.o)
                0x0000000004117c90                altera_avalon_jtag_uart_write
 .text          0x0000000004117f54      0x34c ../control_bsp/\libucosii_bsp.a(altera_avalon_mutex.o)
                0x000000000411800c                altera_avalon_mutex_open
                0x0000000004118060                altera_avalon_mutex_close
                0x0000000004118084                altera_avalon_mutex_lock
                0x00000000041180f0                altera_avalon_mutex_trylock
                0x0000000004118170                altera_avalon_mutex_unlock
                0x00000000041181dc                altera_avalon_mutex_is_mine
                0x0000000004118250                altera_avalon_mutex_first_lock
 .text          0x00000000041182a0       0xf4 ../control_bsp/\libucosii_bsp.a(altera_avalon_timer_sc.o)
                0x0000000004118318                alt_avalon_timer_sc_init
 .text          0x0000000004118394      0x12c ../control_bsp/\libucosii_bsp.a(alt_alarm_start.o)
                0x0000000004118394                alt_alarm_start
 .text          0x00000000041184c0      0x158 ../control_bsp/\libucosii_bsp.a(alt_busy_sleep.o)
                0x00000000041184c0                alt_busy_sleep
 .text          0x0000000004118618      0x10c ../control_bsp/\libucosii_bsp.a(alt_close.o)
                0x0000000004118654                close
 .text          0x0000000004118724       0x48 ../control_bsp/\libucosii_bsp.a(alt_dcache_flush_all.o)
                0x0000000004118724                alt_dcache_flush_all
 .text          0x000000000411876c       0x2c ../control_bsp/\libucosii_bsp.a(alt_dev.o)
 .text          0x0000000004118798       0xe0 ../control_bsp/\libucosii_bsp.a(alt_dev_llist_insert.o)
                0x00000000041187d4                alt_dev_llist_insert
 .text          0x0000000004118878       0x60 ../control_bsp/\libucosii_bsp.a(alt_do_ctors.o)
                0x0000000004118878                _do_ctors
 .text          0x00000000041188d8       0x60 ../control_bsp/\libucosii_bsp.a(alt_do_dtors.o)
                0x00000000041188d8                _do_dtors
 .text          0x0000000004118938        0x0 ../control_bsp/\libucosii_bsp.a(alt_errno.o)
 .text          0x0000000004118938        0x0 ../control_bsp/\libucosii_bsp.a(alt_exception_entry.o)
 .text          0x0000000004118938       0x90 ../control_bsp/\libucosii_bsp.a(alt_find_dev.o)
                0x0000000004118938                alt_find_dev
 .text          0x00000000041189c8       0x34 ../control_bsp/\libucosii_bsp.a(alt_icache_flush_all.o)
                0x00000000041189c8                alt_icache_flush_all
 .text          0x00000000041189fc       0x9c ../control_bsp/\libucosii_bsp.a(alt_instruction_exception_entry.o)
                0x00000000041189fc                alt_exception_cause_generated_bad_addr
 .text          0x0000000004118a98      0x140 ../control_bsp/\libucosii_bsp.a(alt_io_redirect.o)
                0x0000000004118b5c                alt_io_redirect
 .text          0x0000000004118bd8      0x254 ../control_bsp/\libucosii_bsp.a(alt_open.o)
                0x0000000004118cd8                open
 .text          0x0000000004118e2c       0x64 ../control_bsp/\libucosii_bsp.a(alt_release_fd.o)
                0x0000000004118e2c                alt_release_fd
 .text          0x0000000004118e90      0x1a4 ../control_bsp/\libucosii_bsp.a(alt_tick.o)
                0x0000000004118e90                alt_alarm_stop
                0x0000000004118f2c                alt_tick
 .text          0x0000000004119034       0x24 ../control_bsp/\libucosii_bsp.a(altera_nios2_gen2_irq.o)
                0x0000000004119034                altera_nios2_gen2_irq_init
 .text          0x0000000004119058       0xd0 ../control_bsp/\libucosii_bsp.a(os_cpu_a.o)
                0x0000000004119058                OSCtxSw
                0x0000000004119058                OSIntCtxSw
                0x00000000041190e4                OSStartHighRdy
                0x0000000004119104                OSStartTsk
 .text          0x0000000004119128      0x288 ../control_bsp/\libucosii_bsp.a(os_cpu_c.o)
                0x0000000004119128                OSTaskStkInit
                0x0000000004119284                OSTaskCreateHook
                0x00000000041192a8                OSTaskDelHook
                0x00000000041192cc                OSTaskSwHook
                0x00000000041192ec                OSTaskStatHook
                0x000000000411930c                OSTimeTickHook
                0x000000000411932c                OSInitHookBegin
                0x000000000411934c                OSInitHookEnd
                0x000000000411936c                OSTaskIdleHook
                0x000000000411938c                OSTCBInitHook
 .text          0x00000000041193b0      0x108 ../control_bsp/\libucosii_bsp.a(alt_find_file.o)
                0x00000000041193b0                alt_find_file
 .text          0x00000000041194b8       0xdc ../control_bsp/\libucosii_bsp.a(alt_get_fd.o)
                0x00000000041194b8                alt_get_fd
 .text          0x0000000004119594       0x90 ../control_bsp/\libucosii_bsp.a(alt_icache_flush.o)
                0x0000000004119594                alt_icache_flush
 .text          0x0000000004119624        0x0 c:/intelfpga_lite/18.1/nios2eds/bin/gnu/h-x86_64-mingw32/bin/../lib/gcc/nios2-elf/5.3.0/../../../../../H-x86_64-mingw32/nios2-elf/lib\libc.a(lib_a-atexit.o)
 .text.atexit   0x0000000004119624       0x14 c:/intelfpga_lite/18.1/nios2eds/bin/gnu/h-x86_64-mingw32/bin/../lib/gcc/nios2-elf/5.3.0/../../../../../H-x86_64-mingw32/nios2-elf/lib\libc.a(lib_a-atexit.o)
                0x0000000004119624                atexit
 .text          0x0000000004119638        0x0 c:/intelfpga_lite/18.1/nios2eds/bin/gnu/h-x86_64-mingw32/bin/../lib/gcc/nios2-elf/5.3.0/../../../../../H-x86_64-mingw32/nios2-elf/lib\libc.a(lib_a-exit.o)
 .text.exit     0x0000000004119638       0x38 c:/intelfpga_lite/18.1/nios2eds/bin/gnu/h-x86_64-mingw32/bin/../lib/gcc/nios2-elf/5.3.0/../../../../../H-x86_64-mingw32/nios2-elf/lib\libc.a(lib_a-exit.o)
                0x0000000004119638                exit
 .text          0x0000000004119670        0x0 c:/intelfpga_lite/18.1/nios2eds/bin/gnu/h-x86_64-mingw32/bin/../lib/gcc/nios2-elf/5.3.0/../../../../../H-x86_64-mingw32/nios2-elf/lib\libc.a(lib_a-memcmp.o)
 .text.memcmp   0x0000000004119670       0x7c c:/intelfpga_lite/18.1/nios2eds/bin/gnu/h-x86_64-mingw32/bin/../lib/gcc/nios2-elf/5.3.0/../../../../../H-x86_64-mingw32/nios2-elf/lib\libc.a(lib_a-memcmp.o)
                0x0000000004119670                memcmp
 .text          0x00000000041196ec        0x0 c:/intelfpga_lite/18.1/nios2eds/bin/gnu/h-x86_64-mingw32/bin/../lib/gcc/nios2-elf/5.3.0/../../../../../H-x86_64-mingw32/nios2-elf/lib\libc.a(lib_a-__atexit.o)
 .text.__register_exitproc
                0x00000000041196ec      0x118 c:/intelfpga_lite/18.1/nios2eds/bin/gnu/h-x86_64-mingw32/bin/../lib/gcc/nios2-elf/5.3.0/../../../../../H-x86_64-mingw32/nios2-elf/lib\libc.a(lib_a-__atexit.o)
                0x00000000041196ec                __register_exitproc
 .text          0x0000000004119804        0x0 c:/intelfpga_lite/18.1/nios2eds/bin/gnu/h-x86_64-mingw32/bin/../lib/gcc/nios2-elf/5.3.0/../../../../../H-x86_64-mingw32/nios2-elf/lib\libc.a(lib_a-__call_atexit.o)
 .text.__call_exitprocs
                0x0000000004119804      0x180 c:/intelfpga_lite/18.1/nios2eds/bin/gnu/h-x86_64-mingw32/bin/../lib/gcc/nios2-elf/5.3.0/../../../../../H-x86_64-mingw32/nios2-elf/lib\libc.a(lib_a-__call_atexit.o)
                0x0000000004119804                __call_exitprocs
 .text          0x0000000004119984       0x34 ../control_bsp/\libucosii_bsp.a(alt_exit.o)
                0x0000000004119984                _exit
 *(.gnu.warning.*)
 *(.fini)
                [!provide]                        PROVIDE (__etext, ABSOLUTE (.))
                [!provide]                        PROVIDE (_etext, ABSOLUTE (.))
                [!provide]                        PROVIDE (etext, ABSOLUTE (.))
 *(.eh_frame_hdr)
                0x00000000041199b8                . = ALIGN (0x4)
                [!provide]                        PROVIDE (__preinit_array_start, ABSOLUTE (.))
 *(.preinit_array)
                [!provide]                        PROVIDE (__preinit_array_end, ABSOLUTE (.))
                [!provide]                        PROVIDE (__init_array_start, ABSOLUTE (.))
 *(.init_array)
                [!provide]                        PROVIDE (__init_array_end, ABSOLUTE (.))
                [!provide]                        PROVIDE (__fini_array_start, ABSOLUTE (.))
 *(.fini_array)
                [!provide]                        PROVIDE (__fini_array_end, ABSOLUTE (.))
 *(.eh_frame)
 *(.gcc_except_table .gcc_except_table.*)
 *(.dynamic)
                0x00000000041199b8                PROVIDE (__CTOR_LIST__, ABSOLUTE (.))
 *(.ctors)
 *(SORT(.ctors.*))
                0x00000000041199b8                PROVIDE (__CTOR_END__, ABSOLUTE (.))
                0x00000000041199b8                PROVIDE (__DTOR_LIST__, ABSOLUTE (.))
 *(.dtors)
 *(SORT(.dtors.*))
                0x00000000041199b8                PROVIDE (__DTOR_END__, ABSOLUTE (.))
 *(.jcr)
                0x00000000041199b8                . = ALIGN (0x4)

.rodata         0x00000000041199b8      0x578
                0x00000000041199b8                PROVIDE (__ram_rodata_start, ABSOLUTE (.))
                0x00000000041199b8                . = ALIGN (0x4)
 *(.rodata .rodata.* .gnu.linkonce.r.*)
 .rodata        0x00000000041199b8      0x148 obj/default/switches_key.o
 .rodata        0x0000000004119b00      0x100 c:/intelfpga_lite/18.1/nios2eds/bin/gnu/h-x86_64-mingw32/bin/../lib/gcc/nios2-elf/5.3.0\libgcc.a(_clz.o)
                0x0000000004119b00                __clz_tab
 .rodata.str1.4
                0x0000000004119c00       0x42 c:/intelfpga_lite/18.1/nios2eds/bin/gnu/h-x86_64-mingw32/bin/../lib/gcc/nios2-elf/5.3.0/../../../../../H-x86_64-mingw32/nios2-elf/lib\libc.a(lib_a-svfprintf.o)
 .rodata.zeroes.4389
                0x0000000004119c42       0x10 c:/intelfpga_lite/18.1/nios2eds/bin/gnu/h-x86_64-mingw32/bin/../lib/gcc/nios2-elf/5.3.0/../../../../../H-x86_64-mingw32/nios2-elf/lib\libc.a(lib_a-svfprintf.o)
 .rodata.blanks.4388
                0x0000000004119c52       0x10 c:/intelfpga_lite/18.1/nios2eds/bin/gnu/h-x86_64-mingw32/bin/../lib/gcc/nios2-elf/5.3.0/../../../../../H-x86_64-mingw32/nios2-elf/lib\libc.a(lib_a-svfprintf.o)
 *fill*         0x0000000004119c62        0x2 
 .rodata.str1.4
                0x0000000004119c64       0x10 c:/intelfpga_lite/18.1/nios2eds/bin/gnu/h-x86_64-mingw32/bin/../lib/gcc/nios2-elf/5.3.0/../../../../../H-x86_64-mingw32/nios2-elf/lib\libc.a(lib_a-dtoa.o)
                                         0x12 (size before relaxing)
 .rodata.str1.4
                0x0000000004119c74        0x2 c:/intelfpga_lite/18.1/nios2eds/bin/gnu/h-x86_64-mingw32/bin/../lib/gcc/nios2-elf/5.3.0/../../../../../H-x86_64-mingw32/nios2-elf/lib\libc.a(lib_a-impure.o)
 *fill*         0x0000000004119c76        0x2 
 .rodata.str1.4
                0x0000000004119c78        0xc c:/intelfpga_lite/18.1/nios2eds/bin/gnu/h-x86_64-mingw32/bin/../lib/gcc/nios2-elf/5.3.0/../../../../../H-x86_64-mingw32/nios2-elf/lib\libc.a(lib_a-locale.o)
                                         0x12 (size before relaxing)
 .rodata.p05.2768
                0x0000000004119c84        0xc c:/intelfpga_lite/18.1/nios2eds/bin/gnu/h-x86_64-mingw32/bin/../lib/gcc/nios2-elf/5.3.0/../../../../../H-x86_64-mingw32/nios2-elf/lib\libc.a(lib_a-mprec.o)
 .rodata.__mprec_tinytens
                0x0000000004119c90       0x28 c:/intelfpga_lite/18.1/nios2eds/bin/gnu/h-x86_64-mingw32/bin/../lib/gcc/nios2-elf/5.3.0/../../../../../H-x86_64-mingw32/nios2-elf/lib\libc.a(lib_a-mprec.o)
                0x0000000004119c90                __mprec_tinytens
 .rodata.__mprec_bigtens
                0x0000000004119cb8       0x28 c:/intelfpga_lite/18.1/nios2eds/bin/gnu/h-x86_64-mingw32/bin/../lib/gcc/nios2-elf/5.3.0/../../../../../H-x86_64-mingw32/nios2-elf/lib\libc.a(lib_a-mprec.o)
                0x0000000004119cb8                __mprec_bigtens
 .rodata.__mprec_tens
                0x0000000004119ce0       0xc8 c:/intelfpga_lite/18.1/nios2eds/bin/gnu/h-x86_64-mingw32/bin/../lib/gcc/nios2-elf/5.3.0/../../../../../H-x86_64-mingw32/nios2-elf/lib\libc.a(lib_a-mprec.o)
                0x0000000004119ce0                __mprec_tens
 .rodata.str1.4
                0x0000000004119da8       0x2f c:/intelfpga_lite/18.1/nios2eds/bin/gnu/h-x86_64-mingw32/bin/../lib/gcc/nios2-elf/5.3.0/../../../../../H-x86_64-mingw32/nios2-elf/lib\libc.a(lib_a-svfiprintf.o)
 .rodata.zeroes.4333
                0x0000000004119da8       0x10 c:/intelfpga_lite/18.1/nios2eds/bin/gnu/h-x86_64-mingw32/bin/../lib/gcc/nios2-elf/5.3.0/../../../../../H-x86_64-mingw32/nios2-elf/lib\libc.a(lib_a-svfiprintf.o)
 .rodata.blanks.4332
                0x0000000004119db8       0x10 c:/intelfpga_lite/18.1/nios2eds/bin/gnu/h-x86_64-mingw32/bin/../lib/gcc/nios2-elf/5.3.0/../../../../../H-x86_64-mingw32/nios2-elf/lib\libc.a(lib_a-svfiprintf.o)
 .rodata        0x0000000004119dc8       0x12 ../control_bsp/\libucosii_bsp.a(alt_main.o)
 *fill*         0x0000000004119dda        0x2 
 .rodata        0x0000000004119ddc      0x11e ../control_bsp/\libucosii_bsp.a(os_core.o)
                0x0000000004119ddc                OSUnMapTbl
 *fill*         0x0000000004119efa        0x2 
 .rodata        0x0000000004119efc       0x21 ../control_bsp/\libucosii_bsp.a(alt_sys_init.o)
 *fill*         0x0000000004119f1d        0x3 
 .rodata        0x0000000004119f20        0xa ../control_bsp/\libucosii_bsp.a(alt_dev.o)
 *fill*         0x0000000004119f2a        0x2 
 .rodata        0x0000000004119f2c        0x2 ../control_bsp/\libucosii_bsp.a(os_cpu_c.o)
 *(.rodata1)
                0x0000000004119f30                . = ALIGN (0x4)
 *fill*         0x0000000004119f2e        0x2 
                0x0000000004119f30                PROVIDE (__ram_rodata_end, ABSOLUTE (.))
                0x00000000041199b8                PROVIDE (__flash_rodata_start, LOADADDR (.rodata))

.rwdata         0x0000000004119f30     0x1b98 load address 0x000000000411bac8
                0x0000000004119f30                PROVIDE (__ram_rwdata_start, ABSOLUTE (.))
                0x0000000004119f30                . = ALIGN (0x4)
 *(.got.plt)
 *(.got)
 *(.data1)
 *(.data .data.* .gnu.linkonce.d.*)
 .data          0x0000000004119f30        0x0 ../control_bsp//obj/HAL/src/crt0.o
 .data          0x0000000004119f30        0x0 obj/default/debug_control.o
 .data          0x0000000004119f30        0x0 obj/default/main.o
 .data          0x0000000004119f30        0x0 obj/default/soundeffects.o
 .data          0x0000000004119f30        0x0 obj/default/speaker.o
 .data          0x0000000004119f30        0x0 obj/default/switches_key.o
 .data          0x0000000004119f30        0x0 obj/default/traffc_led.o
 .data          0x0000000004119f30        0x0 c:/intelfpga_lite/18.1/nios2eds/bin/gnu/h-x86_64-mingw32/bin/../lib/gcc/nios2-elf/5.3.0\libgcc.a(_muldi3.o)
 .data          0x0000000004119f30        0x0 c:/intelfpga_lite/18.1/nios2eds/bin/gnu/h-x86_64-mingw32/bin/../lib/gcc/nios2-elf/5.3.0\libgcc.a(_udivdi3.o)
 .data          0x0000000004119f30        0x0 c:/intelfpga_lite/18.1/nios2eds/bin/gnu/h-x86_64-mingw32/bin/../lib/gcc/nios2-elf/5.3.0\libgcc.a(lib2-divmod.o)
 .data          0x0000000004119f30        0x0 c:/intelfpga_lite/18.1/nios2eds/bin/gnu/h-x86_64-mingw32/bin/../lib/gcc/nios2-elf/5.3.0\libgcc.a(_clz.o)
 .data          0x0000000004119f30        0x0 c:/intelfpga_lite/18.1/nios2eds/bin/gnu/h-x86_64-mingw32/bin/../lib/gcc/nios2-elf/5.3.0/../../../../../H-x86_64-mingw32/nios2-elf/lib\libc.a(lib_a-memcpy.o)
 .data          0x0000000004119f30        0x0 c:/intelfpga_lite/18.1/nios2eds/bin/gnu/h-x86_64-mingw32/bin/../lib/gcc/nios2-elf/5.3.0/../../../../../H-x86_64-mingw32/nios2-elf/lib\libc.a(lib_a-memmove.o)
 .data          0x0000000004119f30        0x0 c:/intelfpga_lite/18.1/nios2eds/bin/gnu/h-x86_64-mingw32/bin/../lib/gcc/nios2-elf/5.3.0/../../../../../H-x86_64-mingw32/nios2-elf/lib\libc.a(lib_a-rand.o)
 .data          0x0000000004119f30        0x0 c:/intelfpga_lite/18.1/nios2eds/bin/gnu/h-x86_64-mingw32/bin/../lib/gcc/nios2-elf/5.3.0/../../../../../H-x86_64-mingw32/nios2-elf/lib\libc.a(lib_a-snprintf.o)
 .data          0x0000000004119f30        0x0 c:/intelfpga_lite/18.1/nios2eds/bin/gnu/h-x86_64-mingw32/bin/../lib/gcc/nios2-elf/5.3.0/../../../../../H-x86_64-mingw32/nios2-elf/lib\libc.a(lib_a-strcmp.o)
 .data          0x0000000004119f30        0x0 c:/intelfpga_lite/18.1/nios2eds/bin/gnu/h-x86_64-mingw32/bin/../lib/gcc/nios2-elf/5.3.0/../../../../../H-x86_64-mingw32/nios2-elf/lib\libc.a(lib_a-strlen.o)
 .data          0x0000000004119f30        0x0 c:/intelfpga_lite/18.1/nios2eds/bin/gnu/h-x86_64-mingw32/bin/../lib/gcc/nios2-elf/5.3.0/../../../../../H-x86_64-mingw32/nios2-elf/lib\libc.a(lib_a-strncat.o)
 .data          0x0000000004119f30        0x0 c:/intelfpga_lite/18.1/nios2eds/bin/gnu/h-x86_64-mingw32/bin/../lib/gcc/nios2-elf/5.3.0/../../../../../H-x86_64-mingw32/nios2-elf/lib\libc.a(lib_a-strncpy.o)
 .data          0x0000000004119f30        0x0 c:/intelfpga_lite/18.1/nios2eds/bin/gnu/h-x86_64-mingw32/bin/../lib/gcc/nios2-elf/5.3.0/../../../../../H-x86_64-mingw32/nios2-elf/lib\libc.a(lib_a-svfprintf.o)
 .data          0x0000000004119f30        0x0 c:/intelfpga_lite/18.1/nios2eds/bin/gnu/h-x86_64-mingw32/bin/../lib/gcc/nios2-elf/5.3.0/../../../../../H-x86_64-mingw32/nios2-elf/lib\libc.a(lib_a-dtoa.o)
 .data          0x0000000004119f30        0x0 c:/intelfpga_lite/18.1/nios2eds/bin/gnu/h-x86_64-mingw32/bin/../lib/gcc/nios2-elf/5.3.0/../../../../../H-x86_64-mingw32/nios2-elf/lib\libc.a(lib_a-impure.o)
 .data.impure_data
                0x0000000004119f30      0x424 c:/intelfpga_lite/18.1/nios2eds/bin/gnu/h-x86_64-mingw32/bin/../lib/gcc/nios2-elf/5.3.0/../../../../../H-x86_64-mingw32/nios2-elf/lib\libc.a(lib_a-impure.o)
 .data          0x000000000411a354        0x0 c:/intelfpga_lite/18.1/nios2eds/bin/gnu/h-x86_64-mingw32/bin/../lib/gcc/nios2-elf/5.3.0/../../../../../H-x86_64-mingw32/nios2-elf/lib\libc.a(lib_a-locale.o)
 .data.lc_message_charset
                0x000000000411a354       0x20 c:/intelfpga_lite/18.1/nios2eds/bin/gnu/h-x86_64-mingw32/bin/../lib/gcc/nios2-elf/5.3.0/../../../../../H-x86_64-mingw32/nios2-elf/lib\libc.a(lib_a-locale.o)
 .data.lc_ctype_charset
                0x000000000411a374       0x20 c:/intelfpga_lite/18.1/nios2eds/bin/gnu/h-x86_64-mingw32/bin/../lib/gcc/nios2-elf/5.3.0/../../../../../H-x86_64-mingw32/nios2-elf/lib\libc.a(lib_a-locale.o)
 .data.lconv    0x000000000411a394       0x38 c:/intelfpga_lite/18.1/nios2eds/bin/gnu/h-x86_64-mingw32/bin/../lib/gcc/nios2-elf/5.3.0/../../../../../H-x86_64-mingw32/nios2-elf/lib\libc.a(lib_a-locale.o)
 .data          0x000000000411a3cc        0x0 c:/intelfpga_lite/18.1/nios2eds/bin/gnu/h-x86_64-mingw32/bin/../lib/gcc/nios2-elf/5.3.0/../../../../../H-x86_64-mingw32/nios2-elf/lib\libc.a(lib_a-mallocr.o)
 .data.__malloc_av_
                0x000000000411a3cc      0x408 c:/intelfpga_lite/18.1/nios2eds/bin/gnu/h-x86_64-mingw32/bin/../lib/gcc/nios2-elf/5.3.0/../../../../../H-x86_64-mingw32/nios2-elf/lib\libc.a(lib_a-mallocr.o)
                0x000000000411a3cc                __malloc_av_
 .data          0x000000000411a7d4        0x0 c:/intelfpga_lite/18.1/nios2eds/bin/gnu/h-x86_64-mingw32/bin/../lib/gcc/nios2-elf/5.3.0/../../../../../H-x86_64-mingw32/nios2-elf/lib\libc.a(lib_a-memchr.o)
 .data          0x000000000411a7d4        0x0 c:/intelfpga_lite/18.1/nios2eds/bin/gnu/h-x86_64-mingw32/bin/../lib/gcc/nios2-elf/5.3.0/../../../../../H-x86_64-mingw32/nios2-elf/lib\libc.a(lib_a-mprec.o)
 .data          0x000000000411a7d4        0x0 c:/intelfpga_lite/18.1/nios2eds/bin/gnu/h-x86_64-mingw32/bin/../lib/gcc/nios2-elf/5.3.0/../../../../../H-x86_64-mingw32/nios2-elf/lib\libc.a(lib_a-s_fpclassify.o)
 .data          0x000000000411a7d4        0x0 c:/intelfpga_lite/18.1/nios2eds/bin/gnu/h-x86_64-mingw32/bin/../lib/gcc/nios2-elf/5.3.0/../../../../../H-x86_64-mingw32/nios2-elf/lib\libc.a(lib_a-sbrkr.o)
 .data          0x000000000411a7d4        0x0 c:/intelfpga_lite/18.1/nios2eds/bin/gnu/h-x86_64-mingw32/bin/../lib/gcc/nios2-elf/5.3.0/../../../../../H-x86_64-mingw32/nios2-elf/lib\libc.a(lib_a-svfiprintf.o)
 .data          0x000000000411a7d4        0x0 c:/intelfpga_lite/18.1/nios2eds/bin/gnu/h-x86_64-mingw32/bin/../lib/gcc/nios2-elf/5.3.0/../../../../../H-x86_64-mingw32/nios2-elf/lib\libc.a(lib_a-callocr.o)
 .data          0x000000000411a7d4        0x0 c:/intelfpga_lite/18.1/nios2eds/bin/gnu/h-x86_64-mingw32/bin/../lib/gcc/nios2-elf/5.3.0/../../../../../H-x86_64-mingw32/nios2-elf/lib\libc.a(lib_a-freer.o)
 .data          0x000000000411a7d4        0x0 c:/intelfpga_lite/18.1/nios2eds/bin/gnu/h-x86_64-mingw32/bin/../lib/gcc/nios2-elf/5.3.0/../../../../../H-x86_64-mingw32/nios2-elf/lib\libc.a(lib_a-int_errno.o)
 .data          0x000000000411a7d4        0x0 c:/intelfpga_lite/18.1/nios2eds/bin/gnu/h-x86_64-mingw32/bin/../lib/gcc/nios2-elf/5.3.0/../../../../../H-x86_64-mingw32/nios2-elf/lib\libc.a(lib_a-memset.o)
 .data          0x000000000411a7d4        0x0 c:/intelfpga_lite/18.1/nios2eds/bin/gnu/h-x86_64-mingw32/bin/../lib/gcc/nios2-elf/5.3.0/../../../../../H-x86_64-mingw32/nios2-elf/lib\libc.a(lib_a-reallocr.o)
 .data          0x000000000411a7d4        0x0 c:/intelfpga_lite/18.1/nios2eds/bin/gnu/h-x86_64-mingw32/bin/../lib/gcc/nios2-elf/5.3.0\libgcc.a(_umoddi3.o)
 .data          0x000000000411a7d4        0x0 c:/intelfpga_lite/18.1/nios2eds/bin/gnu/h-x86_64-mingw32/bin/../lib/gcc/nios2-elf/5.3.0\libgcc.a(adddf3.o)
 .data          0x000000000411a7d4        0x0 c:/intelfpga_lite/18.1/nios2eds/bin/gnu/h-x86_64-mingw32/bin/../lib/gcc/nios2-elf/5.3.0\libgcc.a(divdf3.o)
 .data          0x000000000411a7d4        0x0 c:/intelfpga_lite/18.1/nios2eds/bin/gnu/h-x86_64-mingw32/bin/../lib/gcc/nios2-elf/5.3.0\libgcc.a(eqdf2.o)
 .data          0x000000000411a7d4        0x0 c:/intelfpga_lite/18.1/nios2eds/bin/gnu/h-x86_64-mingw32/bin/../lib/gcc/nios2-elf/5.3.0\libgcc.a(gedf2.o)
 .data          0x000000000411a7d4        0x0 c:/intelfpga_lite/18.1/nios2eds/bin/gnu/h-x86_64-mingw32/bin/../lib/gcc/nios2-elf/5.3.0\libgcc.a(ledf2.o)
 .data          0x000000000411a7d4        0x0 c:/intelfpga_lite/18.1/nios2eds/bin/gnu/h-x86_64-mingw32/bin/../lib/gcc/nios2-elf/5.3.0\libgcc.a(muldf3.o)
 .data          0x000000000411a7d4        0x0 c:/intelfpga_lite/18.1/nios2eds/bin/gnu/h-x86_64-mingw32/bin/../lib/gcc/nios2-elf/5.3.0\libgcc.a(subdf3.o)
 .data          0x000000000411a7d4        0x0 c:/intelfpga_lite/18.1/nios2eds/bin/gnu/h-x86_64-mingw32/bin/../lib/gcc/nios2-elf/5.3.0\libgcc.a(fixdfsi.o)
 .data          0x000000000411a7d4        0x0 c:/intelfpga_lite/18.1/nios2eds/bin/gnu/h-x86_64-mingw32/bin/../lib/gcc/nios2-elf/5.3.0\libgcc.a(floatsidf.o)
 .data          0x000000000411a7d4        0x0 c:/intelfpga_lite/18.1/nios2eds/bin/gnu/h-x86_64-mingw32/bin/../lib/gcc/nios2-elf/5.3.0\libgcc.a(floatunsidf.o)
 .data          0x000000000411a7d4        0x0 c:/intelfpga_lite/18.1/nios2eds/bin/gnu/h-x86_64-mingw32/bin/../lib/gcc/nios2-elf/5.3.0\libgcc.a(_clzsi2.o)
 .data          0x000000000411a7d4        0x0 ../control_bsp/\libucosii_bsp.a(alt_iic.o)
 .data          0x000000000411a7d4        0x0 ../control_bsp/\libucosii_bsp.a(alt_iic_isr_register.o)
 .data          0x000000000411a7d4        0x0 ../control_bsp/\libucosii_bsp.a(alt_irq_entry.o)
 .data          0x000000000411a7d4        0x0 ../control_bsp/\libucosii_bsp.a(alt_irq_handler.o)
 .data          0x000000000411a7d4        0x0 ../control_bsp/\libucosii_bsp.a(alt_irq_vars.o)
 .data          0x000000000411a7d4        0x0 ../control_bsp/\libucosii_bsp.a(alt_load.o)
 .data          0x000000000411a7d4        0x0 ../control_bsp/\libucosii_bsp.a(alt_main.o)
 .data          0x000000000411a7d4        0x0 ../control_bsp/\libucosii_bsp.a(alt_sbrk.o)
 .data          0x000000000411a7d4        0x0 ../control_bsp/\libucosii_bsp.a(alt_usleep.o)
 .data          0x000000000411a7d4        0x0 ../control_bsp/\libucosii_bsp.a(alt_env_lock.o)
 .data          0x000000000411a7d4        0x0 ../control_bsp/\libucosii_bsp.a(alt_malloc_lock.o)
 .data          0x000000000411a7d4        0x0 ../control_bsp/\libucosii_bsp.a(os_core.o)
 .data          0x000000000411a7d4        0x0 ../control_bsp/\libucosii_bsp.a(os_dbg.o)
 .data          0x000000000411a7d4        0x0 ../control_bsp/\libucosii_bsp.a(os_flag.o)
 .data          0x000000000411a7d4        0x0 ../control_bsp/\libucosii_bsp.a(os_mem.o)
 .data          0x000000000411a7d4        0x0 ../control_bsp/\libucosii_bsp.a(os_q.o)
 .data          0x000000000411a7d4        0x0 ../control_bsp/\libucosii_bsp.a(os_sem.o)
 .data          0x000000000411a7d4        0x0 ../control_bsp/\libucosii_bsp.a(os_task.o)
 .data          0x000000000411a7d4        0x0 ../control_bsp/\libucosii_bsp.a(os_time.o)
 .data          0x000000000411a7d4     0x1080 ../control_bsp/\libucosii_bsp.a(alt_sys_init.o)
 .data          0x000000000411b854        0x0 ../control_bsp/\libucosii_bsp.a(altera_avalon_jtag_uart_fd.o)
 .data          0x000000000411b854        0x0 ../control_bsp/\libucosii_bsp.a(altera_avalon_jtag_uart_init.o)
 .data          0x000000000411b854        0x0 ../control_bsp/\libucosii_bsp.a(altera_avalon_jtag_uart_ioctl.o)
 .data          0x000000000411b854        0x0 ../control_bsp/\libucosii_bsp.a(altera_avalon_jtag_uart_read.o)
 .data          0x000000000411b854        0x0 ../control_bsp/\libucosii_bsp.a(altera_avalon_jtag_uart_write.o)
 .data          0x000000000411b854        0x0 ../control_bsp/\libucosii_bsp.a(altera_avalon_mutex.o)
 .data          0x000000000411b854        0x0 ../control_bsp/\libucosii_bsp.a(altera_avalon_timer_sc.o)
 .data          0x000000000411b854        0x0 ../control_bsp/\libucosii_bsp.a(alt_alarm_start.o)
 .data          0x000000000411b854        0x0 ../control_bsp/\libucosii_bsp.a(alt_busy_sleep.o)
 .data          0x000000000411b854        0x0 ../control_bsp/\libucosii_bsp.a(alt_close.o)
 .data          0x000000000411b854        0x0 ../control_bsp/\libucosii_bsp.a(alt_dcache_flush_all.o)
 .data          0x000000000411b854      0x1a8 ../control_bsp/\libucosii_bsp.a(alt_dev.o)
                0x000000000411b854                alt_dev_null
                0x000000000411b87c                alt_fd_list
 .data          0x000000000411b9fc        0x0 ../control_bsp/\libucosii_bsp.a(alt_dev_llist_insert.o)
 .data          0x000000000411b9fc        0x0 ../control_bsp/\libucosii_bsp.a(alt_do_ctors.o)
 .data          0x000000000411b9fc        0x0 ../control_bsp/\libucosii_bsp.a(alt_do_dtors.o)
 .data          0x000000000411b9fc        0x0 ../control_bsp/\libucosii_bsp.a(alt_errno.o)
 .data          0x000000000411b9fc        0x0 ../control_bsp/\libucosii_bsp.a(alt_exception_entry.o)
 .data          0x000000000411b9fc        0x0 ../control_bsp/\libucosii_bsp.a(alt_find_dev.o)
 .data          0x000000000411b9fc        0x0 ../control_bsp/\libucosii_bsp.a(alt_icache_flush_all.o)
 .data          0x000000000411b9fc        0x0 ../control_bsp/\libucosii_bsp.a(alt_instruction_exception_entry.o)
 .data          0x000000000411b9fc        0x0 ../control_bsp/\libucosii_bsp.a(alt_io_redirect.o)
 .data          0x000000000411b9fc        0x0 ../control_bsp/\libucosii_bsp.a(alt_open.o)
 .data          0x000000000411b9fc        0x0 ../control_bsp/\libucosii_bsp.a(alt_release_fd.o)
 .data          0x000000000411b9fc        0x0 ../control_bsp/\libucosii_bsp.a(alt_tick.o)
 .data          0x000000000411b9fc        0x0 ../control_bsp/\libucosii_bsp.a(altera_nios2_gen2_irq.o)
 .data          0x000000000411b9fc        0x0 ../control_bsp/\libucosii_bsp.a(os_cpu_a.o)
 .data          0x000000000411b9fc        0x0 ../control_bsp/\libucosii_bsp.a(os_cpu_c.o)
 .data          0x000000000411b9fc        0x0 ../control_bsp/\libucosii_bsp.a(alt_find_file.o)
 .data          0x000000000411b9fc        0x0 ../control_bsp/\libucosii_bsp.a(alt_get_fd.o)
 .data          0x000000000411b9fc        0x0 ../control_bsp/\libucosii_bsp.a(alt_icache_flush.o)
 .data          0x000000000411b9fc        0x0 c:/intelfpga_lite/18.1/nios2eds/bin/gnu/h-x86_64-mingw32/bin/../lib/gcc/nios2-elf/5.3.0/../../../../../H-x86_64-mingw32/nios2-elf/lib\libc.a(lib_a-atexit.o)
 .data          0x000000000411b9fc        0x0 c:/intelfpga_lite/18.1/nios2eds/bin/gnu/h-x86_64-mingw32/bin/../lib/gcc/nios2-elf/5.3.0/../../../../../H-x86_64-mingw32/nios2-elf/lib\libc.a(lib_a-exit.o)
 .data          0x000000000411b9fc        0x0 c:/intelfpga_lite/18.1/nios2eds/bin/gnu/h-x86_64-mingw32/bin/../lib/gcc/nios2-elf/5.3.0/../../../../../H-x86_64-mingw32/nios2-elf/lib\libc.a(lib_a-memcmp.o)
 .data          0x000000000411b9fc        0x0 c:/intelfpga_lite/18.1/nios2eds/bin/gnu/h-x86_64-mingw32/bin/../lib/gcc/nios2-elf/5.3.0/../../../../../H-x86_64-mingw32/nios2-elf/lib\libc.a(lib_a-__atexit.o)
 .data          0x000000000411b9fc        0x0 c:/intelfpga_lite/18.1/nios2eds/bin/gnu/h-x86_64-mingw32/bin/../lib/gcc/nios2-elf/5.3.0/../../../../../H-x86_64-mingw32/nios2-elf/lib\libc.a(lib_a-__call_atexit.o)
 .data          0x000000000411b9fc        0x0 ../control_bsp/\libucosii_bsp.a(alt_exit.o)
                0x00000000041239fc                _gp = ABSOLUTE ((. + 0x8000))
                [!provide]                        PROVIDE (gp, _gp)
 *(.rwdata .rwdata.*)
 *(.sdata .sdata.* .gnu.linkonce.s.*)
 .sdata         0x000000000411b9fc        0x8 obj/default/debug_control.o
 .sdata         0x000000000411ba04        0x4 obj/default/switches_key.o
 .sdata._global_impure_ptr
                0x000000000411ba08        0x4 c:/intelfpga_lite/18.1/nios2eds/bin/gnu/h-x86_64-mingw32/bin/../lib/gcc/nios2-elf/5.3.0/../../../../../H-x86_64-mingw32/nios2-elf/lib\libc.a(lib_a-impure.o)
                0x000000000411ba08                _global_impure_ptr
 .sdata._impure_ptr
                0x000000000411ba0c        0x4 c:/intelfpga_lite/18.1/nios2eds/bin/gnu/h-x86_64-mingw32/bin/../lib/gcc/nios2-elf/5.3.0/../../../../../H-x86_64-mingw32/nios2-elf/lib\libc.a(lib_a-impure.o)
                0x000000000411ba0c                _impure_ptr
 .sdata.__mb_cur_max
                0x000000000411ba10        0x4 c:/intelfpga_lite/18.1/nios2eds/bin/gnu/h-x86_64-mingw32/bin/../lib/gcc/nios2-elf/5.3.0/../../../../../H-x86_64-mingw32/nios2-elf/lib\libc.a(lib_a-locale.o)
                0x000000000411ba10                __mb_cur_max
 .sdata.__malloc_sbrk_base
                0x000000000411ba14        0x4 c:/intelfpga_lite/18.1/nios2eds/bin/gnu/h-x86_64-mingw32/bin/../lib/gcc/nios2-elf/5.3.0/../../../../../H-x86_64-mingw32/nios2-elf/lib\libc.a(lib_a-mallocr.o)
                0x000000000411ba14                __malloc_sbrk_base
 .sdata.__malloc_trim_threshold
                0x000000000411ba18        0x4 c:/intelfpga_lite/18.1/nios2eds/bin/gnu/h-x86_64-mingw32/bin/../lib/gcc/nios2-elf/5.3.0/../../../../../H-x86_64-mingw32/nios2-elf/lib\libc.a(lib_a-mallocr.o)
                0x000000000411ba18                __malloc_trim_threshold
 .sdata         0x000000000411ba1c        0x4 ../control_bsp/\libucosii_bsp.a(alt_irq_vars.o)
                0x000000000411ba1c                alt_priority_mask
 .sdata         0x000000000411ba20        0x4 ../control_bsp/\libucosii_bsp.a(alt_sbrk.o)
 .sdata         0x000000000411ba24        0x4 ../control_bsp/\libucosii_bsp.a(alt_env_lock.o)
 .sdata         0x000000000411ba28        0x4 ../control_bsp/\libucosii_bsp.a(alt_malloc_lock.o)
 .sdata         0x000000000411ba2c       0x72 ../control_bsp/\libucosii_bsp.a(os_dbg.o)
                0x000000000411ba2c                OSDebugEn
                0x000000000411ba30                OSEndiannessTest
                0x000000000411ba34                OSEventEn
                0x000000000411ba36                OSEventMax
                0x000000000411ba38                OSEventNameSize
                0x000000000411ba3a                OSEventSize
                0x000000000411ba3c                OSEventTblSize
                0x000000000411ba3e                OSEventMultiEn
                0x000000000411ba40                OSFlagEn
                0x000000000411ba42                OSFlagGrpSize
                0x000000000411ba44                OSFlagNodeSize
                0x000000000411ba46                OSFlagWidth
                0x000000000411ba48                OSFlagMax
                0x000000000411ba4a                OSFlagNameSize
                0x000000000411ba4c                OSLowestPrio
                0x000000000411ba4e                OSMboxEn
                0x000000000411ba50                OSMemEn
                0x000000000411ba52                OSMemMax
                0x000000000411ba54                OSMemNameSize
                0x000000000411ba56                OSMemSize
                0x000000000411ba58                OSMemTblSize
                0x000000000411ba5a                OSMutexEn
                0x000000000411ba5c                OSPtrSize
                0x000000000411ba5e                OSQEn
                0x000000000411ba60                OSQMax
                0x000000000411ba62                OSQSize
                0x000000000411ba64                OSRdyTblSize
                0x000000000411ba66                OSSemEn
                0x000000000411ba68                OSStkWidth
                0x000000000411ba6a                OSTaskCreateEn
                0x000000000411ba6c                OSTaskCreateExtEn
                0x000000000411ba6e                OSTaskDelEn
                0x000000000411ba70                OSTaskIdleStkSize
                0x000000000411ba72                OSTaskProfileEn
                0x000000000411ba74                OSTaskMax
                0x000000000411ba76                OSTaskNameSize
                0x000000000411ba78                OSTaskStatEn
                0x000000000411ba7a                OSTaskStatStkSize
                0x000000000411ba7c                OSTaskStatStkChkEn
                0x000000000411ba7e                OSTaskSwHookEn
                0x000000000411ba80                OSTCBPrioTblMax
                0x000000000411ba82                OSTCBSize
                0x000000000411ba84                OSTicksPerSec
                0x000000000411ba86                OSTimeTickHookEn
                0x000000000411ba88                OSVersionNbr
                0x000000000411ba8a                OSTmrEn
                0x000000000411ba8c                OSTmrCfgMax
                0x000000000411ba8e                OSTmrCfgNameSize
                0x000000000411ba90                OSTmrCfgWheelSize
                0x000000000411ba92                OSTmrCfgTicksPerSec
                0x000000000411ba94                OSTmrSize
                0x000000000411ba96                OSTmrTblSize
                0x000000000411ba98                OSTmrWheelSize
                0x000000000411ba9a                OSTmrWheelTblSize
                0x000000000411ba9c                OSDataSize
 *fill*         0x000000000411ba9e        0x2 
 .sdata         0x000000000411baa0        0x8 ../control_bsp/\libucosii_bsp.a(altera_avalon_mutex.o)
                0x000000000411baa0                alt_mutex_list
 .sdata         0x000000000411baa8       0x14 ../control_bsp/\libucosii_bsp.a(alt_dev.o)
                0x000000000411baa8                alt_fs_list
                0x000000000411bab0                alt_dev_list
                0x000000000411bab8                alt_max_fd
 .sdata         0x000000000411babc        0x4 ../control_bsp/\libucosii_bsp.a(alt_errno.o)
                0x000000000411babc                alt_errno
 .sdata         0x000000000411bac0        0x8 ../control_bsp/\libucosii_bsp.a(alt_tick.o)
                0x000000000411bac0                alt_alarm_list
 *(.sdata2 .sdata2.* .gnu.linkonce.s2.*)
                0x000000000411bac8                . = ALIGN (0x4)
                0x000000000411bac8                _edata = ABSOLUTE (.)
                [!provide]                        PROVIDE (edata, ABSOLUTE (.))
                0x000000000411bac8                PROVIDE (__ram_rwdata_end, ABSOLUTE (.))
                0x000000000411bac8                PROVIDE (__flash_rwdata_start, LOADADDR (.rwdata))

.bss            0x000000000411d660     0x8cdc
                0x000000000411d660                __bss_start = ABSOLUTE (.)
                [!provide]                        PROVIDE (__sbss_start, ABSOLUTE (.))
                [!provide]                        PROVIDE (___sbss_start, ABSOLUTE (.))
 *(.dynsbss)
 *(.sbss .sbss.* .gnu.linkonce.sb.*)
 .sbss          0x000000000411d660       0x28 obj/default/debug_control.o
 .sbss          0x000000000411d688        0x8 obj/default/main.o
                0x000000000411d688                input_update_sem
                0x000000000411d68c                leds_update_sem
 .sbss          0x000000000411d690       0x10 obj/default/speaker.o
 .sbss          0x000000000411d6a0       0x28 obj/default/switches_key.o
                0x000000000411d6a0                switch_state
                0x000000000411d6a4                key_state
                0x000000000411d6a8                GPIO_state
 .sbss          0x000000000411d6c8        0x4 obj/default/traffc_led.o
 .sbss._PathLocale
                0x000000000411d6cc        0x4 c:/intelfpga_lite/18.1/nios2eds/bin/gnu/h-x86_64-mingw32/bin/../lib/gcc/nios2-elf/5.3.0/../../../../../H-x86_64-mingw32/nios2-elf/lib\libc.a(lib_a-locale.o)
                0x000000000411d6cc                _PathLocale
 .sbss.__mlocale_changed
                0x000000000411d6d0        0x4 c:/intelfpga_lite/18.1/nios2eds/bin/gnu/h-x86_64-mingw32/bin/../lib/gcc/nios2-elf/5.3.0/../../../../../H-x86_64-mingw32/nios2-elf/lib\libc.a(lib_a-locale.o)
                0x000000000411d6d0                __mlocale_changed
 .sbss.__nlocale_changed
                0x000000000411d6d4        0x4 c:/intelfpga_lite/18.1/nios2eds/bin/gnu/h-x86_64-mingw32/bin/../lib/gcc/nios2-elf/5.3.0/../../../../../H-x86_64-mingw32/nios2-elf/lib\libc.a(lib_a-locale.o)
                0x000000000411d6d4                __nlocale_changed
 .sbss.__malloc_max_total_mem
                0x000000000411d6d8        0x4 c:/intelfpga_lite/18.1/nios2eds/bin/gnu/h-x86_64-mingw32/bin/../lib/gcc/nios2-elf/5.3.0/../../../../../H-x86_64-mingw32/nios2-elf/lib\libc.a(lib_a-mallocr.o)
                0x000000000411d6d8                __malloc_max_total_mem
 .sbss.__malloc_max_sbrked_mem
                0x000000000411d6dc        0x4 c:/intelfpga_lite/18.1/nios2eds/bin/gnu/h-x86_64-mingw32/bin/../lib/gcc/nios2-elf/5.3.0/../../../../../H-x86_64-mingw32/nios2-elf/lib\libc.a(lib_a-mallocr.o)
                0x000000000411d6dc                __malloc_max_sbrked_mem
 .sbss.__malloc_top_pad
                0x000000000411d6e0        0x4 c:/intelfpga_lite/18.1/nios2eds/bin/gnu/h-x86_64-mingw32/bin/../lib/gcc/nios2-elf/5.3.0/../../../../../H-x86_64-mingw32/nios2-elf/lib\libc.a(lib_a-mallocr.o)
                0x000000000411d6e0                __malloc_top_pad
 .sbss          0x000000000411d6e4        0x4 c:/intelfpga_lite/18.1/nios2eds/bin/gnu/h-x86_64-mingw32/bin/../lib/gcc/nios2-elf/5.3.0/../../../../../H-x86_64-mingw32/nios2-elf/lib\libc.a(lib_a-int_errno.o)
                0x000000000411d6e4                errno
 .sbss          0x000000000411d6e8        0x4 ../control_bsp/\libucosii_bsp.a(alt_irq_vars.o)
                0x000000000411d6e8                alt_irq_active
 .sbss          0x000000000411d6ec        0xc ../control_bsp/\libucosii_bsp.a(alt_main.o)
                0x000000000411d6ec                alt_argc
                0x000000000411d6f0                alt_argv
                0x000000000411d6f4                alt_envp
 .sbss          0x000000000411d6f8        0x8 ../control_bsp/\libucosii_bsp.a(alt_env_lock.o)
                0x000000000411d6fc                alt_envsem
 .sbss          0x000000000411d700        0x8 ../control_bsp/\libucosii_bsp.a(alt_malloc_lock.o)
                0x000000000411d704                alt_heapsem
 .sbss          0x000000000411d708       0x50 ../control_bsp/\libucosii_bsp.a(os_core.o)
                0x000000000411d708                OSLockNesting
                0x000000000411d709                OSRunning
                0x000000000411d70c                OSIdleCtr
                0x000000000411d710                OSPrioHighRdy
                0x000000000411d711                OSPrioCur
                0x000000000411d714                OSTCBList
                0x000000000411d718                OSTickStepState
                0x000000000411d71c                OSCtxSwCtr
                0x000000000411d720                OSIdleCtrMax
                0x000000000411d724                OSTCBFreeList
                0x000000000411d728                OSCPUUsage
                0x000000000411d729                OSTaskCtr
                0x000000000411d72c                OSMemFreeList
                0x000000000411d730                OSTCBHighRdy
                0x000000000411d734                OSQFreeList
                0x000000000411d738                OSRdyGrp
                0x000000000411d739                OSRdyTbl
                0x000000000411d73c                OSEventFreeList
                0x000000000411d740                OSIntNesting
                0x000000000411d744                OSTCBCur
                0x000000000411d748                OSTime
                0x000000000411d74c                OSFlagFreeList
                0x000000000411d750                OSStatRdy
                0x000000000411d754                OSIdleCtrRun
 .sbss          0x000000000411d758        0x4 ../control_bsp/\libucosii_bsp.a(alt_dev.o)
                0x000000000411d758                alt_fd_list_lock
 .sbss          0x000000000411d75c        0x4 ../control_bsp/\libucosii_bsp.a(alt_instruction_exception_entry.o)
                0x000000000411d75c                alt_instruction_exception_handler
 .sbss          0x000000000411d760        0x8 ../control_bsp/\libucosii_bsp.a(alt_tick.o)
                0x000000000411d760                _alt_tick_rate
                0x000000000411d764                _alt_nticks
 *(.sbss2 .sbss2.* .gnu.linkonce.sb2.*)
 *(.scommon)
                [!provide]                        PROVIDE (__sbss_end, ABSOLUTE (.))
                [!provide]                        PROVIDE (___sbss_end, ABSOLUTE (.))
 *(.dynbss)
 *(.bss .bss.* .gnu.linkonce.b.*)
 .bss           0x000000000411d768        0x0 ../control_bsp//obj/HAL/src/crt0.o
 .bss           0x000000000411d768       0x41 obj/default/debug_control.o
 .bss           0x000000000411d7a9        0x0 obj/default/main.o
 .bss           0x000000000411d7a9        0x0 obj/default/soundeffects.o
 .bss           0x000000000411d7a9        0x0 obj/default/speaker.o
 .bss           0x000000000411d7a9       0x45 obj/default/switches_key.o
 .bss           0x000000000411d7ee        0x0 obj/default/traffc_led.o
 .bss           0x000000000411d7ee        0x0 c:/intelfpga_lite/18.1/nios2eds/bin/gnu/h-x86_64-mingw32/bin/../lib/gcc/nios2-elf/5.3.0\libgcc.a(_muldi3.o)
 .bss           0x000000000411d7ee        0x0 c:/intelfpga_lite/18.1/nios2eds/bin/gnu/h-x86_64-mingw32/bin/../lib/gcc/nios2-elf/5.3.0\libgcc.a(_udivdi3.o)
 .bss           0x000000000411d7ee        0x0 c:/intelfpga_lite/18.1/nios2eds/bin/gnu/h-x86_64-mingw32/bin/../lib/gcc/nios2-elf/5.3.0\libgcc.a(lib2-divmod.o)
 .bss           0x000000000411d7ee        0x0 c:/intelfpga_lite/18.1/nios2eds/bin/gnu/h-x86_64-mingw32/bin/../lib/gcc/nios2-elf/5.3.0\libgcc.a(_clz.o)
 .bss           0x000000000411d7ee        0x0 c:/intelfpga_lite/18.1/nios2eds/bin/gnu/h-x86_64-mingw32/bin/../lib/gcc/nios2-elf/5.3.0/../../../../../H-x86_64-mingw32/nios2-elf/lib\libc.a(lib_a-memcpy.o)
 .bss           0x000000000411d7ee        0x0 c:/intelfpga_lite/18.1/nios2eds/bin/gnu/h-x86_64-mingw32/bin/../lib/gcc/nios2-elf/5.3.0/../../../../../H-x86_64-mingw32/nios2-elf/lib\libc.a(lib_a-memmove.o)
 .bss           0x000000000411d7ee        0x0 c:/intelfpga_lite/18.1/nios2eds/bin/gnu/h-x86_64-mingw32/bin/../lib/gcc/nios2-elf/5.3.0/../../../../../H-x86_64-mingw32/nios2-elf/lib\libc.a(lib_a-rand.o)
 .bss           0x000000000411d7ee        0x0 c:/intelfpga_lite/18.1/nios2eds/bin/gnu/h-x86_64-mingw32/bin/../lib/gcc/nios2-elf/5.3.0/../../../../../H-x86_64-mingw32/nios2-elf/lib\libc.a(lib_a-snprintf.o)
 .bss           0x000000000411d7ee        0x0 c:/intelfpga_lite/18.1/nios2eds/bin/gnu/h-x86_64-mingw32/bin/../lib/gcc/nios2-elf/5.3.0/../../../../../H-x86_64-mingw32/nios2-elf/lib\libc.a(lib_a-strcmp.o)
 .bss           0x000000000411d7ee        0x0 c:/intelfpga_lite/18.1/nios2eds/bin/gnu/h-x86_64-mingw32/bin/../lib/gcc/nios2-elf/5.3.0/../../../../../H-x86_64-mingw32/nios2-elf/lib\libc.a(lib_a-strlen.o)
 .bss           0x000000000411d7ee        0x0 c:/intelfpga_lite/18.1/nios2eds/bin/gnu/h-x86_64-mingw32/bin/../lib/gcc/nios2-elf/5.3.0/../../../../../H-x86_64-mingw32/nios2-elf/lib\libc.a(lib_a-strncat.o)
 .bss           0x000000000411d7ee        0x0 c:/intelfpga_lite/18.1/nios2eds/bin/gnu/h-x86_64-mingw32/bin/../lib/gcc/nios2-elf/5.3.0/../../../../../H-x86_64-mingw32/nios2-elf/lib\libc.a(lib_a-strncpy.o)
 .bss           0x000000000411d7ee        0x0 c:/intelfpga_lite/18.1/nios2eds/bin/gnu/h-x86_64-mingw32/bin/../lib/gcc/nios2-elf/5.3.0/../../../../../H-x86_64-mingw32/nios2-elf/lib\libc.a(lib_a-svfprintf.o)
 .bss           0x000000000411d7ee        0x0 c:/intelfpga_lite/18.1/nios2eds/bin/gnu/h-x86_64-mingw32/bin/../lib/gcc/nios2-elf/5.3.0/../../../../../H-x86_64-mingw32/nios2-elf/lib\libc.a(lib_a-dtoa.o)
 .bss           0x000000000411d7ee        0x0 c:/intelfpga_lite/18.1/nios2eds/bin/gnu/h-x86_64-mingw32/bin/../lib/gcc/nios2-elf/5.3.0/../../../../../H-x86_64-mingw32/nios2-elf/lib\libc.a(lib_a-impure.o)
 .bss           0x000000000411d7ee        0x0 c:/intelfpga_lite/18.1/nios2eds/bin/gnu/h-x86_64-mingw32/bin/../lib/gcc/nios2-elf/5.3.0/../../../../../H-x86_64-mingw32/nios2-elf/lib\libc.a(lib_a-locale.o)
 .bss           0x000000000411d7ee        0x0 c:/intelfpga_lite/18.1/nios2eds/bin/gnu/h-x86_64-mingw32/bin/../lib/gcc/nios2-elf/5.3.0/../../../../../H-x86_64-mingw32/nios2-elf/lib\libc.a(lib_a-mallocr.o)
 *fill*         0x000000000411d7ee        0x2 
 .bss.__malloc_current_mallinfo
                0x000000000411d7f0       0x28 c:/intelfpga_lite/18.1/nios2eds/bin/gnu/h-x86_64-mingw32/bin/../lib/gcc/nios2-elf/5.3.0/../../../../../H-x86_64-mingw32/nios2-elf/lib\libc.a(lib_a-mallocr.o)
                0x000000000411d7f0                __malloc_current_mallinfo
 .bss           0x000000000411d818        0x0 c:/intelfpga_lite/18.1/nios2eds/bin/gnu/h-x86_64-mingw32/bin/../lib/gcc/nios2-elf/5.3.0/../../../../../H-x86_64-mingw32/nios2-elf/lib\libc.a(lib_a-memchr.o)
 .bss           0x000000000411d818        0x0 c:/intelfpga_lite/18.1/nios2eds/bin/gnu/h-x86_64-mingw32/bin/../lib/gcc/nios2-elf/5.3.0/../../../../../H-x86_64-mingw32/nios2-elf/lib\libc.a(lib_a-mprec.o)
 .bss           0x000000000411d818        0x0 c:/intelfpga_lite/18.1/nios2eds/bin/gnu/h-x86_64-mingw32/bin/../lib/gcc/nios2-elf/5.3.0/../../../../../H-x86_64-mingw32/nios2-elf/lib\libc.a(lib_a-s_fpclassify.o)
 .bss           0x000000000411d818        0x0 c:/intelfpga_lite/18.1/nios2eds/bin/gnu/h-x86_64-mingw32/bin/../lib/gcc/nios2-elf/5.3.0/../../../../../H-x86_64-mingw32/nios2-elf/lib\libc.a(lib_a-sbrkr.o)
 .bss           0x000000000411d818        0x0 c:/intelfpga_lite/18.1/nios2eds/bin/gnu/h-x86_64-mingw32/bin/../lib/gcc/nios2-elf/5.3.0/../../../../../H-x86_64-mingw32/nios2-elf/lib\libc.a(lib_a-svfiprintf.o)
 .bss           0x000000000411d818        0x0 c:/intelfpga_lite/18.1/nios2eds/bin/gnu/h-x86_64-mingw32/bin/../lib/gcc/nios2-elf/5.3.0/../../../../../H-x86_64-mingw32/nios2-elf/lib\libc.a(lib_a-callocr.o)
 .bss           0x000000000411d818        0x0 c:/intelfpga_lite/18.1/nios2eds/bin/gnu/h-x86_64-mingw32/bin/../lib/gcc/nios2-elf/5.3.0/../../../../../H-x86_64-mingw32/nios2-elf/lib\libc.a(lib_a-freer.o)
 .bss           0x000000000411d818        0x0 c:/intelfpga_lite/18.1/nios2eds/bin/gnu/h-x86_64-mingw32/bin/../lib/gcc/nios2-elf/5.3.0/../../../../../H-x86_64-mingw32/nios2-elf/lib\libc.a(lib_a-int_errno.o)
 .bss           0x000000000411d818        0x0 c:/intelfpga_lite/18.1/nios2eds/bin/gnu/h-x86_64-mingw32/bin/../lib/gcc/nios2-elf/5.3.0/../../../../../H-x86_64-mingw32/nios2-elf/lib\libc.a(lib_a-memset.o)
 .bss           0x000000000411d818        0x0 c:/intelfpga_lite/18.1/nios2eds/bin/gnu/h-x86_64-mingw32/bin/../lib/gcc/nios2-elf/5.3.0/../../../../../H-x86_64-mingw32/nios2-elf/lib\libc.a(lib_a-reallocr.o)
 .bss           0x000000000411d818        0x0 c:/intelfpga_lite/18.1/nios2eds/bin/gnu/h-x86_64-mingw32/bin/../lib/gcc/nios2-elf/5.3.0\libgcc.a(_umoddi3.o)
 .bss           0x000000000411d818        0x0 c:/intelfpga_lite/18.1/nios2eds/bin/gnu/h-x86_64-mingw32/bin/../lib/gcc/nios2-elf/5.3.0\libgcc.a(adddf3.o)
 .bss           0x000000000411d818        0x0 c:/intelfpga_lite/18.1/nios2eds/bin/gnu/h-x86_64-mingw32/bin/../lib/gcc/nios2-elf/5.3.0\libgcc.a(divdf3.o)
 .bss           0x000000000411d818        0x0 c:/intelfpga_lite/18.1/nios2eds/bin/gnu/h-x86_64-mingw32/bin/../lib/gcc/nios2-elf/5.3.0\libgcc.a(eqdf2.o)
 .bss           0x000000000411d818        0x0 c:/intelfpga_lite/18.1/nios2eds/bin/gnu/h-x86_64-mingw32/bin/../lib/gcc/nios2-elf/5.3.0\libgcc.a(gedf2.o)
 .bss           0x000000000411d818        0x0 c:/intelfpga_lite/18.1/nios2eds/bin/gnu/h-x86_64-mingw32/bin/../lib/gcc/nios2-elf/5.3.0\libgcc.a(ledf2.o)
 .bss           0x000000000411d818        0x0 c:/intelfpga_lite/18.1/nios2eds/bin/gnu/h-x86_64-mingw32/bin/../lib/gcc/nios2-elf/5.3.0\libgcc.a(muldf3.o)
 .bss           0x000000000411d818        0x0 c:/intelfpga_lite/18.1/nios2eds/bin/gnu/h-x86_64-mingw32/bin/../lib/gcc/nios2-elf/5.3.0\libgcc.a(subdf3.o)
 .bss           0x000000000411d818        0x0 c:/intelfpga_lite/18.1/nios2eds/bin/gnu/h-x86_64-mingw32/bin/../lib/gcc/nios2-elf/5.3.0\libgcc.a(fixdfsi.o)
 .bss           0x000000000411d818        0x0 c:/intelfpga_lite/18.1/nios2eds/bin/gnu/h-x86_64-mingw32/bin/../lib/gcc/nios2-elf/5.3.0\libgcc.a(floatsidf.o)
 .bss           0x000000000411d818        0x0 c:/intelfpga_lite/18.1/nios2eds/bin/gnu/h-x86_64-mingw32/bin/../lib/gcc/nios2-elf/5.3.0\libgcc.a(floatunsidf.o)
 .bss           0x000000000411d818        0x0 c:/intelfpga_lite/18.1/nios2eds/bin/gnu/h-x86_64-mingw32/bin/../lib/gcc/nios2-elf/5.3.0\libgcc.a(_clzsi2.o)
 .bss           0x000000000411d818        0x0 ../control_bsp/\libucosii_bsp.a(alt_iic.o)
 .bss           0x000000000411d818        0x0 ../control_bsp/\libucosii_bsp.a(alt_iic_isr_register.o)
 .bss           0x000000000411d818        0x0 ../control_bsp/\libucosii_bsp.a(alt_irq_entry.o)
 .bss           0x000000000411d818        0x0 ../control_bsp/\libucosii_bsp.a(alt_irq_handler.o)
 .bss           0x000000000411d818        0x0 ../control_bsp/\libucosii_bsp.a(alt_irq_vars.o)
 .bss           0x000000000411d818        0x0 ../control_bsp/\libucosii_bsp.a(alt_load.o)
 .bss           0x000000000411d818        0x0 ../control_bsp/\libucosii_bsp.a(alt_main.o)
 .bss           0x000000000411d818        0x0 ../control_bsp/\libucosii_bsp.a(alt_sbrk.o)
 .bss           0x000000000411d818        0x0 ../control_bsp/\libucosii_bsp.a(alt_usleep.o)
 .bss           0x000000000411d818        0x0 ../control_bsp/\libucosii_bsp.a(alt_env_lock.o)
 .bss           0x000000000411d818        0x0 ../control_bsp/\libucosii_bsp.a(alt_malloc_lock.o)
 .bss           0x000000000411d818        0x0 ../control_bsp/\libucosii_bsp.a(os_core.o)
 .bss           0x000000000411d818        0x0 ../control_bsp/\libucosii_bsp.a(os_dbg.o)
 .bss           0x000000000411d818        0x0 ../control_bsp/\libucosii_bsp.a(os_flag.o)
 .bss           0x000000000411d818        0x0 ../control_bsp/\libucosii_bsp.a(os_mem.o)
 .bss           0x000000000411d818        0x0 ../control_bsp/\libucosii_bsp.a(os_q.o)
 .bss           0x000000000411d818        0x0 ../control_bsp/\libucosii_bsp.a(os_sem.o)
 .bss           0x000000000411d818        0x0 ../control_bsp/\libucosii_bsp.a(os_task.o)
 .bss           0x000000000411d818        0x0 ../control_bsp/\libucosii_bsp.a(os_time.o)
 .bss           0x000000000411d818        0x0 ../control_bsp/\libucosii_bsp.a(alt_sys_init.o)
 .bss           0x000000000411d818        0x0 ../control_bsp/\libucosii_bsp.a(altera_avalon_jtag_uart_fd.o)
 .bss           0x000000000411d818        0x0 ../control_bsp/\libucosii_bsp.a(altera_avalon_jtag_uart_init.o)
 .bss           0x000000000411d818        0x0 ../control_bsp/\libucosii_bsp.a(altera_avalon_jtag_uart_ioctl.o)
 .bss           0x000000000411d818        0x0 ../control_bsp/\libucosii_bsp.a(altera_avalon_jtag_uart_read.o)
 .bss           0x000000000411d818        0x0 ../control_bsp/\libucosii_bsp.a(altera_avalon_jtag_uart_write.o)
 .bss           0x000000000411d818        0x0 ../control_bsp/\libucosii_bsp.a(altera_avalon_mutex.o)
 .bss           0x000000000411d818        0x0 ../control_bsp/\libucosii_bsp.a(altera_avalon_timer_sc.o)
 .bss           0x000000000411d818        0x0 ../control_bsp/\libucosii_bsp.a(alt_alarm_start.o)
 .bss           0x000000000411d818        0x0 ../control_bsp/\libucosii_bsp.a(alt_busy_sleep.o)
 .bss           0x000000000411d818        0x0 ../control_bsp/\libucosii_bsp.a(alt_close.o)
 .bss           0x000000000411d818        0x0 ../control_bsp/\libucosii_bsp.a(alt_dcache_flush_all.o)
 .bss           0x000000000411d818        0x0 ../control_bsp/\libucosii_bsp.a(alt_dev.o)