Archive member included to satisfy reference by file (symbol)

c:/intelfpga_lite/18.1/nios2eds/bin/gnu/h-x86_64-mingw32/bin/../lib/gcc/nios2-elf/5.3.0\libgcc.a(_muldi3.o)
                              obj/default/debug_control.o (__muldi3)
c:/intelfpga_lite/18.1/nios2eds/bin/gnu/h-x86_64-mingw32/bin/../lib/gcc/nios2-elf/5.3.0\libgcc.a(_udivdi3.o)
                              obj/default/debug_control.o (__udivdi3)
c:/intelfpga_lite/18.1/nios2eds/bin/gnu/h-x86_64-mingw32/bin/../lib/gcc/nios2-elf/5.3.0\libgcc.a(lib2-divmod.o)
                              obj/default/speaker.o (__divsi3)
c:/intelfpga_lite/18.1/nios2eds/bin/gnu/h-x86_64-mingw32/bin/../lib/gcc/nios2-elf/5.3.0\libgcc.a(_clz.o)
                              c:/intelfpga_lite/18.1/nios2eds/bin/gnu/h-x86_64-mingw32/bin/../lib/gcc/nios2-elf/5.3.0\libgcc.a(_udivdi3.o) (__clz_tab)
c:/intelfpga_lite/18.1/nios2eds/bin/gnu/h-x86_64-mingw32/bin/../lib/gcc/nios2-elf/5.3.0/../../../../../H-x86_64-mingw32/nios2-elf/lib\libc.a(lib_a-memcpy.o)
                              obj/default/switches_key.o (memcpy)
c:/intelfpga_lite/18.1/nios2eds/bin/gnu/h-x86_64-mingw32/bin/../lib/gcc/nios2-elf/5.3.0/../../../../../H-x86_64-mingw32/nios2-elf/lib\libc.a(lib_a-memmove.o)
                              obj/default/switches_key.o (memmove)
c:/intelfpga_lite/18.1/nios2eds/bin/gnu/h-x86_64-mingw32/bin/../lib/gcc/nios2-elf/5.3.0/../../../../../H-x86_64-mingw32/nios2-elf/lib\libc.a(lib_a-rand.o)
                              obj/default/soundeffects.o (rand)
c:/intelfpga_lite/18.1/nios2eds/bin/gnu/h-x86_64-mingw32/bin/../lib/gcc/nios2-elf/5.3.0/../../../../../H-x86_64-mingw32/nios2-elf/lib\libc.a(lib_a-snprintf.o)
                              obj/default/switches_key.o (snprintf)
c:/intelfpga_lite/18.1/nios2eds/bin/gnu/h-x86_64-mingw32/bin/../lib/gcc/nios2-elf/5.3.0/../../../../../H-x86_64-mingw32/nios2-elf/lib\libc.a(lib_a-strcmp.o)
                              obj/default/switches_key.o (strcmp)
c:/intelfpga_lite/18.1/nios2eds/bin/gnu/h-x86_64-mingw32/bin/../lib/gcc/nios2-elf/5.3.0/../../../../../H-x86_64-mingw32/nios2-elf/lib\libc.a(lib_a-strlen.o)
                              obj/default/switches_key.o (strlen)
c:/intelfpga_lite/18.1/nios2eds/bin/gnu/h-x86_64-mingw32/bin/../lib/gcc/nios2-elf/5.3.0/../../../../../H-x86_64-mingw32/nios2-elf/lib\libc.a(lib_a-strncat.o)
                              obj/default/switches_key.o (strncat)
c:/intelfpga_lite/18.1/nios2eds/bin/gnu/h-x86_64-mingw32/bin/../lib/gcc/nios2-elf/5.3.0/../../../../../H-x86_64-mingw32/nios2-elf/lib\libc.a(lib_a-strncpy.o)
                              obj/default/switches_key.o (strncpy)
c:/intelfpga_lite/18.1/nios2eds/bin/gnu/h-x86_64-mingw32/bin/../lib/gcc/nios2-elf/5.3.0/../../../../../H-x86_64-mingw32/nios2-elf/lib\libc.a(lib_a-svfprintf.o)
                              c:/intelfpga_lite/18.1/nios2eds/bin/gnu/h-x86_64-mingw32/bin/../lib/gcc/nios2-elf/5.3.0/../../../../../H-x86_64-mingw32/nios2-elf/lib\libc.a(lib_a-snprintf.o) (___svfprintf_internal_r)
c:/intelfpga_lite/18.1/nios2eds/bin/gnu/h-x86_64-mingw32/bin/../lib/gcc/nios2-elf/5.3.0/../../../../../H-x86_64-mingw32/nios2-elf/lib\libc.a(lib_a-dtoa.o)
                              c:/intelfpga_lite/18.1/nios2eds/bin/gnu/h-x86_64-mingw32/bin/../lib/gcc/nios2-elf/5.3.0/../../../../../H-x86_64-mingw32/nios2-elf/lib\libc.a(lib_a-svfprintf.o) (_dtoa_r)
c:/intelfpga_lite/18.1/nios2eds/bin/gnu/h-x86_64-mingw32/bin/../lib/gcc/nios2-elf/5.3.0/../../../../../H-x86_64-mingw32/nios2-elf/lib\libc.a(lib_a-impure.o)
                              c:/intelfpga_lite/18.1/nios2eds/bin/gnu/h-x86_64-mingw32/bin/../lib/gcc/nios2-elf/5.3.0/../../../../../H-x86_64-mingw32/nios2-elf/lib\libc.a(lib_a-rand.o) (_impure_ptr)
c:/intelfpga_lite/18.1/nios2eds/bin/gnu/h-x86_64-mingw32/bin/../lib/gcc/nios2-elf/5.3.0/../../../../../H-x86_64-mingw32/nios2-elf/lib\libc.a(lib_a-locale.o)
                              c:/intelfpga_lite/18.1/nios2eds/bin/gnu/h-x86_64-mingw32/bin/../lib/gcc/nios2-elf/5.3.0/../../../../../H-x86_64-mingw32/nios2-elf/lib\libc.a(lib_a-svfprintf.o) (_localeconv_r)
c:/intelfpga_lite/18.1/nios2eds/bin/gnu/h-x86_64-mingw32/bin/../lib/gcc/nios2-elf/5.3.0/../../../../../H-x86_64-mingw32/nios2-elf/lib\libc.a(lib_a-mallocr.o)
                              c:/intelfpga_lite/18.1/nios2eds/bin/gnu/h-x86_64-mingw32/bin/../lib/gcc/nios2-elf/5.3.0/../../../../../H-x86_64-mingw32/nios2-elf/lib\libc.a(lib_a-svfprintf.o) (_malloc_r)
c:/intelfpga_lite/18.1/nios2eds/bin/gnu/h-x86_64-mingw32/bin/../lib/gcc/nios2-elf/5.3.0/../../../../../H-x86_64-mingw32/nios2-elf/lib\libc.a(lib_a-memchr.o)
                              c:/intelfpga_lite/18.1/nios2eds/bin/gnu/h-x86_64-mingw32/bin/../lib/gcc/nios2-elf/5.3.0/../../../../../H-x86_64-mingw32/nios2-elf/lib\libc.a(lib_a-svfprintf.o) (memchr)
c:/intelfpga_lite/18.1/nios2eds/bin/gnu/h-x86_64-mingw32/bin/../lib/gcc/nios2-elf/5.3.0/../../../../../H-x86_64-mingw32/nios2-elf/lib\libc.a(lib_a-mprec.o)
[...]
Memory Configuration

Name             Origin             Length             Attributes
new_sdram_controller_0 0x0000000004100000 0x0000000000100000
reset            0x0000000008004000 0x0000000000000020
control_mem      0x0000000008004020 0x0000000000003fe0
*default*        0x0000000000000000 0xffffffffffffffff

Linker script and memory map

LOAD ../control_bsp//obj/HAL/src/crt0.o
LOAD obj/default/debug_control.o
LOAD obj/default/main.o
LOAD obj/default/soundeffects.o
LOAD obj/default/speaker.o
LOAD obj/default/switches_key.o
LOAD obj/default/traffc_led.o
LOAD c:/intelfpga_lite/18.1/nios2eds/bin/gnu/h-x86_64-mingw32/bin/../lib/gcc/nios2-elf/5.3.0/../../../../../H-x86_64-mingw32/nios2-elf/lib\libstdc++.a
LOAD c:/intelfpga_lite/18.1/nios2eds/bin/gnu/h-x86_64-mingw32/bin/../lib/gcc/nios2-elf/5.3.0/../../../../../H-x86_64-mingw32/nios2-elf/lib\libm.a
LOAD c:/intelfpga_lite/18.1/nios2eds/bin/gnu/h-x86_64-mingw32/bin/../lib/gcc/nios2-elf/5.3.0\libgcc.a
START GROUP
LOAD c:/intelfpga_lite/18.1/nios2eds/bin/gnu/h-x86_64-mingw32/bin/../lib/gcc/nios2-elf/5.3.0/../../../../../H-x86_64-mingw32/nios2-elf/lib\libc.a
LOAD c:/intelfpga_lite/18.1/nios2eds/bin/gnu/h-x86_64-mingw32/bin/../lib/gcc/nios2-elf/5.3.0\libgcc.a
LOAD ../control_bsp/\libucosii_bsp.a
LOAD c:/intelfpga_lite/18.1/nios2eds/bin/gnu/h-x86_64-mingw32/bin/../lib/gcc/nios2-elf/5.3.0/../../../../../H-x86_64-mingw32/nios2-elf/lib\libm.a
END GROUP
LOAD c:/intelfpga_lite/18.1/nios2eds/bin/gnu/h-x86_64-mingw32/bin/../lib/gcc/nios2-elf/5.3.0\libgcc.a
                0x0000000004000000                __alt_mem_new_sdram_controller_0 = 0x4000000
                0x0000000008004000                __alt_mem_control_mem = 0x8004000

.entry          0x0000000008004000       0x20
 *(.entry)
 .entry         0x0000000008004000       0x20 ../control_bsp//obj/HAL/src/crt0.o
                0x0000000008004000                __reset

.exceptions     0x0000000008004020      0x224 load address 0x0000000004100000
                0x0000000008004020                PROVIDE (__ram_exceptions_start, ABSOLUTE (.))
                0x0000000008004020                . = ALIGN (0x20)
 *(.irq)
 *(.exceptions.entry.label)
 .exceptions.entry.label
                0x0000000008004020        0x0 ../control_bsp/\libucosii_bsp.a(alt_irq_entry.o)
                0x0000000008004020                alt_irq_entry
 .exceptions.entry.label
                0x0000000008004020        0x0 ../control_bsp/\libucosii_bsp.a(alt_exception_entry.o)
                0x0000000008004020                alt_exception
 *(.exceptions.entry.user)
 *(.exceptions.entry.ecc_fatal)
 *(.exceptions.entry)
 .exceptions.entry
                0x0000000008004020       0x54 ../control_bsp/\libucosii_bsp.a(alt_exception_entry.o)
 *(.exceptions.irqtest.user)
 *(.exceptions.irqtest)
 .exceptions.irqtest
                0x0000000008004074       0x10 ../control_bsp/\libucosii_bsp.a(alt_irq_entry.o)
 *(.exceptions.irqhandler.user)
 *(.exceptions.irqhandler)
 .exceptions.irqhandler
                0x0000000008004084        0x4 ../control_bsp/\libucosii_bsp.a(alt_irq_entry.o)
 *(.exceptions.irqreturn.user)
 *(.exceptions.irqreturn)
 .exceptions.irqreturn
                0x0000000008004088        0x4 ../control_bsp/\libucosii_bsp.a(alt_irq_entry.o)
 *(.exceptions.notirq.label)
 .exceptions.notirq.label
                0x000000000800408c        0x0 ../control_bsp/\libucosii_bsp.a(alt_irq_entry.o)
 *(.exceptions.notirq.user)
 *(.exceptions.notirq)
 .exceptions.notirq
                0x000000000800408c        0x8 ../control_bsp/\libucosii_bsp.a(alt_exception_entry.o)
 *(.exceptions.soft.user)
 *(.exceptions.soft)
 *(.exceptions.unknown.user)
 *(.exceptions.unknown)
 .exceptions.unknown
                0x0000000008004094       0x14 ../control_bsp/\libucosii_bsp.a(alt_exception_entry.o)
 *(.exceptions.exit.label)
 .exceptions.exit.label
                0x00000000080040a8        0x0 ../control_bsp/\libucosii_bsp.a(alt_irq_entry.o)
 .exceptions.exit.label
                0x00000000080040a8        0x0 ../control_bsp/\libucosii_bsp.a(alt_exception_entry.o)
 *(.exceptions.exit.user)
 *(.exceptions.exit)
 .exceptions.exit
                0x00000000080040a8       0x54 ../control_bsp/\libucosii_bsp.a(alt_exception_entry.o)
 *(.exceptions)
 .exceptions    0x00000000080040fc       0xd4 ../control_bsp/\libucosii_bsp.a(alt_irq_handler.o)
                0x00000000080040fc                alt_irq_handler
 .exceptions    0x00000000080041d0       0x74 ../control_bsp/\libucosii_bsp.a(alt_instruction_exception_entry.o)
                0x00000000080041d0                alt_instruction_exception_entry
                0x0000000008004244                PROVIDE (__ram_exceptions_end, ABSOLUTE (.))
                0x0000000004100000                PROVIDE (__flash_exceptions_start, LOADADDR (.exceptions))

.text           0x0000000004100224    0x19940
                [!provide]                        PROVIDE (stext, ABSOLUTE (.))
 *(.interp)
 *(.hash)
 *(.dynsym)
 *(.dynstr)
 *(.gnu.version)
 *(.gnu.version_d)
 *(.gnu.version_r)
 *(.rel.init)
 *(.rela.init)
 *(.rel.text .rel.text.* .rel.gnu.linkonce.t.*)
 *(.rela.text .rela.text.* .rela.gnu.linkonce.t.*)
 *(.rel.fini)
 *(.rela.fini)
 *(.rel.rodata .rel.rodata.* .rel.gnu.linkonce.r.*)
 *(.rela.rodata .rela.rodata.* .rela.gnu.linkonce.r.*)
 *(.rel.data .rel.data.* .rel.gnu.linkonce.d.*)
 *(.rela.data .rela.data.* .rela.gnu.linkonce.d.*)
 *(.rel.tdata .rel.tdata.* .rel.gnu.linkonce.td.*)
 *(.rela.tdata .rela.tdata.* .rela.gnu.linkonce.td.*)
 *(.rel.tbss .rel.tbss.* .rel.gnu.linkonce.tb.*)
 *(.rela.tbss .rela.tbss.* .rela.gnu.linkonce.tb.*)
 *(.rel.ctors)
 *(.rela.ctors)
 *(.rel.dtors)
 *(.rela.dtors)
 *(.rel.got)
 *(.rela.got)
 *(.rel.sdata .rel.sdata.* .rel.gnu.linkonce.s.*)
 *(.rela.sdata .rela.sdata.* .rela.gnu.linkonce.s.*)
 *(.rel.sbss .rel.sbss.* .rel.gnu.linkonce.sb.*)
 *(.rela.sbss .rela.sbss.* .rela.gnu.linkonce.sb.*)
 *(.rel.sdata2 .rel.sdata2.* .rel.gnu.linkonce.s2.*)
 *(.rela.sdata2 .rela.sdata2.* .rela.gnu.linkonce.s2.*)
 *(.rel.sbss2 .rel.sbss2.* .rel.gnu.linkonce.sb2.*)
 *(.rela.sbss2 .rela.sbss2.* .rela.gnu.linkonce.sb2.*)
 *(.rel.bss .rel.bss.* .rel.gnu.linkonce.b.*)
 *(.rela.bss .rela.bss.* .rela.gnu.linkonce.b.*)
 *(.rel.plt)
 *(.rela.plt)
 *(.rel.dyn)
 *(.init)
 *(.plt)
 *(.text .stub .text.* .gnu.linkonce.t.*)
 .text          0x0000000004100224       0x4c ../control_bsp//obj/HAL/src/crt0.o
                0x0000000004100224                _start
 .text          0x0000000004100270      0xd14 obj/default/debug_control.o
                0x00000000041004c8                debug_control_all_outputs_off
                0x00000000041005cc                debug_control_init
                0x0000000004100724                debug_control_copy_message
                0x0000000004100c40                debug_control_update
                0x0000000004100ec0                debug_control_service_speaker
 .text          0x0000000004100f84      0x1d8 obj/default/main.o
                0x0000000004100f84                Initial_Task
                0x00000000041010bc                main
 .text          0x000000000410115c      0x9e0 obj/default/soundeffects.o
                0x000000000410115c                sound_init
                0x000000000410151c                sfx_laser_shoot
                0x0000000004101578                sfx_explosion
                0x0000000004101630                sfx_portal
                0x000000000410168c                sfx_menu_blip
                0x00000000041016c4                sfx_error_buzz
                0x0000000004101718                sfx_eat_apple
                0x000000000410175c                sfx_end_screen
                0x00000000041017d0                sfx_change
                0x0000000004101808                sfx_click
                0x0000000004101840                sfx_snake_turn
                0x0000000004101878                sfx_clear
                0x00000000041018cc                sfx_enter_snake
                0x0000000004101998                sfx_enter_draw
                0x0000000004101a78                sfx_enter_battle
 .text          0x0000000004101b3c       0xdc obj/default/speaker.o
                0x0000000004101b3c                play_speaker
 .text          0x0000000004101c18     0x2194 obj/default/switches_key.o
                0x000000000410222c                control_get_switch_state
                0x0000000004102250                control_get_key_state
                0x0000000004102274                control_shared_flags_init
                0x0000000004102608                input_task
                0x00000000041026bc                switch_setup
                0x0000000004102790                key_setup
                0x0000000004102870                img_rx_setup
                0x000000000410293c                vga_rx_setup
                0x00000000041033b4                HEX_task
                0x0000000004103674                leds_update_task
                0x0000000004103a34                sfx_task
                0x0000000004103c08                handle_switch4
                0x0000000004103c48                translator
 .text          0x0000000004103dac      0x3ec obj/default/traffc_led.o
                0x0000000004103dac                red_light
                0x0000000004103e14                yellow_light
                0x0000000004103e7c                green_light
                0x0000000004103ee4                game_over
                0x0000000004103fa8                eat_apple
                0x0000000004103ffc                explosion
                0x0000000004104080                portal
                0x000000000410410c                miss
 .text          0x0000000004104198       0x60 c:/intelfpga_lite/18.1/nios2eds/bin/gnu/h-x86_64-mingw32/bin/../lib/gcc/nios2-elf/5.3.0\libgcc.a(_muldi3.o)
                0x0000000004104198                __muldi3
 .text          0x00000000041041f8      0x578 c:/intelfpga_lite/18.1/nios2eds/bin/gnu/h-x86_64-mingw32/bin/../lib/gcc/nios2-elf/5.3.0\libgcc.a(_udivdi3.o)
                0x00000000041041f8                __udivdi3
 .text          0x0000000004104770      0x1b4 c:/intelfpga_lite/18.1/nios2eds/bin/gnu/h-x86_64-mingw32/bin/../lib/gcc/nios2-elf/5.3.0\libgcc.a(lib2-divmod.o)
                0x0000000004104770                __divsi3
                0x00000000041047f4                __modsi3
                0x0000000004104868                __udivsi3
                0x00000000041048cc                __umodsi3
 .text          0x0000000004104924        0x0 c:/intelfpga_lite/18.1/nios2eds/bin/gnu/h-x86_64-mingw32/bin/../lib/gcc/nios2-elf/5.3.0\libgcc.a(_clz.o)
 .text          0x0000000004104924        0x0 c:/intelfpga_lite/18.1/nios2eds/bin/gnu/h-x86_64-mingw32/bin/../lib/gcc/nios2-elf/5.3.0/../../../../../H-x86_64-mingw32/nios2-elf/lib\libc.a(lib_a-memcpy.o)
 .text.memcpy   0x0000000004104924      0x148 c:/intelfpga_lite/18.1/nios2eds/bin/gnu/h-x86_64-mingw32/bin/../lib/gcc/nios2-elf/5.3.0/../../../../../H-x86_64-mingw32/nios2-elf/lib\libc.a(lib_a-memcpy.o)
                0x0000000004104924                memcpy
 .text          0x0000000004104a6c        0x0 c:/intelfpga_lite/18.1/nios2eds/bin/gnu/h-x86_64-mingw32/bin/../lib/gcc/nios2-elf/5.3.0/../../../../../H-x86_64-mingw32/nios2-elf/lib\libc.a(lib_a-memmove.o)
 .text.memmove  0x0000000004104a6c      0x15c c:/intelfpga_lite/18.1/nios2eds/bin/gnu/h-x86_64-mingw32/bin/../lib/gcc/nios2-elf/5.3.0/../../../../../H-x86_64-mingw32/nios2-elf/lib\libc.a(lib_a-memmove.o)
                0x0000000004104a6c                memmove
 .text          0x0000000004104bc8        0x0 c:/intelfpga_lite/18.1/nios2eds/bin/gnu/h-x86_64-mingw32/bin/../lib/gcc/nios2-elf/5.3.0/../../../../../H-x86_64-mingw32/nios2-elf/lib\libc.a(lib_a-rand.o)
 .text.srand    0x0000000004104bc8       0x18 c:/intelfpga_lite/18.1/nios2eds/bin/gnu/h-x86_64-mingw32/bin/../lib/gcc/nios2-elf/5.3.0/../../../../../H-x86_64-mingw32/nios2-elf/lib\libc.a(lib_a-rand.o)
                0x0000000004104bc8                srand
 .text.rand     0x0000000004104be0       0x64 c:/intelfpga_lite/18.1/nios2eds/bin/gnu/h-x86_64-mingw32/bin/../lib/gcc/nios2-elf/5.3.0/../../../../../H-x86_64-mingw32/nios2-elf/lib\libc.a(lib_a-rand.o)
                0x0000000004104be0                rand
 .text          0x0000000004104c44        0x0 c:/intelfpga_lite/18.1/nios2eds/bin/gnu/h-x86_64-mingw32/bin/../lib/gcc/nios2-elf/5.3.0/../../../../../H-x86_64-mingw32/nios2-elf/lib\libc.a(lib_a-snprintf.o)
 .text._snprintf_r
                0x0000000004104c44       0xd8 c:/intelfpga_lite/18.1/nios2eds/bin/gnu/h-x86_64-mingw32/bin/../lib/gcc/nios2-elf/5.3.0/../../../../../H-x86_64-mingw32/nios2-elf/lib\libc.a(lib_a-snprintf.o)
                0x0000000004104c44                _snprintf_r
 .text.snprintf
                0x0000000004104d1c       0xe4 c:/intelfpga_lite/18.1/nios2eds/bin/gnu/h-x86_64-mingw32/bin/../lib/gcc/nios2-elf/5.3.0/../../../../../H-x86_64-mingw32/nios2-elf/lib\libc.a(lib_a-snprintf.o)
                0x0000000004104d1c                snprintf
 .text          0x0000000004104e00        0x0 c:/intelfpga_lite/18.1/nios2eds/bin/gnu/h-x86_64-mingw32/bin/../lib/gcc/nios2-elf/5.3.0/../../../../../H-x86_64-mingw32/nios2-elf/lib\libc.a(lib_a-strcmp.o)
 .text.strcmp   0x0000000004104e00       0xdc c:/intelfpga_lite/18.1/nios2eds/bin/gnu/h-x86_64-mingw32/bin/../lib/gcc/nios2-elf/5.3.0/../../../../../H-x86_64-mingw32/nios2-elf/lib\libc.a(lib_a-strcmp.o)
                0x0000000004104e00                strcmp
 .text          0x0000000004104edc        0x0 c:/intelfpga_lite/18.1/nios2eds/bin/gnu/h-x86_64-mingw32/bin/../lib/gcc/nios2-elf/5.3.0/../../../../../H-x86_64-mingw32/nios2-elf/lib\libc.a(lib_a-strlen.o)
 .text.strlen   0x0000000004104edc       0x98 c:/intelfpga_lite/18.1/nios2eds/bin/gnu/h-x86_64-mingw32/bin/../lib/gcc/nios2-elf/5.3.0/../../../../../H-x86_64-mingw32/nios2-elf/lib\libc.a(lib_a-strlen.o)
                0x0000000004104edc                strlen
 .text          0x0000000004104f74        0x0 c:/intelfpga_lite/18.1/nios2eds/bin/gnu/h-x86_64-mingw32/bin/../lib/gcc/nios2-elf/5.3.0/../../../../../H-x86_64-mingw32/nios2-elf/lib\libc.a(lib_a-strncat.o)
 .text.strncat  0x0000000004104f74       0xb8 c:/intelfpga_lite/18.1/nios2eds/bin/gnu/h-x86_64-mingw32/bin/../lib/gcc/nios2-elf/5.3.0/../../../../../H-x86_64-mingw32/nios2-elf/lib\libc.a(lib_a-strncat.o)
                0x0000000004104f74                strncat
 .text          0x000000000410502c        0x0 c:/intelfpga_lite/18.1/nios2eds/bin/gnu/h-x86_64-mingw32/bin/../lib/gcc/nios2-elf/5.3.0/../../../../../H-x86_64-mingw32/nios2-elf/lib\libc.a(lib_a-strncpy.o)
 .text.strncpy  0x000000000410502c       0xec c:/intelfpga_lite/18.1/nios2eds/bin/gnu/h-x86_64-mingw32/bin/../lib/gcc/nios2-elf/5.3.0/../../../../../H-x86_64-mingw32/nios2-elf/lib\libc.a(lib_a-strncpy.o)
                0x000000000410502c                strncpy
 .text          0x0000000004105118        0x0 c:/intelfpga_lite/18.1/nios2eds/bin/gnu/h-x86_64-mingw32/bin/../lib/gcc/nios2-elf/5.3.0/../../../../../H-x86_64-mingw32/nios2-elf/lib\libc.a(lib_a-svfprintf.o)
 .text.___svfprintf_internal_r
                0x0000000004105118     0x21d8 c:/intelfpga_lite/18.1/nios2eds/bin/gnu/h-x86_64-mingw32/bin/../lib/gcc/nios2-elf/5.3.0/../../../../../H-x86_64-mingw32/nios2-elf/lib\libc.a(lib_a-svfprintf.o)
                0x0000000004105118                ___svfprintf_internal_r
 .text          0x00000000041072f0        0x0 c:/intelfpga_lite/18.1/nios2eds/bin/gnu/h-x86_64-mingw32/bin/../lib/gcc/nios2-elf/5.3.0/../../../../../H-x86_64-mingw32/nios2-elf/lib\libc.a(lib_a-dtoa.o)
 .text.quorem   0x00000000041072f0      0x200 c:/intelfpga_lite/18.1/nios2eds/bin/gnu/h-x86_64-mingw32/bin/../lib/gcc/nios2-elf/5.3.0/../../../../../H-x86_64-mingw32/nios2-elf/lib\libc.a(lib_a-dtoa.o)
 .text._dtoa_r  0x00000000041074f0     0x1688 c:/intelfpga_lite/18.1/nios2eds/bin/gnu/h-x86_64-mingw32/bin/../lib/gcc/nios2-elf/5.3.0/../../../../../H-x86_64-mingw32/nios2-elf/lib\libc.a(lib_a-dtoa.o)
                0x00000000041074f0                _dtoa_r
 .text          0x0000000004108b78        0x0 c:/intelfpga_lite/18.1/nios2eds/bin/gnu/h-x86_64-mingw32/bin/../lib/gcc/nios2-elf/5.3.0/../../../../../H-x86_64-mingw32/nios2-elf/lib\libc.a(lib_a-impure.o)
 .text          0x0000000004108b78        0x0 c:/intelfpga_lite/18.1/nios2eds/bin/gnu/h-x86_64-mingw32/bin/../lib/gcc/nios2-elf/5.3.0/../../../../../H-x86_64-mingw32/nios2-elf/lib\libc.a(lib_a-locale.o)
 .text._setlocale_r
                0x0000000004108b78       0x7c c:/intelfpga_lite/18.1/nios2eds/bin/gnu/h-x86_64-mingw32/bin/../lib/gcc/nios2-elf/5.3.0/../../../../../H-x86_64-mingw32/nios2-elf/lib\libc.a(lib_a-locale.o)
                0x0000000004108b78                _setlocale_r
 .text.__locale_charset
                0x0000000004108bf4        0xc c:/intelfpga_lite/18.1/nios2eds/bin/gnu/h-x86_64-mingw32/bin/../lib/gcc/nios2-elf/5.3.0/../../../../../H-x86_64-mingw32/nios2-elf/lib\libc.a(lib_a-locale.o)
                0x0000000004108bf4                __locale_charset
 .text.__locale_mb_cur_max
                0x0000000004108c00       0x10 c:/intelfpga_lite/18.1/nios2eds/bin/gnu/h-x86_64-mingw32/bin/../lib/gcc/nios2-elf/5.3.0/../../../../../H-x86_64-mingw32/nios2-elf/lib\libc.a(lib_a-locale.o)
                0x0000000004108c00                __locale_mb_cur_max
 .text.__locale_msgcharset
                0x0000000004108c10        0xc c:/intelfpga_lite/18.1/nios2eds/bin/gnu/h-x86_64-mingw32/bin/../lib/gcc/nios2-elf/5.3.0/../../../../../H-x86_64-mingw32/nios2-elf/lib\libc.a(lib_a-locale.o)
                0x0000000004108c10                __locale_msgcharset
 .text.__locale_cjk_lang
                0x0000000004108c1c        0x8 c:/intelfpga_lite/18.1/nios2eds/bin/gnu/h-x86_64-mingw32/bin/../lib/gcc/nios2-elf/5.3.0/../../../../../H-x86_64-mingw32/nios2-elf/lib\libc.a(lib_a-locale.o)
                0x0000000004108c1c                __locale_cjk_lang
 .text._localeconv_r
                0x0000000004108c24        0xc c:/intelfpga_lite/18.1/nios2eds/bin/gnu/h-x86_64-mingw32/bin/../lib/gcc/nios2-elf/5.3.0/../../../../../H-x86_64-mingw32/nios2-elf/lib\libc.a(lib_a-locale.o)
                0x0000000004108c24                _localeconv_r
 .text.setlocale
                0x0000000004108c30       0x18 c:/intelfpga_lite/18.1/nios2eds/bin/gnu/h-x86_64-mingw32/bin/../lib/gcc/nios2-elf/5.3.0/../../../../../H-x86_64-mingw32/nios2-elf/lib\libc.a(lib_a-locale.o)
                0x0000000004108c30                setlocale
 .text.localeconv
                0x0000000004108c48        0xc c:/intelfpga_lite/18.1/nios2eds/bin/gnu/h-x86_64-mingw32/bin/../lib/gcc/nios2-elf/5.3.0/../../../../../H-x86_64-mingw32/nios2-elf/lib\libc.a(lib_a-locale.o)
                0x0000000004108c48                localeconv
 .text          0x0000000004108c54        0x0 c:/intelfpga_lite/18.1/nios2eds/bin/gnu/h-x86_64-mingw32/bin/../lib/gcc/nios2-elf/5.3.0/../../../../../H-x86_64-mingw32/nios2-elf/lib\libc.a(lib_a-mallocr.o)
 .text._malloc_r
                0x0000000004108c54      0x80c c:/intelfpga_lite/18.1/nios2eds/bin/gnu/h-x86_64-mingw32/bin/../lib/gcc/nios2-elf/5.3.0/../../../../../H-x86_64-mingw32/nios2-elf/lib\libc.a(lib_a-mallocr.o)
                0x0000000004108c54                _malloc_r
 .text          0x0000000004109460        0x0 c:/intelfpga_lite/18.1/nios2eds/bin/gnu/h-x86_64-mingw32/bin/../lib/gcc/nios2-elf/5.3.0/../../../../../H-x86_64-mingw32/nios2-elf/lib\libc.a(lib_a-memchr.o)
 .text.memchr   0x0000000004109460       0xe4 c:/intelfpga_lite/18.1/nios2eds/bin/gnu/h-x86_64-mingw32/bin/../lib/gcc/nios2-elf/5.3.0/../../../../../H-x86_64-mingw32/nios2-elf/lib\libc.a(lib_a-memchr.o)
                0x0000000004109460                memchr
 .text          0x0000000004109544        0x0 c:/intelfpga_lite/18.1/nios2eds/bin/gnu/h-x86_64-mingw32/bin/../lib/gcc/nios2-elf/5.3.0/../../../../../H-x86_64-mingw32/nios2-elf/lib\libc.a(lib_a-mprec.o)
 .text._Balloc  0x0000000004109544       0xa8 c:/intelfpga_lite/18.1/nios2eds/bin/gnu/h-x86_64-mingw32/bin/../lib/gcc/nios2-elf/5.3.0/../../../../../H-x86_64-mingw32/nios2-elf/lib\libc.a(lib_a-mprec.o)
                0x0000000004109544                _Balloc
 .text._Bfree   0x00000000041095ec       0x28 c:/intelfpga_lite/18.1/nios2eds/bin/gnu/h-x86_64-mingw32/bin/../lib/gcc/nios2-elf/5.3.0/../../../../../H-x86_64-mingw32/nios2-elf/lib\libc.a(lib_a-mprec.o)
                0x00000000041095ec                _Bfree
 .text.__multadd
                0x0000000004109614      0x120 c:/intelfpga_lite/18.1/nios2eds/bin/gnu/h-x86_64-mingw32/bin/../lib/gcc/nios2-elf/5.3.0/../../../../../H-x86_64-mingw32/nios2-elf/lib\libc.a(lib_a-mprec.o)
                0x0000000004109614                __multadd
 .text.__s2b    0x0000000004109734      0x104 c:/intelfpga_lite/18.1/nios2eds/bin/gnu/h-x86_64-mingw32/bin/../lib/gcc/nios2-elf/5.3.0/../../../../../H-x86_64-mingw32/nios2-elf/lib\libc.a(lib_a-mprec.o)
                0x0000000004109734                __s2b
 .text.__hi0bits
                0x0000000004109838       0x68 c:/intelfpga_lite/18.1/nios2eds/bin/gnu/h-x86_64-mingw32/bin/../lib/gcc/nios2-elf/5.3.0/../../../../../H-x86_64-mingw32/nios2-elf/lib\libc.a(lib_a-mprec.o)
                0x0000000004109838                __hi0bits
 .text.__lo0bits
                0x00000000041098a0       0xb0 c:/intelfpga_lite/18.1/nios2eds/bin/gnu/h-x86_64-mingw32/bin/../lib/gcc/nios2-elf/5.3.0/../../../../../H-x86_64-mingw32/nios2-elf/lib\libc.a(lib_a-mprec.o)
                0x00000000041098a0                __lo0bits
 .text.__i2b    0x0000000004109950       0x3c c:/intelfpga_lite/18.1/nios2eds/bin/gnu/h-x86_64-mingw32/bin/../lib/gcc/nios2-elf/5.3.0/../../../../../H-x86_64-mingw32/nios2-elf/lib\libc.a(lib_a-mprec.o)
                0x0000000004109950                __i2b
 .text.__multiply
                0x000000000410998c      0x1f8 c:/intelfpga_lite/18.1/nios2eds/bin/gnu/h-x86_64-mingw32/bin/../lib/gcc/nios2-elf/5.3.0/../../../../../H-x86_64-mingw32/nios2-elf/lib\libc.a(lib_a-mprec.o)
                0x000000000410998c                __multiply
 .text.__pow5mult
                0x0000000004109b84      0x140 c:/intelfpga_lite/18.1/nios2eds/bin/gnu/h-x86_64-mingw32/bin/../lib/gcc/nios2-elf/5.3.0/../../../../../H-x86_64-mingw32/nios2-elf/lib\libc.a(lib_a-mprec.o)
                0x0000000004109b84                __pow5mult
 .text.__lshift
                0x0000000004109cc4      0x148 c:/intelfpga_lite/18.1/nios2eds/bin/gnu/h-x86_64-mingw32/bin/../lib/gcc/nios2-elf/5.3.0/../../../../../H-x86_64-mingw32/nios2-elf/lib\libc.a(lib_a-mprec.o)
                0x0000000004109cc4                __lshift
 .text.__mcmp   0x0000000004109e0c       0x60 c:/intelfpga_lite/18.1/nios2eds/bin/gnu/h-x86_64-mingw32/bin/../lib/gcc/nios2-elf/5.3.0/../../../../../H-x86_64-mingw32/nios2-elf/lib\libc.a(lib_a-mprec.o)
                0x0000000004109e0c                __mcmp
 .text.__mdiff  0x0000000004109e6c      0x1fc c:/intelfpga_lite/18.1/nios2eds/bin/gnu/h-x86_64-mingw32/bin/../lib/gcc/nios2-elf/5.3.0/../../../../../H-x86_64-mingw32/nios2-elf/lib\libc.a(lib_a-mprec.o)
                0x0000000004109e6c                __mdiff
 .text.__ulp    0x000000000410a068       0x64 c:/intelfpga_lite/18.1/nios2eds/bin/gnu/h-x86_64-mingw32/bin/../lib/gcc/nios2-elf/5.3.0/../../../../../H-x86_64-mingw32/nios2-elf/lib\libc.a(lib_a-mprec.o)
                0x000000000410a068                __ulp
 .text.__b2d    0x000000000410a0cc      0x10c c:/intelfpga_lite/18.1/nios2eds/bin/gnu/h-x86_64-mingw32/bin/../lib/gcc/nios2-elf/5.3.0/../../../../../H-x86_64-mingw32/nios2-elf/lib\libc.a(lib_a-mprec.o)
                0x000000000410a0cc                __b2d
 .text.__d2b    0x000000000410a1d8      0x14c c:/intelfpga_lite/18.1/nios2eds/bin/gnu/h-x86_64-mingw32/bin/../lib/gcc/nios2-elf/5.3.0/../../../../../H-x86_64-mingw32/nios2-elf/lib\libc.a(lib_a-mprec.o)
                0x000000000410a1d8                __d2b
 .text.__ratio  0x000000000410a324       0xa4 c:/intelfpga_lite/18.1/nios2eds/bin/gnu/h-x86_64-mingw32/bin/../lib/gcc/nios2-elf/5.3.0/../../../../../H-x86_64-mingw32/nios2-elf/lib\libc.a(lib_a-mprec.o)
                0x000000000410a324                __ratio
 .text._mprec_log10
                0x000000000410a3c8       0x74 c:/intelfpga_lite/18.1/nios2eds/bin/gnu/h-x86_64-mingw32/bin/../lib/gcc/nios2-elf/5.3.0/../../../../../H-x86_64-mingw32/nios2-elf/lib\libc.a(lib_a-mprec.o)
                0x000000000410a3c8                _mprec_log10
 .text.__copybits
                0x000000000410a43c       0x78 c:/intelfpga_lite/18.1/nios2eds/bin/gnu/h-x86_64-mingw32/bin/../lib/gcc/nios2-elf/5.3.0/../../../../../H-x86_64-mingw32/nios2-elf/lib\libc.a(lib_a-mprec.o)
                0x000000000410a43c                __copybits
 .text.__any_on
                0x000000000410a4b4       0x8c c:/intelfpga_lite/18.1/nios2eds/bin/gnu/h-x86_64-mingw32/bin/../lib/gcc/nios2-elf/5.3.0/../../../../../H-x86_64-mingw32/nios2-elf/lib\libc.a(lib_a-mprec.o)
                0x000000000410a4b4                __any_on
 .text          0x000000000410a540        0x0 c:/intelfpga_lite/18.1/nios2eds/bin/gnu/h-x86_64-mingw32/bin/../lib/gcc/nios2-elf/5.3.0/../../../../../H-x86_64-mingw32/nios2-elf/lib\libc.a(lib_a-s_fpclassify.o)
 .text.__fpclassifyd
                0x000000000410a540       0x74 c:/intelfpga_lite/18.1/nios2eds/bin/gnu/h-x86_64-mingw32/bin/../lib/gcc/nios2-elf/5.3.0/../../../../../H-x86_64-mingw32/nios2-elf/lib\libc.a(lib_a-s_fpclassify.o)
                0x000000000410a540                __fpclassifyd
 .text          0x000000000410a5b4        0x0 c:/intelfpga_lite/18.1/nios2eds/bin/gnu/h-x86_64-mingw32/bin/../lib/gcc/nios2-elf/5.3.0/../../../../../H-x86_64-mingw32/nios2-elf/lib\libc.a(lib_a-sbrkr.o)
 .text._sbrk_r  0x000000000410a5b4       0x54 c:/intelfpga_lite/18.1/nios2eds/bin/gnu/h-x86_64-mingw32/bin/../lib/gcc/nios2-elf/5.3.0/../../../../../H-x86_64-mingw32/nios2-elf/lib\libc.a(lib_a-sbrkr.o)
                0x000000000410a5b4                _sbrk_r
 .text          0x000000000410a608        0x0 c:/intelfpga_lite/18.1/nios2eds/bin/gnu/h-x86_64-mingw32/bin/../lib/gcc/nios2-elf/5.3.0/../../../../../H-x86_64-mingw32/nios2-elf/lib\libc.a(lib_a-svfiprintf.o)
 .text.__ssprint_r
                0x000000000410a608      0x1d0 c:/intelfpga_lite/18.1/nios2eds/bin/gnu/h-x86_64-mingw32/bin/../lib/gcc/nios2-elf/5.3.0/../../../../../H-x86_64-mingw32/nios2-elf/lib\libc.a(lib_a-svfiprintf.o)
                0x000000000410a608                __ssprint_r
 .text.___svfiprintf_internal_r
                0x000000000410a7d8     0x123c c:/intelfpga_lite/18.1/nios2eds/bin/gnu/h-x86_64-mingw32/bin/../lib/gcc/nios2-elf/5.3.0/../../../../../H-x86_64-mingw32/nios2-elf/lib\libc.a(lib_a-svfiprintf.o)
                0x000000000410a7d8                ___svfiprintf_internal_r
 .text          0x000000000410ba14        0x0 c:/intelfpga_lite/18.1/nios2eds/bin/gnu/h-x86_64-mingw32/bin/../lib/gcc/nios2-elf/5.3.0/../../../../../H-x86_64-mingw32/nios2-elf/lib\libc.a(lib_a-callocr.o)
 .text._calloc_r
                0x000000000410ba14       0xc4 c:/intelfpga_lite/18.1/nios2eds/bin/gnu/h-x86_64-mingw32/bin/../lib/gcc/nios2-elf/5.3.0/../../../../../H-x86_64-mingw32/nios2-elf/lib\libc.a(lib_a-callocr.o)
                0x000000000410ba14                _calloc_r
 .text          0x000000000410bad8        0x0 c:/intelfpga_lite/18.1/nios2eds/bin/gnu/h-x86_64-mingw32/bin/../lib/gcc/nios2-elf/5.3.0/../../../../../H-x86_64-mingw32/nios2-elf/lib\libc.a(lib_a-freer.o)
 .text._malloc_trim_r
                0x000000000410bad8      0x124 c:/intelfpga_lite/18.1/nios2eds/bin/gnu/h-x86_64-mingw32/bin/../lib/gcc/nios2-elf/5.3.0/../../../../../H-x86_64-mingw32/nios2-elf/lib\libc.a(lib_a-freer.o)
                0x000000000410bad8                _malloc_trim_r
 .text._free_r  0x000000000410bbfc      0x310 c:/intelfpga_lite/18.1/nios2eds/bin/gnu/h-x86_64-mingw32/bin/../lib/gcc/nios2-elf/5.3.0/../../../../../H-x86_64-mingw32/nios2-elf/lib\libc.a(lib_a-freer.o)
                0x000000000410bbfc                _free_r
 .text          0x000000000410bf0c        0x0 c:/intelfpga_lite/18.1/nios2eds/bin/gnu/h-x86_64-mingw32/bin/../lib/gcc/nios2-elf/5.3.0/../../../../../H-x86_64-mingw32/nios2-elf/lib\libc.a(lib_a-int_errno.o)
 .text          0x000000000410bf0c        0x0 c:/intelfpga_lite/18.1/nios2eds/bin/gnu/h-x86_64-mingw32/bin/../lib/gcc/nios2-elf/5.3.0/../../../../../H-x86_64-mingw32/nios2-elf/lib\libc.a(lib_a-memset.o)
 .text.memset   0x000000000410bf0c      0x128 c:/intelfpga_lite/18.1/nios2eds/bin/gnu/h-x86_64-mingw32/bin/../lib/gcc/nios2-elf/5.3.0/../../../../../H-x86_64-mingw32/nios2-elf/lib\libc.a(lib_a-memset.o)
                0x000000000410bf0c                memset
 .text          0x000000000410c034        0x0 c:/intelfpga_lite/18.1/nios2eds/bin/gnu/h-x86_64-mingw32/bin/../lib/gcc/nios2-elf/5.3.0/../../../../../H-x86_64-mingw32/nios2-elf/lib\libc.a(lib_a-reallocr.o)
 .text._realloc_r
                0x000000000410c034      0x564 c:/intelfpga_lite/18.1/nios2eds/bin/gnu/h-x86_64-mingw32/bin/../lib/gcc/nios2-elf/5.3.0/../../../../../H-x86_64-mingw32/nios2-elf/lib\libc.a(lib_a-reallocr.o)
                0x000000000410c034                _realloc_r
 .text          0x000000000410c598      0x538 c:/intelfpga_lite/18.1/nios2eds/bin/gnu/h-x86_64-mingw32/bin/../lib/gcc/nios2-elf/5.3.0\libgcc.a(_umoddi3.o)
                0x000000000410c598                __umoddi3
 .text          0x000000000410cad0      0x8ac c:/intelfpga_lite/18.1/nios2eds/bin/gnu/h-x86_64-mingw32/bin/../lib/gcc/nios2-elf/5.3.0\libgcc.a(adddf3.o)
                0x000000000410cad0                __adddf3
 .text          0x000000000410d37c      0x8e8 c:/intelfpga_lite/18.1/nios2eds/bin/gnu/h-x86_64-mingw32/bin/../lib/gcc/nios2-elf/5.3.0\libgcc.a(divdf3.o)
                0x000000000410d37c                __divdf3
 .text          0x000000000410dc64       0x88 c:/intelfpga_lite/18.1/nios2eds/bin/gnu/h-x86_64-mingw32/bin/../lib/gcc/nios2-elf/5.3.0\libgcc.a(eqdf2.o)
                0x000000000410dc64                __nedf2
                0x000000000410dc64                __eqdf2
 .text          0x000000000410dcec       0xdc c:/intelfpga_lite/18.1/nios2eds/bin/gnu/h-x86_64-mingw32/bin/../lib/gcc/nios2-elf/5.3.0\libgcc.a(gedf2.o)
                0x000000000410dcec                __gedf2
                0x000000000410dcec                __gtdf2
 .text          0x000000000410ddc8       0xf4 c:/intelfpga_lite/18.1/nios2eds/bin/gnu/h-x86_64-mingw32/bin/../lib/gcc/nios2-elf/5.3.0\libgcc.a(ledf2.o)
                0x000000000410ddc8                __ledf2
                0x000000000410ddc8                __ltdf2
 .text          0x000000000410debc      0x718 c:/intelfpga_lite/18.1/nios2eds/bin/gnu/h-x86_64-mingw32/bin/../lib/gcc/nios2-elf/5.3.0\libgcc.a(muldf3.o)
                0x000000000410debc                __muldf3
 .text          0x000000000410e5d4      0x8fc c:/intelfpga_lite/18.1/nios2eds/bin/gnu/h-x86_64-mingw32/bin/../lib/gcc/nios2-elf/5.3.0\libgcc.a(subdf3.o)
                0x000000000410e5d4                __subdf3
 .text          0x000000000410eed0       0x80 c:/intelfpga_lite/18.1/nios2eds/bin/gnu/h-x86_64-mingw32/bin/../lib/gcc/nios2-elf/5.3.0\libgcc.a(fixdfsi.o)
                0x000000000410eed0                __fixdfsi
 .text          0x000000000410ef50       0xdc c:/intelfpga_lite/18.1/nios2eds/bin/gnu/h-x86_64-mingw32/bin/../lib/gcc/nios2-elf/5.3.0\libgcc.a(floatsidf.o)
                0x000000000410ef50                __floatsidf
 .text          0x000000000410f02c       0xa8 c:/intelfpga_lite/18.1/nios2eds/bin/gnu/h-x86_64-mingw32/bin/../lib/gcc/nios2-elf/5.3.0\libgcc.a(floatunsidf.o)
                0x000000000410f02c                __floatunsidf
 .text          0x000000000410f0d4       0x64 c:/intelfpga_lite/18.1/nios2eds/bin/gnu/h-x86_64-mingw32/bin/../lib/gcc/nios2-elf/5.3.0\libgcc.a(_clzsi2.o)
                0x000000000410f0d4                __clzsi2
 .text          0x000000000410f138      0x1b0 ../control_bsp/\libucosii_bsp.a(alt_iic.o)
                0x000000000410f138                alt_ic_isr_register
                0x000000000410f188                alt_ic_irq_enable
                0x000000000410f210                alt_ic_irq_disable
                0x000000000410f29c                alt_ic_irq_enabled
 .text          0x000000000410f2e8       0xf0 ../control_bsp/\libucosii_bsp.a(alt_iic_isr_register.o)
                0x000000000410f2e8                alt_iic_isr_register
 .text          0x000000000410f3d8        0x0 ../control_bsp/\libucosii_bsp.a(alt_irq_entry.o)
 .text          0x000000000410f3d8        0x0 ../control_bsp/\libucosii_bsp.a(alt_irq_handler.o)
 .text          0x000000000410f3d8        0x0 ../control_bsp/\libucosii_bsp.a(alt_irq_vars.o)
 .text          0x000000000410f3d8       0xec ../control_bsp/\libucosii_bsp.a(alt_load.o)
                0x000000000410f440                alt_load
 .text          0x000000000410f4c4       0xbc ../control_bsp/\libucosii_bsp.a(alt_main.o)
                0x000000000410f4c4                alt_main
 .text          0x000000000410f580       0xb0 ../control_bsp/\libucosii_bsp.a(alt_sbrk.o)
                0x000000000410f580                sbrk
 .text          0x000000000410f630      0x114 ../control_bsp/\libucosii_bsp.a(alt_usleep.o)
                0x000000000410f630                usleep
 .text          0x000000000410f744      0x124 ../control_bsp/\libucosii_bsp.a(alt_env_lock.o)
                0x000000000410f744                __env_lock
                0x000000000410f808                __env_unlock
 .text          0x000000000410f868      0x1ec ../control_bsp/\libucosii_bsp.a(alt_malloc_lock.o)
                0x000000000410f868                __malloc_lock
                0x000000000410f988                __malloc_unlock
 .text          0x000000000410fa54     0x2014 ../control_bsp/\libucosii_bsp.a(os_core.o)
                0x000000000410fa54                OSEventNameGet
                0x000000000410fb74                OSEventNameSet
                0x000000000410fcb4                OSEventPendMulti
                0x00000000041102c4                OSInit
                0x000000000411031c                OSIntEnter
                0x0000000004110368                OSIntExit
                0x0000000004110460                OSSchedLock
                0x00000000041104ec                OSSchedUnlock
                0x00000000041105c8                OSStart
                0x0000000004110638                OSStatInit
                0x00000000041106e8                OSTimeTick
                0x0000000004110908                OSVersion
                0x0000000004110928                OS_Dummy
                0x0000000004110948                OS_EventTaskRdy
                0x0000000004110ae0                OS_EventTaskWait
                0x0000000004110bf0                OS_EventTaskWaitMulti
                0x0000000004110d40                OS_EventTaskRemove
                0x0000000004110df8                OS_EventTaskRemoveMulti
                0x0000000004110ef8                OS_EventWaitListInit
                0x00000000041112d8                OS_MemClr
                0x000000000411132c                OS_MemCopy
                0x0000000004111394                OS_Sched
                0x00000000041114d8                OS_StrCopy
                0x000000000411154c                OS_StrLen
                0x00000000041115a0                OS_TaskIdle
                0x00000000041115fc                OS_TaskStat
                0x00000000041116c8                OS_TaskStatStkChk
                0x0000000004111794                OS_TCBInit
 .text          0x0000000004111a68      0x190 ../control_bsp/\libucosii_bsp.a(os_dbg.o)
                0x0000000004111a68                OSDebugInit
 .text          0x0000000004111bf8     0x1714 ../control_bsp/\libucosii_bsp.a(os_flag.o)
                0x0000000004111bf8                OSFlagAccept
                0x0000000004111f00                OSFlagCreate
                0x0000000004112008                OSFlagDel
                0x0000000004112250                OSFlagNameGet
                0x0000000004112378                OSFlagNameSet
                0x00000000041124c4                OSFlagPend
                0x0000000004112a7c                OSFlagPendGetFlagsRdy
                0x0000000004112adc                OSFlagPost
                0x0000000004112e70                OSFlagQuery
                0x0000000004113094                OS_FlagInit
                0x0000000004113268                OS_FlagUnlink
 .text          0x000000000411330c      0x754 ../control_bsp/\libucosii_bsp.a(os_mem.o)
                0x000000000411330c                OSMemCreate
                0x00000000041134e0                OSMemGet
                0x00000000041135d0                OSMemNameGet
                0x00000000041136c0                OSMemNameSet
                0x00000000041137d4                OSMemPut
                0x00000000041138ac                OSMemQuery
                0x0000000004113994                OS_MemInit
 .text          0x0000000004113a60     0x1104 ../control_bsp/\libucosii_bsp.a(os_q.o)
                0x0000000004113a60                OSQAccept
                0x0000000004113ba0                OSQCreate
                0x0000000004113d4c                OSQDel
                0x0000000004113fcc                OSQFlush
                0x0000000004114084                OSQPend
                0x0000000004114310                OSQPendAbort
                0x000000000411447c                OSQPost
                0x00000000041145e4                OSQPostFront
                0x0000000004114754                OSQPostOpt
                0x0000000004114960                OSQQuery
                0x0000000004114abc                OS_QInit
 .text          0x0000000004114b64      0xa60 ../control_bsp/\libucosii_bsp.a(os_sem.o)
                0x0000000004114b64                OSSemAccept
                0x0000000004114c14                OSSemCreate
                0x0000000004114cec                OSSemDel
                0x0000000004114f2c                OSSemPend
                0x0000000004115138                OSSemPendAbort
                0x00000000041152a4                OSSemPost
                0x00000000041153b4                OSSemQuery
                0x00000000041154c4                OSSemSet
 .text          0x00000000041155c4     0x176c ../control_bsp/\libucosii_bsp.a(os_task.o)
                0x00000000041155c4                OSTaskChangePrio
                0x0000000004115ab4                OSTaskCreate
                0x0000000004115c60                OSTaskCreateExt
                0x0000000004115e44                OSTaskDel
                0x0000000004116188                OSTaskDelReq
                0x00000000041162d8                OSTaskNameGet
                0x0000000004116470                OSTaskNameSet
                0x0000000004116624                OSTaskResume
                0x00000000041167f8                OSTaskStkChk
                0x00000000041169b8                OSTaskSuspend
                0x0000000004116b9c                OSTaskQuery
                0x0000000004116cc0                OS_TaskStkClr
 .text          0x0000000004116d30      0x4e8 ../control_bsp/\libucosii_bsp.a(os_time.o)
                0x0000000004116d30                OSTimeDly
                0x0000000004116e34                OSTimeDlyHMSM
                0x0000000004116f88                OSTimeDlyResume
                0x000000000411715c                OSTimeGet
                0x00000000041171b8                OSTimeSet
 .text          0x0000000004117218      0x1bc ../control_bsp/\libucosii_bsp.a(alt_sys_init.o)
                0x0000000004117330                alt_irq_init
                0x0000000004117368                alt_sys_init
 .text          0x00000000041173d4      0x164 ../control_bsp/\libucosii_bsp.a(altera_avalon_jtag_uart_fd.o)
                0x00000000041173d4                altera_avalon_jtag_uart_read_fd
                0x0000000004117434                altera_avalon_jtag_uart_write_fd
                0x0000000004117494                altera_avalon_jtag_uart_close_fd
                0x00000000041174e4                altera_avalon_jtag_uart_ioctl_fd
 .text          0x0000000004117538      0x558 ../control_bsp/\libucosii_bsp.a(altera_avalon_jtag_uart_init.o)
                0x0000000004117538                altera_avalon_jtag_uart_init
                0x0000000004117a28                altera_avalon_jtag_uart_close
 .text          0x0000000004117a90       0xf0 ../control_bsp/\libucosii_bsp.a(altera_avalon_jtag_uart_ioctl.o)
                0x0000000004117a90                altera_avalon_jtag_uart_ioctl
 .text          0x0000000004117b80      0x2bc ../control_bsp/\libucosii_bsp.a(altera_avalon_jtag_uart_read.o)
                0x0000000004117b80                altera_avalon_jtag_uart_read
 .text          0x0000000004117e3c      0x2c4 ../control_bsp/\libucosii_bsp.a(altera_avalon_jtag_uart_write.o)
                0x0000000004117e3c                altera_avalon_jtag_uart_write
 .text          0x0000000004118100      0x34c ../control_bsp/\libucosii_bsp.a(altera_avalon_mutex.o)
                0x00000000041181b8                altera_avalon_mutex_open
                0x000000000411820c                altera_avalon_mutex_close
                0x0000000004118230                altera_avalon_mutex_lock
                0x000000000411829c                altera_avalon_mutex_trylock
                0x000000000411831c                altera_avalon_mutex_unlock
                0x0000000004118388                altera_avalon_mutex_is_mine
                0x00000000041183fc                altera_avalon_mutex_first_lock
 .text          0x000000000411844c       0xf4 ../control_bsp/\libucosii_bsp.a(altera_avalon_timer_sc.o)
                0x00000000041184c4                alt_avalon_timer_sc_init
 .text          0x0000000004118540      0x12c ../control_bsp/\libucosii_bsp.a(alt_alarm_start.o)
                0x0000000004118540                alt_alarm_start
 .text          0x000000000411866c      0x158 ../control_bsp/\libucosii_bsp.a(alt_busy_sleep.o)
                0x000000000411866c                alt_busy_sleep
 .text          0x00000000041187c4      0x10c ../control_bsp/\libucosii_bsp.a(alt_close.o)
                0x0000000004118800                close
 .text          0x00000000041188d0       0x48 ../control_bsp/\libucosii_bsp.a(alt_dcache_flush_all.o)
                0x00000000041188d0                alt_dcache_flush_all
 .text          0x0000000004118918       0x2c ../control_bsp/\libucosii_bsp.a(alt_dev.o)
 .text          0x0000000004118944       0xe0 ../control_bsp/\libucosii_bsp.a(alt_dev_llist_insert.o)
                0x0000000004118980                alt_dev_llist_insert
 .text          0x0000000004118a24       0x60 ../control_bsp/\libucosii_bsp.a(alt_do_ctors.o)
                0x0000000004118a24                _do_ctors
 .text          0x0000000004118a84       0x60 ../control_bsp/\libucosii_bsp.a(alt_do_dtors.o)
                0x0000000004118a84                _do_dtors
 .text          0x0000000004118ae4        0x0 ../control_bsp/\libucosii_bsp.a(alt_errno.o)
 .text          0x0000000004118ae4        0x0 ../control_bsp/\libucosii_bsp.a(alt_exception_entry.o)
 .text          0x0000000004118ae4       0x90 ../control_bsp/\libucosii_bsp.a(alt_find_dev.o)
                0x0000000004118ae4                alt_find_dev
 .text          0x0000000004118b74       0x34 ../control_bsp/\libucosii_bsp.a(alt_icache_flush_all.o)
                0x0000000004118b74                alt_icache_flush_all
 .text          0x0000000004118ba8       0x9c ../control_bsp/\libucosii_bsp.a(alt_instruction_exception_entry.o)
                0x0000000004118ba8                alt_exception_cause_generated_bad_addr
 .text          0x0000000004118c44      0x140 ../control_bsp/\libucosii_bsp.a(alt_io_redirect.o)
                0x0000000004118d08                alt_io_redirect
 .text          0x0000000004118d84      0x254 ../control_bsp/\libucosii_bsp.a(alt_open.o)
                0x0000000004118e84                open
 .text          0x0000000004118fd8       0x64 ../control_bsp/\libucosii_bsp.a(alt_release_fd.o)
                0x0000000004118fd8                alt_release_fd
 .text          0x000000000411903c      0x1a4 ../control_bsp/\libucosii_bsp.a(alt_tick.o)
                0x000000000411903c                alt_alarm_stop
                0x00000000041190d8                alt_tick
 .text          0x00000000041191e0       0x24 ../control_bsp/\libucosii_bsp.a(altera_nios2_gen2_irq.o)
                0x00000000041191e0                altera_nios2_gen2_irq_init
 .text          0x0000000004119204       0xd0 ../control_bsp/\libucosii_bsp.a(os_cpu_a.o)
                0x0000000004119204                OSCtxSw
                0x0000000004119204                OSIntCtxSw
                0x0000000004119290                OSStartHighRdy
                0x00000000041192b0                OSStartTsk
 .text          0x00000000041192d4      0x288 ../control_bsp/\libucosii_bsp.a(os_cpu_c.o)
                0x00000000041192d4                OSTaskStkInit
                0x0000000004119430                OSTaskCreateHook
                0x0000000004119454                OSTaskDelHook
                0x0000000004119478                OSTaskSwHook
                0x0000000004119498                OSTaskStatHook
                0x00000000041194b8                OSTimeTickHook
                0x00000000041194d8                OSInitHookBegin
                0x00000000041194f8                OSInitHookEnd
                0x0000000004119518                OSTaskIdleHook
                0x0000000004119538                OSTCBInitHook
 .text          0x000000000411955c      0x108 ../control_bsp/\libucosii_bsp.a(alt_find_file.o)
                0x000000000411955c                alt_find_file
 .text          0x0000000004119664       0xdc ../control_bsp/\libucosii_bsp.a(alt_get_fd.o)
                0x0000000004119664                alt_get_fd
 .text          0x0000000004119740       0x90 ../control_bsp/\libucosii_bsp.a(alt_icache_flush.o)
                0x0000000004119740                alt_icache_flush
 .text          0x00000000041197d0        0x0 c:/intelfpga_lite/18.1/nios2eds/bin/gnu/h-x86_64-mingw32/bin/../lib/gcc/nios2-elf/5.3.0/../../../../../H-x86_64-mingw32/nios2-elf/lib\libc.a(lib_a-atexit.o)
 .text.atexit   0x00000000041197d0       0x14 c:/intelfpga_lite/18.1/nios2eds/bin/gnu/h-x86_64-mingw32/bin/../lib/gcc/nios2-elf/5.3.0/../../../../../H-x86_64-mingw32/nios2-elf/lib\libc.a(lib_a-atexit.o)
                0x00000000041197d0                atexit
 .text          0x00000000041197e4        0x0 c:/intelfpga_lite/18.1/nios2eds/bin/gnu/h-x86_64-mingw32/bin/../lib/gcc/nios2-elf/5.3.0/../../../../../H-x86_64-mingw32/nios2-elf/lib\libc.a(lib_a-exit.o)
 .text.exit     0x00000000041197e4       0x38 c:/intelfpga_lite/18.1/nios2eds/bin/gnu/h-x86_64-mingw32/bin/../lib/gcc/nios2-elf/5.3.0/../../../../../H-x86_64-mingw32/nios2-elf/lib\libc.a(lib_a-exit.o)
                0x00000000041197e4                exit
 .text          0x000000000411981c        0x0 c:/intelfpga_lite/18.1/nios2eds/bin/gnu/h-x86_64-mingw32/bin/../lib/gcc/nios2-elf/5.3.0/../../../../../H-x86_64-mingw32/nios2-elf/lib\libc.a(lib_a-memcmp.o)
 .text.memcmp   0x000000000411981c       0x7c c:/intelfpga_lite/18.1/nios2eds/bin/gnu/h-x86_64-mingw32/bin/../lib/gcc/nios2-elf/5.3.0/../../../../../H-x86_64-mingw32/nios2-elf/lib\libc.a(lib_a-memcmp.o)
                0x000000000411981c                memcmp
 .text          0x0000000004119898        0x0 c:/intelfpga_lite/18.1/nios2eds/bin/gnu/h-x86_64-mingw32/bin/../lib/gcc/nios2-elf/5.3.0/../../../../../H-x86_64-mingw32/nios2-elf/lib\libc.a(lib_a-__atexit.o)
 .text.__register_exitproc
                0x0000000004119898      0x118 c:/intelfpga_lite/18.1/nios2eds/bin/gnu/h-x86_64-mingw32/bin/../lib/gcc/nios2-elf/5.3.0/../../../../../H-x86_64-mingw32/nios2-elf/lib\libc.a(lib_a-__atexit.o)
                0x0000000004119898                __register_exitproc
 .text          0x00000000041199b0        0x0 c:/intelfpga_lite/18.1/nios2eds/bin/gnu/h-x86_64-mingw32/bin/../lib/gcc/nios2-elf/5.3.0/../../../../../H-x86_64-mingw32/nios2-elf/lib\libc.a(lib_a-__call_atexit.o)
 .text.__call_exitprocs
                0x00000000041199b0      0x180 c:/intelfpga_lite/18.1/nios2eds/bin/gnu/h-x86_64-mingw32/bin/../lib/gcc/nios2-elf/5.3.0/../../../../../H-x86_64-mingw32/nios2-elf/lib\libc.a(lib_a-__call_atexit.o)
                0x00000000041199b0                __call_exitprocs
 .text          0x0000000004119b30       0x34 ../control_bsp/\libucosii_bsp.a(alt_exit.o)
                0x0000000004119b30                _exit
 *(.gnu.warning.*)
 *(.fini)
                [!provide]                        PROVIDE (__etext, ABSOLUTE (.))
                [!provide]                        PROVIDE (_etext, ABSOLUTE (.))
                [!provide]                        PROVIDE (etext, ABSOLUTE (.))
 *(.eh_frame_hdr)
                0x0000000004119b64                . = ALIGN (0x4)
                [!provide]                        PROVIDE (__preinit_array_start, ABSOLUTE (.))
 *(.preinit_array)
                [!provide]                        PROVIDE (__preinit_array_end, ABSOLUTE (.))
                [!provide]                        PROVIDE (__init_array_start, ABSOLUTE (.))
 *(.init_array)
                [!provide]                        PROVIDE (__init_array_end, ABSOLUTE (.))
                [!provide]                        PROVIDE (__fini_array_start, ABSOLUTE (.))
 *(.fini_array)
                [!provide]                        PROVIDE (__fini_array_end, ABSOLUTE (.))
 *(.eh_frame)
 *(.gcc_except_table .gcc_except_table.*)
 *(.dynamic)
                0x0000000004119b64                PROVIDE (__CTOR_LIST__, ABSOLUTE (.))
 *(.ctors)
 *(SORT(.ctors.*))
                0x0000000004119b64                PROVIDE (__CTOR_END__, ABSOLUTE (.))
                0x0000000004119b64                PROVIDE (__DTOR_LIST__, ABSOLUTE (.))
 *(.dtors)
 *(SORT(.dtors.*))
                0x0000000004119b64                PROVIDE (__DTOR_END__, ABSOLUTE (.))
 *(.jcr)
                0x0000000004119b64                . = ALIGN (0x4)

.rodata         0x0000000004119b64      0x578
                0x0000000004119b64                PROVIDE (__ram_rodata_start, ABSOLUTE (.))
                0x0000000004119b64                . = ALIGN (0x4)
 *(.rodata .rodata.* .gnu.linkonce.r.*)
 .rodata        0x0000000004119b64      0x148 obj/default/switches_key.o
 .rodata        0x0000000004119cac      0x100 c:/intelfpga_lite/18.1/nios2eds/bin/gnu/h-x86_64-mingw32/bin/../lib/gcc/nios2-elf/5.3.0\libgcc.a(_clz.o)
                0x0000000004119cac                __clz_tab
 .rodata.str1.4
                0x0000000004119dac       0x42 c:/intelfpga_lite/18.1/nios2eds/bin/gnu/h-x86_64-mingw32/bin/../lib/gcc/nios2-elf/5.3.0/../../../../../H-x86_64-mingw32/nios2-elf/lib\libc.a(lib_a-svfprintf.o)
 .rodata.zeroes.4389
                0x0000000004119dee       0x10 c:/intelfpga_lite/18.1/nios2eds/bin/gnu/h-x86_64-mingw32/bin/../lib/gcc/nios2-elf/5.3.0/../../../../../H-x86_64-mingw32/nios2-elf/lib\libc.a(lib_a-svfprintf.o)
 .rodata.blanks.4388
                0x0000000004119dfe       0x10 c:/intelfpga_lite/18.1/nios2eds/bin/gnu/h-x86_64-mingw32/bin/../lib/gcc/nios2-elf/5.3.0/../../../../../H-x86_64-mingw32/nios2-elf/lib\libc.a(lib_a-svfprintf.o)
 *fill*         0x0000000004119e0e        0x2 
 .rodata.str1.4
                0x0000000004119e10       0x10 c:/intelfpga_lite/18.1/nios2eds/bin/gnu/h-x86_64-mingw32/bin/../lib/gcc/nios2-elf/5.3.0/../../../../../H-x86_64-mingw32/nios2-elf/lib\libc.a(lib_a-dtoa.o)
                                         0x12 (size before relaxing)
 .rodata.str1.4
                0x0000000004119e20        0x2 c:/intelfpga_lite/18.1/nios2eds/bin/gnu/h-x86_64-mingw32/bin/../lib/gcc/nios2-elf/5.3.0/../../../../../H-x86_64-mingw32/nios2-elf/lib\libc.a(lib_a-impure.o)
 *fill*         0x0000000004119e22        0x2 
 .rodata.str1.4
                0x0000000004119e24        0xc c:/intelfpga_lite/18.1/nios2eds/bin/gnu/h-x86_64-mingw32/bin/../lib/gcc/nios2-elf/5.3.0/../../../../../H-x86_64-mingw32/nios2-elf/lib\libc.a(lib_a-locale.o)
                                         0x12 (size before relaxing)
 .rodata.p05.2768
                0x0000000004119e30        0xc c:/intelfpga_lite/18.1/nios2eds/bin/gnu/h-x86_64-mingw32/bin/../lib/gcc/nios2-elf/5.3.0/../../../../../H-x86_64-mingw32/nios2-elf/lib\libc.a(lib_a-mprec.o)
 .rodata.__mprec_tinytens
                0x0000000004119e3c       0x28 c:/intelfpga_lite/18.1/nios2eds/bin/gnu/h-x86_64-mingw32/bin/../lib/gcc/nios2-elf/5.3.0/../../../../../H-x86_64-mingw32/nios2-elf/lib\libc.a(lib_a-mprec.o)
                0x0000000004119e3c                __mprec_tinytens
 .rodata.__mprec_bigtens
                0x0000000004119e64       0x28 c:/intelfpga_lite/18.1/nios2eds/bin/gnu/h-x86_64-mingw32/bin/../lib/gcc/nios2-elf/5.3.0/../../../../../H-x86_64-mingw32/nios2-elf/lib\libc.a(lib_a-mprec.o)
                0x0000000004119e64                __mprec_bigtens
 .rodata.__mprec_tens
                0x0000000004119e8c       0xc8 c:/intelfpga_lite/18.1/nios2eds/bin/gnu/h-x86_64-mingw32/bin/../lib/gcc/nios2-elf/5.3.0/../../../../../H-x86_64-mingw32/nios2-elf/lib\libc.a(lib_a-mprec.o)
                0x0000000004119e8c                __mprec_tens
 .rodata.str1.4
                0x0000000004119f54       0x2f c:/intelfpga_lite/18.1/nios2eds/bin/gnu/h-x86_64-mingw32/bin/../lib/gcc/nios2-elf/5.3.0/../../../../../H-x86_64-mingw32/nios2-elf/lib\libc.a(lib_a-svfiprintf.o)
 .rodata.zeroes.4333
                0x0000000004119f54       0x10 c:/intelfpga_lite/18.1/nios2eds/bin/gnu/h-x86_64-mingw32/bin/../lib/gcc/nios2-elf/5.3.0/../../../../../H-x86_64-mingw32/nios2-elf/lib\libc.a(lib_a-svfiprintf.o)
 .rodata.blanks.4332
                0x0000000004119f64       0x10 c:/intelfpga_lite/18.1/nios2eds/bin/gnu/h-x86_64-mingw32/bin/../lib/gcc/nios2-elf/5.3.0/../../../../../H-x86_64-mingw32/nios2-elf/lib\libc.a(lib_a-svfiprintf.o)
 .rodata        0x0000000004119f74       0x12 ../control_bsp/\libucosii_bsp.a(alt_main.o)
 *fill*         0x0000000004119f86        0x2 
 .rodata        0x0000000004119f88      0x11e ../control_bsp/\libucosii_bsp.a(os_core.o)
                0x0000000004119f88                OSUnMapTbl
 *fill*         0x000000000411a0a6        0x2 
 .rodata        0x000000000411a0a8       0x21 ../control_bsp/\libucosii_bsp.a(alt_sys_init.o)
 *fill*         0x000000000411a0c9        0x3 
 .rodata        0x000000000411a0cc        0xa ../control_bsp/\libucosii_bsp.a(alt_dev.o)
 *fill*         0x000000000411a0d6        0x2 
 .rodata        0x000000000411a0d8        0x2 ../control_bsp/\libucosii_bsp.a(os_cpu_c.o)
 *(.rodata1)
                0x000000000411a0dc                . = ALIGN (0x4)
 *fill*         0x000000000411a0da        0x2 
                0x000000000411a0dc                PROVIDE (__ram_rodata_end, ABSOLUTE (.))
                0x0000000004119b64                PROVIDE (__flash_rodata_start, LOADADDR (.rodata))

.rwdata         0x000000000411a0dc     0x1b98 load address 0x000000000411bc74
                0x000000000411a0dc                PROVIDE (__ram_rwdata_start, ABSOLUTE (.))
                0x000000000411a0dc                . = ALIGN (0x4)
 *(.got.plt)
 *(.got)
 *(.data1)
 *(.data .data.* .gnu.linkonce.d.*)
 .data          0x000000000411a0dc        0x0 ../control_bsp//obj/HAL/src/crt0.o
 .data          0x000000000411a0dc        0x0 obj/default/debug_control.o
 .data          0x000000000411a0dc        0x0 obj/default/main.o
 .data          0x000000000411a0dc        0x0 obj/default/soundeffects.o
 .data          0x000000000411a0dc        0x0 obj/default/speaker.o
 .data          0x000000000411a0dc        0x0 obj/default/switches_key.o
 .data          0x000000000411a0dc        0x0 obj/default/traffc_led.o
 .data          0x000000000411a0dc        0x0 c:/intelfpga_lite/18.1/nios2eds/bin/gnu/h-x86_64-mingw32/bin/../lib/gcc/nios2-elf/5.3.0\libgcc.a(_muldi3.o)
 .data          0x000000000411a0dc        0x0 c:/intelfpga_lite/18.1/nios2eds/bin/gnu/h-x86_64-mingw32/bin/../lib/gcc/nios2-elf/5.3.0\libgcc.a(_udivdi3.o)
 .data          0x000000000411a0dc        0x0 c:/intelfpga_lite/18.1/nios2eds/bin/gnu/h-x86_64-mingw32/bin/../lib/gcc/nios2-elf/5.3.0\libgcc.a(lib2-divmod.o)
 .data          0x000000000411a0dc        0x0 c:/intelfpga_lite/18.1/nios2eds/bin/gnu/h-x86_64-mingw32/bin/../lib/gcc/nios2-elf/5.3.0\libgcc.a(_clz.o)
 .data          0x000000000411a0dc        0x0 c:/intelfpga_lite/18.1/nios2eds/bin/gnu/h-x86_64-mingw32/bin/../lib/gcc/nios2-elf/5.3.0/../../../../../H-x86_64-mingw32/nios2-elf/lib\libc.a(lib_a-memcpy.o)
 .data          0x000000000411a0dc        0x0 c:/intelfpga_lite/18.1/nios2eds/bin/gnu/h-x86_64-mingw32/bin/../lib/gcc/nios2-elf/5.3.0/../../../../../H-x86_64-mingw32/nios2-elf/lib\libc.a(lib_a-memmove.o)
 .data          0x000000000411a0dc        0x0 c:/intelfpga_lite/18.1/nios2eds/bin/gnu/h-x86_64-mingw32/bin/../lib/gcc/nios2-elf/5.3.0/../../../../../H-x86_64-mingw32/nios2-elf/lib\libc.a(lib_a-rand.o)
 .data          0x000000000411a0dc        0x0 c:/intelfpga_lite/18.1/nios2eds/bin/gnu/h-x86_64-mingw32/bin/../lib/gcc/nios2-elf/5.3.0/../../../../../H-x86_64-mingw32/nios2-elf/lib\libc.a(lib_a-snprintf.o)
 .data          0x000000000411a0dc        0x0 c:/intelfpga_lite/18.1/nios2eds/bin/gnu/h-x86_64-mingw32/bin/../lib/gcc/nios2-elf/5.3.0/../../../../../H-x86_64-mingw32/nios2-elf/lib\libc.a(lib_a-strcmp.o)
 .data          0x000000000411a0dc        0x0 c:/intelfpga_lite/18.1/nios2eds/bin/gnu/h-x86_64-mingw32/bin/../lib/gcc/nios2-elf/5.3.0/../../../../../H-x86_64-mingw32/nios2-elf/lib\libc.a(lib_a-strlen.o)
 .data          0x000000000411a0dc        0x0 c:/intelfpga_lite/18.1/nios2eds/bin/gnu/h-x86_64-mingw32/bin/../lib/gcc/nios2-elf/5.3.0/../../../../../H-x86_64-mingw32/nios2-elf/lib\libc.a(lib_a-strncat.o)
 .data          0x000000000411a0dc        0x0 c:/intelfpga_lite/18.1/nios2eds/bin/gnu/h-x86_64-mingw32/bin/../lib/gcc/nios2-elf/5.3.0/../../../../../H-x86_64-mingw32/nios2-elf/lib\libc.a(lib_a-strncpy.o)
 .data          0x000000000411a0dc        0x0 c:/intelfpga_lite/18.1/nios2eds/bin/gnu/h-x86_64-mingw32/bin/../lib/gcc/nios2-elf/5.3.0/../../../../../H-x86_64-mingw32/nios2-elf/lib\libc.a(lib_a-svfprintf.o)
 .data          0x000000000411a0dc        0x0 c:/intelfpga_lite/18.1/nios2eds/bin/gnu/h-x86_64-mingw32/bin/../lib/gcc/nios2-elf/5.3.0/../../../../../H-x86_64-mingw32/nios2-elf/lib\libc.a(lib_a-dtoa.o)
 .data          0x000000000411a0dc        0x0 c:/intelfpga_lite/18.1/nios2eds/bin/gnu/h-x86_64-mingw32/bin/../lib/gcc/nios2-elf/5.3.0/../../../../../H-x86_64-mingw32/nios2-elf/lib\libc.a(lib_a-impure.o)
 .data.impure_data
                0x000000000411a0dc      0x424 c:/intelfpga_lite/18.1/nios2eds/bin/gnu/h-x86_64-mingw32/bin/../lib/gcc/nios2-elf/5.3.0/../../../../../H-x86_64-mingw32/nios2-elf/lib\libc.a(lib_a-impure.o)
 .data          0x000000000411a500        0x0 c:/intelfpga_lite/18.1/nios2eds/bin/gnu/h-x86_64-mingw32/bin/../lib/gcc/nios2-elf/5.3.0/../../../../../H-x86_64-mingw32/nios2-elf/lib\libc.a(lib_a-locale.o)
 .data.lc_message_charset
                0x000000000411a500       0x20 c:/intelfpga_lite/18.1/nios2eds/bin/gnu/h-x86_64-mingw32/bin/../lib/gcc/nios2-elf/5.3.0/../../../../../H-x86_64-mingw32/nios2-elf/lib\libc.a(lib_a-locale.o)
 .data.lc_ctype_charset
                0x000000000411a520       0x20 c:/intelfpga_lite/18.1/nios2eds/bin/gnu/h-x86_64-mingw32/bin/../lib/gcc/nios2-elf/5.3.0/../../../../../H-x86_64-mingw32/nios2-elf/lib\libc.a(lib_a-locale.o)
 .data.lconv    0x000000000411a540       0x38 c:/intelfpga_lite/18.1/nios2eds/bin/gnu/h-x86_64-mingw32/bin/../lib/gcc/nios2-elf/5.3.0/../../../../../H-x86_64-mingw32/nios2-elf/lib\libc.a(lib_a-locale.o)
 .data          0x000000000411a578        0x0 c:/intelfpga_lite/18.1/nios2eds/bin/gnu/h-x86_64-mingw32/bin/../lib/gcc/nios2-elf/5.3.0/../../../../../H-x86_64-mingw32/nios2-elf/lib\libc.a(lib_a-mallocr.o)
 .data.__malloc_av_
                0x000000000411a578      0x408 c:/intelfpga_lite/18.1/nios2eds/bin/gnu/h-x86_64-mingw32/bin/../lib/gcc/nios2-elf/5.3.0/../../../../../H-x86_64-mingw32/nios2-elf/lib\libc.a(lib_a-mallocr.o)
                0x000000000411a578                __malloc_av_
 .data          0x000000000411a980        0x0 c:/intelfpga_lite/18.1/nios2eds/bin/gnu/h-x86_64-mingw32/bin/../lib/gcc/nios2-elf/5.3.0/../../../../../H-x86_64-mingw32/nios2-elf/lib\libc.a(lib_a-memchr.o)
 .data          0x000000000411a980        0x0 c:/intelfpga_lite/18.1/nios2eds/bin/gnu/h-x86_64-mingw32/bin/../lib/gcc/nios2-elf/5.3.0/../../../../../H-x86_64-mingw32/nios2-elf/lib\libc.a(lib_a-mprec.o)
 .data          0x000000000411a980        0x0 c:/intelfpga_lite/18.1/nios2eds/bin/gnu/h-x86_64-mingw32/bin/../lib/gcc/nios2-elf/5.3.0/../../../../../H-x86_64-mingw32/nios2-elf/lib\libc.a(lib_a-s_fpclassify.o)
 .data          0x000000000411a980        0x0 c:/intelfpga_lite/18.1/nios2eds/bin/gnu/h-x86_64-mingw32/bin/../lib/gcc/nios2-elf/5.3.0/../../../../../H-x86_64-mingw32/nios2-elf/lib\libc.a(lib_a-sbrkr.o)
 .data          0x000000000411a980        0x0 c:/intelfpga_lite/18.1/nios2eds/bin/gnu/h-x86_64-mingw32/bin/../lib/gcc/nios2-elf/5.3.0/../../../../../H-x86_64-mingw32/nios2-elf/lib\libc.a(lib_a-svfiprintf.o)
 .data          0x000000000411a980        0x0 c:/intelfpga_lite/18.1/nios2eds/bin/gnu/h-x86_64-mingw32/bin/../lib/gcc/nios2-elf/5.3.0/../../../../../H-x86_64-mingw32/nios2-elf/lib\libc.a(lib_a-callocr.o)
 .data          0x000000000411a980        0x0 c:/intelfpga_lite/18.1/nios2eds/bin/gnu/h-x86_64-mingw32/bin/../lib/gcc/nios2-elf/5.3.0/../../../../../H-x86_64-mingw32/nios2-elf/lib\libc.a(lib_a-freer.o)
 .data          0x000000000411a980        0x0 c:/intelfpga_lite/18.1/nios2eds/bin/gnu/h-x86_64-mingw32/bin/../lib/gcc/nios2-elf/5.3.0/../../../../../H-x86_64-mingw32/nios2-elf/lib\libc.a(lib_a-int_errno.o)
 .data          0x000000000411a980        0x0 c:/intelfpga_lite/18.1/nios2eds/bin/gnu/h-x86_64-mingw32/bin/../lib/gcc/nios2-elf/5.3.0/../../../../../H-x86_64-mingw32/nios2-elf/lib\libc.a(lib_a-memset.o)
 .data          0x000000000411a980        0x0 c:/intelfpga_lite/18.1/nios2eds/bin/gnu/h-x86_64-mingw32/bin/../lib/gcc/nios2-elf/5.3.0/../../../../../H-x86_64-mingw32/nios2-elf/lib\libc.a(lib_a-reallocr.o)
 .data          0x000000000411a980        0x0 c:/intelfpga_lite/18.1/nios2eds/bin/gnu/h-x86_64-mingw32/bin/../lib/gcc/nios2-elf/5.3.0\libgcc.a(_umoddi3.o)
 .data          0x000000000411a980        0x0 c:/intelfpga_lite/18.1/nios2eds/bin/gnu/h-x86_64-mingw32/bin/../lib/gcc/nios2-elf/5.3.0\libgcc.a(adddf3.o)
 .data          0x000000000411a980        0x0 c:/intelfpga_lite/18.1/nios2eds/bin/gnu/h-x86_64-mingw32/bin/../lib/gcc/nios2-elf/5.3.0\libgcc.a(divdf3.o)
 .data          0x000000000411a980        0x0 c:/intelfpga_lite/18.1/nios2eds/bin/gnu/h-x86_64-mingw32/bin/../lib/gcc/nios2-elf/5.3.0\libgcc.a(eqdf2.o)
 .data          0x000000000411a980        0x0 c:/intelfpga_lite/18.1/nios2eds/bin/gnu/h-x86_64-mingw32/bin/../lib/gcc/nios2-elf/5.3.0\libgcc.a(gedf2.o)
 .data          0x000000000411a980        0x0 c:/intelfpga_lite/18.1/nios2eds/bin/gnu/h-x86_64-mingw32/bin/../lib/gcc/nios2-elf/5.3.0\libgcc.a(ledf2.o)
 .data          0x000000000411a980        0x0 c:/intelfpga_lite/18.1/nios2eds/bin/gnu/h-x86_64-mingw32/bin/../lib/gcc/nios2-elf/5.3.0\libgcc.a(muldf3.o)
 .data          0x000000000411a980        0x0 c:/intelfpga_lite/18.1/nios2eds/bin/gnu/h-x86_64-mingw32/bin/../lib/gcc/nios2-elf/5.3.0\libgcc.a(subdf3.o)
 .data          0x000000000411a980        0x0 c:/intelfpga_lite/18.1/nios2eds/bin/gnu/h-x86_64-mingw32/bin/../lib/gcc/nios2-elf/5.3.0\libgcc.a(fixdfsi.o)
 .data          0x000000000411a980        0x0 c:/intelfpga_lite/18.1/nios2eds/bin/gnu/h-x86_64-mingw32/bin/../lib/gcc/nios2-elf/5.3.0\libgcc.a(floatsidf.o)
 .data          0x000000000411a980        0x0 c:/intelfpga_lite/18.1/nios2eds/bin/gnu/h-x86_64-mingw32/bin/../lib/gcc/nios2-elf/5.3.0\libgcc.a(floatunsidf.o)
 .data          0x000000000411a980        0x0 c:/intelfpga_lite/18.1/nios2eds/bin/gnu/h-x86_64-mingw32/bin/../lib/gcc/nios2-elf/5.3.0\libgcc.a(_clzsi2.o)
 .data          0x000000000411a980        0x0 ../control_bsp/\libucosii_bsp.a(alt_iic.o)
 .data          0x000000000411a980        0x0 ../control_bsp/\libucosii_bsp.a(alt_iic_isr_register.o)
 .data          0x000000000411a980        0x0 ../control_bsp/\libucosii_bsp.a(alt_irq_entry.o)
 .data          0x000000000411a980        0x0 ../control_bsp/\libucosii_bsp.a(alt_irq_handler.o)
 .data          0x000000000411a980        0x0 ../control_bsp/\libucosii_bsp.a(alt_irq_vars.o)
 .data          0x000000000411a980        0x0 ../control_bsp/\libucosii_bsp.a(alt_load.o)
 .data          0x000000000411a980        0x0 ../control_bsp/\libucosii_bsp.a(alt_main.o)
 .data          0x000000000411a980        0x0 ../control_bsp/\libucosii_bsp.a(alt_sbrk.o)
 .data          0x000000000411a980        0x0 ../control_bsp/\libucosii_bsp.a(alt_usleep.o)
 .data          0x000000000411a980        0x0 ../control_bsp/\libucosii_bsp.a(alt_env_lock.o)
 .data          0x000000000411a980        0x0 ../control_bsp/\libucosii_bsp.a(alt_malloc_lock.o)
 .data          0x000000000411a980        0x0 ../control_bsp/\libucosii_bsp.a(os_core.o)
 .data          0x000000000411a980        0x0 ../control_bsp/\libucosii_bsp.a(os_dbg.o)
 .data          0x000000000411a980        0x0 ../control_bsp/\libucosii_bsp.a(os_flag.o)
 .data          0x000000000411a980        0x0 ../control_bsp/\libucosii_bsp.a(os_mem.o)
 .data          0x000000000411a980        0x0 ../control_bsp/\libucosii_bsp.a(os_q.o)
 .data          0x000000000411a980        0x0 ../control_bsp/\libucosii_bsp.a(os_sem.o)
 .data          0x000000000411a980        0x0 ../control_bsp/\libucosii_bsp.a(os_task.o)
 .data          0x000000000411a980        0x0 ../control_bsp/\libucosii_bsp.a(os_time.o)
 .data          0x000000000411a980     0x1080 ../control_bsp/\libucosii_bsp.a(alt_sys_init.o)
 .data          0x000000000411ba00        0x0 ../control_bsp/\libucosii_bsp.a(altera_avalon_jtag_uart_fd.o)
 .data          0x000000000411ba00        0x0 ../control_bsp/\libucosii_bsp.a(altera_avalon_jtag_uart_init.o)
 .data          0x000000000411ba00        0x0 ../control_bsp/\libucosii_bsp.a(altera_avalon_jtag_uart_ioctl.o)
 .data          0x000000000411ba00        0x0 ../control_bsp/\libucosii_bsp.a(altera_avalon_jtag_uart_read.o)
 .data          0x000000000411ba00        0x0 ../control_bsp/\libucosii_bsp.a(altera_avalon_jtag_uart_write.o)
 .data          0x000000000411ba00        0x0 ../control_bsp/\libucosii_bsp.a(altera_avalon_mutex.o)
 .data          0x000000000411ba00        0x0 ../control_bsp/\libucosii_bsp.a(altera_avalon_timer_sc.o)
 .data          0x000000000411ba00        0x0 ../control_bsp/\libucosii_bsp.a(alt_alarm_start.o)
 .data          0x000000000411ba00        0x0 ../control_bsp/\libucosii_bsp.a(alt_busy_sleep.o)
 .data          0x000000000411ba00        0x0 ../control_bsp/\libucosii_bsp.a(alt_close.o)
 .data          0x000000000411ba00        0x0 ../control_bsp/\libucosii_bsp.a(alt_dcache_flush_all.o)
 .data          0x000000000411ba00      0x1a8 ../control_bsp/\libucosii_bsp.a(alt_dev.o)
                0x000000000411ba00                alt_dev_null
                0x000000000411ba28                alt_fd_list
 .data          0x000000000411bba8        0x0 ../control_bsp/\libucosii_bsp.a(alt_dev_llist_insert.o)
 .data          0x000000000411bba8        0x0 ../control_bsp/\libucosii_bsp.a(alt_do_ctors.o)
 .data          0x000000000411bba8        0x0 ../control_bsp/\libucosii_bsp.a(alt_do_dtors.o)
 .data          0x000000000411bba8        0x0 ../control_bsp/\libucosii_bsp.a(alt_errno.o)
 .data          0x000000000411bba8        0x0 ../control_bsp/\libucosii_bsp.a(alt_exception_entry.o)
 .data          0x000000000411bba8        0x0 ../control_bsp/\libucosii_bsp.a(alt_find_dev.o)
 .data          0x000000000411bba8        0x0 ../control_bsp/\libucosii_bsp.a(alt_icache_flush_all.o)
 .data          0x000000000411bba8        0x0 ../control_bsp/\libucosii_bsp.a(alt_instruction_exception_entry.o)
 .data          0x000000000411bba8        0x0 ../control_bsp/\libucosii_bsp.a(alt_io_redirect.o)
 .data          0x000000000411bba8        0x0 ../control_bsp/\libucosii_bsp.a(alt_open.o)
 .data          0x000000000411bba8        0x0 ../control_bsp/\libucosii_bsp.a(alt_release_fd.o)
 .data          0x000000000411bba8        0x0 ../control_bsp/\libucosii_bsp.a(alt_tick.o)
 .data          0x000000000411bba8        0x0 ../control_bsp/\libucosii_bsp.a(altera_nios2_gen2_irq.o)
 .data          0x000000000411bba8        0x0 ../control_bsp/\libucosii_bsp.a(os_cpu_a.o)
 .data          0x000000000411bba8        0x0 ../control_bsp/\libucosii_bsp.a(os_cpu_c.o)
 .data          0x000000000411bba8        0x0 ../control_bsp/\libucosii_bsp.a(alt_find_file.o)
 .data          0x000000000411bba8        0x0 ../control_bsp/\libucosii_bsp.a(alt_get_fd.o)
 .data          0x000000000411bba8        0x0 ../control_bsp/\libucosii_bsp.a(alt_icache_flush.o)
 .data          0x000000000411bba8        0x0 c:/intelfpga_lite/18.1/nios2eds/bin/gnu/h-x86_64-mingw32/bin/../lib/gcc/nios2-elf/5.3.0/../../../../../H-x86_64-mingw32/nios2-elf/lib\libc.a(lib_a-atexit.o)
 .data          0x000000000411bba8        0x0 c:/intelfpga_lite/18.1/nios2eds/bin/gnu/h-x86_64-mingw32/bin/../lib/gcc/nios2-elf/5.3.0/../../../../../H-x86_64-mingw32/nios2-elf/lib\libc.a(lib_a-exit.o)
 .data          0x000000000411bba8        0x0 c:/intelfpga_lite/18.1/nios2eds/bin/gnu/h-x86_64-mingw32/bin/../lib/gcc/nios2-elf/5.3.0/../../../../../H-x86_64-mingw32/nios2-elf/lib\libc.a(lib_a-memcmp.o)
 .data          0x000000000411bba8        0x0 c:/intelfpga_lite/18.1/nios2eds/bin/gnu/h-x86_64-mingw32/bin/../lib/gcc/nios2-elf/5.3.0/../../../../../H-x86_64-mingw32/nios2-elf/lib\libc.a(lib_a-__atexit.o)
 .data          0x000000000411bba8        0x0 c:/intelfpga_lite/18.1/nios2eds/bin/gnu/h-x86_64-mingw32/bin/../lib/gcc/nios2-elf/5.3.0/../../../../../H-x86_64-mingw32/nios2-elf/lib\libc.a(lib_a-__call_atexit.o)
 .data          0x000000000411bba8        0x0 ../control_bsp/\libucosii_bsp.a(alt_exit.o)
                0x0000000004123ba8                _gp = ABSOLUTE ((. + 0x8000))
                [!provide]                        PROVIDE (gp, _gp)
 *(.rwdata .rwdata.*)
 *(.sdata .sdata.* .gnu.linkonce.s.*)
 .sdata         0x000000000411bba8        0x8 obj/default/debug_control.o
 .sdata         0x000000000411bbb0        0x4 obj/default/switches_key.o
 .sdata._global_impure_ptr
                0x000000000411bbb4        0x4 c:/intelfpga_lite/18.1/nios2eds/bin/gnu/h-x86_64-mingw32/bin/../lib/gcc/nios2-elf/5.3.0/../../../../../H-x86_64-mingw32/nios2-elf/lib\libc.a(lib_a-impure.o)
                0x000000000411bbb4                _global_impure_ptr
 .sdata._impure_ptr
                0x000000000411bbb8        0x4 c:/intelfpga_lite/18.1/nios2eds/bin/gnu/h-x86_64-mingw32/bin/../lib/gcc/nios2-elf/5.3.0/../../../../../H-x86_64-mingw32/nios2-elf/lib\libc.a(lib_a-impure.o)
                0x000000000411bbb8                _impure_ptr
 .sdata.__mb_cur_max
                0x000000000411bbbc        0x4 c:/intelfpga_lite/18.1/nios2eds/bin/gnu/h-x86_64-mingw32/bin/../lib/gcc/nios2-elf/5.3.0/../../../../../H-x86_64-mingw32/nios2-elf/lib\libc.a(lib_a-locale.o)
                0x000000000411bbbc                __mb_cur_max
 .sdata.__malloc_sbrk_base
                0x000000000411bbc0        0x4 c:/intelfpga_lite/18.1/nios2eds/bin/gnu/h-x86_64-mingw32/bin/../lib/gcc/nios2-elf/5.3.0/../../../../../H-x86_64-mingw32/nios2-elf/lib\libc.a(lib_a-mallocr.o)
                0x000000000411bbc0                __malloc_sbrk_base
 .sdata.__malloc_trim_threshold
                0x000000000411bbc4        0x4 c:/intelfpga_lite/18.1/nios2eds/bin/gnu/h-x86_64-mingw32/bin/../lib/gcc/nios2-elf/5.3.0/../../../../../H-x86_64-mingw32/nios2-elf/lib\libc.a(lib_a-mallocr.o)
                0x000000000411bbc4                __malloc_trim_threshold
 .sdata         0x000000000411bbc8        0x4 ../control_bsp/\libucosii_bsp.a(alt_irq_vars.o)
                0x000000000411bbc8                alt_priority_mask
 .sdata         0x000000000411bbcc        0x4 ../control_bsp/\libucosii_bsp.a(alt_sbrk.o)
 .sdata         0x000000000411bbd0        0x4 ../control_bsp/\libucosii_bsp.a(alt_env_lock.o)
 .sdata         0x000000000411bbd4        0x4 ../control_bsp/\libucosii_bsp.a(alt_malloc_lock.o)
 .sdata         0x000000000411bbd8       0x72 ../control_bsp/\libucosii_bsp.a(os_dbg.o)
                0x000000000411bbd8                OSDebugEn
                0x000000000411bbdc                OSEndiannessTest
                0x000000000411bbe0                OSEventEn
                0x000000000411bbe2                OSEventMax
                0x000000000411bbe4                OSEventNameSize
                0x000000000411bbe6                OSEventSize
                0x000000000411bbe8                OSEventTblSize
                0x000000000411bbea                OSEventMultiEn
                0x000000000411bbec                OSFlagEn
                0x000000000411bbee                OSFlagGrpSize
                0x000000000411bbf0                OSFlagNodeSize
                0x000000000411bbf2                OSFlagWidth
                0x000000000411bbf4                OSFlagMax
                0x000000000411bbf6                OSFlagNameSize
                0x000000000411bbf8                OSLowestPrio
                0x000000000411bbfa                OSMboxEn
                0x000000000411bbfc                OSMemEn
                0x000000000411bbfe                OSMemMax
                0x000000000411bc00                OSMemNameSize
                0x000000000411bc02                OSMemSize
                0x000000000411bc04                OSMemTblSize
                0x000000000411bc06                OSMutexEn
                0x000000000411bc08                OSPtrSize
                0x000000000411bc0a                OSQEn
                0x000000000411bc0c                OSQMax
                0x000000000411bc0e                OSQSize
                0x000000000411bc10                OSRdyTblSize
                0x000000000411bc12                OSSemEn
                0x000000000411bc14                OSStkWidth
                0x000000000411bc16                OSTaskCreateEn
                0x000000000411bc18                OSTaskCreateExtEn
                0x000000000411bc1a                OSTaskDelEn
                0x000000000411bc1c                OSTaskIdleStkSize
                0x000000000411bc1e                OSTaskProfileEn
                0x000000000411bc20                OSTaskMax
                0x000000000411bc22                OSTaskNameSize
                0x000000000411bc24                OSTaskStatEn
                0x000000000411bc26                OSTaskStatStkSize
                0x000000000411bc28                OSTaskStatStkChkEn
                0x000000000411bc2a                OSTaskSwHookEn
                0x000000000411bc2c                OSTCBPrioTblMax
                0x000000000411bc2e                OSTCBSize
                0x000000000411bc30                OSTicksPerSec
                0x000000000411bc32                OSTimeTickHookEn
                0x000000000411bc34                OSVersionNbr
                0x000000000411bc36                OSTmrEn
                0x000000000411bc38                OSTmrCfgMax
                0x000000000411bc3a                OSTmrCfgNameSize
                0x000000000411bc3c                OSTmrCfgWheelSize
                0x000000000411bc3e                OSTmrCfgTicksPerSec
                0x000000000411bc40                OSTmrSize
                0x000000000411bc42                OSTmrTblSize
                0x000000000411bc44                OSTmrWheelSize
                0x000000000411bc46                OSTmrWheelTblSize
                0x000000000411bc48                OSDataSize
 *fill*         0x000000000411bc4a        0x2 
 .sdata         0x000000000411bc4c        0x8 ../control_bsp/\libucosii_bsp.a(altera_avalon_mutex.o)
                0x000000000411bc4c                alt_mutex_list
 .sdata         0x000000000411bc54       0x14 ../control_bsp/\libucosii_bsp.a(alt_dev.o)
                0x000000000411bc54                alt_fs_list
                0x000000000411bc5c                alt_dev_list
                0x000000000411bc64                alt_max_fd
 .sdata         0x000000000411bc68        0x4 ../control_bsp/\libucosii_bsp.a(alt_errno.o)
                0x000000000411bc68                alt_errno
 .sdata         0x000000000411bc6c        0x8 ../control_bsp/\libucosii_bsp.a(alt_tick.o)
                0x000000000411bc6c                alt_alarm_list
 *(.sdata2 .sdata2.* .gnu.linkonce.s2.*)
                0x000000000411bc74                . = ALIGN (0x4)
                0x000000000411bc74                _edata = ABSOLUTE (.)
                [!provide]                        PROVIDE (edata, ABSOLUTE (.))
                0x000000000411bc74                PROVIDE (__ram_rwdata_end, ABSOLUTE (.))
                0x000000000411bc74                PROVIDE (__flash_rwdata_start, LOADADDR (.rwdata))

.bss            0x000000000411d80c     0x8d14
                0x000000000411d80c                __bss_start = ABSOLUTE (.)
                [!provide]                        PROVIDE (__sbss_start, ABSOLUTE (.))
                [!provide]                        PROVIDE (___sbss_start, ABSOLUTE (.))
 *(.dynsbss)
 *(.sbss .sbss.* .gnu.linkonce.sb.*)
 .sbss          0x000000000411d80c       0x28 obj/default/debug_control.o
 .sbss          0x000000000411d834        0x8 obj/default/main.o
                0x000000000411d834                input_update_sem
                0x000000000411d838                leds_update_sem
 .sbss          0x000000000411d83c       0x10 obj/default/speaker.o
 .sbss          0x000000000411d84c       0x34 obj/default/switches_key.o
                0x000000000411d84c                switch_state
                0x000000000411d850                key_state
                0x000000000411d854                GPIO_state
 .sbss          0x000000000411d880        0x4 obj/default/traffc_led.o
 .sbss._PathLocale
                0x000000000411d884        0x4 c:/intelfpga_lite/18.1/nios2eds/bin/gnu/h-x86_64-mingw32/bin/../lib/gcc/nios2-elf/5.3.0/../../../../../H-x86_64-mingw32/nios2-elf/lib\libc.a(lib_a-locale.o)
                0x000000000411d884                _PathLocale
 .sbss.__mlocale_changed
                0x000000000411d888        0x4 c:/intelfpga_lite/18.1/nios2eds/bin/gnu/h-x86_64-mingw32/bin/../lib/gcc/nios2-elf/5.3.0/../../../../../H-x86_64-mingw32/nios2-elf/lib\libc.a(lib_a-locale.o)
                0x000000000411d888                __mlocale_changed
 .sbss.__nlocale_changed
                0x000000000411d88c        0x4 c:/intelfpga_lite/18.1/nios2eds/bin/gnu/h-x86_64-mingw32/bin/../lib/gcc/nios2-elf/5.3.0/../../../../../H-x86_64-mingw32/nios2-elf/lib\libc.a(lib_a-locale.o)
                0x000000000411d88c                __nlocale_changed
 .sbss.__malloc_max_total_mem
                0x000000000411d890        0x4 c:/intelfpga_lite/18.1/nios2eds/bin/gnu/h-x86_64-mingw32/bin/../lib/gcc/nios2-elf/5.3.0/../../../../../H-x86_64-mingw32/nios2-elf/lib\libc.a(lib_a-mallocr.o)
                0x000000000411d890                __malloc_max_total_mem
 .sbss.__malloc_max_sbrked_mem
                0x000000000411d894        0x4 c:/intelfpga_lite/18.1/nios2eds/bin/gnu/h-x86_64-mingw32/bin/../lib/gcc/nios2-elf/5.3.0/../../../../../H-x86_64-mingw32/nios2-elf/lib\libc.a(lib_a-mallocr.o)
                0x000000000411d894                __malloc_max_sbrked_mem
 .sbss.__malloc_top_pad
                0x000000000411d898        0x4 c:/intelfpga_lite/18.1/nios2eds/bin/gnu/h-x86_64-mingw32/bin/../lib/gcc/nios2-elf/5.3.0/../../../../../H-x86_64-mingw32/nios2-elf/lib\libc.a(lib_a-mallocr.o)
                0x000000000411d898                __malloc_top_pad
 .sbss          0x000000000411d89c        0x4 c:/intelfpga_lite/18.1/nios2eds/bin/gnu/h-x86_64-mingw32/bin/../lib/gcc/nios2-elf/5.3.0/../../../../../H-x86_64-mingw32/nios2-elf/lib\libc.a(lib_a-int_errno.o)
                0x000000000411d89c                errno
 .sbss          0x000000000411d8a0        0x4 ../control_bsp/\libucosii_bsp.a(alt_irq_vars.o)
                0x000000000411d8a0                alt_irq_active
 .sbss          0x000000000411d8a4        0xc ../control_bsp/\libucosii_bsp.a(alt_main.o)
                0x000000000411d8a4                alt_argc
                0x000000000411d8a8                alt_argv
                0x000000000411d8ac                alt_envp
 .sbss          0x000000000411d8b0        0x8 ../control_bsp/\libucosii_bsp.a(alt_env_lock.o)
                0x000000000411d8b4                alt_envsem
 .sbss          0x000000000411d8b8        0x8 ../control_bsp/\libucosii_bsp.a(alt_malloc_lock.o)
                0x000000000411d8bc                alt_heapsem
 .sbss          0x000000000411d8c0       0x50 ../control_bsp/\libucosii_bsp.a(os_core.o)
                0x000000000411d8c0                OSLockNesting
                0x000000000411d8c1                OSRunning
                0x000000000411d8c4                OSIdleCtr
                0x000000000411d8c8                OSPrioHighRdy
                0x000000000411d8c9                OSPrioCur
                0x000000000411d8cc                OSTCBList
                0x000000000411d8d0                OSTickStepState
                0x000000000411d8d4                OSCtxSwCtr
                0x000000000411d8d8                OSIdleCtrMax
                0x000000000411d8dc                OSTCBFreeList
                0x000000000411d8e0                OSCPUUsage
                0x000000000411d8e1                OSTaskCtr
                0x000000000411d8e4                OSMemFreeList
                0x000000000411d8e8                OSTCBHighRdy
                0x000000000411d8ec                OSQFreeList
                0x000000000411d8f0                OSRdyGrp
                0x000000000411d8f1                OSRdyTbl
                0x000000000411d8f4                OSEventFreeList
                0x000000000411d8f8                OSIntNesting
                0x000000000411d8fc                OSTCBCur
                0x000000000411d900                OSTime
                0x000000000411d904                OSFlagFreeList
                0x000000000411d908                OSStatRdy
                0x000000000411d90c                OSIdleCtrRun
 .sbss          0x000000000411d910        0x4 ../control_bsp/\libucosii_bsp.a(alt_dev.o)
                0x000000000411d910                alt_fd_list_lock
 .sbss          0x000000000411d914        0x4 ../control_bsp/\libucosii_bsp.a(alt_instruction_exception_entry.o)
                0x000000000411d914                alt_instruction_exception_handler
 .sbss          0x000000000411d918        0x8 ../control_bsp/\libucosii_bsp.a(alt_tick.o)
                0x000000000411d918                _alt_tick_rate
                0x000000000411d91c                _alt_nticks
 *(.sbss2 .sbss2.* .gnu.linkonce.sb2.*)
 *(.scommon)
                [!provide]                        PROVIDE (__sbss_end, ABSOLUTE (.))
                [!provide]                        PROVIDE (___sbss_end, ABSOLUTE (.))
 *(.dynbss)
 *(.bss .bss.* .gnu.linkonce.b.*)
 .bss           0x000000000411d920        0x0 ../control_bsp//obj/HAL/src/crt0.o
 .bss           0x000000000411d920       0x41 obj/default/debug_control.o
 .bss           0x000000000411d961        0x0 obj/default/main.o
 .bss           0x000000000411d961        0x0 obj/default/soundeffects.o
 .bss           0x000000000411d961        0x0 obj/default/speaker.o
 *fill*         0x000000000411d961        0x3 
 .bss           0x000000000411d964       0x70 obj/default/switches_key.o
 .bss           0x000000000411d9d4        0x0 obj/default/traffc_led.o
 .bss           0x000000000411d9d4        0x0 c:/intelfpga_lite/18.1/nios2eds/bin/gnu/h-x86_64-mingw32/bin/../lib/gcc/nios2-elf/5.3.0\libgcc.a(_muldi3.o)
 .bss           0x000000000411d9d4        0x0 c:/intelfpga_lite/18.1/nios2eds/bin/gnu/h-x86_64-mingw32/bin/../lib/gcc/nios2-elf/5.3.0\libgcc.a(_udivdi3.o)
 .bss           0x000000000411d9d4        0x0 c:/intelfpga_lite/18.1/nios2eds/bin/gnu/h-x86_64-mingw32/bin/../lib/gcc/nios2-elf/5.3.0\libgcc.a(lib2-divmod.o)
 .bss           0x000000000411d9d4        0x0 c:/intelfpga_lite/18.1/nios2eds/bin/gnu/h-x86_64-mingw32/bin/../lib/gcc/nios2-elf/5.3.0\libgcc.a(_clz.o)
 .bss           0x000000000411d9d4        0x0 c:/intelfpga_lite/18.1/nios2eds/bin/gnu/h-x86_64-mingw32/bin/../lib/gcc/nios2-elf/5.3.0/../../../../../H-x86_64-mingw32/nios2-elf/lib\libc.a(lib_a-memcpy.o)
 .bss           0x000000000411d9d4        0x0 c:/intelfpga_lite/18.1/nios2eds/bin/gnu/h-x86_64-mingw32/bin/../lib/gcc/nios2-elf/5.3.0/../../../../../H-x86_64-mingw32/nios2-elf/lib\libc.a(lib_a-memmove.o)
 .bss           0x000000000411d9d4        0x0 c:/intelfpga_lite/18.1/nios2eds/bin/gnu/h-x86_64-mingw32/bin/../lib/gcc/nios2-elf/5.3.0/../../../../../H-x86_64-mingw32/nios2-elf/lib\libc.a(lib_a-rand.o)
 .bss           0x000000000411d9d4        0x0 c:/intelfpga_lite/18.1/nios2eds/bin/gnu/h-x86_64-mingw32/bin/../lib/gcc/nios2-elf/5.3.0/../../../../../H-x86_64-mingw32/nios2-elf/lib\libc.a(lib_a-snprintf.o)
 .bss           0x000000000411d9d4        0x0 c:/intelfpga_lite/18.1/nios2eds/bin/gnu/h-x86_64-mingw32/bin/../lib/gcc/nios2-elf/5.3.0/../../../../../H-x86_64-mingw32/nios2-elf/lib\libc.a(lib_a-strcmp.o)
 .bss           0x000000000411d9d4        0x0 c:/intelfpga_lite/18.1/nios2eds/bin/gnu/h-x86_64-mingw32/bin/../lib/gcc/nios2-elf/5.3.0/../../../../../H-x86_64-mingw32/nios2-elf/lib\libc.a(lib_a-strlen.o)
 .bss           0x000000000411d9d4        0x0 c:/intelfpga_lite/18.1/nios2eds/bin/gnu/h-x86_64-mingw32/bin/../lib/gcc/nios2-elf/5.3.0/../../../../../H-x86_64-mingw32/nios2-elf/lib\libc.a(lib_a-strncat.o)
 .bss           0x000000000411d9d4        0x0 c:/intelfpga_lite/18.1/nios2eds/bin/gnu/h-x86_64-mingw32/bin/../lib/gcc/nios2-elf/5.3.0/../../../../../H-x86_64-mingw32/nios2-elf/lib\libc.a(lib_a-strncpy.o)
 .bss           0x000000000411d9d4        0x0 c:/intelfpga_lite/18.1/nios2eds/bin/gnu/h-x86_64-mingw32/bin/../lib/gcc/nios2-elf/5.3.0/../../../../../H-x86_64-mingw32/nios2-elf/lib\libc.a(lib_a-svfprintf.o)
 .bss           0x000000000411d9d4        0x0 c:/intelfpga_lite/18.1/nios2eds/bin/gnu/h-x86_64-mingw32/bin/../lib/gcc/nios2-elf/5.3.0/../../../../../H-x86_64-mingw32/nios2-elf/lib\libc.a(lib_a-dtoa.o)
 .bss           0x000000000411d9d4        0x0 c:/intelfpga_lite/18.1/nios2eds/bin/gnu/h-x86_64-mingw32/bin/../lib/gcc/nios2-elf/5.3.0/../../../../../H-x86_64-mingw32/nios2-elf/lib\libc.a(lib_a-impure.o)
 .bss           0x000000000411d9d4        0x0 c:/intelfpga_lite/18.1/nios2eds/bin/gnu/h-x86_64-mingw32/bin/../lib/gcc/nios2-elf/5.3.0/../../../../../H-x86_64-mingw32/nios2-elf/lib\libc.a(lib_a-locale.o)
 .bss           0x000000000411d9d4        0x0 c:/intelfpga_lite/18.1/nios2eds/bin/gnu/h-x86_64-mingw32/bin/../lib/gcc/nios2-elf/5.3.0/../../../../../H-x86_64-mingw32/nios2-elf/lib\libc.a(lib_a-mallocr.o)
 .bss.__malloc_current_mallinfo
                0x000000000411d9d4       0x28 c:/intelfpga_lite/18.1/nios2eds/bin/gnu/h-x86_64-mingw32/bin/../lib/gcc/nios2-elf/5.3.0/../../../../../H-x86_64-mingw32/nios2-elf/lib\libc.a(lib_a-mallocr.o)
                0x000000000411d9d4                __malloc_current_mallinfo
 .bss           0x000000000411d9fc        0x0 c:/intelfpga_lite/18.1/nios2eds/bin/gnu/h-x86_64-mingw32/bin/../lib/gcc/nios2-elf/5.3.0/../../../../../H-x86_64-mingw32/nios2-elf/lib\libc.a(lib_a-memchr.o)
 .bss           0x000000000411d9fc        0x0 c:/intelfpga_lite/18.1/nios2eds/bin/gnu/h-x86_64-mingw32/bin/../lib/gcc/nios2-elf/5.3.0/../../../../../H-x86_64-mingw32/nios2-elf/lib\libc.a(lib_a-mprec.o)
 .bss           0x000000000411d9fc        0x0 c:/intelfpga_lite/18.1/nios2eds/bin/gnu/h-x86_64-mingw32/bin/../lib/gcc/nios2-elf/5.3.0/../../../../../H-x86_64-mingw32/nios2-elf/lib\libc.a(lib_a-s_fpclassify.o)
 .bss           0x000000000411d9fc        0x0 c:/intelfpga_lite/18.1/nios2eds/bin/gnu/h-x86_64-mingw32/bin/../lib/gcc/nios2-elf/5.3.0/../../../../../H-x86_64-mingw32/nios2-elf/lib\libc.a(lib_a-sbrkr.o)
 .bss           0x000000000411d9fc        0x0 c:/intelfpga_lite/18.1/nios2eds/bin/gnu/h-x86_64-mingw32/bin/../lib/gcc/nios2-elf/5.3.0/../../../../../H-x86_64-mingw32/nios2-elf/lib\libc.a(lib_a-svfiprintf.o)
 .bss           0x000000000411d9fc        0x0 c:/intelfpga_lite/18.1/nios2eds/bin/gnu/h-x86_64-mingw32/bin/../lib/gcc/nios2-elf/5.3.0/../../../../../H-x86_64-mingw32/nios2-elf/lib\libc.a(lib_a-callocr.o)
 .bss           0x000000000411d9fc        0x0 c:/intelfpga_lite/18.1/nios2eds/bin/gnu/h-x86_64-mingw32/bin/../lib/gcc/nios2-elf/5.3.0/../../../../../H-x86_64-mingw32/nios2-elf/lib\libc.a(lib_a-freer.o)
 .bss           0x000000000411d9fc        0x0 c:/intelfpga_lite/18.1/nios2eds/bin/gnu/h-x86_64-mingw32/bin/../lib/gcc/nios2-elf/5.3.0/../../../../../H-x86_64-mingw32/nios2-elf/lib\libc.a(lib_a-int_errno.o)
 .bss           0x000000000411d9fc        0x0 c:/intelfpga_lite/18.1/nios2eds/bin/gnu/h-x86_64-mingw32/bin/../lib/gcc/nios2-elf/5.3.0/../../../../../H-x86_64-mingw32/nios2-elf/lib\libc.a(lib_a-memset.o)
 .bss           0x000000000411d9fc        0x0 c:/intelfpga_lite/18.1/nios2eds/bin/gnu/h-x86_64-mingw32/bin/../lib/gcc/nios2-elf/5.3.0/../../../../../H-x86_64-mingw32/nios2-elf/lib\libc.a(lib_a-reallocr.o)
 .bss           0x000000000411d9fc        0x0 c:/intelfpga_lite/18.1/nios2eds/bin/gnu/h-x86_64-mingw32/bin/../lib/gcc/nios2-elf/5.3.0\libgcc.a(_umoddi3.o)
 .bss           0x000000000411d9fc        0x0 c:/intelfpga_lite/18.1/nios2eds/bin/gnu/h-x86_64-mingw32/bin/../lib/gcc/nios2-elf/5.3.0\libgcc.a(adddf3.o)
 .bss           0x000000000411d9fc        0x0 c:/intelfpga_lite/18.1/nios2eds/bin/gnu/h-x86_64-mingw32/bin/../lib/gcc/nios2-elf/5.3.0\libgcc.a(divdf3.o)
 .bss           0x000000000411d9fc        0x0 c:/intelfpga_lite/18.1/nios2eds/bin/gnu/h-x86_64-mingw32/bin/../lib/gcc/nios2-elf/5.3.0\libgcc.a(eqdf2.o)
 .bss           0x000000000411d9fc        0x0 c:/intelfpga_lite/18.1/nios2eds/bin/gnu/h-x86_64-mingw32/bin/../lib/gcc/nios2-elf/5.3.0\libgcc.a(gedf2.o)
 .bss           0x000000000411d9fc        0x0 c:/intelfpga_lite/18.1/nios2eds/bin/gnu/h-x86_64-mingw32/bin/../lib/gcc/nios2-elf/5.3.0\libgcc.a(ledf2.o)
 .bss           0x000000000411d9fc        0x0 c:/intelfpga_lite/18.1/nios2eds/bin/gnu/h-x86_64-mingw32/bin/../lib/gcc/nios2-elf/5.3.0\libgcc.a(muldf3.o)
 .bss           0x000000000411d9fc        0x0 c:/intelfpga_lite/18.1/nios2eds/bin/gnu/h-x86_64-mingw32/bin/../lib/gcc/nios2-elf/5.3.0\libgcc.a(subdf3.o)
 .bss           0x000000000411d9fc        0x0 c:/intelfpga_lite/18.1/nios2eds/bin/gnu/h-x86_64-mingw32/bin/../lib/gcc/nios2-elf/5.3.0\libgcc.a(fixdfsi.o)
 .bss           0x000000000411d9fc        0x0 c:/intelfpga_lite/18.1/nios2eds/bin/gnu/h-x86_64-mingw32/bin/../lib/gcc/nios2-elf/5.3.0\libgcc.a(floatsidf.o)
 .bss           0x000000000411d9fc        0x0 c:/intelfpga_lite/18.1/nios2eds/bin/gnu/h-x86_64-mingw32/bin/../lib/gcc/nios2-elf/5.3.0\libgcc.a(floatunsidf.o)
 .bss           0x000000000411d9fc        0x0 c:/intelfpga_lite/18.1/nios2eds/bin/gnu/h-x86_64-mingw32/bin/../lib/gcc/nios2-elf/5.3.0\libgcc.a(_clzsi2.o)
 .bss           0x000000000411d9fc        0x0 ../control_bsp/\libucosii_bsp.a(alt_iic.o)
 .bss           0x000000000411d9fc        0x0 ../control_bsp/\libucosii_bsp.a(alt_iic_isr_register.o)
 .bss           0x000000000411d9fc        0x0 ../control_bsp/\libucosii_bsp.a(alt_irq_entry.o)
 .bss           0x000000000411d9fc        0x0 ../control_bsp/\libucosii_bsp.a(alt_irq_handler.o)
 .bss           0x000000000411d9fc        0x0 ../control_bsp/\libucosii_bsp.a(alt_irq_vars.o)
 .bss           0x000000000411d9fc        0x0 ../control_bsp/\libucosii_bsp.a(alt_load.o)
 .bss           0x000000000411d9fc        0x0 ../control_bsp/\libucosii_bsp.a(alt_main.o)
 .bss           0x000000000411d9fc        0x0 ../control_bsp/\libucosii_bsp.a(alt_sbrk.o)
 .bss           0x000000000411d9fc        0x0 ../control_bsp/\libucosii_bsp.a(alt_usleep.o)
 .bss           0x000000000411d9fc        0x0 ../control_bsp/\libucosii_bsp.a(alt_env_lock.o)
 .bss           0x000000000411d9fc        0x0 ../control_bsp/\libucosii_bsp.a(alt_malloc_lock.o)
 .bss           0x000000000411d9fc        0x0 ../control_bsp/\libucosii_bsp.a(os_core.o)
 .bss           0x000000000411d9fc        0x0 ../control_bsp/\libucosii_bsp.a(os_dbg.o)
 .bss           0x000000000411d9fc        0x0 ../control_bsp/\libucosii_bsp.a(os_flag.o)
 .bss           0x000000000411d9fc        0x0 ../control_bsp/\libucosii_bsp.a(os_mem.o)
 .bss           0x000000000411d9fc        0x0 ../control_bsp/\libucosii_bsp.a(os_q.o)
 .bss           0x000000000411d9fc        0x0 ../control_bsp/\libucosii_bsp.a(os_sem.o)
 .bss           0x000000000411d9fc        0x0 ../control_bsp/\libucosii_bsp.a(os_task.o)
 .bss           0x000000000411d9fc        0x0 ../control_bsp/\libucosii_bsp.a(os_time.o)
 .bss           0x000000000411d9fc        0x0 ../control_bsp/\libucosii_bsp.a(alt_sys_init.o)
 .bss           0x000000000411d9fc        0x0 ../control_bsp/\libucosii_bsp.a(altera_avalon_jtag_uart_fd.o)
 .bss           0x000000000411d9fc        0x0 ../control_bsp/\libucosii_bsp.a(altera_avalon_jtag_uart_init.o)
 .bss           0x000000000411d9fc        0x0 ../control_bsp/\libucosii_bsp.a(altera_avalon_jtag_uart_ioctl.o)
 .bss           0x000000000411d9fc        0x0 ../control_bsp/\libucosii_bsp.a(altera_avalon_jtag_uart_read.o)
 .bss           0x000000000411d9fc        0x0 ../control_bsp/\libucosii_bsp.a(altera_avalon_jtag_uart_write.o)
 .bss           0x000000000411d9fc        0x0 ../control_bsp/\libucosii_bsp.a(altera_avalon_mutex.o)
 .bss           0x000000000411d9fc        0x0 ../control_bsp/\libucosii_bsp.a(altera_avalon_timer_sc.o)
 .bss           0x000000000411d9fc        0x0 ../control_bsp/\libucosii_bsp.a(alt_alarm_start.o)
 .bss           0x000000000411d9fc        0x0 ../control_bsp/\libucosii_bsp.a(alt_busy_sleep.o)
 .bss           0x000000000411d9fc        0x0 ../control_bsp/\libucosii_bsp.a(alt_close.o)
 .bss           0x000000000411d9fc        0x0 ../control_bsp/\libucosii_bsp.a(alt_dcache_flush_all.o)
 .bss           0x000000000411d9fc        0x0 ../control_bsp/\libucosii_bsp.a(alt_dev.o)